# W5 sweep contention witness -- competing build/compiler process count, once a minute.
# A nonzero count means the 'alone on the machine' condition was broken at that moment;
# any cell overlapping such a sample must be re-run solo before its row is trusted.
# commit: 8bd4b9d62ef0   host: fedora   pass 1 (stamp added post-hoc; see README section 5.2)
2026-08-26T02:35:05Z competing=0 load1=1.26
2026-08-26T02:36:06Z competing=0 load1=2.52
2026-08-26T02:37:06Z competing=2 load1=2.19
2026-08-26T02:38:07Z competing=2 load1=2.15
2026-08-26T02:39:08Z competing=0 load1=1.48
2026-08-26T02:40:08Z competing=0 load1=1.44
2026-08-26T02:41:09Z competing=0 load1=1.49
2026-08-26T02:42:09Z competing=2 load1=2.13
2026-08-26T02:43:10Z competing=2 load1=2.16
2026-08-26T02:44:11Z competing=2 load1=2.62
2026-08-26T02:45:11Z competing=2 load1=2.42
2026-08-26T02:46:12Z competing=2 load1=2.33
2026-08-26T02:47:12Z competing=2 load1=2.44
2026-08-26T02:48:13Z competing=2 load1=2.16
2026-08-26T02:49:14Z competing=2 load1=2.09
2026-08-26T02:50:14Z competing=2 load1=2.03
2026-08-26T02:51:15Z competing=2 load1=2.01
2026-08-26T02:52:15Z competing=2 load1=2.15
2026-08-26T02:53:16Z competing=2 load1=2.29
2026-08-26T02:54:17Z competing=2 load1=2.21
2026-08-26T02:55:17Z competing=2 load1=2.07
2026-08-26T02:56:18Z competing=2 load1=2.14
2026-08-26T02:57:18Z competing=2 load1=2.17
2026-08-26T02:58:19Z competing=2 load1=2.06
2026-08-26T02:59:20Z competing=2 load1=2.07
2026-08-26T03:00:20Z competing=2 load1=2.22
2026-08-26T03:01:21Z competing=2 load1=2.08
2026-08-26T03:02:21Z competing=2 load1=2.03
2026-08-26T03:03:22Z competing=2 load1=2.19
2026-08-26T03:04:23Z competing=2 load1=2.07
2026-08-26T03:05:23Z competing=2 load1=2.10
2026-08-26T03:06:24Z competing=2 load1=2.03
2026-08-26T03:07:24Z competing=2 load1=2.07
2026-08-26T03:08:25Z competing=2 load1=2.02
2026-08-26T03:09:26Z competing=2 load1=2.12
2026-08-26T03:10:26Z competing=2 load1=2.21
2026-08-26T03:11:27Z competing=2 load1=2.13
2026-08-26T03:12:27Z competing=2 load1=2.08
2026-08-26T03:13:28Z competing=2 load1=2.03
2026-08-26T03:14:29Z competing=2 load1=2.01
2026-08-26T03:15:29Z competing=2 load1=2.24
2026-08-26T03:16:30Z competing=2 load1=2.35
2026-08-26T03:17:31Z competing=2 load1=2.23
2026-08-26T03:18:31Z competing=2 load1=2.21
2026-08-26T03:19:32Z competing=2 load1=2.12
2026-08-26T03:20:33Z competing=2 load1=2.04
2026-08-26T03:21:33Z competing=2 load1=2.01
2026-08-26T03:22:34Z competing=2 load1=2.00
2026-08-26T03:23:35Z competing=2 load1=2.00
2026-08-26T03:24:35Z competing=2 load1=2.16
2026-08-26T03:25:36Z competing=2 load1=2.06
2026-08-26T03:26:36Z competing=2 load1=2.02
2026-08-26T03:27:37Z competing=2 load1=2.00
2026-08-26T03:28:38Z competing=2 load1=2.00
2026-08-26T03:29:38Z competing=2 load1=2.00
2026-08-26T03:30:39Z competing=2 load1=2.03
2026-08-26T03:31:40Z competing=2 load1=2.05
2026-08-26T03:32:40Z competing=2 load1=2.02
2026-08-26T03:33:41Z competing=2 load1=2.08
2026-08-26T03:34:42Z competing=2 load1=3.18
2026-08-26T03:35:42Z competing=2 load1=2.50
2026-08-26T03:36:43Z competing=2 load1=2.18
2026-08-26T03:37:43Z competing=2 load1=2.06
2026-08-26T03:38:44Z competing=2 load1=2.02
2026-08-26T03:39:45Z competing=2 load1=2.08
2026-08-26T03:40:45Z competing=2 load1=2.03
2026-08-26T03:41:46Z competing=2 load1=2.27
2026-08-26T03:42:47Z competing=2 load1=2.10
2026-08-26T03:43:47Z competing=2 load1=2.03
2026-08-26T03:44:48Z competing=2 load1=2.01
2026-08-26T03:45:49Z competing=0 load1=2.00
2026-08-26T03:46:49Z competing=0 load1=2.37
2026-08-26T03:47:50Z competing=0 load1=2.13
2026-08-26T03:48:51Z competing=0 load1=2.12
2026-08-26T03:49:51Z competing=2 load1=2.04
2026-08-26T03:50:52Z competing=2 load1=2.01
2026-08-26T03:51:52Z competing=0 load1=1.52
2026-08-26T03:52:53Z competing=0 load1=1.25
2026-08-26T03:53:54Z competing=0 load1=1.15
2026-08-26T03:54:54Z competing=0 load1=1.49
2026-08-26T03:55:55Z competing=0 load1=1.24
2026-08-26T03:56:55Z competing=0 load1=1.08
2026-08-26T03:57:56Z competing=0 load1=1.11
2026-08-26T03:58:57Z competing=0 load1=1.04
2026-08-26T03:59:57Z competing=0 load1=1.26
2026-08-26T04:00:58Z competing=2 load1=1.49
2026-08-26T04:01:59Z competing=2 load1=1.82
2026-08-26T04:02:59Z competing=2 load1=1.93
2026-08-26T04:04:00Z competing=2 load1=2.04
2026-08-26T04:05:00Z competing=2 load1=2.01
2026-08-26T04:06:01Z competing=2 load1=2.08
2026-08-26T04:07:02Z competing=2 load1=2.11
2026-08-26T04:08:02Z competing=2 load1=2.04
2026-08-26T04:09:03Z competing=2 load1=2.01
2026-08-26T04:10:04Z competing=2 load1=2.04
2026-08-26T04:11:04Z competing=2 load1=2.01
2026-08-26T04:12:05Z competing=1 load1=2.04
2026-08-26T04:13:05Z competing=2 load1=2.39
2026-08-26T04:14:06Z competing=2 load1=2.34
2026-08-26T04:15:07Z competing=2 load1=2.83
2026-08-26T04:16:07Z competing=2 load1=2.30
2026-08-26T04:17:08Z competing=2 load1=2.11
2026-08-26T04:18:08Z competing=2 load1=2.07
2026-08-26T04:19:09Z competing=2 load1=2.02
2026-08-26T04:20:10Z competing=2 load1=2.01
2026-08-26T04:21:10Z competing=2 load1=2.00
2026-08-26T04:22:11Z competing=2 load1=2.00
2026-08-26T04:23:11Z competing=2 load1=2.20
2026-08-26T04:24:12Z competing=2 load1=2.15
2026-08-26T04:25:13Z competing=2 load1=2.05
2026-08-26T04:26:13Z competing=2 load1=2.02
2026-08-26T04:27:14Z competing=2 load1=2.00
2026-08-26T04:28:14Z competing=2 load1=2.08
2026-08-26T04:29:15Z competing=2 load1=2.07
2026-08-26T04:30:16Z competing=2 load1=2.02
2026-08-26T04:31:16Z competing=2 load1=2.12
2026-08-26T04:32:17Z competing=2 load1=2.04
2026-08-26T04:33:17Z competing=2 load1=2.01
2026-08-26T04:34:18Z competing=2 load1=2.00
2026-08-26T04:35:19Z competing=2 load1=2.29
2026-08-26T04:36:19Z competing=2 load1=2.10
2026-08-26T04:37:20Z competing=2 load1=2.04
2026-08-26T04:38:20Z competing=2 load1=2.01
2026-08-26T04:39:21Z competing=2 load1=2.00
2026-08-26T04:40:22Z competing=2 load1=2.21
2026-08-26T04:41:22Z competing=2 load1=2.29
2026-08-26T04:42:23Z competing=2 load1=2.11
2026-08-26T04:43:23Z competing=2 load1=2.04
2026-08-26T04:44:24Z competing=2 load1=2.33
2026-08-26T04:45:25Z competing=2 load1=2.31
2026-08-26T04:46:25Z competing=2 load1=2.11
2026-08-26T04:47:26Z competing=2 load1=2.04
2026-08-26T04:48:27Z competing=2 load1=2.20
2026-08-26T04:49:27Z competing=2 load1=2.15
2026-08-26T04:50:28Z competing=2 load1=2.05
2026-08-26T04:51:28Z competing=2 load1=2.02
2026-08-26T04:52:29Z competing=2 load1=2.00
2026-08-26T04:53:30Z competing=2 load1=2.00
2026-08-26T04:54:30Z competing=2 load1=2.00
