running f7_n1000_bound_neutral (N=1000, bound, neutral, deadline 1200s)...
running f7_n1000_bound_physics (N=1000, bound, physics, deadline 1200s)...
running f7_n2000_bound_neutral (N=2000, bound, neutral, deadline 1200s)...
running f7_n2000_bound_physics (N=2000, bound, physics, deadline 1200s)...
running f7_n5000_bound_neutral (N=5000, bound, neutral, deadline 1200s)...
running f7_n5000_bound_physics (N=5000, bound, physics, deadline 1200s)...
running f7_n10000_bound_neutral (N=10000, bound, neutral, deadline 1200s)...
running f7_n10000_bound_physics (N=10000, bound, physics, deadline 1200s)...
running f7_n20000_bound_neutral (N=20000, bound, neutral, deadline 1200s)...
running f7_n20000_bound_physics (N=20000, bound, physics, deadline 1200s)...
running f7_n800_path_physics (N=800, path, physics, deadline 1200s)...
running f7_n1000_path_physics (N=1000, path, physics, deadline 1200s)...
running f7_n2000_path_physics (N=2000, path, physics, deadline 1200s)...
running f7_n750_path_neutral_control (N=750, path, neutral, deadline 1200s)...
running f7_n825_path_neutral_control (N=825, path, neutral, deadline 1200s)...
running f7_n1000_path_neutral (N=1000, path, neutral, deadline 1200s)...
running f7_n5000_path_physics (N=5000, path, physics, deadline 1200s)...
running f7_n800_path_neutral (N=800, path, neutral, deadline 1200s)...
running f7_n2000_path_neutral (N=2000, path, neutral, deadline 1200s)...
running f7_n5000_path_neutral (N=5000, path, neutral, deadline 1200s)...
  DNF: outlived the 1200s deadline
running f7_n10000_path_physics (N=10000, path, physics, deadline 1200s)...
  DNF: outlived the 1200s deadline
running f7_n10000_path_neutral (N=10000, path, neutral, deadline 1200s)...
  DNF: outlived the 1200s deadline
running f7_n20000_path_physics (N=20000, path, physics, deadline 1200s)...
  DNF: outlived the 1200s deadline
running f7_n20000_path_neutral (N=20000, path, neutral, deadline 1200s)...
  DNF: outlived the 1200s deadline
wrote 24 cell(s) to docs/notes/data/2026-08-m5-w5-crossover: 19 completed, 5 dnf, 0 errored
sweep exited rc=0
