ATTACHED-CALLBACK cell=f7_n1000_bound_neutral engine=walk events=2
ATTACHED-SINK cell=f7_n1000_bound_neutral engine=walk qp_mode_dispatch=1 soc_resolve=0 elastic_rung=0 fallback_rung_b=0 ssn_warm_grade=0 other=4
ATTACHED-CALLBACK cell=f7_n1000_bound_physics engine=walk events=2
ATTACHED-SINK cell=f7_n1000_bound_physics engine=walk qp_mode_dispatch=1 soc_resolve=0 elastic_rung=0 fallback_rung_b=0 ssn_warm_grade=0 other=4
ATTACHED-CALLBACK cell=f7_n1000_bound_corrupted engine=walk events=4
ATTACHED-SINK cell=f7_n1000_bound_corrupted engine=walk qp_mode_dispatch=2 soc_resolve=0 elastic_rung=0 fallback_rung_b=0 ssn_warm_grade=0 other=8
ATTACHED-CALLBACK cell=f7_n1000_bound_activity engine=walk events=2
ATTACHED-SINK cell=f7_n1000_bound_activity engine=walk qp_mode_dispatch=1 soc_resolve=0 elastic_rung=0 fallback_rung_b=0 ssn_warm_grade=0 other=4
ATTACHED-CALLBACK cell=f7_n1000_bound_warm engine=walk events=4
ATTACHED-SINK cell=f7_n1000_bound_warm engine=walk qp_mode_dispatch=2 soc_resolve=0 elastic_rung=0 fallback_rung_b=0 ssn_warm_grade=0 other=8
ATTACHED-CALLBACK cell=f7_n2000_bound_neutral engine=walk events=2
ATTACHED-SINK cell=f7_n2000_bound_neutral engine=walk qp_mode_dispatch=1 soc_resolve=0 elastic_rung=0 fallback_rung_b=0 ssn_warm_grade=0 other=4
ATTACHED-CALLBACK cell=f7_n2000_bound_physics engine=walk events=2
ATTACHED-SINK cell=f7_n2000_bound_physics engine=walk qp_mode_dispatch=1 soc_resolve=0 elastic_rung=0 fallback_rung_b=0 ssn_warm_grade=0 other=4
ATTACHED-CALLBACK cell=f7_n2000_bound_corrupted engine=walk events=4
ATTACHED-SINK cell=f7_n2000_bound_corrupted engine=walk qp_mode_dispatch=2 soc_resolve=0 elastic_rung=0 fallback_rung_b=0 ssn_warm_grade=0 other=8
ATTACHED-CALLBACK cell=f7_n2000_bound_activity engine=walk events=2
ATTACHED-SINK cell=f7_n2000_bound_activity engine=walk qp_mode_dispatch=1 soc_resolve=0 elastic_rung=0 fallback_rung_b=0 ssn_warm_grade=0 other=4
ATTACHED-CALLBACK cell=f7_n2000_bound_warm engine=walk events=4
ATTACHED-SINK cell=f7_n2000_bound_warm engine=walk qp_mode_dispatch=2 soc_resolve=0 elastic_rung=0 fallback_rung_b=0 ssn_warm_grade=0 other=8
ATTACHED-CALLBACK cell=f7_n5000_bound_neutral engine=walk events=2
ATTACHED-SINK cell=f7_n5000_bound_neutral engine=walk qp_mode_dispatch=1 soc_resolve=0 elastic_rung=0 fallback_rung_b=0 ssn_warm_grade=0 other=4
ATTACHED-CALLBACK cell=f7_n5000_bound_physics engine=walk events=2
ATTACHED-SINK cell=f7_n5000_bound_physics engine=walk qp_mode_dispatch=1 soc_resolve=0 elastic_rung=0 fallback_rung_b=0 ssn_warm_grade=0 other=4
ATTACHED-CALLBACK cell=f7_n5000_bound_corrupted engine=walk events=4
ATTACHED-SINK cell=f7_n5000_bound_corrupted engine=walk qp_mode_dispatch=2 soc_resolve=0 elastic_rung=0 fallback_rung_b=0 ssn_warm_grade=0 other=8
ATTACHED-CALLBACK cell=f7_n5000_bound_activity engine=walk events=2
ATTACHED-SINK cell=f7_n5000_bound_activity engine=walk qp_mode_dispatch=1 soc_resolve=0 elastic_rung=0 fallback_rung_b=0 ssn_warm_grade=0 other=4
ATTACHED-CALLBACK cell=f7_n5000_bound_warm engine=walk events=4
ATTACHED-SINK cell=f7_n5000_bound_warm engine=walk qp_mode_dispatch=2 soc_resolve=0 elastic_rung=0 fallback_rung_b=0 ssn_warm_grade=0 other=8
ATTACHED-CALLBACK cell=f7_n10000_bound_neutral engine=walk events=2
ATTACHED-SINK cell=f7_n10000_bound_neutral engine=walk qp_mode_dispatch=1 soc_resolve=0 elastic_rung=0 fallback_rung_b=0 ssn_warm_grade=0 other=4
ATTACHED-CALLBACK cell=f7_n10000_bound_physics engine=walk events=2
ATTACHED-SINK cell=f7_n10000_bound_physics engine=walk qp_mode_dispatch=1 soc_resolve=0 elastic_rung=0 fallback_rung_b=0 ssn_warm_grade=0 other=4
ATTACHED-CALLBACK cell=f7_n10000_bound_corrupted engine=walk events=4
ATTACHED-SINK cell=f7_n10000_bound_corrupted engine=walk qp_mode_dispatch=2 soc_resolve=0 elastic_rung=0 fallback_rung_b=0 ssn_warm_grade=0 other=8
ATTACHED-CALLBACK cell=f7_n10000_bound_activity engine=walk events=2
ATTACHED-SINK cell=f7_n10000_bound_activity engine=walk qp_mode_dispatch=1 soc_resolve=0 elastic_rung=0 fallback_rung_b=0 ssn_warm_grade=0 other=4
ATTACHED-CALLBACK cell=f7_n10000_bound_warm engine=walk events=4
ATTACHED-SINK cell=f7_n10000_bound_warm engine=walk qp_mode_dispatch=2 soc_resolve=0 elastic_rung=0 fallback_rung_b=0 ssn_warm_grade=0 other=8
ATTACHED-CALLBACK cell=f7_n20000_bound_neutral engine=walk events=2
ATTACHED-SINK cell=f7_n20000_bound_neutral engine=walk qp_mode_dispatch=1 soc_resolve=0 elastic_rung=0 fallback_rung_b=0 ssn_warm_grade=0 other=4
ATTACHED-CALLBACK cell=f7_n20000_bound_physics engine=walk events=2
ATTACHED-SINK cell=f7_n20000_bound_physics engine=walk qp_mode_dispatch=1 soc_resolve=0 elastic_rung=0 fallback_rung_b=0 ssn_warm_grade=0 other=4
ATTACHED-CALLBACK cell=f7_n20000_bound_corrupted engine=walk events=4
ATTACHED-SINK cell=f7_n20000_bound_corrupted engine=walk qp_mode_dispatch=2 soc_resolve=0 elastic_rung=0 fallback_rung_b=0 ssn_warm_grade=0 other=8
ATTACHED-CALLBACK cell=f7_n20000_bound_activity engine=walk events=2
ATTACHED-SINK cell=f7_n20000_bound_activity engine=walk qp_mode_dispatch=1 soc_resolve=0 elastic_rung=0 fallback_rung_b=0 ssn_warm_grade=0 other=4
ATTACHED-CALLBACK cell=f7_n20000_bound_warm engine=walk events=4
ATTACHED-SINK cell=f7_n20000_bound_warm engine=walk qp_mode_dispatch=2 soc_resolve=0 elastic_rung=0 fallback_rung_b=0 ssn_warm_grade=0 other=8
ATTACHED-CALLBACK cell=f7_n1000_path_warm engine=walk events=8
ATTACHED-SINK cell=f7_n1000_path_warm engine=walk qp_mode_dispatch=6 soc_resolve=0 elastic_rung=0 fallback_rung_b=0 ssn_warm_grade=0 other=12
ATTACHED-CALLBACK cell=f7_n800_path_warm engine=walk events=8
ATTACHED-SINK cell=f7_n800_path_warm engine=walk qp_mode_dispatch=6 soc_resolve=0 elastic_rung=0 fallback_rung_b=0 ssn_warm_grade=0 other=12
attached observers: callback=count trace=sink
running f7_n1000_bound_neutral (N=1000, bound, neutral, engine walk, wall budget 900s per phase)...
running f7_n1000_bound_physics (N=1000, bound, physics, engine walk, wall budget 900s per phase)...
running f7_n1000_bound_corrupted (N=1000, bound, corrupted, engine walk, wall budget 900s per phase)...
running f7_n1000_bound_activity (N=1000, bound, activity, engine walk, wall budget 900s per phase)...
running f7_n1000_bound_warm (N=1000, bound, warm, engine walk, wall budget 900s per phase)...
running f7_n2000_bound_neutral (N=2000, bound, neutral, engine walk, wall budget 2700s per phase)...
running f7_n2000_bound_physics (N=2000, bound, physics, engine walk, wall budget 2700s per phase)...
running f7_n2000_bound_corrupted (N=2000, bound, corrupted, engine walk, wall budget 2700s per phase)...
running f7_n2000_bound_activity (N=2000, bound, activity, engine walk, wall budget 2700s per phase)...
running f7_n2000_bound_warm (N=2000, bound, warm, engine walk, wall budget 2700s per phase)...
running f7_n5000_bound_neutral (N=5000, bound, neutral, engine walk, wall budget 3600s per phase)...
running f7_n5000_bound_physics (N=5000, bound, physics, engine walk, wall budget 3600s per phase)...
running f7_n5000_bound_corrupted (N=5000, bound, corrupted, engine walk, wall budget 3600s per phase)...
running f7_n5000_bound_activity (N=5000, bound, activity, engine walk, wall budget 3600s per phase)...
running f7_n5000_bound_warm (N=5000, bound, warm, engine walk, wall budget 3600s per phase)...
running f7_n10000_bound_neutral (N=10000, bound, neutral, engine walk, wall budget 3600s per phase)...
running f7_n10000_bound_physics (N=10000, bound, physics, engine walk, wall budget 3600s per phase)...
running f7_n10000_bound_corrupted (N=10000, bound, corrupted, engine walk, wall budget 3600s per phase)...
running f7_n10000_bound_activity (N=10000, bound, activity, engine walk, wall budget 3600s per phase)...
running f7_n10000_bound_warm (N=10000, bound, warm, engine walk, wall budget 3600s per phase)...
running f7_n20000_bound_neutral (N=20000, bound, neutral, engine walk, wall budget 3600s per phase)...
running f7_n20000_bound_physics (N=20000, bound, physics, engine walk, wall budget 3600s per phase)...
running f7_n20000_bound_corrupted (N=20000, bound, corrupted, engine walk, wall budget 3600s per phase)...
running f7_n20000_bound_activity (N=20000, bound, activity, engine walk, wall budget 3600s per phase)...
running f7_n20000_bound_warm (N=20000, bound, warm, engine walk, wall budget 3600s per phase)...
running f7_n1000_path_warm (N=1000, path, warm, engine walk, wall budget 900s per phase)...
running f7_n800_path_warm (N=800, path, warm, engine walk, wall budget 900s per phase)...
wrote 27 row(s) to /home/ghecht/Projects/hven/.scratch/w6t6/art/raw/sqpwall/walk/a11.csv
