hs1 walk trace=off median=0.001280s spread=19.107% majors=29 elastic=0 rung_b=0
hs3 walk trace=off median=0.000222s spread=53.195% majors=4 elastic=0 rung_b=0
hs5 walk trace=off median=0.000184s spread=38.708% majors=4 elastic=0 rung_b=0
hs6 walk trace=off median=0.000586s spread=9.696% majors=8 elastic=0 rung_b=0
hs7 walk trace=off median=0.000740s spread=22.453% majors=9 elastic=0 rung_b=0
hs10 walk trace=off median=0.005466s spread=9.358% majors=14 elastic=8 rung_b=0
hs11 walk trace=off median=0.001346s spread=14.213% majors=7 elastic=2 rung_b=0
hs12 walk trace=off median=0.000404s spread=22.952% majors=6 elastic=0 rung_b=0
hs14 walk trace=off median=0.000256s spread=54.267% majors=5 elastic=0 rung_b=0
hs15 walk trace=off median=0.001001s spread=25.276% majors=7 elastic=1 rung_b=0
hs22 walk trace=off median=0.000253s spread=25.576% majors=2 elastic=0 rung_b=0
hs24 walk trace=off median=0.000439s spread=16.304% majors=3 elastic=0 rung_b=0
hs25 walk trace=off median=0.000028s spread=121.521% majors=0 elastic=0 rung_b=0
hs26 walk trace=off median=0.000905s spread=20.751% majors=17 elastic=0 rung_b=0
hs27 walk trace=off median=0.001336s spread=59.207% majors=4 elastic=1 rung_b=0
hs28 walk trace=off median=0.000226s spread=36.017% majors=3 elastic=0 rung_b=0
hs30 walk trace=off median=0.000635s spread=12.379% majors=11 elastic=0 rung_b=0
hs33 walk trace=off median=0.000671s spread=22.359% majors=4 elastic=0 rung_b=0
hs35 walk trace=off median=0.000091s spread=49.162% majors=1 elastic=0 rung_b=0
hs38 walk trace=off median=0.003333s spread=8.256% majors=49 elastic=0 rung_b=0
hs39 walk trace=off median=0.000684s spread=11.718% majors=9 elastic=0 rung_b=0
hs40 walk trace=off median=0.000234s spread=29.398% majors=4 elastic=0 rung_b=0
hs43 walk trace=off median=0.000646s spread=24.013% majors=7 elastic=0 rung_b=0
hs45 walk trace=off median=0.000519s spread=29.945% majors=3 elastic=0 rung_b=0
hs76 walk trace=off median=0.000275s spread=25.009% majors=2 elastic=0 rung_b=0
hs77 walk trace=off median=0.000718s spread=28.500% majors=12 elastic=0 rung_b=0
hs79 walk trace=off median=0.000242s spread=19.163% majors=4 elastic=0 rung_b=0

HS SUITE: 27 cell(s), engine walk, trace off, repeat 1000, warmup 1
  corpus (sum of per-cell medians): 0.022719 s
  worst per-cell median SE: 0.190 %   <-- THE CALIBRATION READING (target <= 0.5, falls as 1/sqrt(N))
  worst per-cell max-min spread: 121.521 %  (raw cloud; NOT a calibration
                                            statistic -- it is monotone in N)
  cells with unstable counters across repeats: 0
  elastic activations: 12   fallback rung B: 0
wrote 27 row(s) to /home/ghecht/Projects/hven/.scratch/w5t89r/art2/raw/leg2/walk/off/base-r3.csv
