hs1 walk trace=off median=0.001268s spread=8.549% majors=29 elastic=0 rung_b=0
hs3 walk trace=off median=0.000220s spread=27.265% majors=4 elastic=0 rung_b=0
hs5 walk trace=off median=0.000182s spread=39.412% majors=4 elastic=0 rung_b=0
hs6 walk trace=off median=0.000582s spread=52.004% majors=8 elastic=0 rung_b=0
hs7 walk trace=off median=0.000738s spread=13.614% majors=9 elastic=0 rung_b=0
hs10 walk trace=off median=0.005451s spread=10.113% majors=14 elastic=8 rung_b=0
hs11 walk trace=off median=0.001344s spread=25.767% majors=7 elastic=2 rung_b=0
hs12 walk trace=off median=0.000397s spread=15.371% majors=6 elastic=0 rung_b=0
hs14 walk trace=off median=0.000251s spread=40.713% majors=5 elastic=0 rung_b=0
hs15 walk trace=off median=0.001003s spread=12.700% majors=7 elastic=1 rung_b=0
hs22 walk trace=off median=0.000253s spread=22.574% majors=2 elastic=0 rung_b=0
hs24 walk trace=off median=0.000432s spread=20.583% majors=3 elastic=0 rung_b=0
hs25 walk trace=off median=0.000027s spread=115.155% majors=0 elastic=0 rung_b=0
hs26 walk trace=off median=0.000882s spread=10.980% majors=17 elastic=0 rung_b=0
hs27 walk trace=off median=0.001319s spread=10.365% majors=4 elastic=1 rung_b=0
hs28 walk trace=off median=0.000222s spread=24.560% majors=3 elastic=0 rung_b=0
hs30 walk trace=off median=0.000633s spread=15.222% majors=11 elastic=0 rung_b=0
hs33 walk trace=off median=0.000670s spread=10.011% majors=4 elastic=0 rung_b=0
hs35 walk trace=off median=0.000091s spread=45.248% majors=1 elastic=0 rung_b=0
hs38 walk trace=off median=0.003303s spread=5.717% majors=49 elastic=0 rung_b=0
hs39 walk trace=off median=0.000682s spread=63.610% majors=9 elastic=0 rung_b=0
hs40 walk trace=off median=0.000230s spread=38.196% majors=4 elastic=0 rung_b=0
hs43 walk trace=off median=0.000647s spread=12.889% majors=7 elastic=0 rung_b=0
hs45 walk trace=off median=0.000518s spread=20.347% majors=3 elastic=0 rung_b=0
hs76 walk trace=off median=0.000276s spread=26.971% majors=2 elastic=0 rung_b=0
hs77 walk trace=off median=0.000716s spread=14.263% majors=12 elastic=0 rung_b=0
hs79 walk trace=off median=0.000240s spread=23.740% majors=4 elastic=0 rung_b=0

HS SUITE: 27 cell(s), engine walk, trace off, repeat 1000, warmup 1
  corpus (sum of per-cell medians): 0.022577 s
  worst per-cell median SE: 0.196 %   <-- THE CALIBRATION READING (target <= 0.5, falls as 1/sqrt(N))
  worst per-cell max-min spread: 115.155 %  (raw cloud; NOT a calibration
                                            statistic -- it is monotone in N)
  cells with unstable counters across repeats: 0
  elastic activations: 12   fallback rung B: 0
wrote 27 row(s) to /home/ghecht/Projects/hven/.scratch/w5t89r/art2/raw/leg2/walk/off/head-r3.csv
