hs1 walk trace=off median=0.001287s spread=15.585% majors=29 elastic=0 rung_b=0
hs3 walk trace=off median=0.000224s spread=37.246% majors=4 elastic=0 rung_b=0
hs5 walk trace=off median=0.000186s spread=49.997% majors=4 elastic=0 rung_b=0
hs6 walk trace=off median=0.000589s spread=64.397% majors=8 elastic=0 rung_b=0
hs7 walk trace=off median=0.000747s spread=18.259% majors=9 elastic=0 rung_b=0
hs10 walk trace=off median=0.005511s spread=14.967% majors=14 elastic=8 rung_b=0
hs11 walk trace=off median=0.001359s spread=12.651% majors=7 elastic=2 rung_b=0
hs12 walk trace=off median=0.000408s spread=38.120% majors=6 elastic=0 rung_b=0
hs14 walk trace=off median=0.000259s spread=23.893% majors=5 elastic=0 rung_b=0
hs15 walk trace=off median=0.001011s spread=37.016% majors=7 elastic=1 rung_b=0
hs22 walk trace=off median=0.000255s spread=32.367% majors=2 elastic=0 rung_b=0
hs24 walk trace=off median=0.000444s spread=35.022% majors=3 elastic=0 rung_b=0
hs25 walk trace=off median=0.000027s spread=34.243% majors=0 elastic=0 rung_b=0
hs26 walk trace=off median=0.000903s spread=36.214% majors=17 elastic=0 rung_b=0
hs27 walk trace=off median=0.001341s spread=13.761% majors=4 elastic=1 rung_b=0
hs28 walk trace=off median=0.000228s spread=85.029% majors=3 elastic=0 rung_b=0
hs30 walk trace=off median=0.000642s spread=22.330% majors=11 elastic=0 rung_b=0
hs33 walk trace=off median=0.000679s spread=15.187% majors=4 elastic=0 rung_b=0
hs35 walk trace=off median=0.000092s spread=41.178% majors=1 elastic=0 rung_b=0
hs38 walk trace=off median=0.003347s spread=63.516% majors=49 elastic=0 rung_b=0
hs39 walk trace=off median=0.000692s spread=20.721% majors=9 elastic=0 rung_b=0
hs40 walk trace=off median=0.000234s spread=33.943% majors=4 elastic=0 rung_b=0
hs43 walk trace=off median=0.000654s spread=23.976% majors=7 elastic=0 rung_b=0
hs45 walk trace=off median=0.000525s spread=16.734% majors=3 elastic=0 rung_b=0
hs76 walk trace=off median=0.000279s spread=50.196% majors=2 elastic=0 rung_b=0
hs77 walk trace=off median=0.000724s spread=11.063% majors=12 elastic=0 rung_b=0
hs79 walk trace=off median=0.000242s spread=45.672% majors=4 elastic=0 rung_b=0

HS SUITE: 27 cell(s), engine walk, trace off, repeat 1000, warmup 1
  corpus (sum of per-cell medians): 0.022886 s
  worst per-cell median SE: 0.212 %   <-- THE CALIBRATION READING (target <= 0.5, falls as 1/sqrt(N))
  worst per-cell max-min spread: 85.029 %  (raw cloud; NOT a calibration
                                            statistic -- it is monotone in N)
  cells with unstable counters across repeats: 0
  elastic activations: 12   fallback rung B: 0
wrote 27 row(s) to /home/ghecht/Projects/hven/.scratch/w5t89r/art/raw/leg2/walk/off/passB-base-r2.csv
