hs1 walk trace=off median=0.001278s spread=69.160% majors=29 elastic=0 rung_b=0
hs3 walk trace=off median=0.000221s spread=32.972% majors=4 elastic=0 rung_b=0
hs5 walk trace=off median=0.000184s spread=104.891% majors=4 elastic=0 rung_b=0
hs6 walk trace=off median=0.000584s spread=73.936% majors=8 elastic=0 rung_b=0
hs7 walk trace=off median=0.000740s spread=69.310% majors=9 elastic=0 rung_b=0
hs10 walk trace=off median=0.005464s spread=25.508% majors=14 elastic=8 rung_b=0
hs11 walk trace=off median=0.001347s spread=60.007% majors=7 elastic=2 rung_b=0
hs12 walk trace=off median=0.000406s spread=19.715% majors=6 elastic=0 rung_b=0
hs14 walk trace=off median=0.000257s spread=62.585% majors=5 elastic=0 rung_b=0
hs15 walk trace=off median=0.001003s spread=14.941% majors=7 elastic=1 rung_b=0
hs22 walk trace=off median=0.000253s spread=20.992% majors=2 elastic=0 rung_b=0
hs24 walk trace=off median=0.000440s spread=20.279% majors=3 elastic=0 rung_b=0
hs25 walk trace=off median=0.000027s spread=36.175% majors=0 elastic=0 rung_b=0
hs26 walk trace=off median=0.000895s spread=15.652% majors=17 elastic=0 rung_b=0
hs27 walk trace=off median=0.001335s spread=13.969% majors=4 elastic=1 rung_b=0
hs28 walk trace=off median=0.000224s spread=21.020% majors=3 elastic=0 rung_b=0
hs30 walk trace=off median=0.000636s spread=14.280% majors=11 elastic=0 rung_b=0
hs33 walk trace=off median=0.000671s spread=25.955% majors=4 elastic=0 rung_b=0
hs35 walk trace=off median=0.000091s spread=19.331% majors=1 elastic=0 rung_b=0
hs38 walk trace=off median=0.003312s spread=7.522% majors=49 elastic=0 rung_b=0
hs39 walk trace=off median=0.000683s spread=42.712% majors=9 elastic=0 rung_b=0
hs40 walk trace=off median=0.000234s spread=40.375% majors=4 elastic=0 rung_b=0
hs43 walk trace=off median=0.000648s spread=29.102% majors=7 elastic=0 rung_b=0
hs45 walk trace=off median=0.000520s spread=36.336% majors=3 elastic=0 rung_b=0
hs76 walk trace=off median=0.000277s spread=18.070% majors=2 elastic=0 rung_b=0
hs77 walk trace=off median=0.000719s spread=42.046% majors=12 elastic=0 rung_b=0
hs79 walk trace=off median=0.000242s spread=18.097% majors=4 elastic=0 rung_b=0

HS SUITE: 27 cell(s), engine walk, trace off, repeat 1000, warmup 1
  corpus (sum of per-cell medians): 0.022692 s
  worst per-cell median SE: 0.357 %   <-- THE CALIBRATION READING (target <= 0.5, falls as 1/sqrt(N))
  worst per-cell max-min spread: 104.891 %  (raw cloud; NOT a calibration
                                            statistic -- it is monotone in N)
  cells with unstable counters across repeats: 0
  elastic activations: 12   fallback rung B: 0
wrote 27 row(s) to /home/ghecht/Projects/hven/.scratch/w5t89r/art2/raw/leg2/walk/off/passB-base-r3.csv
