hs1 walk trace=off median=0.001267s spread=34.930% majors=29 elastic=0 rung_b=0
hs3 walk trace=off median=0.000220s spread=20.487% majors=4 elastic=0 rung_b=0
hs5 walk trace=off median=0.000183s spread=71.139% majors=4 elastic=0 rung_b=0
hs6 walk trace=off median=0.000579s spread=29.479% majors=8 elastic=0 rung_b=0
hs7 walk trace=off median=0.000735s spread=15.416% majors=9 elastic=0 rung_b=0
hs10 walk trace=off median=0.005445s spread=22.313% majors=14 elastic=8 rung_b=0
hs11 walk trace=off median=0.001342s spread=58.765% majors=7 elastic=2 rung_b=0
hs12 walk trace=off median=0.000398s spread=72.317% majors=6 elastic=0 rung_b=0
hs14 walk trace=off median=0.000250s spread=43.682% majors=5 elastic=0 rung_b=0
hs15 walk trace=off median=0.001000s spread=70.710% majors=7 elastic=1 rung_b=0
hs22 walk trace=off median=0.000253s spread=104.350% majors=2 elastic=0 rung_b=0
hs24 walk trace=off median=0.000432s spread=90.458% majors=3 elastic=0 rung_b=0
hs25 walk trace=off median=0.000027s spread=30.057% majors=0 elastic=0 rung_b=0
hs26 walk trace=off median=0.000883s spread=72.379% majors=17 elastic=0 rung_b=0
hs27 walk trace=off median=0.001321s spread=64.984% majors=4 elastic=1 rung_b=0
hs28 walk trace=off median=0.000222s spread=104.760% majors=3 elastic=0 rung_b=0
hs30 walk trace=off median=0.000633s spread=71.828% majors=11 elastic=0 rung_b=0
hs33 walk trace=off median=0.000670s spread=90.391% majors=4 elastic=0 rung_b=0
hs35 walk trace=off median=0.000091s spread=55.149% majors=1 elastic=0 rung_b=0
hs38 walk trace=off median=0.003311s spread=32.449% majors=49 elastic=0 rung_b=0
hs39 walk trace=off median=0.000683s spread=24.245% majors=9 elastic=0 rung_b=0
hs40 walk trace=off median=0.000231s spread=35.951% majors=4 elastic=0 rung_b=0
hs43 walk trace=off median=0.000648s spread=31.095% majors=7 elastic=0 rung_b=0
hs45 walk trace=off median=0.000519s spread=77.875% majors=3 elastic=0 rung_b=0
hs76 walk trace=off median=0.000276s spread=58.693% majors=2 elastic=0 rung_b=0
hs77 walk trace=off median=0.000718s spread=89.257% majors=12 elastic=0 rung_b=0
hs79 walk trace=off median=0.000240s spread=49.850% majors=4 elastic=0 rung_b=0

HS SUITE: 27 cell(s), engine walk, trace off, repeat 1000, warmup 1
  corpus (sum of per-cell medians): 0.022575 s
  worst per-cell median SE: 0.224 %   <-- THE CALIBRATION READING (target <= 0.5, falls as 1/sqrt(N))
  worst per-cell max-min spread: 104.760 %  (raw cloud; NOT a calibration
                                            statistic -- it is monotone in N)
  cells with unstable counters across repeats: 0
  elastic activations: 12   fallback rung B: 0
wrote 27 row(s) to /home/ghecht/Projects/hven/.scratch/w5t89r/art2/raw/leg2/walk/off/passB-head-r2.csv
