hs1 walk trace=off median=0.001269s spread=65.476% majors=29 elastic=0 rung_b=0
hs3 walk trace=off median=0.000220s spread=21.485% majors=4 elastic=0 rung_b=0
hs5 walk trace=off median=0.000183s spread=36.490% majors=4 elastic=0 rung_b=0
hs6 walk trace=off median=0.000580s spread=19.090% majors=8 elastic=0 rung_b=0
hs7 walk trace=off median=0.000738s spread=28.610% majors=9 elastic=0 rung_b=0
hs10 walk trace=off median=0.005450s spread=62.218% majors=14 elastic=8 rung_b=0
hs11 walk trace=off median=0.001339s spread=18.272% majors=7 elastic=2 rung_b=0
hs12 walk trace=off median=0.000398s spread=17.453% majors=6 elastic=0 rung_b=0
hs14 walk trace=off median=0.000252s spread=20.907% majors=5 elastic=0 rung_b=0
hs15 walk trace=off median=0.000999s spread=10.880% majors=7 elastic=1 rung_b=0
hs22 walk trace=off median=0.000252s spread=39.739% majors=2 elastic=0 rung_b=0
hs24 walk trace=off median=0.000432s spread=16.543% majors=3 elastic=0 rung_b=0
hs25 walk trace=off median=0.000027s spread=35.906% majors=0 elastic=0 rung_b=0
hs26 walk trace=off median=0.000883s spread=12.891% majors=17 elastic=0 rung_b=0
hs27 walk trace=off median=0.001318s spread=63.040% majors=4 elastic=1 rung_b=0
hs28 walk trace=off median=0.000221s spread=45.537% majors=3 elastic=0 rung_b=0
hs30 walk trace=off median=0.000634s spread=11.359% majors=11 elastic=0 rung_b=0
hs33 walk trace=off median=0.000669s spread=13.389% majors=4 elastic=0 rung_b=0
hs35 walk trace=off median=0.000091s spread=30.439% majors=1 elastic=0 rung_b=0
hs38 walk trace=off median=0.003314s spread=4.774% majors=49 elastic=0 rung_b=0
hs39 walk trace=off median=0.000682s spread=15.399% majors=9 elastic=0 rung_b=0
hs40 walk trace=off median=0.000231s spread=18.329% majors=4 elastic=0 rung_b=0
hs43 walk trace=off median=0.000646s spread=18.487% majors=7 elastic=0 rung_b=0
hs45 walk trace=off median=0.000516s spread=10.534% majors=3 elastic=0 rung_b=0
hs76 walk trace=off median=0.000276s spread=68.615% majors=2 elastic=0 rung_b=0
hs77 walk trace=off median=0.000714s spread=8.769% majors=12 elastic=0 rung_b=0
hs79 walk trace=off median=0.000240s spread=39.011% majors=4 elastic=0 rung_b=0

HS SUITE: 27 cell(s), engine walk, trace off, repeat 1000, warmup 1
  corpus (sum of per-cell medians): 0.022575 s
  worst per-cell median SE: 0.217 %   <-- THE CALIBRATION READING (target <= 0.5, falls as 1/sqrt(N))
  worst per-cell max-min spread: 68.615 %  (raw cloud; NOT a calibration
                                            statistic -- it is monotone in N)
  cells with unstable counters across repeats: 0
  elastic activations: 12   fallback rung B: 0
wrote 27 row(s) to /home/ghecht/Projects/hven/.scratch/w5t89r/art2/raw/leg2/walk/off/passB-head-r1.csv
