# leg: ipm wall leg
# date: 2026-08-23T09:10:41-04:00   host: Linux 7.1.9-200.fc44.x86_64
# probe source: /home/ghecht/Projects/hven/docs/notes/data/m4-ipm-wall-leg/ipm_time.cpp  sha256=9927f6852ad464604111cfb7d2a93ecea64acce8803ee2fe4591d13e3ea010c3
# binary base: /home/ghecht/Projects/hven/docs/notes/data/m4-ipm-wall-leg/ipm_base  sha256=7b037bf1069022e9b0b75bb87e4389562d43d24a01cf3797cb567444b2b77ffb  mtime=2026-08-23T04:22:35-04:00
# binary head: /home/ghecht/Projects/hven/docs/notes/data/m4-ipm-wall-leg/ipm_head  sha256=935b37102c0667089647a02fc088aa725f92325df51f22cfa606617c772ef753  mtime=2026-08-23T08:36:48-04:00
# reps=9 inner=15  loadavg=0.20 1.18 2.74
=== arm: serial
rep1 base wide n=60 reps=15 median_s=0.001980 min_s=0.001962 iters=7 flag=0 xnorm2=1.3750963021836506
rep1 base wide n=120 reps=15 median_s=0.006646 min_s=0.006343 iters=7 flag=0 xnorm2=2.7501926043856093
rep1 base wide n=240 reps=15 median_s=0.031457 min_s=0.031252 iters=8 flag=0 xnorm2=5.5003852082409646
rep1 head wide n=60 reps=15 median_s=0.001982 min_s=0.001967 iters=7 flag=0 xnorm2=1.3750963021836506
rep1 head wide n=120 reps=15 median_s=0.006552 min_s=0.006305 iters=7 flag=0 xnorm2=2.7501926043856093
rep1 head wide n=240 reps=15 median_s=0.031464 min_s=0.031191 iters=8 flag=0 xnorm2=5.5003852082409646
rep2 base wide n=60 reps=15 median_s=0.001996 min_s=0.001973 iters=7 flag=0 xnorm2=1.3750963021836506
rep2 base wide n=120 reps=15 median_s=0.006578 min_s=0.006363 iters=7 flag=0 xnorm2=2.7501926043856093
rep2 base wide n=240 reps=15 median_s=0.031663 min_s=0.031170 iters=8 flag=0 xnorm2=5.5003852082409646
rep2 head wide n=60 reps=15 median_s=0.001980 min_s=0.001965 iters=7 flag=0 xnorm2=1.3750963021836506
rep2 head wide n=120 reps=15 median_s=0.006509 min_s=0.006325 iters=7 flag=0 xnorm2=2.7501926043856093
rep2 head wide n=240 reps=15 median_s=0.031730 min_s=0.031309 iters=8 flag=0 xnorm2=5.5003852082409646
rep3 base wide n=60 reps=15 median_s=0.001986 min_s=0.001972 iters=7 flag=0 xnorm2=1.3750963021836506
rep3 base wide n=120 reps=15 median_s=0.006638 min_s=0.006341 iters=7 flag=0 xnorm2=2.7501926043856093
rep3 base wide n=240 reps=15 median_s=0.031455 min_s=0.031154 iters=8 flag=0 xnorm2=5.5003852082409646
rep3 head wide n=60 reps=15 median_s=0.001976 min_s=0.001968 iters=7 flag=0 xnorm2=1.3750963021836506
rep3 head wide n=120 reps=15 median_s=0.006553 min_s=0.006330 iters=7 flag=0 xnorm2=2.7501926043856093
rep3 head wide n=240 reps=15 median_s=0.031398 min_s=0.031114 iters=8 flag=0 xnorm2=5.5003852082409646
rep4 base wide n=60 reps=15 median_s=0.002010 min_s=0.001971 iters=7 flag=0 xnorm2=1.3750963021836506
rep4 base wide n=120 reps=15 median_s=0.006619 min_s=0.006332 iters=7 flag=0 xnorm2=2.7501926043856093
rep4 base wide n=240 reps=15 median_s=0.031461 min_s=0.031209 iters=8 flag=0 xnorm2=5.5003852082409646
rep4 head wide n=60 reps=15 median_s=0.001994 min_s=0.001964 iters=7 flag=0 xnorm2=1.3750963021836506
rep4 head wide n=120 reps=15 median_s=0.006530 min_s=0.006332 iters=7 flag=0 xnorm2=2.7501926043856093
rep4 head wide n=240 reps=15 median_s=0.031726 min_s=0.031268 iters=8 flag=0 xnorm2=5.5003852082409646
rep5 base wide n=60 reps=15 median_s=0.001998 min_s=0.001983 iters=7 flag=0 xnorm2=1.3750963021836506
rep5 base wide n=120 reps=15 median_s=0.006576 min_s=0.006305 iters=7 flag=0 xnorm2=2.7501926043856093
rep5 base wide n=240 reps=15 median_s=0.031465 min_s=0.031095 iters=8 flag=0 xnorm2=5.5003852082409646
rep5 head wide n=60 reps=15 median_s=0.001984 min_s=0.001959 iters=7 flag=0 xnorm2=1.3750963021836506
rep5 head wide n=120 reps=15 median_s=0.006520 min_s=0.006342 iters=7 flag=0 xnorm2=2.7501926043856093
rep5 head wide n=240 reps=15 median_s=0.031515 min_s=0.031242 iters=8 flag=0 xnorm2=5.5003852082409646
rep6 base wide n=60 reps=15 median_s=0.001994 min_s=0.001967 iters=7 flag=0 xnorm2=1.3750963021836506
rep6 base wide n=120 reps=15 median_s=0.006544 min_s=0.006314 iters=7 flag=0 xnorm2=2.7501926043856093
rep6 base wide n=240 reps=15 median_s=0.031628 min_s=0.031354 iters=8 flag=0 xnorm2=5.5003852082409646
rep6 head wide n=60 reps=15 median_s=0.001973 min_s=0.001958 iters=7 flag=0 xnorm2=1.3750963021836506
rep6 head wide n=120 reps=15 median_s=0.006603 min_s=0.006310 iters=7 flag=0 xnorm2=2.7501926043856093
rep6 head wide n=240 reps=15 median_s=0.031555 min_s=0.031130 iters=8 flag=0 xnorm2=5.5003852082409646
rep7 base wide n=60 reps=15 median_s=0.001986 min_s=0.001962 iters=7 flag=0 xnorm2=1.3750963021836506
rep7 base wide n=120 reps=15 median_s=0.006584 min_s=0.006359 iters=7 flag=0 xnorm2=2.7501926043856093
rep7 base wide n=240 reps=15 median_s=0.032247 min_s=0.031995 iters=8 flag=0 xnorm2=5.5003852082409646
rep7 head wide n=60 reps=15 median_s=0.001983 min_s=0.001966 iters=7 flag=0 xnorm2=1.3750963021836506
rep7 head wide n=120 reps=15 median_s=0.006552 min_s=0.006332 iters=7 flag=0 xnorm2=2.7501926043856093
rep7 head wide n=240 reps=15 median_s=0.031406 min_s=0.031164 iters=8 flag=0 xnorm2=5.5003852082409646
rep8 base wide n=60 reps=15 median_s=0.002009 min_s=0.001980 iters=7 flag=0 xnorm2=1.3750963021836506
rep8 base wide n=120 reps=15 median_s=0.006596 min_s=0.006322 iters=7 flag=0 xnorm2=2.7501926043856093
rep8 base wide n=240 reps=15 median_s=0.031339 min_s=0.031120 iters=8 flag=0 xnorm2=5.5003852082409646
rep8 head wide n=60 reps=15 median_s=0.002017 min_s=0.002004 iters=7 flag=0 xnorm2=1.3750963021836506
rep8 head wide n=120 reps=15 median_s=0.006633 min_s=0.006433 iters=7 flag=0 xnorm2=2.7501926043856093
rep8 head wide n=240 reps=15 median_s=0.031479 min_s=0.031188 iters=8 flag=0 xnorm2=5.5003852082409646
rep9 base wide n=60 reps=15 median_s=0.001992 min_s=0.001973 iters=7 flag=0 xnorm2=1.3750963021836506
rep9 base wide n=120 reps=15 median_s=0.006575 min_s=0.006347 iters=7 flag=0 xnorm2=2.7501926043856093
rep9 base wide n=240 reps=15 median_s=0.031372 min_s=0.031179 iters=8 flag=0 xnorm2=5.5003852082409646
rep9 head wide n=60 reps=15 median_s=0.001978 min_s=0.001965 iters=7 flag=0 xnorm2=1.3750963021836506
rep9 head wide n=120 reps=15 median_s=0.006501 min_s=0.006345 iters=7 flag=0 xnorm2=2.7501926043856093
rep9 head wide n=240 reps=15 median_s=0.031488 min_s=0.031151 iters=8 flag=0 xnorm2=5.5003852082409646
=== arm: threaded
rep1 base wide n=60 reps=15 median_s=0.001857 min_s=0.001840 iters=7 flag=0 xnorm2=1.3750963021836506
rep1 base wide n=120 reps=15 median_s=0.006281 min_s=0.006102 iters=7 flag=0 xnorm2=2.7501926043856093
rep1 base wide n=240 reps=15 median_s=0.030054 min_s=0.029151 iters=8 flag=0 xnorm2=5.5003852082409646
rep1 head wide n=60 reps=15 median_s=0.001849 min_s=0.001844 iters=7 flag=0 xnorm2=1.3750963021836506
rep1 head wide n=120 reps=15 median_s=0.006257 min_s=0.006072 iters=7 flag=0 xnorm2=2.7501926043856093
rep1 head wide n=240 reps=15 median_s=0.029627 min_s=0.029220 iters=8 flag=0 xnorm2=5.5003852082409646
rep2 base wide n=60 reps=15 median_s=0.001864 min_s=0.001847 iters=7 flag=0 xnorm2=1.3750963021836506
rep2 base wide n=120 reps=15 median_s=0.006328 min_s=0.006123 iters=7 flag=0 xnorm2=2.7501926043856093
rep2 base wide n=240 reps=15 median_s=0.029607 min_s=0.029144 iters=8 flag=0 xnorm2=5.5003852082409646
rep2 head wide n=60 reps=15 median_s=0.001865 min_s=0.001844 iters=7 flag=0 xnorm2=1.3750963021836506
rep2 head wide n=120 reps=15 median_s=0.006300 min_s=0.006103 iters=7 flag=0 xnorm2=2.7501926043856093
rep2 head wide n=240 reps=15 median_s=0.029686 min_s=0.029266 iters=8 flag=0 xnorm2=5.5003852082409646
rep3 base wide n=60 reps=15 median_s=0.002533 min_s=0.002495 iters=7 flag=0 xnorm2=1.3750963021836506
rep3 base wide n=120 reps=15 median_s=0.006293 min_s=0.006099 iters=7 flag=0 xnorm2=2.7501926043856093
rep3 base wide n=240 reps=15 median_s=0.029190 min_s=0.029125 iters=8 flag=0 xnorm2=5.5003852082409646
rep3 head wide n=60 reps=15 median_s=0.001854 min_s=0.001838 iters=7 flag=0 xnorm2=1.3750963021836506
rep3 head wide n=120 reps=15 median_s=0.006280 min_s=0.006117 iters=7 flag=0 xnorm2=2.7501926043856093
rep3 head wide n=240 reps=15 median_s=0.029799 min_s=0.029370 iters=8 flag=0 xnorm2=5.5003852082409646
rep4 base wide n=60 reps=15 median_s=0.001875 min_s=0.001837 iters=7 flag=0 xnorm2=1.3750963021836506
rep4 base wide n=120 reps=15 median_s=0.006425 min_s=0.006146 iters=7 flag=0 xnorm2=2.7501926043856093
rep4 base wide n=240 reps=15 median_s=0.029426 min_s=0.029151 iters=8 flag=0 xnorm2=5.5003852082409646
rep4 head wide n=60 reps=15 median_s=0.001855 min_s=0.001840 iters=7 flag=0 xnorm2=1.3750963021836506
rep4 head wide n=120 reps=15 median_s=0.006276 min_s=0.006084 iters=7 flag=0 xnorm2=2.7501926043856093
rep4 head wide n=240 reps=15 median_s=0.029792 min_s=0.029214 iters=8 flag=0 xnorm2=5.5003852082409646
rep5 base wide n=60 reps=15 median_s=0.001873 min_s=0.001840 iters=7 flag=0 xnorm2=1.3750963021836506
rep5 base wide n=120 reps=15 median_s=0.006316 min_s=0.006115 iters=7 flag=0 xnorm2=2.7501926043856093
rep5 base wide n=240 reps=15 median_s=0.029417 min_s=0.029204 iters=8 flag=0 xnorm2=5.5003852082409646
rep5 head wide n=60 reps=15 median_s=0.002513 min_s=0.001835 iters=7 flag=0 xnorm2=1.3750963021836506
rep5 head wide n=120 reps=15 median_s=0.006251 min_s=0.006068 iters=7 flag=0 xnorm2=2.7501926043856093
rep5 head wide n=240 reps=15 median_s=0.029383 min_s=0.029148 iters=8 flag=0 xnorm2=5.5003852082409646
rep6 base wide n=60 reps=15 median_s=0.001878 min_s=0.001857 iters=7 flag=0 xnorm2=1.3750963021836506
rep6 base wide n=120 reps=15 median_s=0.006420 min_s=0.006254 iters=7 flag=0 xnorm2=2.7501926043856093
rep6 base wide n=240 reps=15 median_s=0.029914 min_s=0.029340 iters=8 flag=0 xnorm2=5.5003852082409646
rep6 head wide n=60 reps=15 median_s=0.001870 min_s=0.001845 iters=7 flag=0 xnorm2=1.3750963021836506
rep6 head wide n=120 reps=15 median_s=0.006281 min_s=0.006097 iters=7 flag=0 xnorm2=2.7501926043856093
rep6 head wide n=240 reps=15 median_s=0.029418 min_s=0.029318 iters=8 flag=0 xnorm2=5.5003852082409646
rep7 base wide n=60 reps=15 median_s=0.001907 min_s=0.001848 iters=7 flag=0 xnorm2=1.3750963021836506
rep7 base wide n=120 reps=15 median_s=0.009364 min_s=0.006343 iters=7 flag=0 xnorm2=2.7501926043856093
rep7 base wide n=240 reps=15 median_s=0.029398 min_s=0.029253 iters=8 flag=0 xnorm2=5.5003852082409646
rep7 head wide n=60 reps=15 median_s=0.001855 min_s=0.001844 iters=7 flag=0 xnorm2=1.3750963021836506
rep7 head wide n=120 reps=15 median_s=0.006307 min_s=0.006097 iters=7 flag=0 xnorm2=2.7501926043856093
rep7 head wide n=240 reps=15 median_s=0.029781 min_s=0.029184 iters=8 flag=0 xnorm2=5.5003852082409646
rep8 base wide n=60 reps=15 median_s=0.001858 min_s=0.001841 iters=7 flag=0 xnorm2=1.3750963021836506
rep8 base wide n=120 reps=15 median_s=0.006371 min_s=0.006108 iters=7 flag=0 xnorm2=2.7501926043856093
rep8 base wide n=240 reps=15 median_s=0.031107 min_s=0.030315 iters=8 flag=0 xnorm2=5.5003852082409646
rep8 head wide n=60 reps=15 median_s=0.001860 min_s=0.001841 iters=7 flag=0 xnorm2=1.3750963021836506
rep8 head wide n=120 reps=15 median_s=0.006261 min_s=0.006083 iters=7 flag=0 xnorm2=2.7501926043856093
rep8 head wide n=240 reps=15 median_s=0.029986 min_s=0.029289 iters=8 flag=0 xnorm2=5.5003852082409646
rep9 base wide n=60 reps=15 median_s=0.001868 min_s=0.001848 iters=7 flag=0 xnorm2=1.3750963021836506
rep9 base wide n=120 reps=15 median_s=0.006283 min_s=0.006084 iters=7 flag=0 xnorm2=2.7501926043856093
rep9 base wide n=240 reps=15 median_s=0.029309 min_s=0.029207 iters=8 flag=0 xnorm2=5.5003852082409646
rep9 head wide n=60 reps=15 median_s=0.002508 min_s=0.001844 iters=7 flag=0 xnorm2=1.3750963021836506
rep9 head wide n=120 reps=15 median_s=0.006280 min_s=0.006114 iters=7 flag=0 xnorm2=2.7501926043856093
rep9 head wide n=240 reps=15 median_s=0.029465 min_s=0.029258 iters=8 flag=0 xnorm2=5.5003852082409646
