# leg: ipm wall leg
# date: 2026-08-24T20:07:19-04:00   host: Linux 7.1.9-200.fc44.x86_64
# probe source: /home/ghecht/Projects/tycho/dep/hven/docs/notes/data/m4-ipm-wall-leg/ipm_time.cpp  sha256=9927f6852ad464604111cfb7d2a93ecea64acce8803ee2fe4591d13e3ea010c3
# binary base: /home/ghecht/Projects/tycho/dep/hven/docs/notes/data/m4-ipm-wall-leg/ipm_base  sha256=38da072cd4ac3e66e8b66016395f48a54a491f48bef44869e0a061aee0cd0e9d  mtime=2026-08-24T20:05:47-04:00
# binary head: /home/ghecht/Projects/tycho/dep/hven/docs/notes/data/m4-ipm-wall-leg/ipm_head  sha256=e2158328453438ef4f470d2c966f198d695cc109eee207152d4c9220caf8935b  mtime=2026-08-24T20:05:52-04:00
# reps=9 inner=15  loadavg=0.59 1.66 2.33
=== arm: serial
rep1 base wide n=60 reps=15 median_s=0.002326 min_s=0.002295 iters=7 flag=0 xnorm2=1.3750963021836506
rep1 base wide n=120 reps=15 median_s=0.007727 min_s=0.007318 iters=7 flag=0 xnorm2=2.7501926043856093
rep1 base wide n=240 reps=15 median_s=0.036165 min_s=0.035923 iters=8 flag=0 xnorm2=5.5003852082409646
rep1 head wide n=60 reps=15 median_s=0.002340 min_s=0.002318 iters=7 flag=0 xnorm2=1.3750963021836506
rep1 head wide n=120 reps=15 median_s=0.007770 min_s=0.007459 iters=7 flag=0 xnorm2=2.7501926043856093
rep1 head wide n=240 reps=15 median_s=0.037043 min_s=0.036820 iters=8 flag=0 xnorm2=5.5003852082409646
rep2 base wide n=60 reps=15 median_s=0.002326 min_s=0.002303 iters=7 flag=0 xnorm2=1.3750963021836506
rep2 base wide n=120 reps=15 median_s=0.007704 min_s=0.007437 iters=7 flag=0 xnorm2=2.7501926043856093
rep2 base wide n=240 reps=15 median_s=0.036550 min_s=0.036012 iters=8 flag=0 xnorm2=5.5003852082409646
rep2 head wide n=60 reps=15 median_s=0.002341 min_s=0.002322 iters=7 flag=0 xnorm2=1.3750963021836506
rep2 head wide n=120 reps=15 median_s=0.007829 min_s=0.007462 iters=7 flag=0 xnorm2=2.7501926043856093
rep2 head wide n=240 reps=15 median_s=0.036893 min_s=0.036794 iters=8 flag=0 xnorm2=5.5003852082409646
rep3 base wide n=60 reps=15 median_s=0.002324 min_s=0.002303 iters=7 flag=0 xnorm2=1.3750963021836506
rep3 base wide n=120 reps=15 median_s=0.007656 min_s=0.007398 iters=7 flag=0 xnorm2=2.7501926043856093
rep3 base wide n=240 reps=15 median_s=0.036109 min_s=0.035916 iters=8 flag=0 xnorm2=5.5003852082409646
rep3 head wide n=60 reps=15 median_s=0.002340 min_s=0.002315 iters=7 flag=0 xnorm2=1.3750963021836506
rep3 head wide n=120 reps=15 median_s=0.007776 min_s=0.007418 iters=7 flag=0 xnorm2=2.7501926043856093
rep3 head wide n=240 reps=15 median_s=0.036909 min_s=0.036794 iters=8 flag=0 xnorm2=5.5003852082409646
rep4 base wide n=60 reps=15 median_s=0.002322 min_s=0.002304 iters=7 flag=0 xnorm2=1.3750963021836506
rep4 base wide n=120 reps=15 median_s=0.007730 min_s=0.007371 iters=7 flag=0 xnorm2=2.7501926043856093
rep4 base wide n=240 reps=15 median_s=0.036239 min_s=0.035969 iters=8 flag=0 xnorm2=5.5003852082409646
rep4 head wide n=60 reps=15 median_s=0.002334 min_s=0.002309 iters=7 flag=0 xnorm2=1.3750963021836506
rep4 head wide n=120 reps=15 median_s=0.007748 min_s=0.007416 iters=7 flag=0 xnorm2=2.7501926043856093
rep4 head wide n=240 reps=15 median_s=0.036899 min_s=0.036769 iters=8 flag=0 xnorm2=5.5003852082409646
rep5 base wide n=60 reps=15 median_s=0.002343 min_s=0.002310 iters=7 flag=0 xnorm2=1.3750963021836506
rep5 base wide n=120 reps=15 median_s=0.007668 min_s=0.007396 iters=7 flag=0 xnorm2=2.7501926043856093
rep5 base wide n=240 reps=15 median_s=0.036230 min_s=0.035967 iters=8 flag=0 xnorm2=5.5003852082409646
rep5 head wide n=60 reps=15 median_s=0.002333 min_s=0.002315 iters=7 flag=0 xnorm2=1.3750963021836506
rep5 head wide n=120 reps=15 median_s=0.007755 min_s=0.007428 iters=7 flag=0 xnorm2=2.7501926043856093
rep5 head wide n=240 reps=15 median_s=0.036882 min_s=0.036816 iters=8 flag=0 xnorm2=5.5003852082409646
rep6 base wide n=60 reps=15 median_s=0.002317 min_s=0.002293 iters=7 flag=0 xnorm2=1.3750963021836506
rep6 base wide n=120 reps=15 median_s=0.007647 min_s=0.007294 iters=7 flag=0 xnorm2=2.7501926043856093
rep6 base wide n=240 reps=15 median_s=0.036177 min_s=0.036048 iters=8 flag=0 xnorm2=5.5003852082409646
rep6 head wide n=60 reps=15 median_s=0.002336 min_s=0.002320 iters=7 flag=0 xnorm2=1.3750963021836506
rep6 head wide n=120 reps=15 median_s=0.007743 min_s=0.007454 iters=7 flag=0 xnorm2=2.7501926043856093
rep6 head wide n=240 reps=15 median_s=0.036923 min_s=0.036846 iters=8 flag=0 xnorm2=5.5003852082409646
rep7 base wide n=60 reps=15 median_s=0.002324 min_s=0.002309 iters=7 flag=0 xnorm2=1.3750963021836506
rep7 base wide n=120 reps=15 median_s=0.007644 min_s=0.007408 iters=7 flag=0 xnorm2=2.7501926043856093
rep7 base wide n=240 reps=15 median_s=0.036063 min_s=0.035913 iters=8 flag=0 xnorm2=5.5003852082409646
rep7 head wide n=60 reps=15 median_s=0.002345 min_s=0.002325 iters=7 flag=0 xnorm2=1.3750963021836506
rep7 head wide n=120 reps=15 median_s=0.007786 min_s=0.007401 iters=7 flag=0 xnorm2=2.7501926043856093
rep7 head wide n=240 reps=15 median_s=0.036967 min_s=0.036869 iters=8 flag=0 xnorm2=5.5003852082409646
rep8 base wide n=60 reps=15 median_s=0.002329 min_s=0.002302 iters=7 flag=0 xnorm2=1.3750963021836506
rep8 base wide n=120 reps=15 median_s=0.007680 min_s=0.007309 iters=7 flag=0 xnorm2=2.7501926043856093
rep8 base wide n=240 reps=15 median_s=0.036269 min_s=0.035991 iters=8 flag=0 xnorm2=5.5003852082409646
rep8 head wide n=60 reps=15 median_s=0.002344 min_s=0.002312 iters=7 flag=0 xnorm2=1.3750963021836506
rep8 head wide n=120 reps=15 median_s=0.007756 min_s=0.007407 iters=7 flag=0 xnorm2=2.7501926043856093
rep8 head wide n=240 reps=15 median_s=0.036899 min_s=0.036799 iters=8 flag=0 xnorm2=5.5003852082409646
rep9 base wide n=60 reps=15 median_s=0.002321 min_s=0.002291 iters=7 flag=0 xnorm2=1.3750963021836506
rep9 base wide n=120 reps=15 median_s=0.007675 min_s=0.007366 iters=7 flag=0 xnorm2=2.7501926043856093
rep9 base wide n=240 reps=15 median_s=0.036135 min_s=0.035967 iters=8 flag=0 xnorm2=5.5003852082409646
rep9 head wide n=60 reps=15 median_s=0.002336 min_s=0.002317 iters=7 flag=0 xnorm2=1.3750963021836506
rep9 head wide n=120 reps=15 median_s=0.007734 min_s=0.007416 iters=7 flag=0 xnorm2=2.7501926043856093
rep9 head wide n=240 reps=15 median_s=0.036889 min_s=0.036789 iters=8 flag=0 xnorm2=5.5003852082409646
=== arm: threaded
rep1 base wide n=60 reps=15 median_s=0.002174 min_s=0.002153 iters=7 flag=0 xnorm2=1.3750963021836506
rep1 base wide n=120 reps=15 median_s=0.007486 min_s=0.007215 iters=7 flag=0 xnorm2=2.7501926043856093
rep1 base wide n=240 reps=15 median_s=0.034244 min_s=0.033945 iters=8 flag=0 xnorm2=5.5003852082409646
rep1 head wide n=60 reps=15 median_s=0.002184 min_s=0.002163 iters=7 flag=0 xnorm2=1.3750963021836506
rep1 head wide n=120 reps=15 median_s=0.007565 min_s=0.007248 iters=7 flag=0 xnorm2=2.7501926043856093
rep1 head wide n=240 reps=15 median_s=0.034986 min_s=0.034864 iters=8 flag=0 xnorm2=5.5003852082409646
rep2 base wide n=60 reps=15 median_s=0.002177 min_s=0.002159 iters=7 flag=0 xnorm2=1.3750963021836506
rep2 base wide n=120 reps=15 median_s=0.007466 min_s=0.007159 iters=7 flag=0 xnorm2=2.7501926043856093
rep2 base wide n=240 reps=15 median_s=0.034157 min_s=0.033917 iters=8 flag=0 xnorm2=5.5003852082409646
rep2 head wide n=60 reps=15 median_s=0.002184 min_s=0.002168 iters=7 flag=0 xnorm2=1.3750963021836506
rep2 head wide n=120 reps=15 median_s=0.007544 min_s=0.007237 iters=7 flag=0 xnorm2=2.7501926043856093
rep2 head wide n=240 reps=15 median_s=0.035041 min_s=0.034822 iters=8 flag=0 xnorm2=5.5003852082409646
rep3 base wide n=60 reps=15 median_s=0.002191 min_s=0.002166 iters=7 flag=0 xnorm2=1.3750963021836506
rep3 base wide n=120 reps=15 median_s=0.007531 min_s=0.007241 iters=7 flag=0 xnorm2=2.7501926043856093
rep3 base wide n=240 reps=15 median_s=0.034151 min_s=0.033978 iters=8 flag=0 xnorm2=5.5003852082409646
rep3 head wide n=60 reps=15 median_s=0.002183 min_s=0.002164 iters=7 flag=0 xnorm2=1.3750963021836506
rep3 head wide n=120 reps=15 median_s=0.007599 min_s=0.007271 iters=7 flag=0 xnorm2=2.7501926043856093
rep3 head wide n=240 reps=15 median_s=0.034965 min_s=0.034786 iters=8 flag=0 xnorm2=5.5003852082409646
rep4 base wide n=60 reps=15 median_s=0.002207 min_s=0.002155 iters=7 flag=0 xnorm2=1.3750963021836506
rep4 base wide n=120 reps=15 median_s=0.007694 min_s=0.007126 iters=7 flag=0 xnorm2=2.7501926043856093
rep4 base wide n=240 reps=15 median_s=0.034195 min_s=0.034020 iters=8 flag=0 xnorm2=5.5003852082409646
rep4 head wide n=60 reps=15 median_s=0.002620 min_s=0.002239 iters=7 flag=0 xnorm2=1.3750963021836506
rep4 head wide n=120 reps=15 median_s=0.010127 min_s=0.007710 iters=7 flag=0 xnorm2=2.7501926043856093
rep4 head wide n=240 reps=15 median_s=0.035035 min_s=0.034916 iters=8 flag=0 xnorm2=5.5003852082409646
rep5 base wide n=60 reps=15 median_s=0.002185 min_s=0.002157 iters=7 flag=0 xnorm2=1.3750963021836506
rep5 base wide n=120 reps=15 median_s=0.007466 min_s=0.007124 iters=7 flag=0 xnorm2=2.7501926043856093
rep5 base wide n=240 reps=15 median_s=0.034039 min_s=0.033926 iters=8 flag=0 xnorm2=5.5003852082409646
rep5 head wide n=60 reps=15 median_s=0.002195 min_s=0.002174 iters=7 flag=0 xnorm2=1.3750963021836506
rep5 head wide n=120 reps=15 median_s=0.007564 min_s=0.007229 iters=7 flag=0 xnorm2=2.7501926043856093
rep5 head wide n=240 reps=15 median_s=0.034958 min_s=0.034841 iters=8 flag=0 xnorm2=5.5003852082409646
rep6 base wide n=60 reps=15 median_s=0.002227 min_s=0.002203 iters=7 flag=0 xnorm2=1.3750963021836506
rep6 base wide n=120 reps=15 median_s=0.007597 min_s=0.007263 iters=7 flag=0 xnorm2=2.7501926043856093
rep6 base wide n=240 reps=15 median_s=0.034159 min_s=0.034006 iters=8 flag=0 xnorm2=5.5003852082409646
rep6 head wide n=60 reps=15 median_s=0.002222 min_s=0.002172 iters=7 flag=0 xnorm2=1.3750963021836506
rep6 head wide n=120 reps=15 median_s=0.007569 min_s=0.007236 iters=7 flag=0 xnorm2=2.7501926043856093
rep6 head wide n=240 reps=15 median_s=0.035386 min_s=0.034988 iters=8 flag=0 xnorm2=5.5003852082409646
rep7 base wide n=60 reps=15 median_s=0.002179 min_s=0.002148 iters=7 flag=0 xnorm2=1.3750963021836506
rep7 base wide n=120 reps=15 median_s=0.007500 min_s=0.007182 iters=7 flag=0 xnorm2=2.7501926043856093
rep7 base wide n=240 reps=15 median_s=0.034088 min_s=0.033997 iters=8 flag=0 xnorm2=5.5003852082409646
rep7 head wide n=60 reps=15 median_s=0.002188 min_s=0.002169 iters=7 flag=0 xnorm2=1.3750963021836506
rep7 head wide n=120 reps=15 median_s=0.007619 min_s=0.007213 iters=7 flag=0 xnorm2=2.7501926043856093
rep7 head wide n=240 reps=15 median_s=0.034948 min_s=0.034853 iters=8 flag=0 xnorm2=5.5003852082409646
rep8 base wide n=60 reps=15 median_s=0.002191 min_s=0.002161 iters=7 flag=0 xnorm2=1.3750963021836506
rep8 base wide n=120 reps=15 median_s=0.007481 min_s=0.007138 iters=7 flag=0 xnorm2=2.7501926043856093
rep8 base wide n=240 reps=15 median_s=0.034053 min_s=0.033932 iters=8 flag=0 xnorm2=5.5003852082409646
rep8 head wide n=60 reps=15 median_s=0.002175 min_s=0.002158 iters=7 flag=0 xnorm2=1.3750963021836506
rep8 head wide n=120 reps=15 median_s=0.007580 min_s=0.007221 iters=7 flag=0 xnorm2=2.7501926043856093
rep8 head wide n=240 reps=15 median_s=0.034921 min_s=0.034838 iters=8 flag=0 xnorm2=5.5003852082409646
rep9 base wide n=60 reps=15 median_s=0.002204 min_s=0.002161 iters=7 flag=0 xnorm2=1.3750963021836506
rep9 base wide n=120 reps=15 median_s=0.007468 min_s=0.007121 iters=7 flag=0 xnorm2=2.7501926043856093
rep9 base wide n=240 reps=15 median_s=0.034046 min_s=0.033908 iters=8 flag=0 xnorm2=5.5003852082409646
rep9 head wide n=60 reps=15 median_s=0.002193 min_s=0.002177 iters=7 flag=0 xnorm2=1.3750963021836506
rep9 head wide n=120 reps=15 median_s=0.007572 min_s=0.007236 iters=7 flag=0 xnorm2=2.7501926043856093
rep9 head wide n=240 reps=15 median_s=0.035385 min_s=0.035021 iters=8 flag=0 xnorm2=5.5003852082409646
