# leg: ipm wall leg
# date: 2026-08-24T23:49:15-04:00   host: Linux 7.1.9-200.fc44.x86_64
# probe source: /home/ghecht/Projects/tycho/dep/hven/docs/notes/data/m4-ipm-wall-leg/ipm_time.cpp  sha256=9927f6852ad464604111cfb7d2a93ecea64acce8803ee2fe4591d13e3ea010c3
# binary base: /home/ghecht/Projects/tycho/dep/hven/docs/notes/data/m4-ipm-wall-leg/ipm_base  sha256=0629acd5f5fe9eaf02a8ea052a1c75aefc8974676db3e12a24ae98af07d2c11e  mtime=2026-08-24T23:48:11-04:00
# binary head: /home/ghecht/Projects/tycho/dep/hven/docs/notes/data/m4-ipm-wall-leg/ipm_head  sha256=3c70b05a50d337c7a5d4750fc43d5705f158e0f64f1922a46773df0da4cc80c7  mtime=2026-08-24T23:48:16-04:00
# reps=9 inner=15  loadavg=0.40 3.33 3.35
=== arm: serial
rep1 base wide n=60 reps=15 median_s=0.001994 min_s=0.001976 iters=7 flag=0 xnorm2=1.3750963021836506
rep1 base wide n=120 reps=15 median_s=0.006801 min_s=0.006464 iters=7 flag=0 xnorm2=2.7501926043856093
rep1 base wide n=240 reps=15 median_s=0.031822 min_s=0.031277 iters=8 flag=0 xnorm2=5.5003852082409646
rep1 head wide n=60 reps=15 median_s=0.001917 min_s=0.001905 iters=7 flag=0 xnorm2=1.3750963021836506
rep1 head wide n=120 reps=15 median_s=0.006516 min_s=0.006183 iters=7 flag=0 xnorm2=2.7501926043856093
rep1 head wide n=240 reps=15 median_s=0.030704 min_s=0.030152 iters=8 flag=0 xnorm2=5.5003852082409646
rep2 base wide n=60 reps=15 median_s=0.001990 min_s=0.001977 iters=7 flag=0 xnorm2=1.3750963021836506
rep2 base wide n=120 reps=15 median_s=0.006797 min_s=0.006447 iters=7 flag=0 xnorm2=2.7501926043856093
rep2 base wide n=240 reps=15 median_s=0.031741 min_s=0.031266 iters=8 flag=0 xnorm2=5.5003852082409646
rep2 head wide n=60 reps=15 median_s=0.001922 min_s=0.001891 iters=7 flag=0 xnorm2=1.3750963021836506
rep2 head wide n=120 reps=15 median_s=0.006515 min_s=0.006169 iters=7 flag=0 xnorm2=2.7501926043856093
rep2 head wide n=240 reps=15 median_s=0.030702 min_s=0.030200 iters=8 flag=0 xnorm2=5.5003852082409646
rep3 base wide n=60 reps=15 median_s=0.001984 min_s=0.001973 iters=7 flag=0 xnorm2=1.3750963021836506
rep3 base wide n=120 reps=15 median_s=0.006782 min_s=0.006456 iters=7 flag=0 xnorm2=2.7501926043856093
rep3 base wide n=240 reps=15 median_s=0.031607 min_s=0.031253 iters=8 flag=0 xnorm2=5.5003852082409646
rep3 head wide n=60 reps=15 median_s=0.001927 min_s=0.001898 iters=7 flag=0 xnorm2=1.3750963021836506
rep3 head wide n=120 reps=15 median_s=0.006526 min_s=0.006177 iters=7 flag=0 xnorm2=2.7501926043856093
rep3 head wide n=240 reps=15 median_s=0.030719 min_s=0.030237 iters=8 flag=0 xnorm2=5.5003852082409646
rep4 base wide n=60 reps=15 median_s=0.002000 min_s=0.001973 iters=7 flag=0 xnorm2=1.3750963021836506
rep4 base wide n=120 reps=15 median_s=0.006783 min_s=0.006449 iters=7 flag=0 xnorm2=2.7501926043856093
rep4 base wide n=240 reps=15 median_s=0.031728 min_s=0.031289 iters=8 flag=0 xnorm2=5.5003852082409646
rep4 head wide n=60 reps=15 median_s=0.001920 min_s=0.001903 iters=7 flag=0 xnorm2=1.3750963021836506
rep4 head wide n=120 reps=15 median_s=0.006533 min_s=0.006282 iters=7 flag=0 xnorm2=2.7501926043856093
rep4 head wide n=240 reps=15 median_s=0.030732 min_s=0.030196 iters=8 flag=0 xnorm2=5.5003852082409646
rep5 base wide n=60 reps=15 median_s=0.002001 min_s=0.001973 iters=7 flag=0 xnorm2=1.3750963021836506
rep5 base wide n=120 reps=15 median_s=0.006764 min_s=0.006435 iters=7 flag=0 xnorm2=2.7501926043856093
rep5 base wide n=240 reps=15 median_s=0.031796 min_s=0.031237 iters=8 flag=0 xnorm2=5.5003852082409646
rep5 head wide n=60 reps=15 median_s=0.001920 min_s=0.001896 iters=7 flag=0 xnorm2=1.3750963021836506
rep5 head wide n=120 reps=15 median_s=0.006546 min_s=0.006153 iters=7 flag=0 xnorm2=2.7501926043856093
rep5 head wide n=240 reps=15 median_s=0.030705 min_s=0.030269 iters=8 flag=0 xnorm2=5.5003852082409646
rep6 base wide n=60 reps=15 median_s=0.001997 min_s=0.001976 iters=7 flag=0 xnorm2=1.3750963021836506
rep6 base wide n=120 reps=15 median_s=0.006772 min_s=0.006473 iters=7 flag=0 xnorm2=2.7501926043856093
rep6 base wide n=240 reps=15 median_s=0.031766 min_s=0.031245 iters=8 flag=0 xnorm2=5.5003852082409646
rep6 head wide n=60 reps=15 median_s=0.001913 min_s=0.001896 iters=7 flag=0 xnorm2=1.3750963021836506
rep6 head wide n=120 reps=15 median_s=0.006490 min_s=0.006174 iters=7 flag=0 xnorm2=2.7501926043856093
rep6 head wide n=240 reps=15 median_s=0.030638 min_s=0.030448 iters=8 flag=0 xnorm2=5.5003852082409646
rep7 base wide n=60 reps=15 median_s=0.001997 min_s=0.001973 iters=7 flag=0 xnorm2=1.3750963021836506
rep7 base wide n=120 reps=15 median_s=0.006833 min_s=0.006663 iters=7 flag=0 xnorm2=2.7501926043856093
rep7 base wide n=240 reps=15 median_s=0.031633 min_s=0.031360 iters=8 flag=0 xnorm2=5.5003852082409646
rep7 head wide n=60 reps=15 median_s=0.001918 min_s=0.001909 iters=7 flag=0 xnorm2=1.3750963021836506
rep7 head wide n=120 reps=15 median_s=0.006513 min_s=0.006157 iters=7 flag=0 xnorm2=2.7501926043856093
rep7 head wide n=240 reps=15 median_s=0.030618 min_s=0.030362 iters=8 flag=0 xnorm2=5.5003852082409646
rep8 base wide n=60 reps=15 median_s=0.002004 min_s=0.001977 iters=7 flag=0 xnorm2=1.3750963021836506
rep8 base wide n=120 reps=15 median_s=0.006788 min_s=0.006513 iters=7 flag=0 xnorm2=2.7501926043856093
rep8 base wide n=240 reps=15 median_s=0.031834 min_s=0.031377 iters=8 flag=0 xnorm2=5.5003852082409646
rep8 head wide n=60 reps=15 median_s=0.001925 min_s=0.001899 iters=7 flag=0 xnorm2=1.3750963021836506
rep8 head wide n=120 reps=15 median_s=0.006519 min_s=0.006170 iters=7 flag=0 xnorm2=2.7501926043856093
rep8 head wide n=240 reps=15 median_s=0.030611 min_s=0.030432 iters=8 flag=0 xnorm2=5.5003852082409646
rep9 base wide n=60 reps=15 median_s=0.001996 min_s=0.001977 iters=7 flag=0 xnorm2=1.3750963021836506
rep9 base wide n=120 reps=15 median_s=0.006805 min_s=0.006444 iters=7 flag=0 xnorm2=2.7501926043856093
rep9 base wide n=240 reps=15 median_s=0.031752 min_s=0.031361 iters=8 flag=0 xnorm2=5.5003852082409646
rep9 head wide n=60 reps=15 median_s=0.001917 min_s=0.001903 iters=7 flag=0 xnorm2=1.3750963021836506
rep9 head wide n=120 reps=15 median_s=0.006598 min_s=0.006165 iters=7 flag=0 xnorm2=2.7501926043856093
rep9 head wide n=240 reps=15 median_s=0.030955 min_s=0.030290 iters=8 flag=0 xnorm2=5.5003852082409646
=== arm: threaded
rep1 base wide n=60 reps=15 median_s=0.001869 min_s=0.001840 iters=7 flag=0 xnorm2=1.3750963021836506
rep1 base wide n=120 reps=15 median_s=0.006593 min_s=0.006228 iters=7 flag=0 xnorm2=2.7501926043856093
rep1 base wide n=240 reps=15 median_s=0.029749 min_s=0.029380 iters=8 flag=0 xnorm2=5.5003852082409646
rep1 head wide n=60 reps=15 median_s=0.001793 min_s=0.001769 iters=7 flag=0 xnorm2=1.3750963021836506
rep1 head wide n=120 reps=15 median_s=0.006309 min_s=0.005981 iters=7 flag=0 xnorm2=2.7501926043856093
rep1 head wide n=240 reps=15 median_s=0.028529 min_s=0.028193 iters=8 flag=0 xnorm2=5.5003852082409646
rep2 base wide n=60 reps=15 median_s=0.001875 min_s=0.001854 iters=7 flag=0 xnorm2=1.3750963021836506
rep2 base wide n=120 reps=15 median_s=0.006571 min_s=0.006235 iters=7 flag=0 xnorm2=2.7501926043856093
rep2 base wide n=240 reps=15 median_s=0.029714 min_s=0.029311 iters=8 flag=0 xnorm2=5.5003852082409646
rep2 head wide n=60 reps=15 median_s=0.001827 min_s=0.001801 iters=7 flag=0 xnorm2=1.3750963021836506
rep2 head wide n=120 reps=15 median_s=0.006465 min_s=0.006034 iters=7 flag=0 xnorm2=2.7501926043856093
rep2 head wide n=240 reps=15 median_s=0.028770 min_s=0.028210 iters=8 flag=0 xnorm2=5.5003852082409646
rep3 base wide n=60 reps=15 median_s=0.001881 min_s=0.001843 iters=7 flag=0 xnorm2=1.3750963021836506
rep3 base wide n=120 reps=15 median_s=0.006598 min_s=0.006257 iters=7 flag=0 xnorm2=2.7501926043856093
rep3 base wide n=240 reps=15 median_s=0.029744 min_s=0.029295 iters=8 flag=0 xnorm2=5.5003852082409646
rep3 head wide n=60 reps=15 median_s=0.001812 min_s=0.001776 iters=7 flag=0 xnorm2=1.3750963021836506
rep3 head wide n=120 reps=15 median_s=0.006362 min_s=0.005988 iters=7 flag=0 xnorm2=2.7501926043856093
rep3 head wide n=240 reps=15 median_s=0.028776 min_s=0.028286 iters=8 flag=0 xnorm2=5.5003852082409646
rep4 base wide n=60 reps=15 median_s=0.001874 min_s=0.001856 iters=7 flag=0 xnorm2=1.3750963021836506
rep4 base wide n=120 reps=15 median_s=0.006604 min_s=0.006300 iters=7 flag=0 xnorm2=2.7501926043856093
rep4 base wide n=240 reps=15 median_s=0.029684 min_s=0.029345 iters=8 flag=0 xnorm2=5.5003852082409646
rep4 head wide n=60 reps=15 median_s=0.001798 min_s=0.001772 iters=7 flag=0 xnorm2=1.3750963021836506
rep4 head wide n=120 reps=15 median_s=0.006343 min_s=0.006010 iters=7 flag=0 xnorm2=2.7501926043856093
rep4 head wide n=240 reps=15 median_s=0.029023 min_s=0.028375 iters=8 flag=0 xnorm2=5.5003852082409646
rep5 base wide n=60 reps=15 median_s=0.001885 min_s=0.001858 iters=7 flag=0 xnorm2=1.3750963021836506
rep5 base wide n=120 reps=15 median_s=0.006628 min_s=0.006259 iters=7 flag=0 xnorm2=2.7501926043856093
rep5 base wide n=240 reps=15 median_s=0.029884 min_s=0.029520 iters=8 flag=0 xnorm2=5.5003852082409646
rep5 head wide n=60 reps=15 median_s=0.001789 min_s=0.001764 iters=7 flag=0 xnorm2=1.3750963021836506
rep5 head wide n=120 reps=15 median_s=0.006284 min_s=0.005979 iters=7 flag=0 xnorm2=2.7501926043856093
rep5 head wide n=240 reps=15 median_s=0.028774 min_s=0.028376 iters=8 flag=0 xnorm2=5.5003852082409646
rep6 base wide n=60 reps=15 median_s=0.001858 min_s=0.001841 iters=7 flag=0 xnorm2=1.3750963021836506
rep6 base wide n=120 reps=15 median_s=0.006569 min_s=0.006218 iters=7 flag=0 xnorm2=2.7501926043856093
rep6 base wide n=240 reps=15 median_s=0.029883 min_s=0.029193 iters=8 flag=0 xnorm2=5.5003852082409646
rep6 head wide n=60 reps=15 median_s=0.001789 min_s=0.001762 iters=7 flag=0 xnorm2=1.3750963021836506
rep6 head wide n=120 reps=15 median_s=0.006294 min_s=0.005973 iters=7 flag=0 xnorm2=2.7501926043856093
rep6 head wide n=240 reps=15 median_s=0.028526 min_s=0.028121 iters=8 flag=0 xnorm2=5.5003852082409646
rep7 base wide n=60 reps=15 median_s=0.001857 min_s=0.001833 iters=7 flag=0 xnorm2=1.3750963021836506
rep7 base wide n=120 reps=15 median_s=0.006551 min_s=0.006208 iters=7 flag=0 xnorm2=2.7501926043856093
rep7 base wide n=240 reps=15 median_s=0.029556 min_s=0.029215 iters=8 flag=0 xnorm2=5.5003852082409646
rep7 head wide n=60 reps=15 median_s=0.001788 min_s=0.001772 iters=7 flag=0 xnorm2=1.3750963021836506
rep7 head wide n=120 reps=15 median_s=0.006347 min_s=0.006079 iters=7 flag=0 xnorm2=2.7501926043856093
rep7 head wide n=240 reps=15 median_s=0.028562 min_s=0.028219 iters=8 flag=0 xnorm2=5.5003852082409646
rep8 base wide n=60 reps=15 median_s=0.001865 min_s=0.001843 iters=7 flag=0 xnorm2=1.3750963021836506
rep8 base wide n=120 reps=15 median_s=0.006529 min_s=0.006214 iters=7 flag=0 xnorm2=2.7501926043856093
rep8 base wide n=240 reps=15 median_s=0.029478 min_s=0.029185 iters=8 flag=0 xnorm2=5.5003852082409646
rep8 head wide n=60 reps=15 median_s=0.001794 min_s=0.001774 iters=7 flag=0 xnorm2=1.3750963021836506
rep8 head wide n=120 reps=15 median_s=0.006369 min_s=0.005941 iters=7 flag=0 xnorm2=2.7501926043856093
rep8 head wide n=240 reps=15 median_s=0.028501 min_s=0.028171 iters=8 flag=0 xnorm2=5.5003852082409646
rep9 base wide n=60 reps=15 median_s=0.001870 min_s=0.001849 iters=7 flag=0 xnorm2=1.3750963021836506
rep9 base wide n=120 reps=15 median_s=0.006659 min_s=0.006214 iters=7 flag=0 xnorm2=2.7501926043856093
rep9 base wide n=240 reps=15 median_s=0.029698 min_s=0.029338 iters=8 flag=0 xnorm2=5.5003852082409646
rep9 head wide n=60 reps=15 median_s=0.001790 min_s=0.001773 iters=7 flag=0 xnorm2=1.3750963021836506
rep9 head wide n=120 reps=15 median_s=0.008305 min_s=0.006221 iters=7 flag=0 xnorm2=2.7501926043856093
rep9 head wide n=240 reps=15 median_s=0.028849 min_s=0.028184 iters=8 flag=0 xnorm2=5.5003852082409646
