# leg: ipm wall leg
# date: 2026-08-24T20:01:10-04:00   host: Linux 7.1.9-200.fc44.x86_64
# probe source: /home/ghecht/Projects/tycho/dep/hven/docs/notes/data/m4-ipm-wall-leg/ipm_time.cpp  sha256=9927f6852ad464604111cfb7d2a93ecea64acce8803ee2fe4591d13e3ea010c3
# binary base: /home/ghecht/Projects/tycho/dep/hven/docs/notes/data/m4-ipm-wall-leg/ipm_base  sha256=0629acd5f5fe9eaf02a8ea052a1c75aefc8974676db3e12a24ae98af07d2c11e  mtime=2026-08-24T19:58:53-04:00
# binary head: /home/ghecht/Projects/tycho/dep/hven/docs/notes/data/m4-ipm-wall-leg/ipm_head  sha256=2cfadcb4fa2a830bed962fb8d435ee0b6c8aa05414bb6ec581c37ee35a73859f  mtime=2026-08-24T19:58:58-04:00
# reps=9 inner=15  loadavg=0.56 2.34 2.72
=== arm: serial
rep1 base wide n=60 reps=15 median_s=0.001998 min_s=0.001978 iters=7 flag=0 xnorm2=1.3750963021836506
rep1 base wide n=120 reps=15 median_s=0.006798 min_s=0.006481 iters=7 flag=0 xnorm2=2.7501926043856093
rep1 base wide n=240 reps=15 median_s=0.031584 min_s=0.031220 iters=8 flag=0 xnorm2=5.5003852082409646
rep1 head wide n=60 reps=15 median_s=0.001971 min_s=0.001907 iters=7 flag=0 xnorm2=1.3750963021836506
rep1 head wide n=120 reps=15 median_s=0.006526 min_s=0.006247 iters=7 flag=0 xnorm2=2.7501926043856093
rep1 head wide n=240 reps=15 median_s=0.030335 min_s=0.030026 iters=8 flag=0 xnorm2=5.5003852082409646
rep2 base wide n=60 reps=15 median_s=0.001987 min_s=0.001973 iters=7 flag=0 xnorm2=1.3750963021836506
rep2 base wide n=120 reps=15 median_s=0.006783 min_s=0.006437 iters=7 flag=0 xnorm2=2.7501926043856093
rep2 base wide n=240 reps=15 median_s=0.031694 min_s=0.031420 iters=8 flag=0 xnorm2=5.5003852082409646
rep2 head wide n=60 reps=15 median_s=0.001920 min_s=0.001889 iters=7 flag=0 xnorm2=1.3750963021836506
rep2 head wide n=120 reps=15 median_s=0.006492 min_s=0.006164 iters=7 flag=0 xnorm2=2.7501926043856093
rep2 head wide n=240 reps=15 median_s=0.030594 min_s=0.030130 iters=8 flag=0 xnorm2=5.5003852082409646
rep3 base wide n=60 reps=15 median_s=0.002005 min_s=0.001980 iters=7 flag=0 xnorm2=1.3750963021836506
rep3 base wide n=120 reps=15 median_s=0.006766 min_s=0.006451 iters=7 flag=0 xnorm2=2.7501926043856093
rep3 base wide n=240 reps=15 median_s=0.031869 min_s=0.031417 iters=8 flag=0 xnorm2=5.5003852082409646
rep3 head wide n=60 reps=15 median_s=0.001915 min_s=0.001894 iters=7 flag=0 xnorm2=1.3750963021836506
rep3 head wide n=120 reps=15 median_s=0.006499 min_s=0.006131 iters=7 flag=0 xnorm2=2.7501926043856093
rep3 head wide n=240 reps=15 median_s=0.030284 min_s=0.030121 iters=8 flag=0 xnorm2=5.5003852082409646
rep4 base wide n=60 reps=15 median_s=0.002001 min_s=0.001986 iters=7 flag=0 xnorm2=1.3750963021836506
rep4 base wide n=120 reps=15 median_s=0.006797 min_s=0.006481 iters=7 flag=0 xnorm2=2.7501926043856093
rep4 base wide n=240 reps=15 median_s=0.031307 min_s=0.031256 iters=8 flag=0 xnorm2=5.5003852082409646
rep4 head wide n=60 reps=15 median_s=0.001927 min_s=0.001906 iters=7 flag=0 xnorm2=1.3750963021836506
rep4 head wide n=120 reps=15 median_s=0.006520 min_s=0.006156 iters=7 flag=0 xnorm2=2.7501926043856093
rep4 head wide n=240 reps=15 median_s=0.030372 min_s=0.030079 iters=8 flag=0 xnorm2=5.5003852082409646
rep5 base wide n=60 reps=15 median_s=0.001985 min_s=0.001974 iters=7 flag=0 xnorm2=1.3750963021836506
rep5 base wide n=120 reps=15 median_s=0.006804 min_s=0.006587 iters=7 flag=0 xnorm2=2.7501926043856093
rep5 base wide n=240 reps=15 median_s=0.031736 min_s=0.031500 iters=8 flag=0 xnorm2=5.5003852082409646
rep5 head wide n=60 reps=15 median_s=0.001911 min_s=0.001900 iters=7 flag=0 xnorm2=1.3750963021836506
rep5 head wide n=120 reps=15 median_s=0.006514 min_s=0.006147 iters=7 flag=0 xnorm2=2.7501926043856093
rep5 head wide n=240 reps=15 median_s=0.030353 min_s=0.029996 iters=8 flag=0 xnorm2=5.5003852082409646
rep6 base wide n=60 reps=15 median_s=0.001986 min_s=0.001966 iters=7 flag=0 xnorm2=1.3750963021836506
rep6 base wide n=120 reps=15 median_s=0.006792 min_s=0.006423 iters=7 flag=0 xnorm2=2.7501926043856093
rep6 base wide n=240 reps=15 median_s=0.031623 min_s=0.031286 iters=8 flag=0 xnorm2=5.5003852082409646
rep6 head wide n=60 reps=15 median_s=0.001916 min_s=0.001901 iters=7 flag=0 xnorm2=1.3750963021836506
rep6 head wide n=120 reps=15 median_s=0.006463 min_s=0.006131 iters=7 flag=0 xnorm2=2.7501926043856093
rep6 head wide n=240 reps=15 median_s=0.030311 min_s=0.030094 iters=8 flag=0 xnorm2=5.5003852082409646
rep7 base wide n=60 reps=15 median_s=0.001993 min_s=0.001981 iters=7 flag=0 xnorm2=1.3750963021836506
rep7 base wide n=120 reps=15 median_s=0.006813 min_s=0.006460 iters=7 flag=0 xnorm2=2.7501926043856093
rep7 base wide n=240 reps=15 median_s=0.031784 min_s=0.031239 iters=8 flag=0 xnorm2=5.5003852082409646
rep7 head wide n=60 reps=15 median_s=0.001913 min_s=0.001896 iters=7 flag=0 xnorm2=1.3750963021836506
rep7 head wide n=120 reps=15 median_s=0.006474 min_s=0.006157 iters=7 flag=0 xnorm2=2.7501926043856093
rep7 head wide n=240 reps=15 median_s=0.030300 min_s=0.029978 iters=8 flag=0 xnorm2=5.5003852082409646
rep8 base wide n=60 reps=15 median_s=0.001996 min_s=0.001975 iters=7 flag=0 xnorm2=1.3750963021836506
rep8 base wide n=120 reps=15 median_s=0.006773 min_s=0.006474 iters=7 flag=0 xnorm2=2.7501926043856093
rep8 base wide n=240 reps=15 median_s=0.031902 min_s=0.031400 iters=8 flag=0 xnorm2=5.5003852082409646
rep8 head wide n=60 reps=15 median_s=0.001913 min_s=0.001896 iters=7 flag=0 xnorm2=1.3750963021836506
rep8 head wide n=120 reps=15 median_s=0.006488 min_s=0.006133 iters=7 flag=0 xnorm2=2.7501926043856093
rep8 head wide n=240 reps=15 median_s=0.030401 min_s=0.029988 iters=8 flag=0 xnorm2=5.5003852082409646
rep9 base wide n=60 reps=15 median_s=0.001990 min_s=0.001964 iters=7 flag=0 xnorm2=1.3750963021836506
rep9 base wide n=120 reps=15 median_s=0.006818 min_s=0.006479 iters=7 flag=0 xnorm2=2.7501926043856093
rep9 base wide n=240 reps=15 median_s=0.031659 min_s=0.031215 iters=8 flag=0 xnorm2=5.5003852082409646
rep9 head wide n=60 reps=15 median_s=0.001919 min_s=0.001904 iters=7 flag=0 xnorm2=1.3750963021836506
rep9 head wide n=120 reps=15 median_s=0.006467 min_s=0.006248 iters=7 flag=0 xnorm2=2.7501926043856093
rep9 head wide n=240 reps=15 median_s=0.030523 min_s=0.030065 iters=8 flag=0 xnorm2=5.5003852082409646
=== arm: threaded
rep1 base wide n=60 reps=15 median_s=0.001869 min_s=0.001844 iters=7 flag=0 xnorm2=1.3750963021836506
rep1 base wide n=120 reps=15 median_s=0.006541 min_s=0.006207 iters=7 flag=0 xnorm2=2.7501926043856093
rep1 base wide n=240 reps=15 median_s=0.029694 min_s=0.029243 iters=8 flag=0 xnorm2=5.5003852082409646
rep1 head wide n=60 reps=15 median_s=0.001797 min_s=0.001770 iters=7 flag=0 xnorm2=1.3750963021836506
rep1 head wide n=120 reps=15 median_s=0.006237 min_s=0.005903 iters=7 flag=0 xnorm2=2.7501926043856093
rep1 head wide n=240 reps=15 median_s=0.028724 min_s=0.028056 iters=8 flag=0 xnorm2=5.5003852082409646
rep2 base wide n=60 reps=15 median_s=0.001874 min_s=0.001851 iters=7 flag=0 xnorm2=1.3750963021836506
rep2 base wide n=120 reps=15 median_s=0.006581 min_s=0.006232 iters=7 flag=0 xnorm2=2.7501926043856093
rep2 base wide n=240 reps=15 median_s=0.029639 min_s=0.029353 iters=8 flag=0 xnorm2=5.5003852082409646
rep2 head wide n=60 reps=15 median_s=0.001796 min_s=0.001780 iters=7 flag=0 xnorm2=1.3750963021836506
rep2 head wide n=120 reps=15 median_s=0.006277 min_s=0.005918 iters=7 flag=0 xnorm2=2.7501926043856093
rep2 head wide n=240 reps=15 median_s=0.028255 min_s=0.028101 iters=8 flag=0 xnorm2=5.5003852082409646
rep3 base wide n=60 reps=15 median_s=0.001926 min_s=0.001845 iters=7 flag=0 xnorm2=1.3750963021836506
rep3 base wide n=120 reps=15 median_s=0.006541 min_s=0.006272 iters=7 flag=0 xnorm2=2.7501926043856093
rep3 base wide n=240 reps=15 median_s=0.029554 min_s=0.029299 iters=8 flag=0 xnorm2=5.5003852082409646
rep3 head wide n=60 reps=15 median_s=0.001784 min_s=0.001766 iters=7 flag=0 xnorm2=1.3750963021836506
rep3 head wide n=120 reps=15 median_s=0.006247 min_s=0.005915 iters=7 flag=0 xnorm2=2.7501926043856093
rep3 head wide n=240 reps=15 median_s=0.028131 min_s=0.028026 iters=8 flag=0 xnorm2=5.5003852082409646
rep4 base wide n=60 reps=15 median_s=0.001862 min_s=0.001846 iters=7 flag=0 xnorm2=1.3750963021836506
rep4 base wide n=120 reps=15 median_s=0.006568 min_s=0.006217 iters=7 flag=0 xnorm2=2.7501926043856093
rep4 base wide n=240 reps=15 median_s=0.029749 min_s=0.029244 iters=8 flag=0 xnorm2=5.5003852082409646
rep4 head wide n=60 reps=15 median_s=0.001795 min_s=0.001769 iters=7 flag=0 xnorm2=1.3750963021836506
rep4 head wide n=120 reps=15 median_s=0.006284 min_s=0.005949 iters=7 flag=0 xnorm2=2.7501926043856093
rep4 head wide n=240 reps=15 median_s=0.028675 min_s=0.028084 iters=8 flag=0 xnorm2=5.5003852082409646
rep5 base wide n=60 reps=15 median_s=0.001871 min_s=0.001847 iters=7 flag=0 xnorm2=1.3750963021836506
rep5 base wide n=120 reps=15 median_s=0.006587 min_s=0.006246 iters=7 flag=0 xnorm2=2.7501926043856093
rep5 base wide n=240 reps=15 median_s=0.029618 min_s=0.029233 iters=8 flag=0 xnorm2=5.5003852082409646
rep5 head wide n=60 reps=15 median_s=0.001794 min_s=0.001767 iters=7 flag=0 xnorm2=1.3750963021836506
rep5 head wide n=120 reps=15 median_s=0.006229 min_s=0.005969 iters=7 flag=0 xnorm2=2.7501926043856093
rep5 head wide n=240 reps=15 median_s=0.028055 min_s=0.028005 iters=8 flag=0 xnorm2=5.5003852082409646
rep6 base wide n=60 reps=15 median_s=0.001864 min_s=0.001848 iters=7 flag=0 xnorm2=1.3750963021836506
rep6 base wide n=120 reps=15 median_s=0.006562 min_s=0.006250 iters=7 flag=0 xnorm2=2.7501926043856093
rep6 base wide n=240 reps=15 median_s=0.029529 min_s=0.029225 iters=8 flag=0 xnorm2=5.5003852082409646
rep6 head wide n=60 reps=15 median_s=0.001791 min_s=0.001765 iters=7 flag=0 xnorm2=1.3750963021836506
rep6 head wide n=120 reps=15 median_s=0.006248 min_s=0.005904 iters=7 flag=0 xnorm2=2.7501926043856093
rep6 head wide n=240 reps=15 median_s=0.028348 min_s=0.028056 iters=8 flag=0 xnorm2=5.5003852082409646
rep7 base wide n=60 reps=15 median_s=0.001866 min_s=0.001851 iters=7 flag=0 xnorm2=1.3750963021836506
rep7 base wide n=120 reps=15 median_s=0.006565 min_s=0.006264 iters=7 flag=0 xnorm2=2.7501926043856093
rep7 base wide n=240 reps=15 median_s=0.029593 min_s=0.029318 iters=8 flag=0 xnorm2=5.5003852082409646
rep7 head wide n=60 reps=15 median_s=0.002444 min_s=0.002429 iters=7 flag=0 xnorm2=1.3750963021836506
rep7 head wide n=120 reps=15 median_s=0.006255 min_s=0.005932 iters=7 flag=0 xnorm2=2.7501926043856093
rep7 head wide n=240 reps=15 median_s=0.028168 min_s=0.028043 iters=8 flag=0 xnorm2=5.5003852082409646
rep8 base wide n=60 reps=15 median_s=0.001879 min_s=0.001856 iters=7 flag=0 xnorm2=1.3750963021836506
rep8 base wide n=120 reps=15 median_s=0.006551 min_s=0.006209 iters=7 flag=0 xnorm2=2.7501926043856093
rep8 base wide n=240 reps=15 median_s=0.029515 min_s=0.029280 iters=8 flag=0 xnorm2=5.5003852082409646
rep8 head wide n=60 reps=15 median_s=0.001791 min_s=0.001768 iters=7 flag=0 xnorm2=1.3750963021836506
rep8 head wide n=120 reps=15 median_s=0.006223 min_s=0.005921 iters=7 flag=0 xnorm2=2.7501926043856093
rep8 head wide n=240 reps=15 median_s=0.028778 min_s=0.028419 iters=8 flag=0 xnorm2=5.5003852082409646
rep9 base wide n=60 reps=15 median_s=0.001875 min_s=0.001847 iters=7 flag=0 xnorm2=1.3750963021836506
rep9 base wide n=120 reps=15 median_s=0.006612 min_s=0.006215 iters=7 flag=0 xnorm2=2.7501926043856093
rep9 base wide n=240 reps=15 median_s=0.029876 min_s=0.029218 iters=8 flag=0 xnorm2=5.5003852082409646
rep9 head wide n=60 reps=15 median_s=0.001786 min_s=0.001772 iters=7 flag=0 xnorm2=1.3750963021836506
rep9 head wide n=120 reps=15 median_s=0.006246 min_s=0.006028 iters=7 flag=0 xnorm2=2.7501926043856093
rep9 head wide n=240 reps=15 median_s=0.028336 min_s=0.028036 iters=8 flag=0 xnorm2=5.5003852082409646
