=== arm: serial
rep1 base construct n=64 reps=10 median_s=0.000047 min_s=0.000047 key=13705983202458411805 claims=1408
rep1 base transcribe n=64 reps=10 median_s=0.000042 min_s=0.000041 key=13705983202458411805 claims=1408
rep1 base transcribe+key n=64 reps=10 median_s=0.000042 min_s=0.000041 key=13705983202458411805 claims=1408
rep1 base analyze n=64 reps=10 median_s=0.000021 min_s=0.000020 key=13705983202458411805 claims=1408
rep1 base solve n=64 reps=10 median_s=0.001282 min_s=0.001260 obj=2.6116646135036052e-12 iters=10 flag=0
rep1 base solve1 n=64 reps=10 median_s=0.001155 min_s=0.001132 obj=2.6116646135036052e-12 iters=10 flag=0
rep1 base construct n=256 reps=10 median_s=0.000183 min_s=0.000182 key=1033593541037988765 claims=5632
rep1 base transcribe n=256 reps=10 median_s=0.000169 min_s=0.000169 key=1033593541037988765 claims=5632
rep1 base transcribe+key n=256 reps=10 median_s=0.000169 min_s=0.000169 key=1033593541037988765 claims=5632
rep1 base analyze n=256 reps=10 median_s=0.000171 min_s=0.000147 key=1033593541037988765 claims=5632
rep1 base solve n=256 reps=10 median_s=1.140840 min_s=1.070974 obj=2.9181874617255473e-14 iters=14 flag=0
rep1 base solve1 n=256 reps=10 median_s=0.005886 min_s=0.005864 obj=2.917519665545426e-14 iters=14 flag=0
rep1 base construct n=1024 reps=10 median_s=0.000753 min_s=0.000741 key=3803498179268908311 claims=22528
rep1 base transcribe n=1024 reps=10 median_s=0.000658 min_s=0.000650 key=3803498179268908311 claims=22528
rep1 base transcribe+key n=1024 reps=10 median_s=0.000657 min_s=0.000650 key=3803498179268908311 claims=22528
rep1 base analyze n=1024 reps=10 median_s=0.000387 min_s=0.000374 key=3803498179268908311 claims=22528
rep1 base solve n=1024 reps=10 median_s=1.644509 min_s=1.569604 obj=5.3969228534617999e-11 iters=17 flag=0
rep1 base solve1 n=1024 reps=10 median_s=0.029815 min_s=0.029520 obj=5.3947172532226082e-11 iters=17 flag=0
rep1 head construct n=64 reps=10 median_s=0.000018 min_s=0.000018 key=13705983202458411805 claims=1408
rep1 head transcribe n=64 reps=10 median_s=0.000013 min_s=0.000013 key=13705983202458411805 claims=1408
rep1 head transcribe+key n=64 reps=10 median_s=0.000021 min_s=0.000021 key=13705983202458411805 claims=1408
rep1 head analyze n=64 reps=10 median_s=0.000020 min_s=0.000020 key=13705983202458411805 claims=1408
rep1 head solve n=64 reps=10 median_s=0.001154 min_s=0.001138 obj=2.6116646135036052e-12 iters=10 flag=0
rep1 head solve1 n=64 reps=10 median_s=0.001021 min_s=0.001016 obj=2.6116646135036052e-12 iters=10 flag=0
rep1 head construct n=256 reps=10 median_s=0.000068 min_s=0.000067 key=1033593541037988765 claims=5632
rep1 head transcribe n=256 reps=10 median_s=0.000056 min_s=0.000054 key=1033593541037988765 claims=5632
rep1 head transcribe+key n=256 reps=10 median_s=0.000086 min_s=0.000085 key=1033593541037988765 claims=5632
rep1 head analyze n=256 reps=10 median_s=0.000160 min_s=0.000142 key=1033593541037988765 claims=5632
rep1 head solve n=256 reps=10 median_s=1.187859 min_s=1.040424 obj=2.9181874617255473e-14 iters=14 flag=0
rep1 head solve1 n=256 reps=10 median_s=0.005273 min_s=0.005261 obj=2.917519665545426e-14 iters=14 flag=0
rep1 head construct n=1024 reps=10 median_s=0.000251 min_s=0.000244 key=3803498179268908311 claims=22528
rep1 head transcribe n=1024 reps=10 median_s=0.000195 min_s=0.000192 key=3803498179268908311 claims=22528
rep1 head transcribe+key n=1024 reps=10 median_s=0.000315 min_s=0.000313 key=3803498179268908311 claims=22528
rep1 head analyze n=1024 reps=10 median_s=0.000387 min_s=0.000369 key=3803498179268908311 claims=22528
rep1 head solve n=1024 reps=10 median_s=1.715573 min_s=1.665602 obj=5.3961642603347185e-11 iters=17 flag=0
rep1 head solve1 n=1024 reps=10 median_s=0.026873 min_s=0.026671 obj=5.3947172532226082e-11 iters=17 flag=0
rep2 base construct n=64 reps=10 median_s=0.000047 min_s=0.000047 key=13705983202458411805 claims=1408
rep2 base transcribe n=64 reps=10 median_s=0.000042 min_s=0.000042 key=13705983202458411805 claims=1408
rep2 base transcribe+key n=64 reps=10 median_s=0.000042 min_s=0.000041 key=13705983202458411805 claims=1408
rep2 base analyze n=64 reps=10 median_s=0.000021 min_s=0.000019 key=13705983202458411805 claims=1408
rep2 base solve n=64 reps=10 median_s=0.001283 min_s=0.001267 obj=2.6116646135036052e-12 iters=10 flag=0
rep2 base solve1 n=64 reps=10 median_s=0.001163 min_s=0.001145 obj=2.6116646135036052e-12 iters=10 flag=0
rep2 base construct n=256 reps=10 median_s=0.000183 min_s=0.000182 key=1033593541037988765 claims=5632
rep2 base transcribe n=256 reps=10 median_s=0.000170 min_s=0.000169 key=1033593541037988765 claims=5632
rep2 base transcribe+key n=256 reps=10 median_s=0.000170 min_s=0.000169 key=1033593541037988765 claims=5632
rep2 base analyze n=256 reps=10 median_s=0.000168 min_s=0.000145 key=1033593541037988765 claims=5632
rep2 base solve n=256 reps=10 median_s=1.117158 min_s=1.058523 obj=2.9170509436142193e-14 iters=14 flag=0
rep2 base solve1 n=256 reps=10 median_s=0.005959 min_s=0.005903 obj=2.917519665545426e-14 iters=14 flag=0
rep2 base construct n=1024 reps=10 median_s=0.000723 min_s=0.000702 key=3803498179268908311 claims=22528
rep2 base transcribe n=1024 reps=10 median_s=0.000653 min_s=0.000649 key=3803498179268908311 claims=22528
rep2 base transcribe+key n=1024 reps=10 median_s=0.000656 min_s=0.000649 key=3803498179268908311 claims=22528
rep2 base analyze n=1024 reps=10 median_s=0.000396 min_s=0.000368 key=3803498179268908311 claims=22528
rep2 base solve n=1024 reps=10 median_s=1.673105 min_s=1.622075 obj=5.396485768217662e-11 iters=17 flag=0
rep2 base solve1 n=1024 reps=10 median_s=0.029800 min_s=0.029404 obj=5.3947172532226082e-11 iters=17 flag=0
rep2 head construct n=64 reps=10 median_s=0.000019 min_s=0.000018 key=13705983202458411805 claims=1408
rep2 head transcribe n=64 reps=10 median_s=0.000013 min_s=0.000013 key=13705983202458411805 claims=1408
rep2 head transcribe+key n=64 reps=10 median_s=0.000021 min_s=0.000021 key=13705983202458411805 claims=1408
rep2 head analyze n=64 reps=10 median_s=0.000020 min_s=0.000019 key=13705983202458411805 claims=1408
rep2 head solve n=64 reps=10 median_s=0.001157 min_s=0.001145 obj=2.6116646135036052e-12 iters=10 flag=0
rep2 head solve1 n=64 reps=10 median_s=0.001021 min_s=0.001013 obj=2.6116646135036052e-12 iters=10 flag=0
rep2 head construct n=256 reps=10 median_s=0.000071 min_s=0.000069 key=1033593541037988765 claims=5632
rep2 head transcribe n=256 reps=10 median_s=0.000055 min_s=0.000054 key=1033593541037988765 claims=5632
rep2 head transcribe+key n=256 reps=10 median_s=0.000086 min_s=0.000085 key=1033593541037988765 claims=5632
rep2 head analyze n=256 reps=10 median_s=0.000156 min_s=0.000143 key=1033593541037988765 claims=5632
rep2 head solve n=256 reps=10 median_s=1.143537 min_s=1.115360 obj=2.9175434999712429e-14 iters=14 flag=0
rep2 head solve1 n=256 reps=10 median_s=0.005328 min_s=0.005309 obj=2.917519665545426e-14 iters=14 flag=0
rep2 head construct n=1024 reps=10 median_s=0.000259 min_s=0.000254 key=3803498179268908311 claims=22528
rep2 head transcribe n=1024 reps=10 median_s=0.000197 min_s=0.000192 key=3803498179268908311 claims=22528
rep2 head transcribe+key n=1024 reps=10 median_s=0.000320 min_s=0.000314 key=3803498179268908311 claims=22528
rep2 head analyze n=1024 reps=10 median_s=0.000383 min_s=0.000366 key=3803498179268908311 claims=22528
rep2 head solve n=1024 reps=10 median_s=1.662818 min_s=1.581378 obj=5.3961116930628962e-11 iters=17 flag=0
rep2 head solve1 n=1024 reps=10 median_s=0.026897 min_s=0.026663 obj=5.3947172532226082e-11 iters=17 flag=0
rep3 base construct n=64 reps=10 median_s=0.000047 min_s=0.000047 key=13705983202458411805 claims=1408
rep3 base transcribe n=64 reps=10 median_s=0.000042 min_s=0.000042 key=13705983202458411805 claims=1408
rep3 base transcribe+key n=64 reps=10 median_s=0.000042 min_s=0.000042 key=13705983202458411805 claims=1408
rep3 base analyze n=64 reps=10 median_s=0.000023 min_s=0.000021 key=13705983202458411805 claims=1408
rep3 base solve n=64 reps=10 median_s=0.001279 min_s=0.001263 obj=2.6116646135036052e-12 iters=10 flag=0
rep3 base solve1 n=64 reps=10 median_s=0.001166 min_s=0.001136 obj=2.6116646135036052e-12 iters=10 flag=0
rep3 base construct n=256 reps=10 median_s=0.000182 min_s=0.000181 key=1033593541037988765 claims=5632
rep3 base transcribe n=256 reps=10 median_s=0.000169 min_s=0.000168 key=1033593541037988765 claims=5632
rep3 base transcribe+key n=256 reps=10 median_s=0.000170 min_s=0.000169 key=1033593541037988765 claims=5632
rep3 base analyze n=256 reps=10 median_s=0.000169 min_s=0.000142 key=1033593541037988765 claims=5632
rep3 base solve n=256 reps=10 median_s=1.126826 min_s=1.040445 obj=2.9170509436142193e-14 iters=14 flag=0
rep3 base solve1 n=256 reps=10 median_s=0.005903 min_s=0.005876 obj=2.917519665545426e-14 iters=14 flag=0
rep3 base construct n=1024 reps=10 median_s=0.000714 min_s=0.000708 key=3803498179268908311 claims=22528
rep3 base transcribe n=1024 reps=10 median_s=0.000656 min_s=0.000650 key=3803498179268908311 claims=22528
rep3 base transcribe+key n=1024 reps=10 median_s=0.000656 min_s=0.000649 key=3803498179268908311 claims=22528
rep3 base analyze n=1024 reps=10 median_s=0.000388 min_s=0.000380 key=3803498179268908311 claims=22528
rep3 base solve n=1024 reps=10 median_s=1.691694 min_s=1.639305 obj=5.3964702600719609e-11 iters=17 flag=0
rep3 base solve1 n=1024 reps=10 median_s=0.029749 min_s=0.029465 obj=5.3947172532226082e-11 iters=17 flag=0
rep3 head construct n=64 reps=10 median_s=0.000018 min_s=0.000018 key=13705983202458411805 claims=1408
rep3 head transcribe n=64 reps=10 median_s=0.000013 min_s=0.000013 key=13705983202458411805 claims=1408
rep3 head transcribe+key n=64 reps=10 median_s=0.000021 min_s=0.000021 key=13705983202458411805 claims=1408
rep3 head analyze n=64 reps=10 median_s=0.000021 min_s=0.000020 key=13705983202458411805 claims=1408
rep3 head solve n=64 reps=10 median_s=0.001152 min_s=0.001140 obj=2.6116646135036052e-12 iters=10 flag=0
rep3 head solve1 n=64 reps=10 median_s=0.001021 min_s=0.001016 obj=2.6116646135036052e-12 iters=10 flag=0
rep3 head construct n=256 reps=10 median_s=0.000069 min_s=0.000068 key=1033593541037988765 claims=5632
rep3 head transcribe n=256 reps=10 median_s=0.000056 min_s=0.000055 key=1033593541037988765 claims=5632
rep3 head transcribe+key n=256 reps=10 median_s=0.000086 min_s=0.000085 key=1033593541037988765 claims=5632
rep3 head analyze n=256 reps=10 median_s=0.000160 min_s=0.000145 key=1033593541037988765 claims=5632
rep3 head solve n=256 reps=10 median_s=1.056444 min_s=0.988822 obj=2.9174222491810309e-14 iters=14 flag=0
rep3 head solve1 n=256 reps=10 median_s=0.005285 min_s=0.005264 obj=2.917519665545426e-14 iters=14 flag=0
rep3 head construct n=1024 reps=10 median_s=0.000251 min_s=0.000245 key=3803498179268908311 claims=22528
rep3 head transcribe n=1024 reps=10 median_s=0.000195 min_s=0.000193 key=3803498179268908311 claims=22528
rep3 head transcribe+key n=1024 reps=10 median_s=0.000320 min_s=0.000316 key=3803498179268908311 claims=22528
rep3 head analyze n=1024 reps=10 median_s=0.000390 min_s=0.000379 key=3803498179268908311 claims=22528
rep3 head solve n=1024 reps=10 median_s=1.640846 min_s=1.570960 obj=5.396474745083275e-11 iters=17 flag=0
rep3 head solve1 n=1024 reps=10 median_s=0.026911 min_s=0.026665 obj=5.3947172532226082e-11 iters=17 flag=0
rep4 base construct n=64 reps=10 median_s=0.000047 min_s=0.000046 key=13705983202458411805 claims=1408
rep4 base transcribe n=64 reps=10 median_s=0.000042 min_s=0.000042 key=13705983202458411805 claims=1408
rep4 base transcribe+key n=64 reps=10 median_s=0.000042 min_s=0.000041 key=13705983202458411805 claims=1408
rep4 base analyze n=64 reps=10 median_s=0.000021 min_s=0.000020 key=13705983202458411805 claims=1408
rep4 base solve n=64 reps=10 median_s=0.001278 min_s=0.001263 obj=2.6116646135036052e-12 iters=10 flag=0
rep4 base solve1 n=64 reps=10 median_s=0.001166 min_s=0.001129 obj=2.6116646135036052e-12 iters=10 flag=0
rep4 base construct n=256 reps=10 median_s=0.000184 min_s=0.000182 key=1033593541037988765 claims=5632
rep4 base transcribe n=256 reps=10 median_s=0.000170 min_s=0.000170 key=1033593541037988765 claims=5632
rep4 base transcribe+key n=256 reps=10 median_s=0.000170 min_s=0.000170 key=1033593541037988765 claims=5632
rep4 base analyze n=256 reps=10 median_s=0.000170 min_s=0.000145 key=1033593541037988765 claims=5632
rep4 base solve n=256 reps=10 median_s=1.087379 min_s=1.009134 obj=2.9174222491810309e-14 iters=14 flag=0
rep4 base solve1 n=256 reps=10 median_s=0.005903 min_s=0.005871 obj=2.917519665545426e-14 iters=14 flag=0
rep4 base construct n=1024 reps=10 median_s=0.000767 min_s=0.000744 key=3803498179268908311 claims=22528
rep4 base transcribe n=1024 reps=10 median_s=0.000663 min_s=0.000652 key=3803498179268908311 claims=22528
rep4 base transcribe+key n=1024 reps=10 median_s=0.000660 min_s=0.000653 key=3803498179268908311 claims=22528
rep4 base analyze n=1024 reps=10 median_s=0.000390 min_s=0.000370 key=3803498179268908311 claims=22528
rep4 base solve n=1024 reps=10 median_s=1.695345 min_s=1.637838 obj=5.396334230566454e-11 iters=17 flag=0
rep4 base solve1 n=1024 reps=10 median_s=0.029921 min_s=0.029619 obj=5.3947172532226082e-11 iters=17 flag=0
rep4 head construct n=64 reps=10 median_s=0.000018 min_s=0.000018 key=13705983202458411805 claims=1408
rep4 head transcribe n=64 reps=10 median_s=0.000013 min_s=0.000013 key=13705983202458411805 claims=1408
rep4 head transcribe+key n=64 reps=10 median_s=0.000021 min_s=0.000021 key=13705983202458411805 claims=1408
rep4 head analyze n=64 reps=10 median_s=0.000021 min_s=0.000020 key=13705983202458411805 claims=1408
rep4 head solve n=64 reps=10 median_s=0.001158 min_s=0.001135 obj=2.6116646135036052e-12 iters=10 flag=0
rep4 head solve1 n=64 reps=10 median_s=0.001030 min_s=0.001020 obj=2.6116646135036052e-12 iters=10 flag=0
rep4 head construct n=256 reps=10 median_s=0.000068 min_s=0.000067 key=1033593541037988765 claims=5632
rep4 head transcribe n=256 reps=10 median_s=0.000055 min_s=0.000054 key=1033593541037988765 claims=5632
rep4 head transcribe+key n=256 reps=10 median_s=0.000085 min_s=0.000085 key=1033593541037988765 claims=5632
rep4 head analyze n=256 reps=10 median_s=0.000157 min_s=0.000145 key=1033593541037988765 claims=5632
rep4 head solve n=256 reps=10 median_s=1.107315 min_s=1.067875 obj=2.9174222491810309e-14 iters=14 flag=0
rep4 head solve1 n=256 reps=10 median_s=0.005294 min_s=0.005280 obj=2.917519665545426e-14 iters=14 flag=0
rep4 head construct n=1024 reps=10 median_s=0.000254 min_s=0.000247 key=3803498179268908311 claims=22528
rep4 head transcribe n=1024 reps=10 median_s=0.000196 min_s=0.000193 key=3803498179268908311 claims=22528
rep4 head transcribe+key n=1024 reps=10 median_s=0.000320 min_s=0.000314 key=3803498179268908311 claims=22528
rep4 head analyze n=1024 reps=10 median_s=0.000384 min_s=0.000369 key=3803498179268908311 claims=22528
rep4 head solve n=1024 reps=10 median_s=1.656260 min_s=1.596204 obj=5.3964873407124535e-11 iters=17 flag=0
rep4 head solve1 n=1024 reps=10 median_s=0.026941 min_s=0.026737 obj=5.3947172532226082e-11 iters=17 flag=0
rep5 base construct n=64 reps=10 median_s=0.000047 min_s=0.000047 key=13705983202458411805 claims=1408
rep5 base transcribe n=64 reps=10 median_s=0.000042 min_s=0.000042 key=13705983202458411805 claims=1408
rep5 base transcribe+key n=64 reps=10 median_s=0.000042 min_s=0.000042 key=13705983202458411805 claims=1408
rep5 base analyze n=64 reps=10 median_s=0.000021 min_s=0.000020 key=13705983202458411805 claims=1408
rep5 base solve n=64 reps=10 median_s=0.001276 min_s=0.001269 obj=2.6116646135036052e-12 iters=10 flag=0
rep5 base solve1 n=64 reps=10 median_s=0.001165 min_s=0.001132 obj=2.6116646135036052e-12 iters=10 flag=0
rep5 base construct n=256 reps=10 median_s=0.000184 min_s=0.000182 key=1033593541037988765 claims=5632
rep5 base transcribe n=256 reps=10 median_s=0.000172 min_s=0.000170 key=1033593541037988765 claims=5632
rep5 base transcribe+key n=256 reps=10 median_s=0.000172 min_s=0.000171 key=1033593541037988765 claims=5632
rep5 base analyze n=256 reps=10 median_s=0.000162 min_s=0.000144 key=1033593541037988765 claims=5632
rep5 base solve n=256 reps=10 median_s=1.130553 min_s=1.051288 obj=2.9181874617255473e-14 iters=14 flag=0
rep5 base solve1 n=256 reps=10 median_s=0.005892 min_s=0.005877 obj=2.917519665545426e-14 iters=14 flag=0
rep5 base construct n=1024 reps=10 median_s=0.000762 min_s=0.000745 key=3803498179268908311 claims=22528
rep5 base transcribe n=1024 reps=10 median_s=0.000659 min_s=0.000653 key=3803498179268908311 claims=22528
rep5 base transcribe+key n=1024 reps=10 median_s=0.000659 min_s=0.000653 key=3803498179268908311 claims=22528
rep5 base analyze n=1024 reps=10 median_s=0.000393 min_s=0.000368 key=3803498179268908311 claims=22528
rep5 base solve n=1024 reps=10 median_s=1.650779 min_s=1.600083 obj=5.396169502224952e-11 iters=17 flag=0
rep5 base solve1 n=1024 reps=10 median_s=0.029557 min_s=0.029332 obj=5.3947172532226082e-11 iters=17 flag=0
rep5 head construct n=64 reps=10 median_s=0.000018 min_s=0.000017 key=13705983202458411805 claims=1408
rep5 head transcribe n=64 reps=10 median_s=0.000013 min_s=0.000013 key=13705983202458411805 claims=1408
rep5 head transcribe+key n=64 reps=10 median_s=0.000021 min_s=0.000020 key=13705983202458411805 claims=1408
rep5 head analyze n=64 reps=10 median_s=0.000021 min_s=0.000019 key=13705983202458411805 claims=1408
rep5 head solve n=64 reps=10 median_s=0.001154 min_s=0.001139 obj=2.6116646135036052e-12 iters=10 flag=0
rep5 head solve1 n=64 reps=10 median_s=0.001018 min_s=0.001013 obj=2.6116646135036052e-12 iters=10 flag=0
rep5 head construct n=256 reps=10 median_s=0.000072 min_s=0.000070 key=1033593541037988765 claims=5632
rep5 head transcribe n=256 reps=10 median_s=0.000055 min_s=0.000054 key=1033593541037988765 claims=5632
rep5 head transcribe+key n=256 reps=10 median_s=0.000085 min_s=0.000084 key=1033593541037988765 claims=5632
rep5 head analyze n=256 reps=10 median_s=0.000155 min_s=0.000144 key=1033593541037988765 claims=5632
rep5 head solve n=256 reps=10 median_s=1.073312 min_s=1.036702 obj=2.9174222491810309e-14 iters=14 flag=0
rep5 head solve1 n=256 reps=10 median_s=0.005306 min_s=0.005280 obj=2.917519665545426e-14 iters=14 flag=0
rep5 head construct n=1024 reps=10 median_s=0.000264 min_s=0.000257 key=3803498179268908311 claims=22528
rep5 head transcribe n=1024 reps=10 median_s=0.000194 min_s=0.000192 key=3803498179268908311 claims=22528
rep5 head transcribe+key n=1024 reps=10 median_s=0.000315 min_s=0.000313 key=3803498179268908311 claims=22528
rep5 head analyze n=1024 reps=10 median_s=0.000387 min_s=0.000376 key=3803498179268908311 claims=22528
rep5 head solve n=1024 reps=10 median_s=1.676799 min_s=1.581076 obj=5.396469797687723e-11 iters=17 flag=0
rep5 head solve1 n=1024 reps=10 median_s=0.026996 min_s=0.026799 obj=5.3947172532226082e-11 iters=17 flag=0
rep6 base construct n=64 reps=10 median_s=0.000047 min_s=0.000047 key=13705983202458411805 claims=1408
rep6 base transcribe n=64 reps=10 median_s=0.000042 min_s=0.000042 key=13705983202458411805 claims=1408
rep6 base transcribe+key n=64 reps=10 median_s=0.000042 min_s=0.000041 key=13705983202458411805 claims=1408
rep6 base analyze n=64 reps=10 median_s=0.000021 min_s=0.000020 key=13705983202458411805 claims=1408
rep6 base solve n=64 reps=10 median_s=0.001284 min_s=0.001274 obj=2.6116646135036052e-12 iters=10 flag=0
rep6 base solve1 n=64 reps=10 median_s=0.001178 min_s=0.001136 obj=2.6116646135036052e-12 iters=10 flag=0
rep6 base construct n=256 reps=10 median_s=0.000183 min_s=0.000182 key=1033593541037988765 claims=5632
rep6 base transcribe n=256 reps=10 median_s=0.000170 min_s=0.000169 key=1033593541037988765 claims=5632
rep6 base transcribe+key n=256 reps=10 median_s=0.000170 min_s=0.000169 key=1033593541037988765 claims=5632
rep6 base analyze n=256 reps=10 median_s=0.000162 min_s=0.000144 key=1033593541037988765 claims=5632
rep6 base solve n=256 reps=10 median_s=1.102011 min_s=1.076555 obj=2.9174222491810309e-14 iters=14 flag=0
rep6 base solve1 n=256 reps=10 median_s=0.005930 min_s=0.005912 obj=2.917519665545426e-14 iters=14 flag=0
rep6 base construct n=1024 reps=10 median_s=0.000756 min_s=0.000741 key=3803498179268908311 claims=22528
rep6 base transcribe n=1024 reps=10 median_s=0.000660 min_s=0.000649 key=3803498179268908311 claims=22528
rep6 base transcribe+key n=1024 reps=10 median_s=0.000655 min_s=0.000650 key=3803498179268908311 claims=22528
rep6 base analyze n=1024 reps=10 median_s=0.000397 min_s=0.000377 key=3803498179268908311 claims=22528
rep6 base solve n=1024 reps=10 median_s=1.684690 min_s=1.655172 obj=5.3968608579434836e-11 iters=17 flag=0
rep6 base solve1 n=1024 reps=10 median_s=0.029669 min_s=0.029442 obj=5.3947172532226082e-11 iters=17 flag=0
rep6 head construct n=64 reps=10 median_s=0.000018 min_s=0.000017 key=13705983202458411805 claims=1408
rep6 head transcribe n=64 reps=10 median_s=0.000013 min_s=0.000013 key=13705983202458411805 claims=1408
rep6 head transcribe+key n=64 reps=10 median_s=0.000021 min_s=0.000020 key=13705983202458411805 claims=1408
rep6 head analyze n=64 reps=10 median_s=0.000020 min_s=0.000018 key=13705983202458411805 claims=1408
rep6 head solve n=64 reps=10 median_s=0.001166 min_s=0.001143 obj=2.6116646135036052e-12 iters=10 flag=0
rep6 head solve1 n=64 reps=10 median_s=0.001023 min_s=0.001017 obj=2.6116646135036052e-12 iters=10 flag=0
rep6 head construct n=256 reps=10 median_s=0.000067 min_s=0.000067 key=1033593541037988765 claims=5632
rep6 head transcribe n=256 reps=10 median_s=0.000055 min_s=0.000054 key=1033593541037988765 claims=5632
rep6 head transcribe+key n=256 reps=10 median_s=0.000085 min_s=0.000084 key=1033593541037988765 claims=5632
rep6 head analyze n=256 reps=10 median_s=0.000162 min_s=0.000144 key=1033593541037988765 claims=5632
rep6 head solve n=256 reps=10 median_s=1.070099 min_s=1.035041 obj=2.9181857324559397e-14 iters=14 flag=0
rep6 head solve1 n=256 reps=10 median_s=0.005312 min_s=0.005296 obj=2.917519665545426e-14 iters=14 flag=0
rep6 head construct n=1024 reps=10 median_s=0.000252 min_s=0.000246 key=3803498179268908311 claims=22528
rep6 head transcribe n=1024 reps=10 median_s=0.000192 min_s=0.000191 key=3803498179268908311 claims=22528
rep6 head transcribe+key n=1024 reps=10 median_s=0.000314 min_s=0.000313 key=3803498179268908311 claims=22528
rep6 head analyze n=1024 reps=10 median_s=0.000408 min_s=0.000378 key=3803498179268908311 claims=22528
rep6 head solve n=1024 reps=10 median_s=1.657419 min_s=1.622655 obj=5.3964911654784158e-11 iters=17 flag=0
rep6 head solve1 n=1024 reps=10 median_s=0.026882 min_s=0.026659 obj=5.3947172532226082e-11 iters=17 flag=0
rep7 base construct n=64 reps=10 median_s=0.000048 min_s=0.000047 key=13705983202458411805 claims=1408
rep7 base transcribe n=64 reps=10 median_s=0.000042 min_s=0.000042 key=13705983202458411805 claims=1408
rep7 base transcribe+key n=64 reps=10 median_s=0.000042 min_s=0.000042 key=13705983202458411805 claims=1408
rep7 base analyze n=64 reps=10 median_s=0.000021 min_s=0.000020 key=13705983202458411805 claims=1408
rep7 base solve n=64 reps=10 median_s=0.001282 min_s=0.001267 obj=2.6116646135036052e-12 iters=10 flag=0
rep7 base solve1 n=64 reps=10 median_s=0.001172 min_s=0.001137 obj=2.6116646135036052e-12 iters=10 flag=0
rep7 base construct n=256 reps=10 median_s=0.000183 min_s=0.000182 key=1033593541037988765 claims=5632
rep7 base transcribe n=256 reps=10 median_s=0.000169 min_s=0.000169 key=1033593541037988765 claims=5632
rep7 base transcribe+key n=256 reps=10 median_s=0.000170 min_s=0.000169 key=1033593541037988765 claims=5632
rep7 base analyze n=256 reps=10 median_s=0.000172 min_s=0.000142 key=1033593541037988765 claims=5632
rep7 base solve n=256 reps=10 median_s=1.194496 min_s=1.085133 obj=2.9174222491810309e-14 iters=14 flag=0
rep7 base solve1 n=256 reps=10 median_s=0.005888 min_s=0.005868 obj=2.917519665545426e-14 iters=14 flag=0
rep7 base construct n=1024 reps=10 median_s=0.000756 min_s=0.000738 key=3803498179268908311 claims=22528
rep7 base transcribe n=1024 reps=10 median_s=0.000661 min_s=0.000652 key=3803498179268908311 claims=22528
rep7 base transcribe+key n=1024 reps=10 median_s=0.000655 min_s=0.000650 key=3803498179268908311 claims=22528
rep7 base analyze n=1024 reps=10 median_s=0.000391 min_s=0.000378 key=3803498179268908311 claims=22528
rep7 base solve n=1024 reps=10 median_s=1.680765 min_s=1.654647 obj=5.396485768217662e-11 iters=17 flag=0
rep7 base solve1 n=1024 reps=10 median_s=0.029665 min_s=0.029329 obj=5.3947172532226082e-11 iters=17 flag=0
rep7 head construct n=64 reps=10 median_s=0.000018 min_s=0.000017 key=13705983202458411805 claims=1408
rep7 head transcribe n=64 reps=10 median_s=0.000013 min_s=0.000013 key=13705983202458411805 claims=1408
rep7 head transcribe+key n=64 reps=10 median_s=0.000021 min_s=0.000021 key=13705983202458411805 claims=1408
rep7 head analyze n=64 reps=10 median_s=0.000019 min_s=0.000018 key=13705983202458411805 claims=1408
rep7 head solve n=64 reps=10 median_s=0.001158 min_s=0.001146 obj=2.6116646135036052e-12 iters=10 flag=0
rep7 head solve1 n=64 reps=10 median_s=0.001025 min_s=0.001018 obj=2.6116646135036052e-12 iters=10 flag=0
rep7 head construct n=256 reps=10 median_s=0.000069 min_s=0.000068 key=1033593541037988765 claims=5632
rep7 head transcribe n=256 reps=10 median_s=0.000056 min_s=0.000055 key=1033593541037988765 claims=5632
rep7 head transcribe+key n=256 reps=10 median_s=0.000086 min_s=0.000085 key=1033593541037988765 claims=5632
rep7 head analyze n=256 reps=10 median_s=0.000164 min_s=0.000144 key=1033593541037988765 claims=5632
rep7 head solve n=256 reps=10 median_s=1.104499 min_s=1.025448 obj=2.9174222491810309e-14 iters=14 flag=0
rep7 head solve1 n=256 reps=10 median_s=0.005316 min_s=0.005272 obj=2.917519665545426e-14 iters=14 flag=0
rep7 head construct n=1024 reps=10 median_s=0.000246 min_s=0.000245 key=3803498179268908311 claims=22528
rep7 head transcribe n=1024 reps=10 median_s=0.000196 min_s=0.000194 key=3803498179268908311 claims=22528
rep7 head transcribe+key n=1024 reps=10 median_s=0.000319 min_s=0.000315 key=3803498179268908311 claims=22528
rep7 head analyze n=1024 reps=10 median_s=0.000391 min_s=0.000365 key=3803498179268908311 claims=22528
rep7 head solve n=1024 reps=10 median_s=1.659948 min_s=1.570005 obj=5.3964249398241702e-11 iters=17 flag=0
rep7 head solve1 n=1024 reps=10 median_s=0.026867 min_s=0.026636 obj=5.3947172532226082e-11 iters=17 flag=0
=== arm: threaded
rep1 base construct n=64 reps=10 median_s=0.000047 min_s=0.000047 key=13705983202458411805 claims=1408
rep1 base transcribe n=64 reps=10 median_s=0.000042 min_s=0.000042 key=13705983202458411805 claims=1408
rep1 base transcribe+key n=64 reps=10 median_s=0.000042 min_s=0.000041 key=13705983202458411805 claims=1408
rep1 base analyze n=64 reps=10 median_s=0.000021 min_s=0.000020 key=13705983202458411805 claims=1408
rep1 base solve n=64 reps=10 median_s=0.001152 min_s=0.001139 obj=2.6116646135036052e-12 iters=10 flag=0
rep1 base solve1 n=64 reps=10 median_s=0.001144 min_s=0.001125 obj=2.6116646135036052e-12 iters=10 flag=0
rep1 base construct n=256 reps=10 median_s=0.000183 min_s=0.000182 key=1033593541037988765 claims=5632
rep1 base transcribe n=256 reps=10 median_s=0.000169 min_s=0.000169 key=1033593541037988765 claims=5632
rep1 base transcribe+key n=256 reps=10 median_s=0.000170 min_s=0.000169 key=1033593541037988765 claims=5632
rep1 base analyze n=256 reps=10 median_s=0.000105 min_s=0.000100 key=1033593541037988765 claims=5632
rep1 base solve n=256 reps=10 median_s=0.004708 min_s=0.004500 obj=2.9175223189872525e-14 iters=14 flag=0
rep1 base solve1 n=256 reps=10 median_s=0.005844 min_s=0.005807 obj=2.917519665545426e-14 iters=14 flag=0
rep1 base construct n=1024 reps=10 median_s=0.000712 min_s=0.000703 key=3803498179268908311 claims=22528
rep1 base transcribe n=1024 reps=10 median_s=0.000655 min_s=0.000650 key=3803498179268908311 claims=22528
rep1 base transcribe+key n=1024 reps=10 median_s=0.000656 min_s=0.000651 key=3803498179268908311 claims=22528
rep1 base analyze n=1024 reps=10 median_s=0.000317 min_s=0.000307 key=3803498179268908311 claims=22528
rep1 base solve n=1024 reps=10 median_s=0.016647 min_s=0.016376 obj=5.3964384821565579e-11 iters=17 flag=0
rep1 base solve1 n=1024 reps=10 median_s=0.029356 min_s=0.029292 obj=5.3947172532226082e-11 iters=17 flag=0
rep1 head construct n=64 reps=10 median_s=0.000018 min_s=0.000017 key=13705983202458411805 claims=1408
rep1 head transcribe n=64 reps=10 median_s=0.000013 min_s=0.000013 key=13705983202458411805 claims=1408
rep1 head transcribe+key n=64 reps=10 median_s=0.000021 min_s=0.000021 key=13705983202458411805 claims=1408
rep1 head analyze n=64 reps=10 median_s=0.000020 min_s=0.000019 key=13705983202458411805 claims=1408
rep1 head solve n=64 reps=10 median_s=0.001518 min_s=0.001513 obj=2.6116646135036052e-12 iters=10 flag=0
rep1 head solve1 n=64 reps=10 median_s=0.001511 min_s=0.001503 obj=2.6116646135036052e-12 iters=10 flag=0
rep1 head construct n=256 reps=10 median_s=0.000097 min_s=0.000096 key=1033593541037988765 claims=5632
rep1 head transcribe n=256 reps=10 median_s=0.000076 min_s=0.000075 key=1033593541037988765 claims=5632
rep1 head transcribe+key n=256 reps=10 median_s=0.000107 min_s=0.000106 key=1033593541037988765 claims=5632
rep1 head analyze n=256 reps=10 median_s=0.000109 min_s=0.000099 key=1033593541037988765 claims=5632
rep1 head solve n=256 reps=10 median_s=0.004075 min_s=0.004004 obj=2.9185027943837432e-14 iters=14 flag=0
rep1 head solve1 n=256 reps=10 median_s=0.005220 min_s=0.005211 obj=2.917519665545426e-14 iters=14 flag=0
rep1 head construct n=1024 reps=10 median_s=0.000247 min_s=0.000243 key=3803498179268908311 claims=22528
rep1 head transcribe n=1024 reps=10 median_s=0.000201 min_s=0.000197 key=3803498179268908311 claims=22528
rep1 head transcribe+key n=1024 reps=10 median_s=0.000324 min_s=0.000317 key=3803498179268908311 claims=22528
rep1 head analyze n=1024 reps=10 median_s=0.000310 min_s=0.000304 key=3803498179268908311 claims=22528
rep1 head solve n=1024 reps=10 median_s=0.014192 min_s=0.013649 obj=5.3963273479641211e-11 iters=17 flag=0
rep1 head solve1 n=1024 reps=10 median_s=0.026775 min_s=0.026730 obj=5.3947172532226082e-11 iters=17 flag=0
rep2 base construct n=64 reps=10 median_s=0.000047 min_s=0.000047 key=13705983202458411805 claims=1408
rep2 base transcribe n=64 reps=10 median_s=0.000042 min_s=0.000042 key=13705983202458411805 claims=1408
rep2 base transcribe+key n=64 reps=10 median_s=0.000042 min_s=0.000042 key=13705983202458411805 claims=1408
rep2 base analyze n=64 reps=10 median_s=0.000021 min_s=0.000020 key=13705983202458411805 claims=1408
rep2 base solve n=64 reps=10 median_s=0.001145 min_s=0.001138 obj=2.6116646135036052e-12 iters=10 flag=0
rep2 base solve1 n=64 reps=10 median_s=0.001142 min_s=0.001131 obj=2.6116646135036052e-12 iters=10 flag=0
rep2 base construct n=256 reps=10 median_s=0.000183 min_s=0.000182 key=1033593541037988765 claims=5632
rep2 base transcribe n=256 reps=10 median_s=0.000170 min_s=0.000169 key=1033593541037988765 claims=5632
rep2 base transcribe+key n=256 reps=10 median_s=0.000169 min_s=0.000169 key=1033593541037988765 claims=5632
rep2 base analyze n=256 reps=10 median_s=0.000108 min_s=0.000102 key=1033593541037988765 claims=5632
rep2 base solve n=256 reps=10 median_s=0.004748 min_s=0.004519 obj=2.9175838842976265e-14 iters=14 flag=0
rep2 base solve1 n=256 reps=10 median_s=0.005823 min_s=0.005800 obj=2.917519665545426e-14 iters=14 flag=0
rep2 base construct n=1024 reps=10 median_s=0.000708 min_s=0.000703 key=3803498179268908311 claims=22528
rep2 base transcribe n=1024 reps=10 median_s=0.000654 min_s=0.000649 key=3803498179268908311 claims=22528
rep2 base transcribe+key n=1024 reps=10 median_s=0.000654 min_s=0.000649 key=3803498179268908311 claims=22528
rep2 base analyze n=1024 reps=10 median_s=0.000315 min_s=0.000310 key=3803498179268908311 claims=22528
rep2 base solve n=1024 reps=10 median_s=0.017306 min_s=0.016401 obj=5.3963235432775488e-11 iters=17 flag=0
rep2 base solve1 n=1024 reps=10 median_s=0.029402 min_s=0.029308 obj=5.3947172532226082e-11 iters=17 flag=0
rep2 head construct n=64 reps=10 median_s=0.000019 min_s=0.000018 key=13705983202458411805 claims=1408
rep2 head transcribe n=64 reps=10 median_s=0.000013 min_s=0.000013 key=13705983202458411805 claims=1408
rep2 head transcribe+key n=64 reps=10 median_s=0.000021 min_s=0.000020 key=13705983202458411805 claims=1408
rep2 head analyze n=64 reps=10 median_s=0.000020 min_s=0.000019 key=13705983202458411805 claims=1408
rep2 head solve n=64 reps=10 median_s=0.001524 min_s=0.001516 obj=2.6116646135036052e-12 iters=10 flag=0
rep2 head solve1 n=64 reps=10 median_s=0.001036 min_s=0.001018 obj=2.6116646135036052e-12 iters=10 flag=0
rep2 head construct n=256 reps=10 median_s=0.000069 min_s=0.000067 key=1033593541037988765 claims=5632
rep2 head transcribe n=256 reps=10 median_s=0.000055 min_s=0.000054 key=1033593541037988765 claims=5632
rep2 head transcribe+key n=256 reps=10 median_s=0.000085 min_s=0.000085 key=1033593541037988765 claims=5632
rep2 head analyze n=256 reps=10 median_s=0.000099 min_s=0.000093 key=1033593541037988765 claims=5632
rep2 head solve n=256 reps=10 median_s=0.003988 min_s=0.003948 obj=2.9175557651339333e-14 iters=14 flag=0
rep2 head solve1 n=256 reps=10 median_s=0.005228 min_s=0.005213 obj=2.917519665545426e-14 iters=14 flag=0
rep2 head construct n=1024 reps=10 median_s=0.000251 min_s=0.000243 key=3803498179268908311 claims=22528
rep2 head transcribe n=1024 reps=10 median_s=0.000194 min_s=0.000193 key=3803498179268908311 claims=22528
rep2 head transcribe+key n=1024 reps=10 median_s=0.000323 min_s=0.000317 key=3803498179268908311 claims=22528
rep2 head analyze n=1024 reps=10 median_s=0.000324 min_s=0.000314 key=3803498179268908311 claims=22528
rep2 head solve n=1024 reps=10 median_s=0.014448 min_s=0.013644 obj=5.3963937120093808e-11 iters=17 flag=0
rep2 head solve1 n=1024 reps=10 median_s=0.026672 min_s=0.026590 obj=5.3947172532226082e-11 iters=17 flag=0
rep3 base construct n=64 reps=10 median_s=0.000047 min_s=0.000047 key=13705983202458411805 claims=1408
rep3 base transcribe n=64 reps=10 median_s=0.000042 min_s=0.000042 key=13705983202458411805 claims=1408
rep3 base transcribe+key n=64 reps=10 median_s=0.000042 min_s=0.000041 key=13705983202458411805 claims=1408
rep3 base analyze n=64 reps=10 median_s=0.000021 min_s=0.000020 key=13705983202458411805 claims=1408
rep3 base solve n=64 reps=10 median_s=0.001155 min_s=0.001139 obj=2.6116646135036052e-12 iters=10 flag=0
rep3 base solve1 n=64 reps=10 median_s=0.001147 min_s=0.001129 obj=2.6116646135036052e-12 iters=10 flag=0
rep3 base construct n=256 reps=10 median_s=0.000184 min_s=0.000182 key=1033593541037988765 claims=5632
rep3 base transcribe n=256 reps=10 median_s=0.000170 min_s=0.000169 key=1033593541037988765 claims=5632
rep3 base transcribe+key n=256 reps=10 median_s=0.000170 min_s=0.000169 key=1033593541037988765 claims=5632
rep3 base analyze n=256 reps=10 median_s=0.000102 min_s=0.000093 key=1033593541037988765 claims=5632
rep3 base solve n=256 reps=10 median_s=0.004596 min_s=0.004553 obj=2.9171628555163362e-14 iters=14 flag=0
rep3 base solve1 n=256 reps=10 median_s=0.005822 min_s=0.005810 obj=2.917519665545426e-14 iters=14 flag=0
rep3 base construct n=1024 reps=10 median_s=0.000711 min_s=0.000705 key=3803498179268908311 claims=22528
rep3 base transcribe n=1024 reps=10 median_s=0.000656 min_s=0.000653 key=3803498179268908311 claims=22528
rep3 base transcribe+key n=1024 reps=10 median_s=0.000657 min_s=0.000652 key=3803498179268908311 claims=22528
rep3 base analyze n=1024 reps=10 median_s=0.000321 min_s=0.000313 key=3803498179268908311 claims=22528
rep3 base solve n=1024 reps=10 median_s=0.016615 min_s=0.016253 obj=5.3964560668371935e-11 iters=17 flag=0
rep3 base solve1 n=1024 reps=10 median_s=0.029312 min_s=0.029278 obj=5.3947172532226082e-11 iters=17 flag=0
rep3 head construct n=64 reps=10 median_s=0.000018 min_s=0.000018 key=13705983202458411805 claims=1408
rep3 head transcribe n=64 reps=10 median_s=0.000013 min_s=0.000013 key=13705983202458411805 claims=1408
rep3 head transcribe+key n=64 reps=10 median_s=0.000020 min_s=0.000020 key=13705983202458411805 claims=1408
rep3 head analyze n=64 reps=10 median_s=0.000020 min_s=0.000020 key=13705983202458411805 claims=1408
rep3 head solve n=64 reps=10 median_s=0.001036 min_s=0.001027 obj=2.6116646135036052e-12 iters=10 flag=0
rep3 head solve1 n=64 reps=10 median_s=0.001022 min_s=0.001014 obj=2.6116646135036052e-12 iters=10 flag=0
rep3 head construct n=256 reps=10 median_s=0.000068 min_s=0.000067 key=1033593541037988765 claims=5632
rep3 head transcribe n=256 reps=10 median_s=0.000055 min_s=0.000054 key=1033593541037988765 claims=5632
rep3 head transcribe+key n=256 reps=10 median_s=0.000085 min_s=0.000084 key=1033593541037988765 claims=5632
rep3 head analyze n=256 reps=10 median_s=0.000100 min_s=0.000092 key=1033593541037988765 claims=5632
rep3 head solve n=256 reps=10 median_s=0.003988 min_s=0.003910 obj=2.9177171911453872e-14 iters=14 flag=0
rep3 head solve1 n=256 reps=10 median_s=0.005224 min_s=0.005216 obj=2.917519665545426e-14 iters=14 flag=0
rep3 head construct n=1024 reps=10 median_s=0.000246 min_s=0.000244 key=3803498179268908311 claims=22528
rep3 head transcribe n=1024 reps=10 median_s=0.000193 min_s=0.000191 key=3803498179268908311 claims=22528
rep3 head transcribe+key n=1024 reps=10 median_s=0.000314 min_s=0.000312 key=3803498179268908311 claims=22528
rep3 head analyze n=1024 reps=10 median_s=0.000320 min_s=0.000310 key=3803498179268908311 claims=22528
rep3 head solve n=1024 reps=10 median_s=0.013944 min_s=0.013681 obj=5.3963608003395928e-11 iters=17 flag=0
rep3 head solve1 n=1024 reps=10 median_s=0.026664 min_s=0.026628 obj=5.3947172532226082e-11 iters=17 flag=0
rep4 base construct n=64 reps=10 median_s=0.000047 min_s=0.000047 key=13705983202458411805 claims=1408
rep4 base transcribe n=64 reps=10 median_s=0.000042 min_s=0.000042 key=13705983202458411805 claims=1408
rep4 base transcribe+key n=64 reps=10 median_s=0.000042 min_s=0.000041 key=13705983202458411805 claims=1408
rep4 base analyze n=64 reps=10 median_s=0.000021 min_s=0.000020 key=13705983202458411805 claims=1408
rep4 base solve n=64 reps=10 median_s=0.001151 min_s=0.001139 obj=2.6116646135036052e-12 iters=10 flag=0
rep4 base solve1 n=64 reps=10 median_s=0.001141 min_s=0.001119 obj=2.6116646135036052e-12 iters=10 flag=0
rep4 base construct n=256 reps=10 median_s=0.000184 min_s=0.000182 key=1033593541037988765 claims=5632
rep4 base transcribe n=256 reps=10 median_s=0.000169 min_s=0.000168 key=1033593541037988765 claims=5632
rep4 base transcribe+key n=256 reps=10 median_s=0.000170 min_s=0.000169 key=1033593541037988765 claims=5632
rep4 base analyze n=256 reps=10 median_s=0.000109 min_s=0.000092 key=1033593541037988765 claims=5632
rep4 base solve n=256 reps=10 median_s=0.004558 min_s=0.004515 obj=2.9172819973921319e-14 iters=14 flag=0
rep4 base solve1 n=256 reps=10 median_s=0.005854 min_s=0.005848 obj=2.917519665545426e-14 iters=14 flag=0
rep4 base construct n=1024 reps=10 median_s=0.000708 min_s=0.000705 key=3803498179268908311 claims=22528
rep4 base transcribe n=1024 reps=10 median_s=0.000654 min_s=0.000648 key=3803498179268908311 claims=22528
rep4 base transcribe+key n=1024 reps=10 median_s=0.000655 min_s=0.000650 key=3803498179268908311 claims=22528
rep4 base analyze n=1024 reps=10 median_s=0.000316 min_s=0.000305 key=3803498179268908311 claims=22528
rep4 base solve n=1024 reps=10 median_s=0.016691 min_s=0.016354 obj=5.3963501875344546e-11 iters=17 flag=0
rep4 base solve1 n=1024 reps=10 median_s=0.029440 min_s=0.029352 obj=5.3947172532226082e-11 iters=17 flag=0
rep4 head construct n=64 reps=10 median_s=0.000018 min_s=0.000017 key=13705983202458411805 claims=1408
rep4 head transcribe n=64 reps=10 median_s=0.000013 min_s=0.000013 key=13705983202458411805 claims=1408
rep4 head transcribe+key n=64 reps=10 median_s=0.000021 min_s=0.000020 key=13705983202458411805 claims=1408
rep4 head analyze n=64 reps=10 median_s=0.000020 min_s=0.000020 key=13705983202458411805 claims=1408
rep4 head solve n=64 reps=10 median_s=0.001027 min_s=0.001021 obj=2.6116646135036052e-12 iters=10 flag=0
rep4 head solve1 n=64 reps=10 median_s=0.001020 min_s=0.001016 obj=2.6116646135036052e-12 iters=10 flag=0
rep4 head construct n=256 reps=10 median_s=0.000068 min_s=0.000067 key=1033593541037988765 claims=5632
rep4 head transcribe n=256 reps=10 median_s=0.000055 min_s=0.000054 key=1033593541037988765 claims=5632
rep4 head transcribe+key n=256 reps=10 median_s=0.000085 min_s=0.000084 key=1033593541037988765 claims=5632
rep4 head analyze n=256 reps=10 median_s=0.000098 min_s=0.000091 key=1033593541037988765 claims=5632
rep4 head solve n=256 reps=10 median_s=0.004078 min_s=0.003954 obj=2.9173332335555191e-14 iters=14 flag=0
rep4 head solve1 n=256 reps=10 median_s=0.005258 min_s=0.005237 obj=2.917519665545426e-14 iters=14 flag=0
rep4 head construct n=1024 reps=10 median_s=0.000246 min_s=0.000243 key=3803498179268908311 claims=22528
rep4 head transcribe n=1024 reps=10 median_s=0.000193 min_s=0.000192 key=3803498179268908311 claims=22528
rep4 head transcribe+key n=1024 reps=10 median_s=0.000315 min_s=0.000313 key=3803498179268908311 claims=22528
rep4 head analyze n=1024 reps=10 median_s=0.000314 min_s=0.000307 key=3803498179268908311 claims=22528
rep4 head solve n=1024 reps=10 median_s=0.015868 min_s=0.013525 obj=5.3962671620724162e-11 iters=17 flag=0
rep4 head solve1 n=1024 reps=10 median_s=0.026681 min_s=0.026625 obj=5.3947172532226082e-11 iters=17 flag=0
rep5 base construct n=64 reps=10 median_s=0.000047 min_s=0.000047 key=13705983202458411805 claims=1408
rep5 base transcribe n=64 reps=10 median_s=0.000042 min_s=0.000042 key=13705983202458411805 claims=1408
rep5 base transcribe+key n=64 reps=10 median_s=0.000042 min_s=0.000041 key=13705983202458411805 claims=1408
rep5 base analyze n=64 reps=10 median_s=0.000021 min_s=0.000020 key=13705983202458411805 claims=1408
rep5 base solve n=64 reps=10 median_s=0.001146 min_s=0.001137 obj=2.6116646135036052e-12 iters=10 flag=0
rep5 base solve1 n=64 reps=10 median_s=0.001144 min_s=0.001123 obj=2.6116646135036052e-12 iters=10 flag=0
rep5 base construct n=256 reps=10 median_s=0.000183 min_s=0.000182 key=1033593541037988765 claims=5632
rep5 base transcribe n=256 reps=10 median_s=0.000170 min_s=0.000168 key=1033593541037988765 claims=5632
rep5 base transcribe+key n=256 reps=10 median_s=0.000169 min_s=0.000169 key=1033593541037988765 claims=5632
rep5 base analyze n=256 reps=10 median_s=0.000103 min_s=0.000093 key=1033593541037988765 claims=5632
rep5 base solve n=256 reps=10 median_s=0.005093 min_s=0.004623 obj=2.9175964341789981e-14 iters=14 flag=0
rep5 base solve1 n=256 reps=10 median_s=0.005792 min_s=0.005758 obj=2.917519665545426e-14 iters=14 flag=0
rep5 base construct n=1024 reps=10 median_s=0.000708 min_s=0.000702 key=3803498179268908311 claims=22528
rep5 base transcribe n=1024 reps=10 median_s=0.000654 min_s=0.000649 key=3803498179268908311 claims=22528
rep5 base transcribe+key n=1024 reps=10 median_s=0.000653 min_s=0.000648 key=3803498179268908311 claims=22528
rep5 base analyze n=1024 reps=10 median_s=0.000324 min_s=0.000313 key=3803498179268908311 claims=22528
rep5 base solve n=1024 reps=10 median_s=0.016754 min_s=0.016421 obj=5.3963518910575465e-11 iters=17 flag=0
rep5 base solve1 n=1024 reps=10 median_s=0.029613 min_s=0.029409 obj=5.3947172532226082e-11 iters=17 flag=0
rep5 head construct n=64 reps=10 median_s=0.000019 min_s=0.000018 key=13705983202458411805 claims=1408
rep5 head transcribe n=64 reps=10 median_s=0.000013 min_s=0.000013 key=13705983202458411805 claims=1408
rep5 head transcribe+key n=64 reps=10 median_s=0.000021 min_s=0.000021 key=13705983202458411805 claims=1408
rep5 head analyze n=64 reps=10 median_s=0.000020 min_s=0.000019 key=13705983202458411805 claims=1408
rep5 head solve n=64 reps=10 median_s=0.001029 min_s=0.001017 obj=2.6116646135036052e-12 iters=10 flag=0
rep5 head solve1 n=64 reps=10 median_s=0.001032 min_s=0.001013 obj=2.6116646135036052e-12 iters=10 flag=0
rep5 head construct n=256 reps=10 median_s=0.000072 min_s=0.000069 key=1033593541037988765 claims=5632
rep5 head transcribe n=256 reps=10 median_s=0.000054 min_s=0.000053 key=1033593541037988765 claims=5632
rep5 head transcribe+key n=256 reps=10 median_s=0.000085 min_s=0.000084 key=1033593541037988765 claims=5632
rep5 head analyze n=256 reps=10 median_s=0.000098 min_s=0.000090 key=1033593541037988765 claims=5632
rep5 head solve n=256 reps=10 median_s=0.004010 min_s=0.003901 obj=2.9176260590157975e-14 iters=14 flag=0
rep5 head solve1 n=256 reps=10 median_s=0.005232 min_s=0.005212 obj=2.917519665545426e-14 iters=14 flag=0
rep5 head construct n=1024 reps=10 median_s=0.000258 min_s=0.000249 key=3803498179268908311 claims=22528
rep5 head transcribe n=1024 reps=10 median_s=0.000193 min_s=0.000192 key=3803498179268908311 claims=22528
rep5 head transcribe+key n=1024 reps=10 median_s=0.000317 min_s=0.000314 key=3803498179268908311 claims=22528
rep5 head analyze n=1024 reps=10 median_s=0.000319 min_s=0.000304 key=3803498179268908311 claims=22528
rep5 head solve n=1024 reps=10 median_s=0.013985 min_s=0.013446 obj=5.3963461566059495e-11 iters=17 flag=0
rep5 head solve1 n=1024 reps=10 median_s=0.026654 min_s=0.026551 obj=5.3947172532226082e-11 iters=17 flag=0
rep6 base construct n=64 reps=10 median_s=0.000048 min_s=0.000048 key=13705983202458411805 claims=1408
rep6 base transcribe n=64 reps=10 median_s=0.000042 min_s=0.000042 key=13705983202458411805 claims=1408
rep6 base transcribe+key n=64 reps=10 median_s=0.000042 min_s=0.000042 key=13705983202458411805 claims=1408
rep6 base analyze n=64 reps=10 median_s=0.000021 min_s=0.000021 key=13705983202458411805 claims=1408
rep6 base solve n=64 reps=10 median_s=0.001149 min_s=0.001137 obj=2.6116646135036052e-12 iters=10 flag=0
rep6 base solve1 n=64 reps=10 median_s=0.001143 min_s=0.001126 obj=2.6116646135036052e-12 iters=10 flag=0
rep6 base construct n=256 reps=10 median_s=0.000183 min_s=0.000181 key=1033593541037988765 claims=5632
rep6 base transcribe n=256 reps=10 median_s=0.000169 min_s=0.000169 key=1033593541037988765 claims=5632
rep6 base transcribe+key n=256 reps=10 median_s=0.000169 min_s=0.000169 key=1033593541037988765 claims=5632
rep6 base analyze n=256 reps=10 median_s=0.000104 min_s=0.000095 key=1033593541037988765 claims=5632
rep6 base solve n=256 reps=10 median_s=0.004651 min_s=0.004513 obj=2.9175557197306854e-14 iters=14 flag=0
rep6 base solve1 n=256 reps=10 median_s=0.005842 min_s=0.005813 obj=2.917519665545426e-14 iters=14 flag=0
rep6 base construct n=1024 reps=10 median_s=0.000709 min_s=0.000702 key=3803498179268908311 claims=22528
rep6 base transcribe n=1024 reps=10 median_s=0.000655 min_s=0.000650 key=3803498179268908311 claims=22528
rep6 base transcribe+key n=1024 reps=10 median_s=0.000655 min_s=0.000649 key=3803498179268908311 claims=22528
rep6 base analyze n=1024 reps=10 median_s=0.000320 min_s=0.000309 key=3803498179268908311 claims=22528
rep6 base solve n=1024 reps=10 median_s=0.016692 min_s=0.016058 obj=5.3964117910896556e-11 iters=17 flag=0
rep6 base solve1 n=1024 reps=10 median_s=0.029324 min_s=0.029250 obj=5.3947172532226082e-11 iters=17 flag=0
rep6 head construct n=64 reps=10 median_s=0.000018 min_s=0.000017 key=13705983202458411805 claims=1408
rep6 head transcribe n=64 reps=10 median_s=0.000013 min_s=0.000013 key=13705983202458411805 claims=1408
rep6 head transcribe+key n=64 reps=10 median_s=0.000021 min_s=0.000021 key=13705983202458411805 claims=1408
rep6 head analyze n=64 reps=10 median_s=0.000020 min_s=0.000019 key=13705983202458411805 claims=1408
rep6 head solve n=64 reps=10 median_s=0.001512 min_s=0.001022 obj=2.6116646135036052e-12 iters=10 flag=0
rep6 head solve1 n=64 reps=10 median_s=0.001018 min_s=0.001010 obj=2.6116646135036052e-12 iters=10 flag=0
rep6 head construct n=256 reps=10 median_s=0.000067 min_s=0.000067 key=1033593541037988765 claims=5632
rep6 head transcribe n=256 reps=10 median_s=0.000055 min_s=0.000054 key=1033593541037988765 claims=5632
rep6 head transcribe+key n=256 reps=10 median_s=0.000085 min_s=0.000084 key=1033593541037988765 claims=5632
rep6 head analyze n=256 reps=10 median_s=0.000098 min_s=0.000092 key=1033593541037988765 claims=5632
rep6 head solve n=256 reps=10 median_s=0.003977 min_s=0.003907 obj=2.9162170767208844e-14 iters=14 flag=0
rep6 head solve1 n=256 reps=10 median_s=0.005223 min_s=0.005213 obj=2.917519665545426e-14 iters=14 flag=0
rep6 head construct n=1024 reps=10 median_s=0.000245 min_s=0.000243 key=3803498179268908311 claims=22528
rep6 head transcribe n=1024 reps=10 median_s=0.000193 min_s=0.000192 key=3803498179268908311 claims=22528
rep6 head transcribe+key n=1024 reps=10 median_s=0.000314 min_s=0.000313 key=3803498179268908311 claims=22528
rep6 head analyze n=1024 reps=10 median_s=0.000320 min_s=0.000308 key=3803498179268908311 claims=22528
rep6 head solve n=1024 reps=10 median_s=0.014160 min_s=0.013876 obj=5.3963383194895102e-11 iters=17 flag=0
rep6 head solve1 n=1024 reps=10 median_s=0.026971 min_s=0.026878 obj=5.3947172532226082e-11 iters=17 flag=0
rep7 base construct n=64 reps=10 median_s=0.000047 min_s=0.000046 key=13705983202458411805 claims=1408
rep7 base transcribe n=64 reps=10 median_s=0.000042 min_s=0.000042 key=13705983202458411805 claims=1408
rep7 base transcribe+key n=64 reps=10 median_s=0.000042 min_s=0.000042 key=13705983202458411805 claims=1408
rep7 base analyze n=64 reps=10 median_s=0.000021 min_s=0.000020 key=13705983202458411805 claims=1408
rep7 base solve n=64 reps=10 median_s=0.001158 min_s=0.001146 obj=2.6116646135036052e-12 iters=10 flag=0
rep7 base solve1 n=64 reps=10 median_s=0.001148 min_s=0.001127 obj=2.6116646135036052e-12 iters=10 flag=0
rep7 base construct n=256 reps=10 median_s=0.000183 min_s=0.000182 key=1033593541037988765 claims=5632
rep7 base transcribe n=256 reps=10 median_s=0.000173 min_s=0.000172 key=1033593541037988765 claims=5632
rep7 base transcribe+key n=256 reps=10 median_s=0.000173 min_s=0.000172 key=1033593541037988765 claims=5632
rep7 base analyze n=256 reps=10 median_s=0.000100 min_s=0.000091 key=1033593541037988765 claims=5632
rep7 base solve n=256 reps=10 median_s=0.004644 min_s=0.004496 obj=2.9177173045308781e-14 iters=14 flag=0
rep7 base solve1 n=256 reps=10 median_s=0.005827 min_s=0.005815 obj=2.917519665545426e-14 iters=14 flag=0
rep7 base construct n=1024 reps=10 median_s=0.000710 min_s=0.000705 key=3803498179268908311 claims=22528
rep7 base transcribe n=1024 reps=10 median_s=0.000666 min_s=0.000660 key=3803498179268908311 claims=22528
rep7 base transcribe+key n=1024 reps=10 median_s=0.000666 min_s=0.000659 key=3803498179268908311 claims=22528
rep7 base analyze n=1024 reps=10 median_s=0.000318 min_s=0.000315 key=3803498179268908311 claims=22528
rep7 base solve n=1024 reps=10 median_s=0.016648 min_s=0.016168 obj=5.3962928050375943e-11 iters=17 flag=0
rep7 base solve1 n=1024 reps=10 median_s=0.029423 min_s=0.029304 obj=5.3947172532226082e-11 iters=17 flag=0
rep7 head construct n=64 reps=10 median_s=0.000019 min_s=0.000018 key=13705983202458411805 claims=1408
rep7 head transcribe n=64 reps=10 median_s=0.000014 min_s=0.000013 key=13705983202458411805 claims=1408
rep7 head transcribe+key n=64 reps=10 median_s=0.000021 min_s=0.000021 key=13705983202458411805 claims=1408
rep7 head analyze n=64 reps=10 median_s=0.000020 min_s=0.000019 key=13705983202458411805 claims=1408
rep7 head solve n=64 reps=10 median_s=0.001726 min_s=0.001649 obj=2.6116646135036052e-12 iters=10 flag=0
rep7 head solve1 n=64 reps=10 median_s=0.001738 min_s=0.001703 obj=2.6116646135036052e-12 iters=10 flag=0
rep7 head construct n=256 reps=10 median_s=0.000105 min_s=0.000103 key=1033593541037988765 claims=5632
rep7 head transcribe n=256 reps=10 median_s=0.000081 min_s=0.000080 key=1033593541037988765 claims=5632
rep7 head transcribe+key n=256 reps=10 median_s=0.000112 min_s=0.000112 key=1033593541037988765 claims=5632
rep7 head analyze n=256 reps=10 median_s=0.000113 min_s=0.000100 key=1033593541037988765 claims=5632
rep7 head solve n=256 reps=10 median_s=0.004130 min_s=0.004021 obj=2.9177134685855083e-14 iters=14 flag=0
rep7 head solve1 n=256 reps=10 median_s=0.005254 min_s=0.005232 obj=2.917519665545426e-14 iters=14 flag=0
rep7 head construct n=1024 reps=10 median_s=0.000316 min_s=0.000309 key=3803498179268908311 claims=22528
rep7 head transcribe n=1024 reps=10 median_s=0.000194 min_s=0.000192 key=3803498179268908311 claims=22528
rep7 head transcribe+key n=1024 reps=10 median_s=0.000319 min_s=0.000313 key=3803498179268908311 claims=22528
rep7 head analyze n=1024 reps=10 median_s=0.000319 min_s=0.000309 key=3803498179268908311 claims=22528
rep7 head solve n=1024 reps=10 median_s=0.015033 min_s=0.013961 obj=5.3964288057805592e-11 iters=17 flag=0
rep7 head solve1 n=1024 reps=10 median_s=0.026615 min_s=0.026521 obj=5.3947172532226082e-11 iters=17 flag=0
