# leg: ipm wall leg
# date: 2026-08-25T04:13:19-04:00   host: Linux 7.1.9-200.fc44.x86_64
# probe source: /home/ghecht/Projects/tycho/dep/hven/docs/notes/data/m4-ipm-wall-leg/ipm_time.cpp  sha256=9927f6852ad464604111cfb7d2a93ecea64acce8803ee2fe4591d13e3ea010c3
# binary base: /home/ghecht/Projects/tycho/dep/hven/docs/notes/data/m4-ipm-wall-leg/ipm_base  sha256=c73eab0485f0a3923de39aeaf4997bc410f72842d38af52b35d030618f23b4d2  mtime=2026-08-25T04:11:25-04:00
# binary head: /home/ghecht/Projects/tycho/dep/hven/docs/notes/data/m4-ipm-wall-leg/ipm_head  sha256=ca8aa725c0e6b8a5fe8fdd49d5da91a3c47b61b086adf443be0272157d892c07  mtime=2026-08-25T04:11:30-04:00
# reps=9 inner=15  loadavg=2.19 2.17 1.79
=== arm: serial
rep1 base wide n=60 reps=15 median_s=0.001922 min_s=0.001902 iters=7 flag=0 xnorm2=1.3750963021836506
rep1 base wide n=120 reps=15 median_s=0.006573 min_s=0.006279 iters=7 flag=0 xnorm2=2.7501926043856093
rep1 base wide n=240 reps=15 median_s=0.031227 min_s=0.031084 iters=8 flag=0 xnorm2=5.5003852082409646
rep1 head wide n=60 reps=15 median_s=0.001908 min_s=0.001883 iters=7 flag=0 xnorm2=1.3750963021836506
rep1 head wide n=120 reps=15 median_s=0.006558 min_s=0.006104 iters=7 flag=0 xnorm2=2.7501926043856093
rep1 head wide n=240 reps=15 median_s=0.030553 min_s=0.030307 iters=8 flag=0 xnorm2=5.5003852082409646
rep2 base wide n=60 reps=15 median_s=0.001929 min_s=0.001908 iters=7 flag=0 xnorm2=1.3750963021836506
rep2 base wide n=120 reps=15 median_s=0.006624 min_s=0.006252 iters=7 flag=0 xnorm2=2.7501926043856093
rep2 base wide n=240 reps=15 median_s=0.031243 min_s=0.031026 iters=8 flag=0 xnorm2=5.5003852082409646
rep2 head wide n=60 reps=15 median_s=0.001908 min_s=0.001888 iters=7 flag=0 xnorm2=1.3750963021836506
rep2 head wide n=120 reps=15 median_s=0.006561 min_s=0.006151 iters=7 flag=0 xnorm2=2.7501926043856093
rep2 head wide n=240 reps=15 median_s=0.030324 min_s=0.030092 iters=8 flag=0 xnorm2=5.5003852082409646
rep3 base wide n=60 reps=15 median_s=0.001959 min_s=0.001905 iters=7 flag=0 xnorm2=1.3750963021836506
rep3 base wide n=120 reps=15 median_s=0.006655 min_s=0.006264 iters=7 flag=0 xnorm2=2.7501926043856093
rep3 base wide n=240 reps=15 median_s=0.031269 min_s=0.031033 iters=8 flag=0 xnorm2=5.5003852082409646
rep3 head wide n=60 reps=15 median_s=0.001902 min_s=0.001884 iters=7 flag=0 xnorm2=1.3750963021836506
rep3 head wide n=120 reps=15 median_s=0.006567 min_s=0.006201 iters=7 flag=0 xnorm2=2.7501926043856093
rep3 head wide n=240 reps=15 median_s=0.030166 min_s=0.030084 iters=8 flag=0 xnorm2=5.5003852082409646
rep4 base wide n=60 reps=15 median_s=0.001935 min_s=0.001919 iters=7 flag=0 xnorm2=1.3750963021836506
rep4 base wide n=120 reps=15 median_s=0.006602 min_s=0.006267 iters=7 flag=0 xnorm2=2.7501926043856093
rep4 base wide n=240 reps=15 median_s=0.031280 min_s=0.031064 iters=8 flag=0 xnorm2=5.5003852082409646
rep4 head wide n=60 reps=15 median_s=0.001914 min_s=0.001889 iters=7 flag=0 xnorm2=1.3750963021836506
rep4 head wide n=120 reps=15 median_s=0.006531 min_s=0.006126 iters=7 flag=0 xnorm2=2.7501926043856093
rep4 head wide n=240 reps=15 median_s=0.030513 min_s=0.030067 iters=8 flag=0 xnorm2=5.5003852082409646
rep5 base wide n=60 reps=15 median_s=0.001932 min_s=0.001908 iters=7 flag=0 xnorm2=1.3750963021836506
rep5 base wide n=120 reps=15 median_s=0.006604 min_s=0.006249 iters=7 flag=0 xnorm2=2.7501926043856093
rep5 base wide n=240 reps=15 median_s=0.031220 min_s=0.031041 iters=8 flag=0 xnorm2=5.5003852082409646
rep5 head wide n=60 reps=15 median_s=0.001928 min_s=0.001886 iters=7 flag=0 xnorm2=1.3750963021836506
rep5 head wide n=120 reps=15 median_s=0.006565 min_s=0.006126 iters=7 flag=0 xnorm2=2.7501926043856093
rep5 head wide n=240 reps=15 median_s=0.030416 min_s=0.030179 iters=8 flag=0 xnorm2=5.5003852082409646
rep6 base wide n=60 reps=15 median_s=0.001933 min_s=0.001906 iters=7 flag=0 xnorm2=1.3750963021836506
rep6 base wide n=120 reps=15 median_s=0.006620 min_s=0.006268 iters=7 flag=0 xnorm2=2.7501926043856093
rep6 base wide n=240 reps=15 median_s=0.031311 min_s=0.031053 iters=8 flag=0 xnorm2=5.5003852082409646
rep6 head wide n=60 reps=15 median_s=0.001912 min_s=0.001889 iters=7 flag=0 xnorm2=1.3750963021836506
rep6 head wide n=120 reps=15 median_s=0.006545 min_s=0.006193 iters=7 flag=0 xnorm2=2.7501926043856093
rep6 head wide n=240 reps=15 median_s=0.030331 min_s=0.030161 iters=8 flag=0 xnorm2=5.5003852082409646
rep7 base wide n=60 reps=15 median_s=0.001932 min_s=0.001918 iters=7 flag=0 xnorm2=1.3750963021836506
rep7 base wide n=120 reps=15 median_s=0.006593 min_s=0.006301 iters=7 flag=0 xnorm2=2.7501926043856093
rep7 base wide n=240 reps=15 median_s=0.031262 min_s=0.031056 iters=8 flag=0 xnorm2=5.5003852082409646
rep7 head wide n=60 reps=15 median_s=0.001912 min_s=0.001880 iters=7 flag=0 xnorm2=1.3750963021836506
rep7 head wide n=120 reps=15 median_s=0.006526 min_s=0.006136 iters=7 flag=0 xnorm2=2.7501926043856093
rep7 head wide n=240 reps=15 median_s=0.030548 min_s=0.030078 iters=8 flag=0 xnorm2=5.5003852082409646
rep8 base wide n=60 reps=15 median_s=0.001939 min_s=0.001909 iters=7 flag=0 xnorm2=1.3750963021836506
rep8 base wide n=120 reps=15 median_s=0.006611 min_s=0.006247 iters=7 flag=0 xnorm2=2.7501926043856093
rep8 base wide n=240 reps=15 median_s=0.031256 min_s=0.031073 iters=8 flag=0 xnorm2=5.5003852082409646
rep8 head wide n=60 reps=15 median_s=0.001911 min_s=0.001887 iters=7 flag=0 xnorm2=1.3750963021836506
rep8 head wide n=120 reps=15 median_s=0.006566 min_s=0.006158 iters=7 flag=0 xnorm2=2.7501926043856093
rep8 head wide n=240 reps=15 median_s=0.030363 min_s=0.030061 iters=8 flag=0 xnorm2=5.5003852082409646
rep9 base wide n=60 reps=15 median_s=0.001935 min_s=0.001913 iters=7 flag=0 xnorm2=1.3750963021836506
rep9 base wide n=120 reps=15 median_s=0.006622 min_s=0.006247 iters=7 flag=0 xnorm2=2.7501926043856093
rep9 base wide n=240 reps=15 median_s=0.031303 min_s=0.031052 iters=8 flag=0 xnorm2=5.5003852082409646
rep9 head wide n=60 reps=15 median_s=0.001909 min_s=0.001885 iters=7 flag=0 xnorm2=1.3750963021836506
rep9 head wide n=120 reps=15 median_s=0.006507 min_s=0.006122 iters=7 flag=0 xnorm2=2.7501926043856093
rep9 head wide n=240 reps=15 median_s=0.030422 min_s=0.030026 iters=8 flag=0 xnorm2=5.5003852082409646
=== arm: threaded
rep1 base wide n=60 reps=15 median_s=0.002465 min_s=0.001807 iters=7 flag=0 xnorm2=1.3750963021836506
rep1 base wide n=120 reps=15 median_s=0.006357 min_s=0.006045 iters=7 flag=0 xnorm2=2.7501926043856093
rep1 base wide n=240 reps=15 median_s=0.029199 min_s=0.029014 iters=8 flag=0 xnorm2=5.5003852082409646
rep1 head wide n=60 reps=15 median_s=0.001779 min_s=0.001757 iters=7 flag=0 xnorm2=1.3750963021836506
rep1 head wide n=120 reps=15 median_s=0.006275 min_s=0.006014 iters=7 flag=0 xnorm2=2.7501926043856093
rep1 head wide n=240 reps=15 median_s=0.028579 min_s=0.028134 iters=8 flag=0 xnorm2=5.5003852082409646
rep2 base wide n=60 reps=15 median_s=0.001794 min_s=0.001779 iters=7 flag=0 xnorm2=1.3750963021836506
rep2 base wide n=120 reps=15 median_s=0.006377 min_s=0.006065 iters=7 flag=0 xnorm2=2.7501926043856093
rep2 base wide n=240 reps=15 median_s=0.029343 min_s=0.029106 iters=8 flag=0 xnorm2=5.5003852082409646
rep2 head wide n=60 reps=15 median_s=0.001790 min_s=0.001769 iters=7 flag=0 xnorm2=1.3750963021836506
rep2 head wide n=120 reps=15 median_s=0.006275 min_s=0.005961 iters=7 flag=0 xnorm2=2.7501926043856093
rep2 head wide n=240 reps=15 median_s=0.028466 min_s=0.028155 iters=8 flag=0 xnorm2=5.5003852082409646
rep3 base wide n=60 reps=15 median_s=0.001807 min_s=0.001781 iters=7 flag=0 xnorm2=1.3750963021836506
rep3 base wide n=120 reps=15 median_s=0.006374 min_s=0.006040 iters=7 flag=0 xnorm2=2.7501926043856093
rep3 base wide n=240 reps=15 median_s=0.029179 min_s=0.029085 iters=8 flag=0 xnorm2=5.5003852082409646
rep3 head wide n=60 reps=15 median_s=0.001779 min_s=0.001759 iters=7 flag=0 xnorm2=1.3750963021836506
rep3 head wide n=120 reps=15 median_s=0.006267 min_s=0.006014 iters=7 flag=0 xnorm2=2.7501926043856093
rep3 head wide n=240 reps=15 median_s=0.028446 min_s=0.028089 iters=8 flag=0 xnorm2=5.5003852082409646
rep4 base wide n=60 reps=15 median_s=0.002467 min_s=0.002455 iters=7 flag=0 xnorm2=1.3750963021836506
rep4 base wide n=120 reps=15 median_s=0.008526 min_s=0.006317 iters=7 flag=0 xnorm2=2.7501926043856093
rep4 base wide n=240 reps=15 median_s=0.029086 min_s=0.028977 iters=8 flag=0 xnorm2=5.5003852082409646
rep4 head wide n=60 reps=15 median_s=0.002425 min_s=0.002406 iters=7 flag=0 xnorm2=1.3750963021836506
rep4 head wide n=120 reps=15 median_s=0.008055 min_s=0.006029 iters=7 flag=0 xnorm2=2.7501926043856093
rep4 head wide n=240 reps=15 median_s=0.028488 min_s=0.028083 iters=8 flag=0 xnorm2=5.5003852082409646
rep5 base wide n=60 reps=15 median_s=0.001800 min_s=0.001780 iters=7 flag=0 xnorm2=1.3750963021836506
rep5 base wide n=120 reps=15 median_s=0.006371 min_s=0.006038 iters=7 flag=0 xnorm2=2.7501926043856093
rep5 base wide n=240 reps=15 median_s=0.029294 min_s=0.029073 iters=8 flag=0 xnorm2=5.5003852082409646
rep5 head wide n=60 reps=15 median_s=0.001769 min_s=0.001752 iters=7 flag=0 xnorm2=1.3750963021836506
rep5 head wide n=120 reps=15 median_s=0.006238 min_s=0.005892 iters=7 flag=0 xnorm2=2.7501926043856093
rep5 head wide n=240 reps=15 median_s=0.028405 min_s=0.028092 iters=8 flag=0 xnorm2=5.5003852082409646
rep6 base wide n=60 reps=15 median_s=0.001794 min_s=0.001774 iters=7 flag=0 xnorm2=1.3750963021836506
rep6 base wide n=120 reps=15 median_s=0.006357 min_s=0.006080 iters=7 flag=0 xnorm2=2.7501926043856093
rep6 base wide n=240 reps=15 median_s=0.029445 min_s=0.029301 iters=8 flag=0 xnorm2=5.5003852082409646
rep6 head wide n=60 reps=15 median_s=0.001800 min_s=0.001751 iters=7 flag=0 xnorm2=1.3750963021836506
rep6 head wide n=120 reps=15 median_s=0.006265 min_s=0.005936 iters=7 flag=0 xnorm2=2.7501926043856093
rep6 head wide n=240 reps=15 median_s=0.028424 min_s=0.028095 iters=8 flag=0 xnorm2=5.5003852082409646
rep7 base wide n=60 reps=15 median_s=0.001811 min_s=0.001787 iters=7 flag=0 xnorm2=1.3750963021836506
rep7 base wide n=120 reps=15 median_s=0.006388 min_s=0.006037 iters=7 flag=0 xnorm2=2.7501926043856093
rep7 base wide n=240 reps=15 median_s=0.029409 min_s=0.029113 iters=8 flag=0 xnorm2=5.5003852082409646
rep7 head wide n=60 reps=15 median_s=0.001789 min_s=0.001765 iters=7 flag=0 xnorm2=1.3750963021836506
rep7 head wide n=120 reps=15 median_s=0.006278 min_s=0.005919 iters=7 flag=0 xnorm2=2.7501926043856093
rep7 head wide n=240 reps=15 median_s=0.028421 min_s=0.028320 iters=8 flag=0 xnorm2=5.5003852082409646
rep8 base wide n=60 reps=15 median_s=0.001821 min_s=0.001778 iters=7 flag=0 xnorm2=1.3750963021836506
rep8 base wide n=120 reps=15 median_s=0.006339 min_s=0.006022 iters=7 flag=0 xnorm2=2.7501926043856093
rep8 base wide n=240 reps=15 median_s=0.029177 min_s=0.028991 iters=8 flag=0 xnorm2=5.5003852082409646
rep8 head wide n=60 reps=15 median_s=0.001802 min_s=0.001775 iters=7 flag=0 xnorm2=1.3750963021836506
rep8 head wide n=120 reps=15 median_s=0.006279 min_s=0.005960 iters=7 flag=0 xnorm2=2.7501926043856093
rep8 head wide n=240 reps=15 median_s=0.028385 min_s=0.028112 iters=8 flag=0 xnorm2=5.5003852082409646
rep9 base wide n=60 reps=15 median_s=0.001797 min_s=0.001779 iters=7 flag=0 xnorm2=1.3750963021836506
rep9 base wide n=120 reps=15 median_s=0.006379 min_s=0.006036 iters=7 flag=0 xnorm2=2.7501926043856093
rep9 base wide n=240 reps=15 median_s=0.029226 min_s=0.028977 iters=8 flag=0 xnorm2=5.5003852082409646
rep9 head wide n=60 reps=15 median_s=0.002421 min_s=0.002403 iters=7 flag=0 xnorm2=1.3750963021836506
rep9 head wide n=120 reps=15 median_s=0.006370 min_s=0.005922 iters=7 flag=0 xnorm2=2.7501926043856093
rep9 head wide n=240 reps=15 median_s=0.028381 min_s=0.028064 iters=8 flag=0 xnorm2=5.5003852082409646
