hs1 ipm trace=off median=0.002333s spread=24.439% majors=29 elastic=0 rung_b=0
hs3 ipm trace=off median=0.000600s spread=18.185% majors=4 elastic=0 rung_b=0
hs5 ipm trace=off median=0.000375s spread=19.606% majors=4 elastic=0 rung_b=0
hs6 ipm trace=off median=0.000934s spread=24.928% majors=8 elastic=0 rung_b=0
hs7 ipm trace=off median=0.001090s spread=17.384% majors=9 elastic=0 rung_b=0
hs10 ipm trace=off median=0.004659s spread=6.034% majors=14 elastic=8 rung_b=0
hs11 ipm trace=off median=0.001223s spread=36.220% majors=7 elastic=2 rung_b=0
hs12 ipm trace=off median=0.000762s spread=29.375% majors=6 elastic=0 rung_b=0
hs14 ipm trace=off median=0.000578s spread=64.381% majors=5 elastic=0 rung_b=0
hs15 ipm trace=off median=0.003120s spread=14.145% majors=9 elastic=2 rung_b=0
hs22 ipm trace=off median=0.000749s spread=26.972% majors=2 elastic=0 rung_b=0
hs24 ipm trace=off median=0.000589s spread=12.691% majors=3 elastic=0 rung_b=0
hs25 ipm trace=off median=0.000027s spread=68.372% majors=0 elastic=0 rung_b=0
hs26 ipm trace=off median=0.001704s spread=17.874% majors=17 elastic=0 rung_b=0
hs27 ipm trace=off median=0.001910s spread=13.359% majors=4 elastic=1 rung_b=0
hs28 ipm trace=off median=0.000465s spread=17.654% majors=3 elastic=0 rung_b=0
hs30 ipm trace=off median=0.001253s spread=29.533% majors=11 elastic=0 rung_b=0
hs33 ipm trace=off median=0.001905s spread=64.737% majors=7 elastic=0 rung_b=0
hs35 ipm trace=off median=0.000155s spread=33.856% majors=1 elastic=0 rung_b=0
hs38 ipm trace=off median=0.006246s spread=35.595% majors=49 elastic=0 rung_b=0
hs39 ipm trace=off median=0.001204s spread=31.742% majors=9 elastic=0 rung_b=0
hs40 ipm trace=off median=0.000493s spread=33.946% majors=4 elastic=0 rung_b=0
hs43 ipm trace=off median=0.001364s spread=26.194% majors=7 elastic=0 rung_b=0
hs45 ipm trace=off median=0.001128s spread=155.452% majors=3 elastic=0 rung_b=0
hs76 ipm trace=off median=0.000534s spread=40.429% majors=2 elastic=0 rung_b=0
hs77 ipm trace=off median=0.001474s spread=9.891% majors=12 elastic=0 rung_b=0
hs79 ipm trace=off median=0.000512s spread=19.461% majors=4 elastic=0 rung_b=0

HS SUITE: 27 cell(s), engine ipm, trace off, repeat 1000, warmup 1
  corpus (sum of per-cell medians): 0.037386 s
  worst per-cell median SE: 0.219 %   <-- THE CALIBRATION READING (target <= 0.5, falls as 1/sqrt(N))
  worst per-cell max-min spread: 155.452 %  (raw cloud; NOT a calibration
                                            statistic -- it is monotone in N)
  cells with unstable counters across repeats: 0
  elastic activations: 13   fallback rung B: 0
wrote 27 row(s) to /home/ghecht/Projects/hven/.scratch/w5t89r/art2/raw/leg2/ipm/off/base-r2.csv
