hs1 ipm trace=off median=0.002327s spread=45.046% majors=29 elastic=0 rung_b=0
hs3 ipm trace=off median=0.000595s spread=13.509% majors=4 elastic=0 rung_b=0
hs5 ipm trace=off median=0.000369s spread=111.663% majors=4 elastic=0 rung_b=0
hs6 ipm trace=off median=0.000929s spread=308.783% majors=8 elastic=0 rung_b=0
hs7 ipm trace=off median=0.001083s spread=15.749% majors=9 elastic=0 rung_b=0
hs10 ipm trace=off median=0.004632s spread=9.834% majors=14 elastic=8 rung_b=0
hs11 ipm trace=off median=0.001221s spread=31.704% majors=7 elastic=2 rung_b=0
hs12 ipm trace=off median=0.000760s spread=64.402% majors=6 elastic=0 rung_b=0
hs14 ipm trace=off median=0.000571s spread=86.801% majors=5 elastic=0 rung_b=0
hs15 ipm trace=off median=0.003106s spread=57.955% majors=9 elastic=2 rung_b=0
hs22 ipm trace=off median=0.000741s spread=21.675% majors=2 elastic=0 rung_b=0
hs24 ipm trace=off median=0.000589s spread=13.582% majors=3 elastic=0 rung_b=0
hs25 ipm trace=off median=0.000027s spread=33.017% majors=0 elastic=0 rung_b=0
hs26 ipm trace=off median=0.001707s spread=42.373% majors=17 elastic=0 rung_b=0
hs27 ipm trace=off median=0.001909s spread=12.657% majors=4 elastic=1 rung_b=0
hs28 ipm trace=off median=0.000465s spread=19.800% majors=3 elastic=0 rung_b=0
hs30 ipm trace=off median=0.001258s spread=19.529% majors=11 elastic=0 rung_b=0
hs33 ipm trace=off median=0.001908s spread=14.775% majors=7 elastic=0 rung_b=0
hs35 ipm trace=off median=0.000155s spread=35.199% majors=1 elastic=0 rung_b=0
hs38 ipm trace=off median=0.006247s spread=7.211% majors=49 elastic=0 rung_b=0
hs39 ipm trace=off median=0.001213s spread=22.115% majors=9 elastic=0 rung_b=0
hs40 ipm trace=off median=0.000491s spread=33.428% majors=4 elastic=0 rung_b=0
hs43 ipm trace=off median=0.001357s spread=24.962% majors=7 elastic=0 rung_b=0
hs45 ipm trace=off median=0.001123s spread=17.098% majors=3 elastic=0 rung_b=0
hs76 ipm trace=off median=0.000534s spread=22.974% majors=2 elastic=0 rung_b=0
hs77 ipm trace=off median=0.001468s spread=20.747% majors=12 elastic=0 rung_b=0
hs79 ipm trace=off median=0.000511s spread=26.821% majors=4 elastic=0 rung_b=0

HS SUITE: 27 cell(s), engine ipm, trace off, repeat 1000, warmup 1
  corpus (sum of per-cell medians): 0.037296 s
  worst per-cell median SE: 0.414 %   <-- THE CALIBRATION READING (target <= 0.5, falls as 1/sqrt(N))
  worst per-cell max-min spread: 308.783 %  (raw cloud; NOT a calibration
                                            statistic -- it is monotone in N)
  cells with unstable counters across repeats: 0
  elastic activations: 13   fallback rung B: 0
wrote 27 row(s) to /home/ghecht/Projects/hven/.scratch/w5t89r/art2/raw/leg2/ipm/off/base-r1.csv
