hs1 ipm trace=off median=0.002285s spread=54.479% majors=29 elastic=0 rung_b=0
hs3 ipm trace=off median=0.000587s spread=103.105% majors=4 elastic=0 rung_b=0
hs5 ipm trace=off median=0.000363s spread=50.765% majors=4 elastic=0 rung_b=0
hs6 ipm trace=off median=0.000920s spread=29.218% majors=8 elastic=0 rung_b=0
hs7 ipm trace=off median=0.001073s spread=8.932% majors=9 elastic=0 rung_b=0
hs10 ipm trace=off median=0.004542s spread=8.806% majors=14 elastic=8 rung_b=0
hs11 ipm trace=off median=0.001183s spread=12.763% majors=7 elastic=2 rung_b=0
hs12 ipm trace=off median=0.000855s spread=38.720% majors=6 elastic=0 rung_b=0
hs14 ipm trace=off median=0.000558s spread=11.120% majors=5 elastic=0 rung_b=0
hs15 ipm trace=off median=0.003259s spread=89.103% majors=9 elastic=2 rung_b=0
hs22 ipm trace=off median=0.000702s spread=8.468% majors=2 elastic=0 rung_b=0
hs24 ipm trace=off median=0.000572s spread=31.996% majors=3 elastic=0 rung_b=0
hs25 ipm trace=off median=0.000027s spread=121.321% majors=0 elastic=0 rung_b=0
hs26 ipm trace=off median=0.001679s spread=18.602% majors=17 elastic=0 rung_b=0
hs27 ipm trace=off median=0.001862s spread=17.556% majors=4 elastic=1 rung_b=0
hs28 ipm trace=off median=0.000453s spread=18.554% majors=3 elastic=0 rung_b=0
hs30 ipm trace=off median=0.001222s spread=19.689% majors=11 elastic=0 rung_b=0
hs33 ipm trace=off median=0.001881s spread=44.839% majors=7 elastic=0 rung_b=0
hs35 ipm trace=off median=0.000152s spread=39.254% majors=1 elastic=0 rung_b=0
hs38 ipm trace=off median=0.006069s spread=18.488% majors=49 elastic=0 rung_b=0
hs39 ipm trace=off median=0.001177s spread=12.237% majors=9 elastic=0 rung_b=0
hs40 ipm trace=off median=0.000479s spread=55.737% majors=4 elastic=0 rung_b=0
hs43 ipm trace=off median=0.001335s spread=10.201% majors=7 elastic=0 rung_b=0
hs45 ipm trace=off median=0.001109s spread=16.752% majors=3 elastic=0 rung_b=0
hs76 ipm trace=off median=0.000519s spread=15.343% majors=2 elastic=0 rung_b=0
hs77 ipm trace=off median=0.001441s spread=10.748% majors=12 elastic=0 rung_b=0
hs79 ipm trace=off median=0.000502s spread=11.327% majors=4 elastic=0 rung_b=0

HS SUITE: 27 cell(s), engine ipm, trace off, repeat 1000, warmup 1
  corpus (sum of per-cell medians): 0.036805 s
  worst per-cell median SE: 0.333 %   <-- THE CALIBRATION READING (target <= 0.5, falls as 1/sqrt(N))
  worst per-cell max-min spread: 121.321 %  (raw cloud; NOT a calibration
                                            statistic -- it is monotone in N)
  cells with unstable counters across repeats: 0
  elastic activations: 13   fallback rung B: 0
wrote 27 row(s) to /home/ghecht/Projects/hven/.scratch/w5t89r/art2/raw/leg2/ipm/off/head-r2.csv
