hs1 ipm trace=off median=0.002325s spread=27.305% majors=29 elastic=0 rung_b=0
hs3 ipm trace=off median=0.000592s spread=38.278% majors=4 elastic=0 rung_b=0
hs5 ipm trace=off median=0.000368s spread=33.494% majors=4 elastic=0 rung_b=0
hs6 ipm trace=off median=0.000927s spread=20.309% majors=8 elastic=0 rung_b=0
hs7 ipm trace=off median=0.001082s spread=22.662% majors=9 elastic=0 rung_b=0
hs10 ipm trace=off median=0.004630s spread=7.383% majors=14 elastic=8 rung_b=0
hs11 ipm trace=off median=0.001223s spread=129.922% majors=7 elastic=2 rung_b=0
hs12 ipm trace=off median=0.000762s spread=24.586% majors=6 elastic=0 rung_b=0
hs14 ipm trace=off median=0.000572s spread=18.473% majors=5 elastic=0 rung_b=0
hs15 ipm trace=off median=0.003120s spread=8.597% majors=9 elastic=2 rung_b=0
hs22 ipm trace=off median=0.000746s spread=19.356% majors=2 elastic=0 rung_b=0
hs24 ipm trace=off median=0.000591s spread=17.920% majors=3 elastic=0 rung_b=0
hs25 ipm trace=off median=0.000027s spread=44.495% majors=0 elastic=0 rung_b=0
hs26 ipm trace=off median=0.001709s spread=13.717% majors=17 elastic=0 rung_b=0
hs27 ipm trace=off median=0.001909s spread=12.205% majors=4 elastic=1 rung_b=0
hs28 ipm trace=off median=0.000465s spread=27.863% majors=3 elastic=0 rung_b=0
hs30 ipm trace=off median=0.001266s spread=27.351% majors=11 elastic=0 rung_b=0
hs33 ipm trace=off median=0.001907s spread=15.275% majors=7 elastic=0 rung_b=0
hs35 ipm trace=off median=0.000156s spread=45.659% majors=1 elastic=0 rung_b=0
hs38 ipm trace=off median=0.006274s spread=6.054% majors=49 elastic=0 rung_b=0
hs39 ipm trace=off median=0.001211s spread=18.484% majors=9 elastic=0 rung_b=0
hs40 ipm trace=off median=0.000493s spread=17.415% majors=4 elastic=0 rung_b=0
hs43 ipm trace=off median=0.001358s spread=19.006% majors=7 elastic=0 rung_b=0
hs45 ipm trace=off median=0.001127s spread=17.411% majors=3 elastic=0 rung_b=0
hs76 ipm trace=off median=0.000535s spread=16.509% majors=2 elastic=0 rung_b=0
hs77 ipm trace=off median=0.001470s spread=15.800% majors=12 elastic=0 rung_b=0
hs79 ipm trace=off median=0.000512s spread=18.177% majors=4 elastic=0 rung_b=0

HS SUITE: 27 cell(s), engine ipm, trace off, repeat 1000, warmup 1
  corpus (sum of per-cell medians): 0.037358 s
  worst per-cell median SE: 0.197 %   <-- THE CALIBRATION READING (target <= 0.5, falls as 1/sqrt(N))
  worst per-cell max-min spread: 129.922 %  (raw cloud; NOT a calibration
                                            statistic -- it is monotone in N)
  cells with unstable counters across repeats: 0
  elastic activations: 13   fallback rung B: 0
wrote 27 row(s) to /home/ghecht/Projects/hven/.scratch/w5t89r/art2/raw/leg2/ipm/off/passB-base-r3.csv
