hs1 ipm trace=off median=0.002349s spread=123.936% majors=29 elastic=0 rung_b=0
hs3 ipm trace=off median=0.000604s spread=44.964% majors=4 elastic=0 rung_b=0
hs5 ipm trace=off median=0.000376s spread=88.221% majors=4 elastic=0 rung_b=0
hs6 ipm trace=off median=0.000942s spread=23.985% majors=8 elastic=0 rung_b=0
hs7 ipm trace=off median=0.001099s spread=16.635% majors=9 elastic=0 rung_b=0
hs10 ipm trace=off median=0.004653s spread=64.246% majors=14 elastic=8 rung_b=0
hs11 ipm trace=off median=0.001225s spread=22.822% majors=7 elastic=2 rung_b=0
hs12 ipm trace=off median=0.000764s spread=25.538% majors=6 elastic=0 rung_b=0
hs14 ipm trace=off median=0.000574s spread=17.549% majors=5 elastic=0 rung_b=0
hs15 ipm trace=off median=0.003140s spread=17.264% majors=9 elastic=2 rung_b=0
hs22 ipm trace=off median=0.000745s spread=24.531% majors=2 elastic=0 rung_b=0
hs24 ipm trace=off median=0.000592s spread=32.660% majors=3 elastic=0 rung_b=0
hs25 ipm trace=off median=0.000027s spread=125.525% majors=0 elastic=0 rung_b=0
hs26 ipm trace=off median=0.001715s spread=22.494% majors=17 elastic=0 rung_b=0
hs27 ipm trace=off median=0.001913s spread=14.700% majors=4 elastic=1 rung_b=0
hs28 ipm trace=off median=0.000466s spread=15.819% majors=3 elastic=0 rung_b=0
hs30 ipm trace=off median=0.001267s spread=26.122% majors=11 elastic=0 rung_b=0
hs33 ipm trace=off median=0.001924s spread=20.931% majors=7 elastic=0 rung_b=0
hs35 ipm trace=off median=0.000157s spread=31.529% majors=1 elastic=0 rung_b=0
hs38 ipm trace=off median=0.006290s spread=67.757% majors=49 elastic=0 rung_b=0
hs39 ipm trace=off median=0.001216s spread=19.058% majors=9 elastic=0 rung_b=0
hs40 ipm trace=off median=0.000492s spread=39.046% majors=4 elastic=0 rung_b=0
hs43 ipm trace=off median=0.001363s spread=35.482% majors=7 elastic=0 rung_b=0
hs45 ipm trace=off median=0.001127s spread=20.897% majors=3 elastic=0 rung_b=0
hs76 ipm trace=off median=0.000535s spread=34.878% majors=2 elastic=0 rung_b=0
hs77 ipm trace=off median=0.001474s spread=41.668% majors=12 elastic=0 rung_b=0
hs79 ipm trace=off median=0.000512s spread=49.223% majors=4 elastic=0 rung_b=0

HS SUITE: 27 cell(s), engine ipm, trace off, repeat 1000, warmup 1
  corpus (sum of per-cell medians): 0.037541 s
  worst per-cell median SE: 0.262 %   <-- THE CALIBRATION READING (target <= 0.5, falls as 1/sqrt(N))
  worst per-cell max-min spread: 125.525 %  (raw cloud; NOT a calibration
                                            statistic -- it is monotone in N)
  cells with unstable counters across repeats: 0
  elastic activations: 13   fallback rung B: 0
wrote 27 row(s) to /home/ghecht/Projects/hven/.scratch/w5t89r/art2/raw/leg2/ipm/off/passB-base-r2.csv
