hs1 ipm trace=off median=0.002305s spread=29.197% majors=29 elastic=0 rung_b=0
hs3 ipm trace=off median=0.000592s spread=23.191% majors=4 elastic=0 rung_b=0
hs5 ipm trace=off median=0.000364s spread=52.196% majors=4 elastic=0 rung_b=0
hs6 ipm trace=off median=0.000924s spread=17.868% majors=8 elastic=0 rung_b=0
hs7 ipm trace=off median=0.001078s spread=24.553% majors=9 elastic=0 rung_b=0
hs10 ipm trace=off median=0.004580s spread=73.122% majors=14 elastic=8 rung_b=0
hs11 ipm trace=off median=0.001192s spread=34.235% majors=7 elastic=2 rung_b=0
hs12 ipm trace=off median=0.000858s spread=25.707% majors=6 elastic=0 rung_b=0
hs14 ipm trace=off median=0.000558s spread=39.689% majors=5 elastic=0 rung_b=0
hs15 ipm trace=off median=0.003271s spread=21.198% majors=9 elastic=2 rung_b=0
hs22 ipm trace=off median=0.000706s spread=33.652% majors=2 elastic=0 rung_b=0
hs24 ipm trace=off median=0.000573s spread=40.792% majors=3 elastic=0 rung_b=0
hs25 ipm trace=off median=0.000027s spread=135.929% majors=0 elastic=0 rung_b=0
hs26 ipm trace=off median=0.001682s spread=34.468% majors=17 elastic=0 rung_b=0
hs27 ipm trace=off median=0.001869s spread=18.832% majors=4 elastic=1 rung_b=0
hs28 ipm trace=off median=0.000454s spread=19.624% majors=3 elastic=0 rung_b=0
hs30 ipm trace=off median=0.001223s spread=8.167% majors=11 elastic=0 rung_b=0
hs33 ipm trace=off median=0.001888s spread=5.675% majors=7 elastic=0 rung_b=0
hs35 ipm trace=off median=0.000152s spread=59.577% majors=1 elastic=0 rung_b=0
hs38 ipm trace=off median=0.006080s spread=3.684% majors=49 elastic=0 rung_b=0
hs39 ipm trace=off median=0.001183s spread=10.013% majors=9 elastic=0 rung_b=0
hs40 ipm trace=off median=0.000481s spread=16.983% majors=4 elastic=0 rung_b=0
hs43 ipm trace=off median=0.001344s spread=9.067% majors=7 elastic=0 rung_b=0
hs45 ipm trace=off median=0.001117s spread=30.815% majors=3 elastic=0 rung_b=0
hs76 ipm trace=off median=0.000522s spread=19.125% majors=2 elastic=0 rung_b=0
hs77 ipm trace=off median=0.001446s spread=74.307% majors=12 elastic=0 rung_b=0
hs79 ipm trace=off median=0.000501s spread=14.194% majors=4 elastic=0 rung_b=0

HS SUITE: 27 cell(s), engine ipm, trace off, repeat 1000, warmup 1
  corpus (sum of per-cell medians): 0.036970 s
  worst per-cell median SE: 0.225 %   <-- THE CALIBRATION READING (target <= 0.5, falls as 1/sqrt(N))
  worst per-cell max-min spread: 135.929 %  (raw cloud; NOT a calibration
                                            statistic -- it is monotone in N)
  cells with unstable counters across repeats: 0
  elastic activations: 13   fallback rung B: 0
wrote 27 row(s) to /home/ghecht/Projects/hven/.scratch/w5t89r/art2/raw/leg2/ipm/off/passB-head-r3.csv
