hs1 ipm trace=off median=0.002285s spread=29.636% majors=29 elastic=0 rung_b=0
hs3 ipm trace=off median=0.000589s spread=35.519% majors=4 elastic=0 rung_b=0
hs5 ipm trace=off median=0.000361s spread=23.494% majors=4 elastic=0 rung_b=0
hs6 ipm trace=off median=0.000920s spread=35.603% majors=8 elastic=0 rung_b=0
hs7 ipm trace=off median=0.001072s spread=27.668% majors=9 elastic=0 rung_b=0
hs10 ipm trace=off median=0.004549s spread=70.246% majors=14 elastic=8 rung_b=0
hs11 ipm trace=off median=0.001182s spread=26.520% majors=7 elastic=2 rung_b=0
hs12 ipm trace=off median=0.000855s spread=41.569% majors=6 elastic=0 rung_b=0
hs14 ipm trace=off median=0.000555s spread=14.479% majors=5 elastic=0 rung_b=0
hs15 ipm trace=off median=0.003241s spread=20.469% majors=9 elastic=2 rung_b=0
hs22 ipm trace=off median=0.000701s spread=20.479% majors=2 elastic=0 rung_b=0
hs24 ipm trace=off median=0.000571s spread=26.228% majors=3 elastic=0 rung_b=0
hs25 ipm trace=off median=0.000027s spread=36.931% majors=0 elastic=0 rung_b=0
hs26 ipm trace=off median=0.001669s spread=16.324% majors=17 elastic=0 rung_b=0
hs27 ipm trace=off median=0.001865s spread=11.929% majors=4 elastic=1 rung_b=0
hs28 ipm trace=off median=0.000452s spread=21.811% majors=3 elastic=0 rung_b=0
hs30 ipm trace=off median=0.001214s spread=21.590% majors=11 elastic=0 rung_b=0
hs33 ipm trace=off median=0.001879s spread=13.126% majors=7 elastic=0 rung_b=0
hs35 ipm trace=off median=0.000151s spread=33.896% majors=1 elastic=0 rung_b=0
hs38 ipm trace=off median=0.006066s spread=64.892% majors=49 elastic=0 rung_b=0
hs39 ipm trace=off median=0.001178s spread=14.237% majors=9 elastic=0 rung_b=0
hs40 ipm trace=off median=0.000481s spread=32.128% majors=4 elastic=0 rung_b=0
hs43 ipm trace=off median=0.001338s spread=12.936% majors=7 elastic=0 rung_b=0
hs45 ipm trace=off median=0.001118s spread=11.916% majors=3 elastic=0 rung_b=0
hs76 ipm trace=off median=0.000521s spread=37.484% majors=2 elastic=0 rung_b=0
hs77 ipm trace=off median=0.001439s spread=12.933% majors=12 elastic=0 rung_b=0
hs79 ipm trace=off median=0.000499s spread=63.298% majors=4 elastic=0 rung_b=0

HS SUITE: 27 cell(s), engine ipm, trace off, repeat 1000, warmup 1
  corpus (sum of per-cell medians): 0.036778 s
  worst per-cell median SE: 0.232 %   <-- THE CALIBRATION READING (target <= 0.5, falls as 1/sqrt(N))
  worst per-cell max-min spread: 70.246 %  (raw cloud; NOT a calibration
                                            statistic -- it is monotone in N)
  cells with unstable counters across repeats: 0
  elastic activations: 13   fallback rung B: 0
wrote 27 row(s) to /home/ghecht/Projects/hven/.scratch/w5t89r/art2/raw/leg2/ipm/off/passB-head-r2.csv
