LEG: .scratch/w6t6/fold_proof.sh
PGREP_SEPARATE 2026-09-14T11:24:18Z
PGREP_EMPTY
PGREP_EMPTY (inside the lock)
FOREGROUND_START 2026-09-14T11:24:18Z
=== 1. common.sh's fold: timed_run on a FAILING command, then a SUCCEEDING one ===
  LEG_RC at entry = 0
  after a succeeding run:  LEG_RC=0
CPUSTAT foldproof/fail pre 2026-09-14T11:24:18Z mono=79812.43
CPUSTAT_LINE cpu  5280446 1104 374927 121860301 20547 172546 22385 0 0 0
CPUSTAT_LINE cpu2 588763 59 36441 7349889 1348 5022 1306 0 0 0
CPUSTAT_LINE cpu10 300506 33 19731 7658246 725 2500 858 0 0 0
CPUSTAT foldproof/fail post 2026-09-14T11:24:18Z mono=79812.44
CPUSTAT_LINE cpu  5280446 1104 374927 121860308 20547 172546 22385 0 0 0
CPUSTAT_LINE cpu2 588763 59 36441 7349889 1348 5022 1306 0 0 0
CPUSTAT_LINE cpu10 300506 33 19731 7658246 725 2500 858 0 0 0
Command exited with non-zero status 4
CPUTIME_SELF tag=foldproof/fail user=0.00 sys=0.00 real=0.00
  after a FAILING timed_run: LEG_RC=4
  after a LATER succeeding run: LEG_RC=4 (must stay 4)
FOLD OK   common.sh timed_run/fold -> RC=4 (non-zero, as required)
=== 2. sqp_perf.sh with a failing binary (its last statements are echoes) ===
FOLD OK   sqp_perf.sh -> RC=4 (non-zero, as required)
  last line: LEG_WORST_RC=4
=== 3. sqp_wall.sh with a failing binary (its DONE line runs a grep after) ===
FOLD OK   sqp_wall.sh -> RC=4 (non-zero, as required)
  last line: LEG_WORST_RC=4
=== 4. ipm_leg.sh with a failing binary ===
FOLD OK   ipm_leg.sh -> RC=4 (non-zero, as required)
  last line: LEG_WORST_RC=4
=== 5. hs_leg.sh with a failing binary ===
FOLD OK   hs_leg.sh -> RC=4 (non-zero, as required)
  last line: LEG_WORST_RC=4
=== 6. build_only.sh with a failing cmake (its last command is a grep that SUCCEEDS) ===
FOLD OK   build_only.sh -> RC=1 (non-zero, as required)
  last line: BUILD_WORST_RC=1
=== 7. the comparator wrapper: a python3 that fails, with a succeeding step after ===
STUB python3: deliberate comparator failure
FOLD OK   common.sh fold around the comparator -> RC=1 (non-zero, as required)
FOLD_PROOF_FAILURES=0
ALL WRAPPERS CARRY A FAILING STATUS OUT.
LEG_RC=0
FOREGROUND_END 2026-09-14T11:24:23Z
WRAPPER_EXIT=0
