[1/116] Building CXX object CMakeFiles/hven.dir/src/core/version.cpp.o
[2/116] Building CXX object CMakeFiles/hven.dir/src/sqp/kkt_calls.cpp.o
[3/116] Building CXX object CMakeFiles/hven.dir/src/core/pattern_hash.cpp.o
[4/116] Building CXX object CMakeFiles/hven.dir/src/linear/dense_symmetric_factor.cpp.o
[5/116] Building CXX object CMakeFiles/hven.dir/src/linear/pardiso_session.cpp.o
[6/116] Building CXX object CMakeFiles/hven.dir/src/linear/symmetric_factor_mkl.cpp.o
[7/116] Building CXX object CMakeFiles/hven.dir/src/drivers/solver_init.cpp.o
[8/116] Building CXX object CMakeFiles/hven.dir/src/interior/utils/color_text.cpp.o
[9/116] Building CXX object CMakeFiles/hven.dir/src/interior/utils/get_core_count.cpp.o
[10/116] Building CXX object CMakeFiles/hven.dir/src/interior/kkt_factorization.cpp.o
[11/116] Building CXX object CMakeFiles/hven.dir/src/interior/utils/thread_pool.cpp.o
[12/116] Building CXX object CMakeFiles/hven.dir/src/interior/utils/memory_management.cpp.o
[13/116] Building CXX object CMakeFiles/hven.dir/src/drivers/interior_point_solver_globalization.cpp.o
[14/116] Building CXX object _deps/googletest-build/googletest/CMakeFiles/gtest_main.dir/src/gtest_main.cc.o
[15/116] Building CXX object _deps/googletest-build/googlemock/CMakeFiles/gmock.dir/src/gmock-all.cc.o
[16/116] Building CXX object _deps/googletest-build/googletest/CMakeFiles/gtest.dir/src/gtest-all.cc.o
In file included from /home/ghecht/Projects/hven/build-debug/_deps/googletest-src/googletest/src/gtest-all.cc:38:
In file included from /home/ghecht/Projects/hven/build-debug/_deps/googletest-src/googletest/include/gtest/gtest.h:64:
In file included from /home/ghecht/Projects/hven/build-debug/_deps/googletest-src/googletest/include/gtest/gtest-death-test.h:43:
In file included from /home/ghecht/Projects/hven/build-debug/_deps/googletest-src/googletest/include/gtest/internal/gtest-death-test-internal.h:47:
In file included from /home/ghecht/Projects/hven/build-debug/_deps/googletest-src/googletest/include/gtest/gtest-matchers.h:49:
/home/ghecht/Projects/hven/build-debug/_deps/googletest-src/googletest/include/gtest/gtest-printers.h:528:35: warning: implicit conversion from 'char8_t' to 'char32_t' may change the meaning of the represented code unit [-Wcharacter-conversion]
  528 |   PrintTo(ImplicitCast_<char32_t>(c), os);
      |           ~~~~~~~~~~~~~           ^
1 warning generated.
[17/116] Building CXX object tests/CMakeFiles/hven_tests.dir/core/test_version.cpp.o
[18/116] Building CXX object tests/CMakeFiles/hven_tests.dir/core/test_sparse_backend_link.cpp.o
[19/116] Building CXX object tests/CMakeFiles/hven_tests.dir/core/test_pattern_hash.cpp.o
[20/116] Building CXX object tests/CMakeFiles/hven_tests.dir/linear/test_dense_symmetric_factor.cpp.o
[21/116] Building CXX object tests/CMakeFiles/hven_tests.dir/linear/test_symmetric_factor_evidence_invariants.cpp.o
[22/116] Building CXX object tests/CMakeFiles/hven_tests.dir/linear/test_symmetric_factor_pardiso_only_options.cpp.o
[23/116] Linking CXX static library lib/libgtest.a
[24/116] Building CXX object tests/CMakeFiles/hven_fault_injection_tests.dir/__/src/core/pattern_hash.cpp.o
[25/116] Building CXX object tests/CMakeFiles/hven_fault_injection_tests.dir/__/src/interior/kkt_factorization.cpp.o
[26/116] Building CXX object tests/CMakeFiles/hven_tests.dir/linear/test_symmetric_factor.cpp.o
[27/116] Building CXX object tests/CMakeFiles/hven_tests.dir/linear/test_dense_symmetric_factor_growth.cpp.o
[28/116] Building CXX object tests/CMakeFiles/hven_fault_injection_tests.dir/linear/test_fault_injection.cpp.o
[29/116] Building CXX object tests/CMakeFiles/hven_fault_injection_tests.dir/interior/test_kkt_factorization_faults.cpp.o
[30/116] Building CXX object tests/CMakeFiles/hven_fault_injection_tests.dir/__/src/linear/pardiso_session.cpp.o
[31/116] Building CXX object tests/CMakeFiles/hven_fault_injection_tests.dir/__/src/linear/symmetric_factor_mkl.cpp.o
[32/116] Building CXX object _deps/googletest-build/googlemock/CMakeFiles/gmock_main.dir/src/gmock_main.cc.o
[33/116] Linking CXX static library lib/libgmock.a
[34/116] Linking CXX static library lib/libgtest_main.a
[35/116] Building CXX object CMakeFiles/hven.dir/cmake_pch.hxx.pch
[36/116] Building CXX object CMakeFiles/hven.dir/src/drivers/interior_point_solver.cpp.o
[37/116] Building CXX object tests/golden_rig/CMakeFiles/hven_golden_rig_support.dir/seam_native.cpp.o
[38/116] Building CXX object tests/golden_rig/CMakeFiles/hven_golden_rig_support.dir/seam_registry.cpp.o
[39/116] Building CXX object tests/golden_rig/CMakeFiles/hven_golden_rig_support.dir/recipes.cpp.o
[40/116] Building CXX object tests/golden_rig/CMakeFiles/hven_golden_rig_support.dir/expected_table.cpp.o
[41/116] Building CXX object CMakeFiles/hven.dir/src/drivers/interior_point_solver_print.cpp.o
[42/116] Building CXX object CMakeFiles/hven.dir/src/drivers/interior_point_solver_settings.cpp.o
[43/116] Building CXX object CMakeFiles/hven.dir/src/drivers/non_linear_program.cpp.o
[44/116] Building CXX object CMakeFiles/hven.dir/src/model/nlp_adapter.cpp.o
[45/116] Building CXX object CMakeFiles/hven.dir/src/model/nlp_solver.cpp.o
[46/116] Linking CXX static library libhven.a
[47/116] Building CXX object tests/golden_rig/CMakeFiles/hven_golden_rig.dir/traces_sqp.cpp.o
[48/116] Building CXX object tests/golden_rig/CMakeFiles/hven_golden_rig.dir/fail_by_design_control.cpp.o
[49/116] Building CXX object tests/golden_rig/CMakeFiles/hven_golden_rig.dir/traces_interior_point.cpp.o
[50/116] Building CXX object tests/golden_rig/CMakeFiles/hven_golden_rig_report.dir/fail_by_design_control.cpp.o
[51/116] Building CXX object tests/golden_rig/CMakeFiles/hven_golden_rig_audit.dir/audit/pardiso_recorder.cpp.o
[52/116] Building CXX object tests/golden_rig/CMakeFiles/hven_golden_rig_report.dir/traces_sqp.cpp.o
[53/116] Building CXX object tests/interior/CMakeFiles/hven_interior_tests.dir/Unity/unity_2_cxx.cxx.o
[54/116] Building CXX object tests/interior/CMakeFiles/hven_interior_tests.dir/Unity/unity_1_cxx.cxx.o
In file included from /home/ghecht/Projects/hven/build-debug/tests/interior/CMakeFiles/hven_interior_tests.dir/Unity/unity_1_cxx.cxx:22:
/home/ghecht/Projects/hven/tests/interior/test_solver_interface_adapter.cpp:58:22: warning: expression with side effects will be evaluated despite being used as an operand to 'typeid' [-Wpotentially-evaluated-expression]
   58 |     EXPECT_EQ(typeid(ci.storage_.get()), typeid(ConstraintModel<StubDefectFamily<3>>));
      |                      ^
/home/ghecht/Projects/hven/tests/interior/test_solver_interface_adapter.cpp:65:22: warning: expression with side effects will be evaluated despite being used as an operand to 'typeid' [-Wpotentially-evaluated-expression]
   65 |     EXPECT_EQ(typeid(ci.storage_.get()), typeid(ConstraintModel<StubConstraintOnly>));
      |                      ^
/home/ghecht/Projects/hven/tests/interior/test_solver_interface_adapter.cpp:71:22: warning: expression with side effects will be evaluated despite being used as an operand to 'typeid' [-Wpotentially-evaluated-expression]
   71 |     EXPECT_EQ(typeid(oi.storage_.get()), typeid(ObjectiveModel<StubScalarObjective>));
      |                      ^
/home/ghecht/Projects/hven/tests/interior/test_solver_interface_adapter.cpp:81:22: warning: expression with side effects will be evaluated despite being used as an operand to 'typeid' [-Wpotentially-evaluated-expression]
   81 |     EXPECT_EQ(typeid(ci.storage_.get()), typeid(ConstraintModel<StubMixinConstraintOnly>));
      |                      ^
/home/ghecht/Projects/hven/tests/interior/test_solver_interface_adapter.cpp:90:22: warning: expression with side effects will be evaluated despite being used as an operand to 'typeid' [-Wpotentially-evaluated-expression]
   90 |     EXPECT_EQ(typeid(ci.storage_.get()), typeid(ConstraintModel<StubAdapterMissingObjective>));
      |                      ^
/home/ghecht/Projects/hven/tests/interior/test_solver_interface_adapter.cpp:124:22: warning: expression with side effects will be evaluated despite being used as an operand to 'typeid' [-Wpotentially-evaluated-expression]
  124 |     EXPECT_EQ(typeid(copy.storage_.get()), typeid(ConstraintModel<StubDefectFamily<2>>));
      |                      ^
6 warnings generated.
[55/116] Building CXX object tests/interior/CMakeFiles/hven_interior_tests.dir/Unity/unity_0_cxx.cxx.o
[56/116] Building CXX object bench/CMakeFiles/hven_sqp_bench.dir/bench_scale.cpp.o
[57/116] Building CXX object bench/CMakeFiles/hven_sqp_f7_cold.dir/bench_f7_cold.cpp.o
[58/116] Building CXX object tests/golden_rig/CMakeFiles/hven_golden_rig_report.dir/traces_interior_point.cpp.o
[59/116] Building CXX object tests/golden_rig/CMakeFiles/hven_golden_rig_report.dir/report_main.cpp.o
[60/116] Building CXX object bench/CMakeFiles/hven_sqp_snopt_f7.dir/bench_snopt_f7.cpp.o
[61/116] Building CXX object bench/CMakeFiles/hven_sqp_tau_bar_sweep_probe.dir/tau_bar_sweep_probe.cpp.o
[62/116] Building CXX object bench/CMakeFiles/hven_sqp_ssn_safeguard_probe.dir/ssn_safeguard_probe.cpp.o
[63/116] Building CXX object tests/golden_rig/CMakeFiles/hven_golden_rig_audit.dir/audit/test_audit_shim.cpp.o
[64/116] Linking CXX static library lib/libgmock_main.a
[65/116] Linking CXX executable tests/hven_fault_injection_tests
[66/116] Linking CXX executable bench/hven_sqp_bench
[67/116] Linking CXX executable tests/hven_tests
[68/116] Linking CXX executable bench/hven_sqp_snopt_f7
[69/116] Linking CXX executable tests/interior/hven_interior_tests
[70/116] Building CXX object tests/golden_rig/CMakeFiles/hven_golden_rig_support.dir/trace_support.cpp.o
[71/116] Linking CXX executable bench/hven_sqp_f7_cold
[72/116] Linking CXX executable bench/hven_sqp_tau_bar_sweep_probe
[73/116] Linking CXX executable bench/hven_sqp_ssn_safeguard_probe
[74/116] Linking CXX executable tests/golden_rig/hven_golden_rig_report
[75/116] Linking CXX executable tests/golden_rig/hven_golden_rig
[76/116] Linking CXX executable tests/golden_rig/hven_golden_rig_audit
[77/116] Building CXX object bench/CMakeFiles/hven_sqp_corpus.dir/bench_corpus.cpp.o
[78/116] Linking CXX executable bench/hven_sqp_corpus
[79/116] Building CXX object tests/sqp/CMakeFiles/hven_sqp_tests.dir/test_types.cpp.o
[80/116] Building CXX object tests/sqp/CMakeFiles/hven_sqp_tests.dir/test_kkt_partial_solve.cpp.o
[81/116] Building CXX object tests/sqp/CMakeFiles/hven_sqp_tests.dir/test_kkt_calls.cpp.o
[82/116] Building CXX object tests/sqp/CMakeFiles/hven_sqp_tests.dir/test_kkt_inertia_probe.cpp.o
[83/116] Building CXX object tests/sqp/CMakeFiles/hven_sqp_tests.dir/test_dense_oracle.cpp.o
[84/116] Building CXX object tests/sqp/CMakeFiles/hven_sqp_tests.dir/test_kkt_assembly.cpp.o
[85/116] Building CXX object tests/sqp/CMakeFiles/hven_sqp_tests.dir/test_scaffold.cpp.o
[86/116] Building CXX object tests/sqp/CMakeFiles/hven_sqp_tests.dir/test_eqp_solve.cpp.o
[87/116] Building CXX object tests/sqp/CMakeFiles/hven_sqp_tests.dir/test_border_ops.cpp.o
[88/116] Building CXX object tests/sqp/CMakeFiles/hven_sqp_tests.dir/test_qp_engine_border.cpp.o
[89/116] Building CXX object tests/sqp/CMakeFiles/hven_sqp_tests.dir/test_qp_engine.cpp.o
[90/116] Building CXX object tests/sqp/CMakeFiles/hven_sqp_tests.dir/test_schur.cpp.o
[91/116] Building CXX object tests/sqp/CMakeFiles/hven_sqp_tests.dir/test_qp_warm_start.cpp.o
[92/116] Building CXX object tests/sqp/CMakeFiles/hven_sqp_tests.dir/test_ledger.cpp.o
[93/116] Building CXX object tests/sqp/CMakeFiles/hven_sqp_tests.dir/test_nlp_model.cpp.o
[94/116] Building CXX object tests/sqp/CMakeFiles/hven_sqp_tests.dir/test_qp_engine_indefinite.cpp.o
[95/116] Building CXX object tests/sqp/CMakeFiles/hven_sqp_tests.dir/test_qp_engine_tr.cpp.o
[96/116] Building CXX object tests/sqp/CMakeFiles/hven_sqp_tests.dir/test_scale_smoke.cpp.o
[97/116] Building CXX object tests/sqp/CMakeFiles/hven_sqp_tests.dir/test_sqp_driver.cpp.o
[98/116] Building CXX object tests/sqp/CMakeFiles/hven_sqp_tests.dir/test_sqp_restoration.cpp.o
[99/116] Building CXX object tests/sqp/CMakeFiles/hven_sqp_tests.dir/test_hs_battery.cpp.o
[100/116] Building CXX object tests/sqp/CMakeFiles/hven_sqp_tests.dir/test_funnel.cpp.o
[101/116] Building CXX object tests/sqp/CMakeFiles/hven_sqp_tests.dir/test_eqp_refine_ab.cpp.o
[102/116] Building CXX object tests/sqp/CMakeFiles/hven_sqp_tests.dir/test_hs_sweeps.cpp.o
[103/116] Building CXX object tests/sqp/CMakeFiles/hven_sqp_tests.dir/test_b1_gate.cpp.o
[104/116] Building CXX object tests/sqp/CMakeFiles/hven_sqp_tests.dir/test_warm_start.cpp.o
[105/116] Building CXX object tests/sqp/CMakeFiles/hven_sqp_tests.dir/test_parametric_families.cpp.o
[106/116] Building CXX object tests/sqp/CMakeFiles/hven_sqp_tests.dir/test_mesh_transfer.cpp.o
[107/116] Building CXX object tests/sqp/CMakeFiles/hven_sqp_tests.dir/test_continuation.cpp.o
[108/116] Building CXX object tests/sqp/CMakeFiles/hven_sqp_tests.dir/test_warm_start_battery.cpp.o
[109/116] Building CXX object tests/sqp/CMakeFiles/hven_sqp_tests.dir/test_predictor.cpp.o
[110/116] Building CXX object tests/sqp/CMakeFiles/hven_sqp_tests.dir/test_accelerate_probes.cpp.o
[111/116] Building CXX object tests/sqp/CMakeFiles/hven_sqp_tests.dir/test_bench_dump.cpp.o
[112/116] Building CXX object tests/sqp/CMakeFiles/hven_sqp_tests.dir/test_snopt_bridge_gate.cpp.o
[113/116] Building CXX object tests/sqp/CMakeFiles/hven_sqp_tests.dir/test_scale_problems.cpp.o
[114/116] Building CXX object tests/sqp/CMakeFiles/hven_sqp_tests.dir/test_ssn_engine.cpp.o
[115/116] Building CXX object tests/sqp/CMakeFiles/hven_sqp_tests.dir/test_corpus_cells.cpp.o
[116/116] Linking CXX executable tests/sqp/hven_sqp_tests
