hs1 walk trace=sink median=0.001287s spread=59.915% majors=29 elastic=0 rung_b=0
hs3 walk trace=sink median=0.000223s spread=26.654% majors=4 elastic=0 rung_b=0
hs5 walk trace=sink median=0.000186s spread=27.737% majors=4 elastic=0 rung_b=0
hs6 walk trace=sink median=0.000589s spread=46.950% majors=8 elastic=0 rung_b=0
hs7 walk trace=sink median=0.000747s spread=11.489% majors=9 elastic=0 rung_b=0
hs10 walk trace=sink median=0.005507s spread=52.130% majors=14 elastic=8 rung_b=0
hs11 walk trace=sink median=0.001409s spread=27.888% majors=7 elastic=2 rung_b=0
hs12 walk trace=sink median=0.000416s spread=43.769% majors=6 elastic=0 rung_b=0
hs14 walk trace=sink median=0.000260s spread=21.388% majors=5 elastic=0 rung_b=0
hs15 walk trace=sink median=0.001053s spread=11.905% majors=7 elastic=1 rung_b=0
hs22 walk trace=sink median=0.000272s spread=42.061% majors=2 elastic=0 rung_b=0
hs24 walk trace=sink median=0.000468s spread=31.037% majors=3 elastic=0 rung_b=0
hs25 walk trace=sink median=0.000027s spread=32.809% majors=0 elastic=0 rung_b=0
hs26 walk trace=sink median=0.000905s spread=18.037% majors=17 elastic=0 rung_b=0
hs27 walk trace=sink median=0.001345s spread=27.371% majors=4 elastic=1 rung_b=0
hs28 walk trace=sink median=0.000227s spread=37.464% majors=3 elastic=0 rung_b=0
hs30 walk trace=sink median=0.000646s spread=27.654% majors=11 elastic=0 rung_b=0
hs33 walk trace=sink median=0.000680s spread=30.970% majors=4 elastic=0 rung_b=0
hs35 walk trace=sink median=0.000092s spread=48.156% majors=1 elastic=0 rung_b=0
hs38 walk trace=sink median=0.003355s spread=13.638% majors=49 elastic=0 rung_b=0
hs39 walk trace=sink median=0.000691s spread=16.541% majors=9 elastic=0 rung_b=0
hs40 walk trace=sink median=0.000236s spread=25.236% majors=4 elastic=0 rung_b=0
hs43 walk trace=sink median=0.000655s spread=44.981% majors=7 elastic=0 rung_b=0
hs45 walk trace=sink median=0.000525s spread=11.829% majors=3 elastic=0 rung_b=0
hs76 walk trace=sink median=0.000280s spread=37.154% majors=2 elastic=0 rung_b=0
hs77 walk trace=sink median=0.000727s spread=8.861% majors=12 elastic=0 rung_b=0
hs79 walk trace=sink median=0.000243s spread=47.400% majors=4 elastic=0 rung_b=0

HS SUITE: 27 cell(s), engine walk, trace sink, repeat 1000, warmup 1
  corpus (sum of per-cell medians): 0.023046 s
  worst per-cell median SE: 0.167 %   <-- THE CALIBRATION READING (target <= 0.5, falls as 1/sqrt(N))
  worst per-cell max-min spread: 59.915 %  (raw cloud; NOT a calibration
                                            statistic -- it is monotone in N)
  cells with unstable counters across repeats: 0
  elastic activations: 12   fallback rung B: 0
  qp.mode events by site: dispatch=228 soc_resolve=2 elastic_rung=84 fallback_rung_b=0
wrote 27 row(s) to /home/ghecht/Projects/hven/.scratch/w5t89r/art2/raw/leg2/walk/sink/base-r3.csv
