hs1 walk trace=sink median=0.001283s spread=52.768% majors=29 elastic=0 rung_b=0
hs3 walk trace=sink median=0.000223s spread=20.237% majors=4 elastic=0 rung_b=0
hs5 walk trace=sink median=0.000185s spread=26.148% majors=4 elastic=0 rung_b=0
hs6 walk trace=sink median=0.000583s spread=22.321% majors=8 elastic=0 rung_b=0
hs7 walk trace=sink median=0.000743s spread=8.626% majors=9 elastic=0 rung_b=0
hs10 walk trace=sink median=0.005467s spread=8.680% majors=14 elastic=8 rung_b=0
hs11 walk trace=sink median=0.001398s spread=7.529% majors=7 elastic=2 rung_b=0
hs12 walk trace=sink median=0.000412s spread=34.769% majors=6 elastic=0 rung_b=0
hs14 walk trace=sink median=0.000256s spread=16.959% majors=5 elastic=0 rung_b=0
hs15 walk trace=sink median=0.001045s spread=9.800% majors=7 elastic=1 rung_b=0
hs22 walk trace=sink median=0.000271s spread=27.998% majors=2 elastic=0 rung_b=0
hs24 walk trace=sink median=0.000465s spread=13.828% majors=3 elastic=0 rung_b=0
hs25 walk trace=sink median=0.000027s spread=38.741% majors=0 elastic=0 rung_b=0
hs26 walk trace=sink median=0.000895s spread=8.893% majors=17 elastic=0 rung_b=0
hs27 walk trace=sink median=0.001331s spread=24.550% majors=4 elastic=1 rung_b=0
hs28 walk trace=sink median=0.000225s spread=20.023% majors=3 elastic=0 rung_b=0
hs30 walk trace=sink median=0.000637s spread=15.492% majors=11 elastic=0 rung_b=0
hs33 walk trace=sink median=0.000673s spread=18.695% majors=4 elastic=0 rung_b=0
hs35 walk trace=sink median=0.000091s spread=49.029% majors=1 elastic=0 rung_b=0
hs38 walk trace=sink median=0.003337s spread=9.563% majors=49 elastic=0 rung_b=0
hs39 walk trace=sink median=0.000686s spread=19.433% majors=9 elastic=0 rung_b=0
hs40 walk trace=sink median=0.000233s spread=63.698% majors=4 elastic=0 rung_b=0
hs43 walk trace=sink median=0.000650s spread=66.341% majors=7 elastic=0 rung_b=0
hs45 walk trace=sink median=0.000522s spread=13.868% majors=3 elastic=0 rung_b=0
hs76 walk trace=sink median=0.000276s spread=58.246% majors=2 elastic=0 rung_b=0
hs77 walk trace=sink median=0.000722s spread=10.703% majors=12 elastic=0 rung_b=0
hs79 walk trace=sink median=0.000241s spread=28.528% majors=4 elastic=0 rung_b=0

HS SUITE: 27 cell(s), engine walk, trace sink, repeat 1000, warmup 1
  corpus (sum of per-cell medians): 0.022877 s
  worst per-cell median SE: 0.332 %   <-- THE CALIBRATION READING (target <= 0.5, falls as 1/sqrt(N))
  worst per-cell max-min spread: 66.341 %  (raw cloud; NOT a calibration
                                            statistic -- it is monotone in N)
  cells with unstable counters across repeats: 0
  elastic activations: 12   fallback rung B: 0
  qp.mode events by site: dispatch=228 soc_resolve=2 elastic_rung=84 fallback_rung_b=0
wrote 27 row(s) to /home/ghecht/Projects/hven/.scratch/w5t89r/art/raw/leg2/walk/sink/base-r1.csv
