hs1 walk trace=sink median=0.001292s spread=32.233% majors=29 elastic=0 rung_b=0
hs3 walk trace=sink median=0.000224s spread=21.370% majors=4 elastic=0 rung_b=0
hs5 walk trace=sink median=0.000186s spread=20.658% majors=4 elastic=0 rung_b=0
hs6 walk trace=sink median=0.000591s spread=46.610% majors=8 elastic=0 rung_b=0
hs7 walk trace=sink median=0.000748s spread=17.491% majors=9 elastic=0 rung_b=0
hs10 walk trace=sink median=0.005509s spread=9.591% majors=14 elastic=8 rung_b=0
hs11 walk trace=sink median=0.001408s spread=23.533% majors=7 elastic=2 rung_b=0
hs12 walk trace=sink median=0.000414s spread=12.459% majors=6 elastic=0 rung_b=0
hs14 walk trace=sink median=0.000257s spread=24.550% majors=5 elastic=0 rung_b=0
hs15 walk trace=sink median=0.001051s spread=31.918% majors=7 elastic=1 rung_b=0
hs22 walk trace=sink median=0.000271s spread=52.275% majors=2 elastic=0 rung_b=0
hs24 walk trace=sink median=0.000468s spread=12.144% majors=3 elastic=0 rung_b=0
hs25 walk trace=sink median=0.000027s spread=114.646% majors=0 elastic=0 rung_b=0
hs26 walk trace=sink median=0.000902s spread=29.730% majors=17 elastic=0 rung_b=0
hs27 walk trace=sink median=0.001343s spread=20.023% majors=4 elastic=1 rung_b=0
hs28 walk trace=sink median=0.000225s spread=47.701% majors=3 elastic=0 rung_b=0
hs30 walk trace=sink median=0.000642s spread=11.636% majors=11 elastic=0 rung_b=0
hs33 walk trace=sink median=0.000679s spread=24.643% majors=4 elastic=0 rung_b=0
hs35 walk trace=sink median=0.000092s spread=41.579% majors=1 elastic=0 rung_b=0
hs38 walk trace=sink median=0.003361s spread=60.884% majors=49 elastic=0 rung_b=0
hs39 walk trace=sink median=0.000690s spread=62.675% majors=9 elastic=0 rung_b=0
hs40 walk trace=sink median=0.000233s spread=22.951% majors=4 elastic=0 rung_b=0
hs43 walk trace=sink median=0.000652s spread=37.967% majors=7 elastic=0 rung_b=0
hs45 walk trace=sink median=0.000524s spread=31.161% majors=3 elastic=0 rung_b=0
hs76 walk trace=sink median=0.000277s spread=17.193% majors=2 elastic=0 rung_b=0
hs77 walk trace=sink median=0.000726s spread=19.694% majors=12 elastic=0 rung_b=0
hs79 walk trace=sink median=0.000242s spread=20.240% majors=4 elastic=0 rung_b=0

HS SUITE: 27 cell(s), engine walk, trace sink, repeat 1000, warmup 1
  corpus (sum of per-cell medians): 0.023033 s
  worst per-cell median SE: 0.192 %   <-- THE CALIBRATION READING (target <= 0.5, falls as 1/sqrt(N))
  worst per-cell max-min spread: 114.646 %  (raw cloud; NOT a calibration
                                            statistic -- it is monotone in N)
  cells with unstable counters across repeats: 0
  elastic activations: 12   fallback rung B: 0
  qp.mode events by site: dispatch=228 soc_resolve=2 elastic_rung=84 fallback_rung_b=0
wrote 27 row(s) to /home/ghecht/Projects/hven/.scratch/w5t89r/art2/raw/leg2/walk/sink/base-r2.csv
