hs1 walk trace=sink median=0.001259s spread=17.557% majors=29 elastic=0 rung_b=0
hs3 walk trace=sink median=0.000218s spread=59.357% majors=4 elastic=0 rung_b=0
hs5 walk trace=sink median=0.000182s spread=27.909% majors=4 elastic=0 rung_b=0
hs6 walk trace=sink median=0.000573s spread=14.686% majors=8 elastic=0 rung_b=0
hs7 walk trace=sink median=0.000729s spread=24.235% majors=9 elastic=0 rung_b=0
hs10 walk trace=sink median=0.005404s spread=7.975% majors=14 elastic=8 rung_b=0
hs11 walk trace=sink median=0.001328s spread=13.550% majors=7 elastic=2 rung_b=0
hs12 walk trace=sink median=0.000386s spread=28.196% majors=6 elastic=0 rung_b=0
hs14 walk trace=sink median=0.000250s spread=67.681% majors=5 elastic=0 rung_b=0
hs15 walk trace=sink median=0.000992s spread=21.893% majors=7 elastic=1 rung_b=0
hs22 walk trace=sink median=0.000251s spread=20.877% majors=2 elastic=0 rung_b=0
hs24 walk trace=sink median=0.000429s spread=14.720% majors=3 elastic=0 rung_b=0
hs25 walk trace=sink median=0.000027s spread=34.836% majors=0 elastic=0 rung_b=0
hs26 walk trace=sink median=0.000879s spread=40.418% majors=17 elastic=0 rung_b=0
hs27 walk trace=sink median=0.001313s spread=25.959% majors=4 elastic=1 rung_b=0
hs28 walk trace=sink median=0.000220s spread=123.333% majors=3 elastic=0 rung_b=0
hs30 walk trace=sink median=0.000626s spread=19.420% majors=11 elastic=0 rung_b=0
hs33 walk trace=sink median=0.000659s spread=69.271% majors=4 elastic=0 rung_b=0
hs35 walk trace=sink median=0.000091s spread=68.598% majors=1 elastic=0 rung_b=0
hs38 walk trace=sink median=0.003281s spread=87.587% majors=49 elastic=0 rung_b=0
hs39 walk trace=sink median=0.000677s spread=11.047% majors=9 elastic=0 rung_b=0
hs40 walk trace=sink median=0.000231s spread=57.975% majors=4 elastic=0 rung_b=0
hs43 walk trace=sink median=0.000641s spread=26.402% majors=7 elastic=0 rung_b=0
hs45 walk trace=sink median=0.000513s spread=26.177% majors=3 elastic=0 rung_b=0
hs76 walk trace=sink median=0.000274s spread=26.978% majors=2 elastic=0 rung_b=0
hs77 walk trace=sink median=0.000714s spread=19.889% majors=12 elastic=0 rung_b=0
hs79 walk trace=sink median=0.000240s spread=37.490% majors=4 elastic=0 rung_b=0

HS SUITE: 27 cell(s), engine walk, trace sink, repeat 1000, warmup 1
  corpus (sum of per-cell medians): 0.022388 s
  worst per-cell median SE: 0.263 %   <-- THE CALIBRATION READING (target <= 0.5, falls as 1/sqrt(N))
  worst per-cell max-min spread: 123.333 %  (raw cloud; NOT a calibration
                                            statistic -- it is monotone in N)
  cells with unstable counters across repeats: 0
  elastic activations: 12   fallback rung B: 0
  qp.mode events by site: dispatch=228 soc_resolve=2 elastic_rung=84 fallback_rung_b=0
wrote 27 row(s) to /home/ghecht/Projects/hven/.scratch/w5t89r/art2/raw/leg2/walk/sink/head-r1.csv
