hs1 walk trace=sink median=0.001273s spread=17.489% majors=29 elastic=0 rung_b=0
hs3 walk trace=sink median=0.000220s spread=28.218% majors=4 elastic=0 rung_b=0
hs5 walk trace=sink median=0.000184s spread=63.623% majors=4 elastic=0 rung_b=0
hs6 walk trace=sink median=0.000582s spread=56.939% majors=8 elastic=0 rung_b=0
hs7 walk trace=sink median=0.000736s spread=23.537% majors=9 elastic=0 rung_b=0
hs10 walk trace=sink median=0.005448s spread=37.137% majors=14 elastic=8 rung_b=0
hs11 walk trace=sink median=0.001349s spread=23.665% majors=7 elastic=2 rung_b=0
hs12 walk trace=sink median=0.000389s spread=19.005% majors=6 elastic=0 rung_b=0
hs14 walk trace=sink median=0.000253s spread=22.567% majors=5 elastic=0 rung_b=0
hs15 walk trace=sink median=0.001004s spread=14.144% majors=7 elastic=1 rung_b=0
hs22 walk trace=sink median=0.000254s spread=86.978% majors=2 elastic=0 rung_b=0
hs24 walk trace=sink median=0.000434s spread=16.481% majors=3 elastic=0 rung_b=0
hs25 walk trace=sink median=0.000027s spread=78.027% majors=0 elastic=0 rung_b=0
hs26 walk trace=sink median=0.000885s spread=44.349% majors=17 elastic=0 rung_b=0
hs27 walk trace=sink median=0.001318s spread=48.551% majors=4 elastic=1 rung_b=0
hs28 walk trace=sink median=0.000222s spread=70.825% majors=3 elastic=0 rung_b=0
hs30 walk trace=sink median=0.000633s spread=12.367% majors=11 elastic=0 rung_b=0
hs33 walk trace=sink median=0.000668s spread=70.491% majors=4 elastic=0 rung_b=0
hs35 walk trace=sink median=0.000092s spread=75.652% majors=1 elastic=0 rung_b=0
hs38 walk trace=sink median=0.003305s spread=47.951% majors=49 elastic=0 rung_b=0
hs39 walk trace=sink median=0.000684s spread=56.348% majors=9 elastic=0 rung_b=0
hs40 walk trace=sink median=0.000232s spread=21.851% majors=4 elastic=0 rung_b=0
hs43 walk trace=sink median=0.000647s spread=34.363% majors=7 elastic=0 rung_b=0
hs45 walk trace=sink median=0.000518s spread=20.629% majors=3 elastic=0 rung_b=0
hs76 walk trace=sink median=0.000276s spread=53.797% majors=2 elastic=0 rung_b=0
hs77 walk trace=sink median=0.000719s spread=14.045% majors=12 elastic=0 rung_b=0
hs79 walk trace=sink median=0.000240s spread=54.593% majors=4 elastic=0 rung_b=0

HS SUITE: 27 cell(s), engine walk, trace sink, repeat 1000, warmup 1
  corpus (sum of per-cell medians): 0.022591 s
  worst per-cell median SE: 0.248 %   <-- THE CALIBRATION READING (target <= 0.5, falls as 1/sqrt(N))
  worst per-cell max-min spread: 86.978 %  (raw cloud; NOT a calibration
                                            statistic -- it is monotone in N)
  cells with unstable counters across repeats: 0
  elastic activations: 12   fallback rung B: 0
  qp.mode events by site: dispatch=228 soc_resolve=2 elastic_rung=84 fallback_rung_b=0
wrote 27 row(s) to /home/ghecht/Projects/hven/.scratch/w5t89r/art2/raw/leg2/walk/sink/head-r2.csv
