hs1 walk trace=sink median=0.001288s spread=37.709% majors=29 elastic=0 rung_b=0
hs3 walk trace=sink median=0.000223s spread=32.413% majors=4 elastic=0 rung_b=0
hs5 walk trace=sink median=0.000186s spread=41.868% majors=4 elastic=0 rung_b=0
hs6 walk trace=sink median=0.000590s spread=23.095% majors=8 elastic=0 rung_b=0
hs7 walk trace=sink median=0.000746s spread=36.952% majors=9 elastic=0 rung_b=0
hs10 walk trace=sink median=0.005525s spread=22.643% majors=14 elastic=8 rung_b=0
hs11 walk trace=sink median=0.001362s spread=13.059% majors=7 elastic=2 rung_b=0
hs12 walk trace=sink median=0.000409s spread=19.174% majors=6 elastic=0 rung_b=0
hs14 walk trace=sink median=0.000259s spread=40.739% majors=5 elastic=0 rung_b=0
hs15 walk trace=sink median=0.001013s spread=12.648% majors=7 elastic=1 rung_b=0
hs22 walk trace=sink median=0.000256s spread=48.384% majors=2 elastic=0 rung_b=0
hs24 walk trace=sink median=0.000445s spread=12.733% majors=3 elastic=0 rung_b=0
hs25 walk trace=sink median=0.000027s spread=31.266% majors=0 elastic=0 rung_b=0
hs26 walk trace=sink median=0.000904s spread=34.411% majors=17 elastic=0 rung_b=0
hs27 walk trace=sink median=0.001346s spread=12.636% majors=4 elastic=1 rung_b=0
hs28 walk trace=sink median=0.000228s spread=70.274% majors=3 elastic=0 rung_b=0
hs30 walk trace=sink median=0.000643s spread=14.116% majors=11 elastic=0 rung_b=0
hs33 walk trace=sink median=0.000679s spread=52.197% majors=4 elastic=0 rung_b=0
hs35 walk trace=sink median=0.000092s spread=48.332% majors=1 elastic=0 rung_b=0
hs38 walk trace=sink median=0.003354s spread=40.257% majors=49 elastic=0 rung_b=0
hs39 walk trace=sink median=0.000692s spread=50.580% majors=9 elastic=0 rung_b=0
hs40 walk trace=sink median=0.000236s spread=36.804% majors=4 elastic=0 rung_b=0
hs43 walk trace=sink median=0.000654s spread=12.787% majors=7 elastic=0 rung_b=0
hs45 walk trace=sink median=0.000524s spread=20.870% majors=3 elastic=0 rung_b=0
hs76 walk trace=sink median=0.000280s spread=26.616% majors=2 elastic=0 rung_b=0
hs77 walk trace=sink median=0.000726s spread=14.448% majors=12 elastic=0 rung_b=0
hs79 walk trace=sink median=0.000243s spread=30.195% majors=4 elastic=0 rung_b=0

HS SUITE: 27 cell(s), engine walk, trace sink, repeat 1000, warmup 1
  corpus (sum of per-cell medians): 0.022932 s
  worst per-cell median SE: 0.159 %   <-- THE CALIBRATION READING (target <= 0.5, falls as 1/sqrt(N))
  worst per-cell max-min spread: 70.274 %  (raw cloud; NOT a calibration
                                            statistic -- it is monotone in N)
  cells with unstable counters across repeats: 0
  elastic activations: 12   fallback rung B: 0
  qp.mode events by site: dispatch=228 soc_resolve=2 elastic_rung=84 fallback_rung_b=0
wrote 27 row(s) to /home/ghecht/Projects/hven/.scratch/w5t89r/art2/raw/leg2/walk/sink/passB-base-r2.csv
