hs1 walk trace=sink median=0.001275s spread=27.205% majors=29 elastic=0 rung_b=0
hs3 walk trace=sink median=0.000220s spread=42.881% majors=4 elastic=0 rung_b=0
hs5 walk trace=sink median=0.000183s spread=57.822% majors=4 elastic=0 rung_b=0
hs6 walk trace=sink median=0.000583s spread=10.191% majors=8 elastic=0 rung_b=0
hs7 walk trace=sink median=0.000736s spread=23.289% majors=9 elastic=0 rung_b=0
hs10 walk trace=sink median=0.005445s spread=12.890% majors=14 elastic=8 rung_b=0
hs11 walk trace=sink median=0.001344s spread=11.260% majors=7 elastic=2 rung_b=0
hs12 walk trace=sink median=0.000397s spread=18.336% majors=6 elastic=0 rung_b=0
hs14 walk trace=sink median=0.000253s spread=43.458% majors=5 elastic=0 rung_b=0
hs15 walk trace=sink median=0.001002s spread=12.767% majors=7 elastic=1 rung_b=0
hs22 walk trace=sink median=0.000254s spread=24.113% majors=2 elastic=0 rung_b=0
hs24 walk trace=sink median=0.000433s spread=15.452% majors=3 elastic=0 rung_b=0
hs25 walk trace=sink median=0.000027s spread=41.045% majors=0 elastic=0 rung_b=0
hs26 walk trace=sink median=0.000889s spread=32.736% majors=17 elastic=0 rung_b=0
hs27 walk trace=sink median=0.001321s spread=217.950% majors=4 elastic=1 rung_b=0
hs28 walk trace=sink median=0.000223s spread=20.225% majors=3 elastic=0 rung_b=0
hs30 walk trace=sink median=0.000637s spread=11.537% majors=11 elastic=0 rung_b=0
hs33 walk trace=sink median=0.000671s spread=28.608% majors=4 elastic=0 rung_b=0
hs35 walk trace=sink median=0.000092s spread=53.912% majors=1 elastic=0 rung_b=0
hs38 walk trace=sink median=0.003317s spread=9.952% majors=49 elastic=0 rung_b=0
hs39 walk trace=sink median=0.000684s spread=28.112% majors=9 elastic=0 rung_b=0
hs40 walk trace=sink median=0.000233s spread=35.413% majors=4 elastic=0 rung_b=0
hs43 walk trace=sink median=0.000648s spread=33.664% majors=7 elastic=0 rung_b=0
hs45 walk trace=sink median=0.000519s spread=39.474% majors=3 elastic=0 rung_b=0
hs76 walk trace=sink median=0.000276s spread=22.679% majors=2 elastic=0 rung_b=0
hs77 walk trace=sink median=0.000719s spread=39.429% majors=12 elastic=0 rung_b=0
hs79 walk trace=sink median=0.000241s spread=21.867% majors=4 elastic=0 rung_b=0

HS SUITE: 27 cell(s), engine walk, trace sink, repeat 1000, warmup 1
  corpus (sum of per-cell medians): 0.022621 s
  worst per-cell median SE: 0.299 %   <-- THE CALIBRATION READING (target <= 0.5, falls as 1/sqrt(N))
  worst per-cell max-min spread: 217.950 %  (raw cloud; NOT a calibration
                                            statistic -- it is monotone in N)
  cells with unstable counters across repeats: 0
  elastic activations: 12   fallback rung B: 0
  qp.mode events by site: dispatch=228 soc_resolve=2 elastic_rung=84 fallback_rung_b=0
wrote 27 row(s) to /home/ghecht/Projects/hven/.scratch/w5t89r/art2/raw/leg2/walk/sink/passB-head-r2.csv
