hs1 walk trace=sink median=0.001273s spread=9.400% majors=29 elastic=0 rung_b=0
hs3 walk trace=sink median=0.000221s spread=25.185% majors=4 elastic=0 rung_b=0
hs5 walk trace=sink median=0.000183s spread=47.760% majors=4 elastic=0 rung_b=0
hs6 walk trace=sink median=0.000585s spread=23.061% majors=8 elastic=0 rung_b=0
hs7 walk trace=sink median=0.000740s spread=38.861% majors=9 elastic=0 rung_b=0
hs10 walk trace=sink median=0.005469s spread=7.550% majors=14 elastic=8 rung_b=0
hs11 walk trace=sink median=0.001349s spread=58.420% majors=7 elastic=2 rung_b=0
hs12 walk trace=sink median=0.000398s spread=35.356% majors=6 elastic=0 rung_b=0
hs14 walk trace=sink median=0.000253s spread=22.687% majors=5 elastic=0 rung_b=0
hs15 walk trace=sink median=0.001007s spread=24.264% majors=7 elastic=1 rung_b=0
hs22 walk trace=sink median=0.000254s spread=17.903% majors=2 elastic=0 rung_b=0
hs24 walk trace=sink median=0.000435s spread=61.643% majors=3 elastic=0 rung_b=0
hs25 walk trace=sink median=0.000027s spread=32.587% majors=0 elastic=0 rung_b=0
hs26 walk trace=sink median=0.000893s spread=32.495% majors=17 elastic=0 rung_b=0
hs27 walk trace=sink median=0.001328s spread=11.134% majors=4 elastic=1 rung_b=0
hs28 walk trace=sink median=0.000224s spread=23.226% majors=3 elastic=0 rung_b=0
hs30 walk trace=sink median=0.000639s spread=48.872% majors=11 elastic=0 rung_b=0
hs33 walk trace=sink median=0.000673s spread=71.287% majors=4 elastic=0 rung_b=0
hs35 walk trace=sink median=0.000092s spread=27.430% majors=1 elastic=0 rung_b=0
hs38 walk trace=sink median=0.003320s spread=5.193% majors=49 elastic=0 rung_b=0
hs39 walk trace=sink median=0.000687s spread=16.554% majors=9 elastic=0 rung_b=0
hs40 walk trace=sink median=0.000233s spread=27.816% majors=4 elastic=0 rung_b=0
hs43 walk trace=sink median=0.000651s spread=65.703% majors=7 elastic=0 rung_b=0
hs45 walk trace=sink median=0.000520s spread=12.606% majors=3 elastic=0 rung_b=0
hs76 walk trace=sink median=0.000277s spread=37.266% majors=2 elastic=0 rung_b=0
hs77 walk trace=sink median=0.000720s spread=22.712% majors=12 elastic=0 rung_b=0
hs79 walk trace=sink median=0.000240s spread=44.272% majors=4 elastic=0 rung_b=0

HS SUITE: 27 cell(s), engine walk, trace sink, repeat 1000, warmup 1
  corpus (sum of per-cell medians): 0.022691 s
  worst per-cell median SE: 0.139 %   <-- THE CALIBRATION READING (target <= 0.5, falls as 1/sqrt(N))
  worst per-cell max-min spread: 71.287 %  (raw cloud; NOT a calibration
                                            statistic -- it is monotone in N)
  cells with unstable counters across repeats: 0
  elastic activations: 12   fallback rung B: 0
  qp.mode events by site: dispatch=228 soc_resolve=2 elastic_rung=84 fallback_rung_b=0
wrote 27 row(s) to /home/ghecht/Projects/hven/.scratch/w5t89r/art2/raw/leg2/walk/sink/passB-head-r3.csv
