hs1 walk trace=sink median=0.001282s spread=12.857% majors=29 elastic=0 rung_b=0
hs3 walk trace=sink median=0.000223s spread=37.449% majors=4 elastic=0 rung_b=0
hs5 walk trace=sink median=0.000185s spread=35.644% majors=4 elastic=0 rung_b=0
hs6 walk trace=sink median=0.000586s spread=30.668% majors=8 elastic=0 rung_b=0
hs7 walk trace=sink median=0.000744s spread=22.926% majors=9 elastic=0 rung_b=0
hs10 walk trace=sink median=0.005498s spread=58.891% majors=14 elastic=8 rung_b=0
hs11 walk trace=sink median=0.001404s spread=33.331% majors=7 elastic=2 rung_b=0
hs12 walk trace=sink median=0.000413s spread=33.556% majors=6 elastic=0 rung_b=0
hs14 walk trace=sink median=0.000257s spread=18.003% majors=5 elastic=0 rung_b=0
hs15 walk trace=sink median=0.001050s spread=30.128% majors=7 elastic=1 rung_b=0
hs22 walk trace=sink median=0.000272s spread=40.142% majors=2 elastic=0 rung_b=0
hs24 walk trace=sink median=0.000467s spread=23.101% majors=3 elastic=0 rung_b=0
hs25 walk trace=sink median=0.000027s spread=37.547% majors=0 elastic=0 rung_b=0
hs26 walk trace=sink median=0.000900s spread=19.080% majors=17 elastic=0 rung_b=0
hs27 walk trace=sink median=0.001339s spread=32.700% majors=4 elastic=1 rung_b=0
hs28 walk trace=sink median=0.000226s spread=36.016% majors=3 elastic=0 rung_b=0
hs30 walk trace=sink median=0.000641s spread=11.359% majors=11 elastic=0 rung_b=0
hs33 walk trace=sink median=0.000677s spread=17.097% majors=4 elastic=0 rung_b=0
hs35 walk trace=sink median=0.000093s spread=30.891% majors=1 elastic=0 rung_b=0
hs38 walk trace=sink median=0.003337s spread=58.900% majors=49 elastic=0 rung_b=0
hs39 walk trace=sink median=0.000687s spread=18.821% majors=9 elastic=0 rung_b=0
hs40 walk trace=sink median=0.000235s spread=22.551% majors=4 elastic=0 rung_b=0
hs43 walk trace=sink median=0.000652s spread=22.276% majors=7 elastic=0 rung_b=0
hs45 walk trace=sink median=0.000523s spread=10.387% majors=3 elastic=0 rung_b=0
hs76 walk trace=sink median=0.000280s spread=38.665% majors=2 elastic=0 rung_b=0
hs77 walk trace=sink median=0.000723s spread=8.459% majors=12 elastic=0 rung_b=0
hs79 walk trace=sink median=0.000243s spread=43.741% majors=4 elastic=0 rung_b=0

HS SUITE: 27 cell(s), engine walk, trace sink, repeat 1000, warmup 1
  corpus (sum of per-cell medians): 0.022966 s
  worst per-cell median SE: 0.150 %   <-- THE CALIBRATION READING (target <= 0.5, falls as 1/sqrt(N))
  worst per-cell max-min spread: 58.900 %  (raw cloud; NOT a calibration
                                            statistic -- it is monotone in N)
  cells with unstable counters across repeats: 0
  elastic activations: 12   fallback rung B: 0
  qp.mode events by site: dispatch=228 soc_resolve=2 elastic_rung=84 fallback_rung_b=0
wrote 27 row(s) to /home/ghecht/Projects/hven/.scratch/w5t89r/art/raw/leg2/walk/sink/base-r2.csv
