hs1 walk trace=sink median=0.001271s spread=15.183% majors=29 elastic=0 rung_b=0
hs3 walk trace=sink median=0.000220s spread=20.902% majors=4 elastic=0 rung_b=0
hs5 walk trace=sink median=0.000183s spread=27.875% majors=4 elastic=0 rung_b=0
hs6 walk trace=sink median=0.000584s spread=56.730% majors=8 elastic=0 rung_b=0
hs7 walk trace=sink median=0.000738s spread=13.272% majors=9 elastic=0 rung_b=0
hs10 walk trace=sink median=0.005447s spread=8.231% majors=14 elastic=8 rung_b=0
hs11 walk trace=sink median=0.001345s spread=8.667% majors=7 elastic=2 rung_b=0
hs12 walk trace=sink median=0.000389s spread=20.134% majors=6 elastic=0 rung_b=0
hs14 walk trace=sink median=0.000252s spread=18.292% majors=5 elastic=0 rung_b=0
hs15 walk trace=sink median=0.001001s spread=14.509% majors=7 elastic=1 rung_b=0
hs22 walk trace=sink median=0.000254s spread=48.205% majors=2 elastic=0 rung_b=0
hs24 walk trace=sink median=0.000434s spread=15.321% majors=3 elastic=0 rung_b=0
hs25 walk trace=sink median=0.000027s spread=72.629% majors=0 elastic=0 rung_b=0
hs26 walk trace=sink median=0.000883s spread=21.165% majors=17 elastic=0 rung_b=0
hs27 walk trace=sink median=0.001321s spread=10.998% majors=4 elastic=1 rung_b=0
hs28 walk trace=sink median=0.000222s spread=32.180% majors=3 elastic=0 rung_b=0
hs30 walk trace=sink median=0.000634s spread=14.609% majors=11 elastic=0 rung_b=0
hs33 walk trace=sink median=0.000669s spread=23.521% majors=4 elastic=0 rung_b=0
hs35 walk trace=sink median=0.000092s spread=34.888% majors=1 elastic=0 rung_b=0
hs38 walk trace=sink median=0.003295s spread=87.758% majors=49 elastic=0 rung_b=0
hs39 walk trace=sink median=0.000682s spread=14.803% majors=9 elastic=0 rung_b=0
hs40 walk trace=sink median=0.000232s spread=22.137% majors=4 elastic=0 rung_b=0
hs43 walk trace=sink median=0.000647s spread=21.434% majors=7 elastic=0 rung_b=0
hs45 walk trace=sink median=0.000518s spread=13.041% majors=3 elastic=0 rung_b=0
hs76 walk trace=sink median=0.000276s spread=33.614% majors=2 elastic=0 rung_b=0
hs77 walk trace=sink median=0.000718s spread=8.781% majors=12 elastic=0 rung_b=0
hs79 walk trace=sink median=0.000240s spread=48.638% majors=4 elastic=0 rung_b=0

HS SUITE: 27 cell(s), engine walk, trace sink, repeat 1000, warmup 1
  corpus (sum of per-cell medians): 0.022575 s
  worst per-cell median SE: 0.170 %   <-- THE CALIBRATION READING (target <= 0.5, falls as 1/sqrt(N))
  worst per-cell max-min spread: 87.758 %  (raw cloud; NOT a calibration
                                            statistic -- it is monotone in N)
  cells with unstable counters across repeats: 0
  elastic activations: 12   fallback rung B: 0
  qp.mode events by site: dispatch=228 soc_resolve=2 elastic_rung=84 fallback_rung_b=0
wrote 27 row(s) to /home/ghecht/Projects/hven/.scratch/w5t89r/art/raw/leg2/walk/sink/head-r2.csv
