hs1 walk trace=sink median=0.001270s spread=12.834% majors=29 elastic=0 rung_b=0
hs3 walk trace=sink median=0.000220s spread=1302.980% majors=4 elastic=0 rung_b=0
hs5 walk trace=sink median=0.000183s spread=12.053% majors=4 elastic=0 rung_b=0
hs6 walk trace=sink median=0.000582s spread=30.156% majors=8 elastic=0 rung_b=0
hs7 walk trace=sink median=0.000739s spread=27.261% majors=9 elastic=0 rung_b=0
hs10 walk trace=sink median=0.005448s spread=13.203% majors=14 elastic=8 rung_b=0
hs11 walk trace=sink median=0.001334s spread=7.994% majors=7 elastic=2 rung_b=0
hs12 walk trace=sink median=0.000389s spread=30.647% majors=6 elastic=0 rung_b=0
hs14 walk trace=sink median=0.000251s spread=41.844% majors=5 elastic=0 rung_b=0
hs15 walk trace=sink median=0.000999s spread=32.642% majors=7 elastic=1 rung_b=0
hs22 walk trace=sink median=0.000252s spread=69.607% majors=2 elastic=0 rung_b=0
hs24 walk trace=sink median=0.000433s spread=38.398% majors=3 elastic=0 rung_b=0
hs25 walk trace=sink median=0.000027s spread=132.512% majors=0 elastic=0 rung_b=0
hs26 walk trace=sink median=0.000882s spread=37.004% majors=17 elastic=0 rung_b=0
hs27 walk trace=sink median=0.001319s spread=15.303% majors=4 elastic=1 rung_b=0
hs28 walk trace=sink median=0.000223s spread=32.765% majors=3 elastic=0 rung_b=0
hs30 walk trace=sink median=0.000632s spread=33.198% majors=11 elastic=0 rung_b=0
hs33 walk trace=sink median=0.000668s spread=71.482% majors=4 elastic=0 rung_b=0
hs35 walk trace=sink median=0.000091s spread=46.476% majors=1 elastic=0 rung_b=0
hs38 walk trace=sink median=0.003290s spread=17.921% majors=49 elastic=0 rung_b=0
hs39 walk trace=sink median=0.000681s spread=43.314% majors=9 elastic=0 rung_b=0
hs40 walk trace=sink median=0.000231s spread=28.899% majors=4 elastic=0 rung_b=0
hs43 walk trace=sink median=0.000645s spread=13.794% majors=7 elastic=0 rung_b=0
hs45 walk trace=sink median=0.000517s spread=8.507% majors=3 elastic=0 rung_b=0
hs76 walk trace=sink median=0.000276s spread=15.418% majors=2 elastic=0 rung_b=0
hs77 walk trace=sink median=0.000718s spread=18.583% majors=12 elastic=0 rung_b=0
hs79 walk trace=sink median=0.000241s spread=18.848% majors=4 elastic=0 rung_b=0

HS SUITE: 27 cell(s), engine walk, trace sink, repeat 1000, warmup 1
  corpus (sum of per-cell medians): 0.022541 s
  worst per-cell median SE: 1.739 %   <-- THE CALIBRATION READING (target <= 0.5, falls as 1/sqrt(N))
  worst per-cell max-min spread: 1302.980 %  (raw cloud; NOT a calibration
                                            statistic -- it is monotone in N)
  cells with unstable counters across repeats: 0
  elastic activations: 12   fallback rung B: 0
  qp.mode events by site: dispatch=228 soc_resolve=2 elastic_rung=84 fallback_rung_b=0
wrote 27 row(s) to /home/ghecht/Projects/hven/.scratch/w5t89r/art/raw/leg2/walk/sink/head-r1.csv
