hs1 walk trace=sink median=0.001254s spread=227.647% majors=29 elastic=0 rung_b=0
hs3 walk trace=sink median=0.000218s spread=19.943% majors=4 elastic=0 rung_b=0
hs5 walk trace=sink median=0.000182s spread=42.541% majors=4 elastic=0 rung_b=0
hs6 walk trace=sink median=0.000575s spread=29.744% majors=8 elastic=0 rung_b=0
hs7 walk trace=sink median=0.000730s spread=21.994% majors=9 elastic=0 rung_b=0
hs10 walk trace=sink median=0.005402s spread=36.343% majors=14 elastic=8 rung_b=0
hs11 walk trace=sink median=0.001326s spread=11.692% majors=7 elastic=2 rung_b=0
hs12 walk trace=sink median=0.000387s spread=15.003% majors=6 elastic=0 rung_b=0
hs14 walk trace=sink median=0.000250s spread=29.558% majors=5 elastic=0 rung_b=0
hs15 walk trace=sink median=0.000993s spread=21.008% majors=7 elastic=1 rung_b=0
hs22 walk trace=sink median=0.000251s spread=59.885% majors=2 elastic=0 rung_b=0
hs24 walk trace=sink median=0.000429s spread=30.090% majors=3 elastic=0 rung_b=0
hs25 walk trace=sink median=0.000027s spread=87.621% majors=0 elastic=0 rung_b=0
hs26 walk trace=sink median=0.000878s spread=17.884% majors=17 elastic=0 rung_b=0
hs27 walk trace=sink median=0.001307s spread=17.675% majors=4 elastic=1 rung_b=0
hs28 walk trace=sink median=0.000220s spread=22.573% majors=3 elastic=0 rung_b=0
hs30 walk trace=sink median=0.000626s spread=22.256% majors=11 elastic=0 rung_b=0
hs33 walk trace=sink median=0.000660s spread=21.258% majors=4 elastic=0 rung_b=0
hs35 walk trace=sink median=0.000091s spread=55.886% majors=1 elastic=0 rung_b=0
hs38 walk trace=sink median=0.003268s spread=9.679% majors=49 elastic=0 rung_b=0
hs39 walk trace=sink median=0.000679s spread=18.896% majors=9 elastic=0 rung_b=0
hs40 walk trace=sink median=0.000230s spread=23.649% majors=4 elastic=0 rung_b=0
hs43 walk trace=sink median=0.000641s spread=60.883% majors=7 elastic=0 rung_b=0
hs45 walk trace=sink median=0.000514s spread=19.739% majors=3 elastic=0 rung_b=0
hs76 walk trace=sink median=0.000274s spread=32.388% majors=2 elastic=0 rung_b=0
hs77 walk trace=sink median=0.000712s spread=19.067% majors=12 elastic=0 rung_b=0
hs79 walk trace=sink median=0.000239s spread=35.934% majors=4 elastic=0 rung_b=0

HS SUITE: 27 cell(s), engine walk, trace sink, repeat 1000, warmup 1
  corpus (sum of per-cell medians): 0.022360 s
  worst per-cell median SE: 0.401 %   <-- THE CALIBRATION READING (target <= 0.5, falls as 1/sqrt(N))
  worst per-cell max-min spread: 227.647 %  (raw cloud; NOT a calibration
                                            statistic -- it is monotone in N)
  cells with unstable counters across repeats: 0
  elastic activations: 12   fallback rung B: 0
  qp.mode events by site: dispatch=228 soc_resolve=2 elastic_rung=84 fallback_rung_b=0
wrote 27 row(s) to /home/ghecht/Projects/hven/.scratch/w5t89r/art/raw/leg2/walk/sink/passB-head-r2.csv
