hs1 walk trace=sink median=0.001262s spread=72.488% majors=29 elastic=0 rung_b=0
hs3 walk trace=sink median=0.000219s spread=30.069% majors=4 elastic=0 rung_b=0
hs5 walk trace=sink median=0.000182s spread=113.832% majors=4 elastic=0 rung_b=0
hs6 walk trace=sink median=0.000580s spread=8.945% majors=8 elastic=0 rung_b=0
hs7 walk trace=sink median=0.000736s spread=60.286% majors=9 elastic=0 rung_b=0
hs10 walk trace=sink median=0.005428s spread=24.829% majors=14 elastic=8 rung_b=0
hs11 walk trace=sink median=0.001341s spread=30.325% majors=7 elastic=2 rung_b=0
hs12 walk trace=sink median=0.000386s spread=15.485% majors=6 elastic=0 rung_b=0
hs14 walk trace=sink median=0.000251s spread=35.337% majors=5 elastic=0 rung_b=0
hs15 walk trace=sink median=0.000997s spread=18.515% majors=7 elastic=1 rung_b=0
hs22 walk trace=sink median=0.000253s spread=59.448% majors=2 elastic=0 rung_b=0
hs24 walk trace=sink median=0.000431s spread=21.185% majors=3 elastic=0 rung_b=0
hs25 walk trace=sink median=0.000027s spread=58.818% majors=0 elastic=0 rung_b=0
hs26 walk trace=sink median=0.000881s spread=22.649% majors=17 elastic=0 rung_b=0
hs27 walk trace=sink median=0.001319s spread=18.418% majors=4 elastic=1 rung_b=0
hs28 walk trace=sink median=0.000222s spread=61.939% majors=3 elastic=0 rung_b=0
hs30 walk trace=sink median=0.000633s spread=9.950% majors=11 elastic=0 rung_b=0
hs33 walk trace=sink median=0.000668s spread=429.107% majors=4 elastic=0 rung_b=0
hs35 walk trace=sink median=0.000092s spread=34.668% majors=1 elastic=0 rung_b=0
hs38 walk trace=sink median=0.003289s spread=10.809% majors=49 elastic=0 rung_b=0
hs39 walk trace=sink median=0.000680s spread=66.745% majors=9 elastic=0 rung_b=0
hs40 walk trace=sink median=0.000230s spread=18.629% majors=4 elastic=0 rung_b=0
hs43 walk trace=sink median=0.000644s spread=18.427% majors=7 elastic=0 rung_b=0
hs45 walk trace=sink median=0.000516s spread=13.805% majors=3 elastic=0 rung_b=0
hs76 walk trace=sink median=0.000275s spread=35.083% majors=2 elastic=0 rung_b=0
hs77 walk trace=sink median=0.000717s spread=7.811% majors=12 elastic=0 rung_b=0
hs79 walk trace=sink median=0.000240s spread=34.688% majors=4 elastic=0 rung_b=0

HS SUITE: 27 cell(s), engine walk, trace sink, repeat 1000, warmup 1
  corpus (sum of per-cell medians): 0.022497 s
  worst per-cell median SE: 0.575 %   <-- THE CALIBRATION READING (target <= 0.5, falls as 1/sqrt(N))
  worst per-cell max-min spread: 429.107 %  (raw cloud; NOT a calibration
                                            statistic -- it is monotone in N)
  cells with unstable counters across repeats: 0
  elastic activations: 12   fallback rung B: 0
  qp.mode events by site: dispatch=228 soc_resolve=2 elastic_rung=84 fallback_rung_b=0
wrote 27 row(s) to /home/ghecht/Projects/hven/.scratch/w5t89r/art/raw/leg2/walk/sink/passB-head-r3.csv
