running f7_n1000_bound_neutral (N=1000, bound, neutral, engine walk, wall budget 900s per phase)...
running f7_n1000_bound_physics (N=1000, bound, physics, engine walk, wall budget 900s per phase)...
running f7_n1000_bound_corrupted (N=1000, bound, corrupted, engine walk, wall budget 900s per phase)...
running f7_n1000_bound_activity (N=1000, bound, activity, engine walk, wall budget 900s per phase)...
running f7_n1000_bound_warm (N=1000, bound, warm, engine walk, wall budget 900s per phase)...
running f7_n2000_bound_neutral (N=2000, bound, neutral, engine walk, wall budget 2700s per phase)...
running f7_n2000_bound_physics (N=2000, bound, physics, engine walk, wall budget 2700s per phase)...
running f7_n2000_bound_corrupted (N=2000, bound, corrupted, engine walk, wall budget 2700s per phase)...
running f7_n2000_bound_activity (N=2000, bound, activity, engine walk, wall budget 2700s per phase)...
running f7_n2000_bound_warm (N=2000, bound, warm, engine walk, wall budget 2700s per phase)...
running f7_n5000_bound_neutral (N=5000, bound, neutral, engine walk, wall budget 3600s per phase)...
running f7_n5000_bound_physics (N=5000, bound, physics, engine walk, wall budget 3600s per phase)...
running f7_n5000_bound_corrupted (N=5000, bound, corrupted, engine walk, wall budget 3600s per phase)...
running f7_n5000_bound_activity (N=5000, bound, activity, engine walk, wall budget 3600s per phase)...
running f7_n5000_bound_warm (N=5000, bound, warm, engine walk, wall budget 3600s per phase)...
running f7_n10000_bound_neutral (N=10000, bound, neutral, engine walk, wall budget 3600s per phase)...
running f7_n10000_bound_physics (N=10000, bound, physics, engine walk, wall budget 3600s per phase)...
running f7_n10000_bound_corrupted (N=10000, bound, corrupted, engine walk, wall budget 3600s per phase)...
running f7_n10000_bound_activity (N=10000, bound, activity, engine walk, wall budget 3600s per phase)...
running f7_n10000_bound_warm (N=10000, bound, warm, engine walk, wall budget 3600s per phase)...
running f7_n20000_bound_neutral (N=20000, bound, neutral, engine walk, wall budget 3600s per phase)...
running f7_n20000_bound_physics (N=20000, bound, physics, engine walk, wall budget 3600s per phase)...
running f7_n20000_bound_corrupted (N=20000, bound, corrupted, engine walk, wall budget 3600s per phase)...
running f7_n20000_bound_activity (N=20000, bound, activity, engine walk, wall budget 3600s per phase)...
running f7_n20000_bound_warm (N=20000, bound, warm, engine walk, wall budget 3600s per phase)...
running f7_n1000_path_warm (N=1000, path, warm, engine walk, wall budget 900s per phase)...
running f7_n800_path_warm (N=800, path, warm, engine walk, wall budget 900s per phase)...
wrote 27 row(s) to /home/ghecht/Projects/hven/.scratch/w5t89r/art2/raw/leg1/walk/base-r1.csv
