hs1 ssn trace=sink median=0.001682s spread=54.271% majors=29 elastic=0 rung_b=0
hs3 ssn trace=sink median=0.000321s spread=69.394% majors=4 elastic=0 rung_b=0
hs5 ssn trace=sink median=0.000297s spread=73.016% majors=4 elastic=0 rung_b=0
hs6 ssn trace=sink median=0.001062s spread=62.466% majors=8 elastic=0 rung_b=0
hs7 ssn trace=sink median=0.001106s spread=29.978% majors=9 elastic=0 rung_b=0
hs10 ssn trace=sink median=0.006533s spread=13.759% majors=14 elastic=8 rung_b=0
hs11 ssn trace=sink median=0.002025s spread=65.407% majors=7 elastic=2 rung_b=0
hs12 ssn trace=sink median=0.000410s spread=43.554% majors=6 elastic=0 rung_b=0
hs14 ssn trace=sink median=0.000356s spread=49.823% majors=5 elastic=0 rung_b=0
hs15 ssn trace=sink median=0.001185s spread=35.732% majors=7 elastic=1 rung_b=0
hs22 ssn trace=sink median=0.000520s spread=30.460% majors=2 elastic=0 rung_b=0
hs24 ssn trace=sink median=0.000648s spread=44.264% majors=3 elastic=0 rung_b=0
hs25 ssn trace=sink median=0.000027s spread=151.515% majors=0 elastic=0 rung_b=0
hs26 ssn trace=sink median=0.001108s spread=26.818% majors=17 elastic=0 rung_b=0
hs27 ssn trace=sink median=0.001513s spread=12.020% majors=4 elastic=1 rung_b=0
hs28 ssn trace=sink median=0.000271s spread=57.784% majors=3 elastic=0 rung_b=0
hs30 ssn trace=sink median=0.000695s spread=16.405% majors=11 elastic=0 rung_b=0
hs33 ssn trace=sink median=0.000531s spread=17.734% majors=4 elastic=0 rung_b=0
hs35 ssn trace=sink median=0.000132s spread=60.937% majors=1 elastic=0 rung_b=0
hs38 ssn trace=sink median=0.005118s spread=22.983% majors=49 elastic=0 rung_b=0
hs39 ssn trace=sink median=0.001125s spread=11.480% majors=9 elastic=0 rung_b=0
hs40 ssn trace=sink median=0.000320s spread=31.196% majors=4 elastic=0 rung_b=0
hs43 ssn trace=sink median=0.000889s spread=322.691% majors=7 elastic=0 rung_b=0
hs45 ssn trace=sink median=0.000778s spread=14.064% majors=3 elastic=0 rung_b=0
hs76 ssn trace=sink median=0.000275s spread=42.685% majors=2 elastic=0 rung_b=0
hs77 ssn trace=sink median=0.001030s spread=12.179% majors=12 elastic=0 rung_b=0
hs79 ssn trace=sink median=0.000340s spread=21.510% majors=4 elastic=0 rung_b=0

HS SUITE: 27 cell(s), engine ssn, trace sink, repeat 2000, warmup 1
  corpus (sum of per-cell medians): 0.030295 s
  worst per-cell median SE: 0.293 %   <-- THE CALIBRATION READING (target <= 0.5, falls as 1/sqrt(N))
  worst per-cell max-min spread: 322.691 %  (raw cloud; NOT a calibration
                                            statistic -- it is monotone in N)
  cells with unstable counters across repeats: 0
  elastic activations: 12   fallback rung B: 0
  qp.mode events by site: dispatch=261 soc_resolve=2 elastic_rung=84 fallback_rung_b=0
wrote 27 row(s) to /home/ghecht/Projects/hven/.scratch/w5t89r/art2/raw/leg2/ssn/sink/base-r2.csv
