hs1 ssn trace=sink median=0.001689s spread=38.225% majors=29 elastic=0 rung_b=0
hs3 ssn trace=sink median=0.000322s spread=39.696% majors=4 elastic=0 rung_b=0
hs5 ssn trace=sink median=0.000301s spread=40.908% majors=4 elastic=0 rung_b=0
hs6 ssn trace=sink median=0.001071s spread=13.196% majors=8 elastic=0 rung_b=0
hs7 ssn trace=sink median=0.001117s spread=11.376% majors=9 elastic=0 rung_b=0
hs10 ssn trace=sink median=0.006572s spread=8.938% majors=14 elastic=8 rung_b=0
hs11 ssn trace=sink median=0.002036s spread=9.577% majors=7 elastic=2 rung_b=0
hs12 ssn trace=sink median=0.000412s spread=58.202% majors=6 elastic=0 rung_b=0
hs14 ssn trace=sink median=0.000363s spread=30.176% majors=5 elastic=0 rung_b=0
hs15 ssn trace=sink median=0.001191s spread=12.434% majors=7 elastic=1 rung_b=0
hs22 ssn trace=sink median=0.000521s spread=22.138% majors=2 elastic=0 rung_b=0
hs24 ssn trace=sink median=0.000649s spread=20.479% majors=3 elastic=0 rung_b=0
hs25 ssn trace=sink median=0.000027s spread=118.172% majors=0 elastic=0 rung_b=0
hs26 ssn trace=sink median=0.001118s spread=32.598% majors=17 elastic=0 rung_b=0
hs27 ssn trace=sink median=0.001522s spread=17.190% majors=4 elastic=1 rung_b=0
hs28 ssn trace=sink median=0.000274s spread=59.635% majors=3 elastic=0 rung_b=0
hs30 ssn trace=sink median=0.000706s spread=23.317% majors=11 elastic=0 rung_b=0
hs33 ssn trace=sink median=0.000536s spread=68.356% majors=4 elastic=0 rung_b=0
hs35 ssn trace=sink median=0.000132s spread=213.439% majors=1 elastic=0 rung_b=0
hs38 ssn trace=sink median=0.005151s spread=16.251% majors=49 elastic=0 rung_b=0
hs39 ssn trace=sink median=0.001128s spread=56.293% majors=9 elastic=0 rung_b=0
hs40 ssn trace=sink median=0.000320s spread=29.157% majors=4 elastic=0 rung_b=0
hs43 ssn trace=sink median=0.000897s spread=322.126% majors=7 elastic=0 rung_b=0
hs45 ssn trace=sink median=0.000784s spread=71.663% majors=3 elastic=0 rung_b=0
hs76 ssn trace=sink median=0.000281s spread=122.091% majors=2 elastic=0 rung_b=0
hs77 ssn trace=sink median=0.001039s spread=36.243% majors=12 elastic=0 rung_b=0
hs79 ssn trace=sink median=0.000342s spread=64.308% majors=4 elastic=0 rung_b=0

HS SUITE: 27 cell(s), engine ssn, trace sink, repeat 2000, warmup 1
  corpus (sum of per-cell medians): 0.030500 s
  worst per-cell median SE: 0.218 %   <-- THE CALIBRATION READING (target <= 0.5, falls as 1/sqrt(N))
  worst per-cell max-min spread: 322.126 %  (raw cloud; NOT a calibration
                                            statistic -- it is monotone in N)
  cells with unstable counters across repeats: 0
  elastic activations: 12   fallback rung B: 0
  qp.mode events by site: dispatch=261 soc_resolve=2 elastic_rung=84 fallback_rung_b=0
wrote 27 row(s) to /home/ghecht/Projects/hven/.scratch/w5t89r/art2/raw/leg2/ssn/sink/base-r1.csv
