hs1 ssn trace=sink median=0.001643s spread=36.055% majors=29 elastic=0 rung_b=0
hs3 ssn trace=sink median=0.000316s spread=51.334% majors=4 elastic=0 rung_b=0
hs5 ssn trace=sink median=0.000295s spread=60.914% majors=4 elastic=0 rung_b=0
hs6 ssn trace=sink median=0.001064s spread=25.945% majors=8 elastic=0 rung_b=0
hs7 ssn trace=sink median=0.001111s spread=34.979% majors=9 elastic=0 rung_b=0
hs10 ssn trace=sink median=0.006487s spread=71.353% majors=14 elastic=8 rung_b=0
hs11 ssn trace=sink median=0.001887s spread=27.467% majors=7 elastic=2 rung_b=0
hs12 ssn trace=sink median=0.000401s spread=63.771% majors=6 elastic=0 rung_b=0
hs14 ssn trace=sink median=0.000352s spread=34.027% majors=5 elastic=0 rung_b=0
hs15 ssn trace=sink median=0.001154s spread=29.097% majors=7 elastic=1 rung_b=0
hs22 ssn trace=sink median=0.000496s spread=74.911% majors=2 elastic=0 rung_b=0
hs24 ssn trace=sink median=0.000619s spread=25.777% majors=3 elastic=0 rung_b=0
hs25 ssn trace=sink median=0.000027s spread=126.553% majors=0 elastic=0 rung_b=0
hs26 ssn trace=sink median=0.001093s spread=12.670% majors=17 elastic=0 rung_b=0
hs27 ssn trace=sink median=0.001497s spread=55.478% majors=4 elastic=1 rung_b=0
hs28 ssn trace=sink median=0.000269s spread=42.104% majors=3 elastic=0 rung_b=0
hs30 ssn trace=sink median=0.000679s spread=18.204% majors=11 elastic=0 rung_b=0
hs33 ssn trace=sink median=0.000529s spread=27.462% majors=4 elastic=0 rung_b=0
hs35 ssn trace=sink median=0.000131s spread=61.994% majors=1 elastic=0 rung_b=0
hs38 ssn trace=sink median=0.005070s spread=7.580% majors=49 elastic=0 rung_b=0
hs39 ssn trace=sink median=0.001117s spread=15.454% majors=9 elastic=0 rung_b=0
hs40 ssn trace=sink median=0.000313s spread=24.755% majors=4 elastic=0 rung_b=0
hs43 ssn trace=sink median=0.000887s spread=324.008% majors=7 elastic=0 rung_b=0
hs45 ssn trace=sink median=0.000776s spread=53.414% majors=3 elastic=0 rung_b=0
hs76 ssn trace=sink median=0.000274s spread=26.432% majors=2 elastic=0 rung_b=0
hs77 ssn trace=sink median=0.001021s spread=14.465% majors=12 elastic=0 rung_b=0
hs79 ssn trace=sink median=0.000333s spread=29.810% majors=4 elastic=0 rung_b=0

HS SUITE: 27 cell(s), engine ssn, trace sink, repeat 2000, warmup 1
  corpus (sum of per-cell medians): 0.029840 s
  worst per-cell median SE: 0.217 %   <-- THE CALIBRATION READING (target <= 0.5, falls as 1/sqrt(N))
  worst per-cell max-min spread: 324.008 %  (raw cloud; NOT a calibration
                                            statistic -- it is monotone in N)
  cells with unstable counters across repeats: 0
  elastic activations: 12   fallback rung B: 0
  qp.mode events by site: dispatch=261 soc_resolve=2 elastic_rung=84 fallback_rung_b=0
wrote 27 row(s) to /home/ghecht/Projects/hven/.scratch/w5t89r/art2/raw/leg2/ssn/sink/head-r2.csv
