hs1 ssn trace=sink median=0.001636s spread=40.669% majors=29 elastic=0 rung_b=0
hs3 ssn trace=sink median=0.000315s spread=38.807% majors=4 elastic=0 rung_b=0
hs5 ssn trace=sink median=0.000294s spread=89.062% majors=4 elastic=0 rung_b=0
hs6 ssn trace=sink median=0.001058s spread=30.372% majors=8 elastic=0 rung_b=0
hs7 ssn trace=sink median=0.001106s spread=33.864% majors=9 elastic=0 rung_b=0
hs10 ssn trace=sink median=0.006434s spread=70.130% majors=14 elastic=8 rung_b=0
hs11 ssn trace=sink median=0.001874s spread=25.750% majors=7 elastic=2 rung_b=0
hs12 ssn trace=sink median=0.000401s spread=80.601% majors=6 elastic=0 rung_b=0
hs14 ssn trace=sink median=0.000351s spread=29.577% majors=5 elastic=0 rung_b=0
hs15 ssn trace=sink median=0.001146s spread=29.745% majors=7 elastic=1 rung_b=0
hs22 ssn trace=sink median=0.000493s spread=61.802% majors=2 elastic=0 rung_b=0
hs24 ssn trace=sink median=0.000614s spread=52.361% majors=3 elastic=0 rung_b=0
hs25 ssn trace=sink median=0.000027s spread=126.803% majors=0 elastic=0 rung_b=0
hs26 ssn trace=sink median=0.001089s spread=27.860% majors=17 elastic=0 rung_b=0
hs27 ssn trace=sink median=0.001489s spread=36.064% majors=4 elastic=1 rung_b=0
hs28 ssn trace=sink median=0.000269s spread=32.638% majors=3 elastic=0 rung_b=0
hs30 ssn trace=sink median=0.000680s spread=58.528% majors=11 elastic=0 rung_b=0
hs33 ssn trace=sink median=0.000528s spread=49.494% majors=4 elastic=0 rung_b=0
hs35 ssn trace=sink median=0.000131s spread=32.755% majors=1 elastic=0 rung_b=0
hs38 ssn trace=sink median=0.005058s spread=16.799% majors=49 elastic=0 rung_b=0
hs39 ssn trace=sink median=0.001115s spread=24.931% majors=9 elastic=0 rung_b=0
hs40 ssn trace=sink median=0.000312s spread=45.740% majors=4 elastic=0 rung_b=0
hs43 ssn trace=sink median=0.000884s spread=325.267% majors=7 elastic=0 rung_b=0
hs45 ssn trace=sink median=0.000772s spread=36.021% majors=3 elastic=0 rung_b=0
hs76 ssn trace=sink median=0.000274s spread=52.766% majors=2 elastic=0 rung_b=0
hs77 ssn trace=sink median=0.001018s spread=22.201% majors=12 elastic=0 rung_b=0
hs79 ssn trace=sink median=0.000335s spread=30.282% majors=4 elastic=0 rung_b=0

HS SUITE: 27 cell(s), engine ssn, trace sink, repeat 2000, warmup 1
  corpus (sum of per-cell medians): 0.029701 s
  worst per-cell median SE: 0.219 %   <-- THE CALIBRATION READING (target <= 0.5, falls as 1/sqrt(N))
  worst per-cell max-min spread: 325.267 %  (raw cloud; NOT a calibration
                                            statistic -- it is monotone in N)
  cells with unstable counters across repeats: 0
  elastic activations: 12   fallback rung B: 0
  qp.mode events by site: dispatch=261 soc_resolve=2 elastic_rung=84 fallback_rung_b=0
wrote 27 row(s) to /home/ghecht/Projects/hven/.scratch/w5t89r/art2/raw/leg2/ssn/sink/head-r3.csv
