hs1 ssn trace=sink median=0.001682s spread=61.331% majors=29 elastic=0 rung_b=0
hs3 ssn trace=sink median=0.000321s spread=40.499% majors=4 elastic=0 rung_b=0
hs5 ssn trace=sink median=0.000297s spread=39.499% majors=4 elastic=0 rung_b=0
hs6 ssn trace=sink median=0.001060s spread=18.465% majors=8 elastic=0 rung_b=0
hs7 ssn trace=sink median=0.001105s spread=32.862% majors=9 elastic=0 rung_b=0
hs10 ssn trace=sink median=0.006529s spread=63.388% majors=14 elastic=8 rung_b=0
hs11 ssn trace=sink median=0.002019s spread=17.005% majors=7 elastic=2 rung_b=0
hs12 ssn trace=sink median=0.000410s spread=63.019% majors=6 elastic=0 rung_b=0
hs14 ssn trace=sink median=0.000361s spread=75.323% majors=5 elastic=0 rung_b=0
hs15 ssn trace=sink median=0.001190s spread=33.139% majors=7 elastic=1 rung_b=0
hs22 ssn trace=sink median=0.000520s spread=31.776% majors=2 elastic=0 rung_b=0
hs24 ssn trace=sink median=0.000646s spread=45.253% majors=3 elastic=0 rung_b=0
hs25 ssn trace=sink median=0.000027s spread=141.916% majors=0 elastic=0 rung_b=0
hs26 ssn trace=sink median=0.001115s spread=20.442% majors=17 elastic=0 rung_b=0
hs27 ssn trace=sink median=0.001517s spread=18.023% majors=4 elastic=1 rung_b=0
hs28 ssn trace=sink median=0.000271s spread=36.519% majors=3 elastic=0 rung_b=0
hs30 ssn trace=sink median=0.000700s spread=32.313% majors=11 elastic=0 rung_b=0
hs33 ssn trace=sink median=0.000533s spread=42.868% majors=4 elastic=0 rung_b=0
hs35 ssn trace=sink median=0.000133s spread=41.287% majors=1 elastic=0 rung_b=0
hs38 ssn trace=sink median=0.005119s spread=15.125% majors=49 elastic=0 rung_b=0
hs39 ssn trace=sink median=0.001123s spread=64.996% majors=9 elastic=0 rung_b=0
hs40 ssn trace=sink median=0.000321s spread=758.041% majors=4 elastic=0 rung_b=0
hs43 ssn trace=sink median=0.000889s spread=38.582% majors=7 elastic=0 rung_b=0
hs45 ssn trace=sink median=0.000778s spread=28.023% majors=3 elastic=0 rung_b=0
hs76 ssn trace=sink median=0.000275s spread=24.165% majors=2 elastic=0 rung_b=0
hs77 ssn trace=sink median=0.001033s spread=25.724% majors=12 elastic=0 rung_b=0
hs79 ssn trace=sink median=0.000340s spread=53.400% majors=4 elastic=0 rung_b=0

HS SUITE: 27 cell(s), engine ssn, trace sink, repeat 2000, warmup 1
  corpus (sum of per-cell medians): 0.030313 s
  worst per-cell median SE: 0.531 %   <-- THE CALIBRATION READING (target <= 0.5, falls as 1/sqrt(N))
  worst per-cell max-min spread: 758.041 %  (raw cloud; NOT a calibration
                                            statistic -- it is monotone in N)
  cells with unstable counters across repeats: 0
  elastic activations: 12   fallback rung B: 0
  qp.mode events by site: dispatch=261 soc_resolve=2 elastic_rung=84 fallback_rung_b=0
wrote 27 row(s) to /home/ghecht/Projects/hven/.scratch/w5t89r/art2/raw/leg2/ssn/sink/passB-base-r1.csv
