hs1 ssn trace=sink median=0.001656s spread=46.934% majors=29 elastic=0 rung_b=0
hs3 ssn trace=sink median=0.000317s spread=36.607% majors=4 elastic=0 rung_b=0
hs5 ssn trace=sink median=0.000295s spread=43.117% majors=4 elastic=0 rung_b=0
hs6 ssn trace=sink median=0.001077s spread=34.505% majors=8 elastic=0 rung_b=0
hs7 ssn trace=sink median=0.001122s spread=87.289% majors=9 elastic=0 rung_b=0
hs10 ssn trace=sink median=0.006512s spread=21.354% majors=14 elastic=8 rung_b=0
hs11 ssn trace=sink median=0.001894s spread=75.329% majors=7 elastic=2 rung_b=0
hs12 ssn trace=sink median=0.000404s spread=75.679% majors=6 elastic=0 rung_b=0
hs14 ssn trace=sink median=0.000354s spread=77.051% majors=5 elastic=0 rung_b=0
hs15 ssn trace=sink median=0.001157s spread=18.545% majors=7 elastic=1 rung_b=0
hs22 ssn trace=sink median=0.000497s spread=27.851% majors=2 elastic=0 rung_b=0
hs24 ssn trace=sink median=0.000622s spread=76.930% majors=3 elastic=0 rung_b=0
hs25 ssn trace=sink median=0.000027s spread=115.699% majors=0 elastic=0 rung_b=0
hs26 ssn trace=sink median=0.001099s spread=52.375% majors=17 elastic=0 rung_b=0
hs27 ssn trace=sink median=0.001506s spread=43.650% majors=4 elastic=1 rung_b=0
hs28 ssn trace=sink median=0.000273s spread=73.456% majors=3 elastic=0 rung_b=0
hs30 ssn trace=sink median=0.000688s spread=40.698% majors=11 elastic=0 rung_b=0
hs33 ssn trace=sink median=0.000533s spread=59.048% majors=4 elastic=0 rung_b=0
hs35 ssn trace=sink median=0.000132s spread=49.765% majors=1 elastic=0 rung_b=0
hs38 ssn trace=sink median=0.005105s spread=107.014% majors=49 elastic=0 rung_b=0
hs39 ssn trace=sink median=0.001124s spread=31.158% majors=9 elastic=0 rung_b=0
hs40 ssn trace=sink median=0.000316s spread=384.167% majors=4 elastic=0 rung_b=0
hs43 ssn trace=sink median=0.000894s spread=40.539% majors=7 elastic=0 rung_b=0
hs45 ssn trace=sink median=0.000780s spread=16.750% majors=3 elastic=0 rung_b=0
hs76 ssn trace=sink median=0.000276s spread=31.254% majors=2 elastic=0 rung_b=0
hs77 ssn trace=sink median=0.001031s spread=34.005% majors=12 elastic=0 rung_b=0
hs79 ssn trace=sink median=0.000339s spread=88.599% majors=4 elastic=0 rung_b=0

HS SUITE: 27 cell(s), engine ssn, trace sink, repeat 2000, warmup 1
  corpus (sum of per-cell medians): 0.030031 s
  worst per-cell median SE: 0.419 %   <-- THE CALIBRATION READING (target <= 0.5, falls as 1/sqrt(N))
  worst per-cell max-min spread: 384.167 %  (raw cloud; NOT a calibration
                                            statistic -- it is monotone in N)
  cells with unstable counters across repeats: 0
  elastic activations: 12   fallback rung B: 0
  qp.mode events by site: dispatch=261 soc_resolve=2 elastic_rung=84 fallback_rung_b=0
wrote 27 row(s) to /home/ghecht/Projects/hven/.scratch/w5t89r/art2/raw/leg2/ssn/sink/passB-head-r2.csv
