hs1 walk trace=off median=0.001290s spread=59.765% majors=29 elastic=0 rung_b=0
hs3 walk trace=off median=0.000223s spread=78.542% majors=4 elastic=0 rung_b=0
hs5 walk trace=off median=0.000186s spread=22.227% majors=4 elastic=0 rung_b=0
hs6 walk trace=off median=0.000590s spread=25.887% majors=8 elastic=0 rung_b=0
hs7 walk trace=off median=0.000754s spread=46.807% majors=9 elastic=0 rung_b=0
hs10 walk trace=off median=0.005499s spread=8.513% majors=14 elastic=8 rung_b=0
hs11 walk trace=off median=0.001360s spread=29.354% majors=7 elastic=2 rung_b=0
hs12 walk trace=off median=0.000407s spread=54.968% majors=6 elastic=0 rung_b=0
hs14 walk trace=off median=0.000257s spread=50.344% majors=5 elastic=0 rung_b=0
hs15 walk trace=off median=0.001011s spread=24.142% majors=7 elastic=1 rung_b=0
hs22 walk trace=off median=0.000257s spread=31.976% majors=2 elastic=0 rung_b=0
hs24 walk trace=off median=0.000443s spread=63.878% majors=3 elastic=0 rung_b=0
hs25 walk trace=off median=0.000027s spread=71.402% majors=0 elastic=0 rung_b=0
hs26 walk trace=off median=0.000909s spread=45.684% majors=17 elastic=0 rung_b=0
hs27 walk trace=off median=0.001346s spread=29.965% majors=4 elastic=1 rung_b=0
hs28 walk trace=off median=0.000225s spread=20.600% majors=3 elastic=0 rung_b=0
hs30 walk trace=off median=0.000641s spread=41.853% majors=11 elastic=0 rung_b=0
hs33 walk trace=off median=0.000677s spread=22.779% majors=4 elastic=0 rung_b=0
hs35 walk trace=off median=0.000092s spread=51.866% majors=1 elastic=0 rung_b=0
hs38 walk trace=off median=0.003354s spread=18.608% majors=49 elastic=0 rung_b=0
hs39 walk trace=off median=0.000689s spread=26.170% majors=9 elastic=0 rung_b=0
hs40 walk trace=off median=0.000234s spread=25.447% majors=4 elastic=0 rung_b=0
hs43 walk trace=off median=0.000653s spread=27.111% majors=7 elastic=0 rung_b=0
hs45 walk trace=off median=0.000523s spread=35.540% majors=3 elastic=0 rung_b=0
hs76 walk trace=off median=0.000277s spread=39.354% majors=2 elastic=0 rung_b=0
hs77 walk trace=off median=0.000722s spread=47.569% majors=12 elastic=0 rung_b=0
hs79 walk trace=off median=0.000243s spread=51.880% majors=4 elastic=0 rung_b=0

HS SUITE: 27 cell(s), engine walk, trace off, repeat 1000, warmup 1
  corpus (sum of per-cell medians): 0.022892 s
  worst per-cell median SE: 0.276 %   <-- THE CALIBRATION READING (target <= 0.5, falls as 1/sqrt(N))
  worst per-cell max-min spread: 78.542 %  (raw cloud; NOT a calibration
                                            statistic -- it is monotone in N)
  cells with unstable counters across repeats: 0
  elastic activations: 12   fallback rung B: 0
wrote 27 row(s) to /home/ghecht/Projects/hven/.scratch/w5t89r/art/raw/leg2/walk/off/base-r3.csv
