hs1 walk trace=off median=0.001295s spread=21.852% majors=29 elastic=0 rung_b=0
hs3 walk trace=off median=0.000224s spread=60.064% majors=4 elastic=0 rung_b=0
hs5 walk trace=off median=0.000187s spread=23.595% majors=4 elastic=0 rung_b=0
hs6 walk trace=off median=0.000590s spread=23.937% majors=8 elastic=0 rung_b=0
hs7 walk trace=off median=0.000748s spread=26.280% majors=9 elastic=0 rung_b=0
hs10 walk trace=off median=0.005520s spread=13.865% majors=14 elastic=8 rung_b=0
hs11 walk trace=off median=0.001359s spread=32.461% majors=7 elastic=2 rung_b=0
hs12 walk trace=off median=0.000409s spread=67.100% majors=6 elastic=0 rung_b=0
hs14 walk trace=off median=0.000259s spread=35.857% majors=5 elastic=0 rung_b=0
hs15 walk trace=off median=0.001012s spread=20.129% majors=7 elastic=1 rung_b=0
hs22 walk trace=off median=0.000255s spread=32.967% majors=2 elastic=0 rung_b=0
hs24 walk trace=off median=0.000444s spread=42.677% majors=3 elastic=0 rung_b=0
hs25 walk trace=off median=0.000027s spread=33.085% majors=0 elastic=0 rung_b=0
hs26 walk trace=off median=0.000907s spread=25.341% majors=17 elastic=0 rung_b=0
hs27 walk trace=off median=0.001344s spread=30.680% majors=4 elastic=1 rung_b=0
hs28 walk trace=off median=0.000227s spread=26.383% majors=3 elastic=0 rung_b=0
hs30 walk trace=off median=0.000643s spread=31.179% majors=11 elastic=0 rung_b=0
hs33 walk trace=off median=0.000678s spread=26.304% majors=4 elastic=0 rung_b=0
hs35 walk trace=off median=0.000092s spread=71.031% majors=1 elastic=0 rung_b=0
hs38 walk trace=off median=0.003353s spread=8.091% majors=49 elastic=0 rung_b=0
hs39 walk trace=off median=0.000689s spread=30.768% majors=9 elastic=0 rung_b=0
hs40 walk trace=off median=0.000235s spread=23.253% majors=4 elastic=0 rung_b=0
hs43 walk trace=off median=0.000654s spread=64.917% majors=7 elastic=0 rung_b=0
hs45 walk trace=off median=0.000525s spread=32.408% majors=3 elastic=0 rung_b=0
hs76 walk trace=off median=0.000279s spread=90.003% majors=2 elastic=0 rung_b=0
hs77 walk trace=off median=0.000725s spread=31.273% majors=12 elastic=0 rung_b=0
hs79 walk trace=off median=0.000242s spread=47.359% majors=4 elastic=0 rung_b=0

HS SUITE: 27 cell(s), engine walk, trace off, repeat 1000, warmup 1
  corpus (sum of per-cell medians): 0.022921 s
  worst per-cell median SE: 0.495 %   <-- THE CALIBRATION READING (target <= 0.5, falls as 1/sqrt(N))
  worst per-cell max-min spread: 90.003 %  (raw cloud; NOT a calibration
                                            statistic -- it is monotone in N)
  cells with unstable counters across repeats: 0
  elastic activations: 12   fallback rung B: 0
wrote 27 row(s) to /home/ghecht/Projects/hven/.scratch/w5t89r/art/raw/leg2/walk/off/base-r2.csv
