hs1 walk trace=off median=0.001283s spread=27.004% majors=29 elastic=0 rung_b=0
hs3 walk trace=off median=0.000222s spread=21.925% majors=4 elastic=0 rung_b=0
hs5 walk trace=off median=0.000185s spread=25.506% majors=4 elastic=0 rung_b=0
hs6 walk trace=off median=0.000587s spread=46.658% majors=8 elastic=0 rung_b=0
hs7 walk trace=off median=0.000742s spread=19.427% majors=9 elastic=0 rung_b=0
hs10 walk trace=off median=0.005471s spread=10.498% majors=14 elastic=8 rung_b=0
hs11 walk trace=off median=0.001349s spread=11.133% majors=7 elastic=2 rung_b=0
hs12 walk trace=off median=0.000406s spread=27.166% majors=6 elastic=0 rung_b=0
hs14 walk trace=off median=0.000256s spread=19.455% majors=5 elastic=0 rung_b=0
hs15 walk trace=off median=0.001003s spread=11.217% majors=7 elastic=1 rung_b=0
hs22 walk trace=off median=0.000256s spread=19.009% majors=2 elastic=0 rung_b=0
hs24 walk trace=off median=0.000441s spread=40.710% majors=3 elastic=0 rung_b=0
hs25 walk trace=off median=0.000027s spread=131.880% majors=0 elastic=0 rung_b=0
hs26 walk trace=off median=0.000904s spread=20.949% majors=17 elastic=0 rung_b=0
hs27 walk trace=off median=0.001338s spread=16.824% majors=4 elastic=1 rung_b=0
hs28 walk trace=off median=0.000225s spread=24.554% majors=3 elastic=0 rung_b=0
hs30 walk trace=off median=0.000637s spread=34.227% majors=11 elastic=0 rung_b=0
hs33 walk trace=off median=0.000675s spread=24.409% majors=4 elastic=0 rung_b=0
hs35 walk trace=off median=0.000091s spread=77.647% majors=1 elastic=0 rung_b=0
hs38 walk trace=off median=0.003340s spread=69.433% majors=49 elastic=0 rung_b=0
hs39 walk trace=off median=0.000686s spread=35.370% majors=9 elastic=0 rung_b=0
hs40 walk trace=off median=0.000233s spread=17.899% majors=4 elastic=0 rung_b=0
hs43 walk trace=off median=0.000650s spread=24.094% majors=7 elastic=0 rung_b=0
hs45 walk trace=off median=0.000521s spread=17.006% majors=3 elastic=0 rung_b=0
hs76 walk trace=off median=0.000276s spread=36.148% majors=2 elastic=0 rung_b=0
hs77 walk trace=off median=0.000722s spread=50.909% majors=12 elastic=0 rung_b=0
hs79 walk trace=off median=0.000241s spread=57.817% majors=4 elastic=0 rung_b=0

HS SUITE: 27 cell(s), engine walk, trace off, repeat 1000, warmup 1
  corpus (sum of per-cell medians): 0.022768 s
  worst per-cell median SE: 0.219 %   <-- THE CALIBRATION READING (target <= 0.5, falls as 1/sqrt(N))
  worst per-cell max-min spread: 131.880 %  (raw cloud; NOT a calibration
                                            statistic -- it is monotone in N)
  cells with unstable counters across repeats: 0
  elastic activations: 12   fallback rung B: 0
wrote 27 row(s) to /home/ghecht/Projects/hven/.scratch/w5t89r/art/raw/leg2/walk/off/base-r1.csv
