hs1 walk trace=off median=0.001284s spread=13.902% majors=29 elastic=0 rung_b=0
hs3 walk trace=off median=0.000223s spread=29.037% majors=4 elastic=0 rung_b=0
hs5 walk trace=off median=0.000185s spread=42.407% majors=4 elastic=0 rung_b=0
hs6 walk trace=off median=0.000586s spread=20.467% majors=8 elastic=0 rung_b=0
hs7 walk trace=off median=0.000742s spread=40.209% majors=9 elastic=0 rung_b=0
hs10 walk trace=off median=0.005457s spread=8.377% majors=14 elastic=8 rung_b=0
hs11 walk trace=off median=0.001343s spread=23.747% majors=7 elastic=2 rung_b=0
hs12 walk trace=off median=0.000404s spread=33.007% majors=6 elastic=0 rung_b=0
hs14 walk trace=off median=0.000256s spread=25.328% majors=5 elastic=0 rung_b=0
hs15 walk trace=off median=0.001002s spread=20.701% majors=7 elastic=1 rung_b=0
hs22 walk trace=off median=0.000255s spread=34.297% majors=2 elastic=0 rung_b=0
hs24 walk trace=off median=0.000440s spread=20.531% majors=3 elastic=0 rung_b=0
hs25 walk trace=off median=0.000027s spread=55.587% majors=0 elastic=0 rung_b=0
hs26 walk trace=off median=0.000903s spread=13.955% majors=17 elastic=0 rung_b=0
hs27 walk trace=off median=0.001333s spread=16.546% majors=4 elastic=1 rung_b=0
hs28 walk trace=off median=0.000224s spread=23.590% majors=3 elastic=0 rung_b=0
hs30 walk trace=off median=0.000637s spread=14.055% majors=11 elastic=0 rung_b=0
hs33 walk trace=off median=0.000672s spread=126.036% majors=4 elastic=0 rung_b=0
hs35 walk trace=off median=0.000091s spread=50.633% majors=1 elastic=0 rung_b=0
hs38 walk trace=off median=0.003324s spread=32.144% majors=49 elastic=0 rung_b=0
hs39 walk trace=off median=0.000684s spread=68.311% majors=9 elastic=0 rung_b=0
hs40 walk trace=off median=0.000234s spread=19.637% majors=4 elastic=0 rung_b=0
hs43 walk trace=off median=0.000647s spread=65.810% majors=7 elastic=0 rung_b=0
hs45 walk trace=off median=0.000520s spread=10.896% majors=3 elastic=0 rung_b=0
hs76 walk trace=off median=0.000276s spread=42.007% majors=2 elastic=0 rung_b=0
hs77 walk trace=off median=0.000721s spread=62.460% majors=12 elastic=0 rung_b=0
hs79 walk trace=off median=0.000242s spread=43.617% majors=4 elastic=0 rung_b=0

HS SUITE: 27 cell(s), engine walk, trace off, repeat 1000, warmup 1
  corpus (sum of per-cell medians): 0.022710 s
  worst per-cell median SE: 1.155 %   <-- THE CALIBRATION READING (target <= 0.5, falls as 1/sqrt(N))
  worst per-cell max-min spread: 126.036 %  (raw cloud; NOT a calibration
                                            statistic -- it is monotone in N)
  cells with unstable counters across repeats: 0
  elastic activations: 12   fallback rung B: 0
wrote 27 row(s) to /home/ghecht/Projects/hven/.scratch/w5t89r/art/raw/leg2/walk/off/passB-base-r3.csv
