hs1 walk trace=off median=0.001264s spread=11.853% majors=29 elastic=0 rung_b=0
hs3 walk trace=off median=0.000219s spread=19.070% majors=4 elastic=0 rung_b=0
hs5 walk trace=off median=0.000182s spread=33.990% majors=4 elastic=0 rung_b=0
hs6 walk trace=off median=0.000574s spread=16.748% majors=8 elastic=0 rung_b=0
hs7 walk trace=off median=0.000734s spread=26.500% majors=9 elastic=0 rung_b=0
hs10 walk trace=off median=0.005418s spread=35.004% majors=14 elastic=8 rung_b=0
hs11 walk trace=off median=0.001333s spread=16.202% majors=7 elastic=2 rung_b=0
hs12 walk trace=off median=0.000396s spread=25.650% majors=6 elastic=0 rung_b=0
hs14 walk trace=off median=0.000250s spread=20.720% majors=5 elastic=0 rung_b=0
hs15 walk trace=off median=0.000995s spread=34.882% majors=7 elastic=1 rung_b=0
hs22 walk trace=off median=0.000252s spread=21.896% majors=2 elastic=0 rung_b=0
hs24 walk trace=off median=0.000429s spread=22.589% majors=3 elastic=0 rung_b=0
hs25 walk trace=off median=0.000027s spread=37.748% majors=0 elastic=0 rung_b=0
hs26 walk trace=off median=0.000880s spread=16.313% majors=17 elastic=0 rung_b=0
hs27 walk trace=off median=0.001314s spread=16.427% majors=4 elastic=1 rung_b=0
hs28 walk trace=off median=0.000221s spread=19.665% majors=3 elastic=0 rung_b=0
hs30 walk trace=off median=0.000632s spread=22.957% majors=11 elastic=0 rung_b=0
hs33 walk trace=off median=0.000668s spread=27.755% majors=4 elastic=0 rung_b=0
hs35 walk trace=off median=0.000091s spread=41.872% majors=1 elastic=0 rung_b=0
hs38 walk trace=off median=0.003297s spread=5.919% majors=49 elastic=0 rung_b=0
hs39 walk trace=off median=0.000678s spread=16.898% majors=9 elastic=0 rung_b=0
hs40 walk trace=off median=0.000230s spread=17.425% majors=4 elastic=0 rung_b=0
hs43 walk trace=off median=0.000644s spread=20.451% majors=7 elastic=0 rung_b=0
hs45 walk trace=off median=0.000515s spread=15.116% majors=3 elastic=0 rung_b=0
hs76 walk trace=off median=0.000275s spread=19.999% majors=2 elastic=0 rung_b=0
hs77 walk trace=off median=0.000713s spread=14.093% majors=12 elastic=0 rung_b=0
hs79 walk trace=off median=0.000240s spread=22.450% majors=4 elastic=0 rung_b=0

HS SUITE: 27 cell(s), engine walk, trace off, repeat 1000, warmup 1
  corpus (sum of per-cell medians): 0.022469 s
  worst per-cell median SE: 0.160 %   <-- THE CALIBRATION READING (target <= 0.5, falls as 1/sqrt(N))
  worst per-cell max-min spread: 41.872 %  (raw cloud; NOT a calibration
                                            statistic -- it is monotone in N)
  cells with unstable counters across repeats: 0
  elastic activations: 12   fallback rung B: 0
wrote 27 row(s) to /home/ghecht/Projects/hven/.scratch/w5t89r/art/raw/leg2/walk/off/passB-head-r2.csv
