hs1 walk trace=off median=0.001271s spread=14.598% majors=29 elastic=0 rung_b=0
hs3 walk trace=off median=0.000220s spread=30.917% majors=4 elastic=0 rung_b=0
hs5 walk trace=off median=0.000183s spread=27.346% majors=4 elastic=0 rung_b=0
hs6 walk trace=off median=0.000582s spread=21.678% majors=8 elastic=0 rung_b=0
hs7 walk trace=off median=0.000740s spread=16.289% majors=9 elastic=0 rung_b=0
hs10 walk trace=off median=0.005448s spread=48.009% majors=14 elastic=8 rung_b=0
hs11 walk trace=off median=0.001343s spread=12.446% majors=7 elastic=2 rung_b=0
hs12 walk trace=off median=0.000396s spread=77.792% majors=6 elastic=0 rung_b=0
hs14 walk trace=off median=0.000253s spread=19.837% majors=5 elastic=0 rung_b=0
hs15 walk trace=off median=0.001002s spread=13.594% majors=7 elastic=1 rung_b=0
hs22 walk trace=off median=0.000254s spread=20.094% majors=2 elastic=0 rung_b=0
hs24 walk trace=off median=0.000431s spread=24.185% majors=3 elastic=0 rung_b=0
hs25 walk trace=off median=0.000027s spread=33.234% majors=0 elastic=0 rung_b=0
hs26 walk trace=off median=0.000883s spread=21.044% majors=17 elastic=0 rung_b=0
hs27 walk trace=off median=0.001318s spread=25.424% majors=4 elastic=1 rung_b=0
hs28 walk trace=off median=0.000223s spread=20.293% majors=3 elastic=0 rung_b=0
hs30 walk trace=off median=0.000634s spread=57.841% majors=11 elastic=0 rung_b=0
hs33 walk trace=off median=0.000669s spread=48.313% majors=4 elastic=0 rung_b=0
hs35 walk trace=off median=0.000092s spread=72.024% majors=1 elastic=0 rung_b=0
hs38 walk trace=off median=0.003293s spread=12.745% majors=49 elastic=0 rung_b=0
hs39 walk trace=off median=0.000683s spread=59.090% majors=9 elastic=0 rung_b=0
hs40 walk trace=off median=0.000231s spread=33.153% majors=4 elastic=0 rung_b=0
hs43 walk trace=off median=0.000647s spread=22.111% majors=7 elastic=0 rung_b=0
hs45 walk trace=off median=0.000517s spread=44.172% majors=3 elastic=0 rung_b=0
hs76 walk trace=off median=0.000276s spread=22.618% majors=2 elastic=0 rung_b=0
hs77 walk trace=off median=0.000716s spread=42.453% majors=12 elastic=0 rung_b=0
hs79 walk trace=off median=0.000240s spread=19.237% majors=4 elastic=0 rung_b=0

HS SUITE: 27 cell(s), engine walk, trace off, repeat 1000, warmup 1
  corpus (sum of per-cell medians): 0.022571 s
  worst per-cell median SE: 0.253 %   <-- THE CALIBRATION READING (target <= 0.5, falls as 1/sqrt(N))
  worst per-cell max-min spread: 77.792 %  (raw cloud; NOT a calibration
                                            statistic -- it is monotone in N)
  cells with unstable counters across repeats: 0
  elastic activations: 12   fallback rung B: 0
wrote 27 row(s) to /home/ghecht/Projects/hven/.scratch/w5t89r/art/raw/leg2/walk/off/passB-head-r1.csv
