hs1 ssn trace=off median=0.001703s spread=33.897% majors=29 elastic=0 rung_b=0
hs3 ssn trace=off median=0.000347s spread=15.998% majors=4 elastic=0 rung_b=0
hs5 ssn trace=off median=0.000368s spread=14.385% majors=4 elastic=0 rung_b=0
hs6 ssn trace=off median=0.001067s spread=8.556% majors=8 elastic=0 rung_b=0
hs7 ssn trace=off median=0.001111s spread=9.881% majors=9 elastic=0 rung_b=0
hs10 ssn trace=off median=0.006606s spread=5.267% majors=14 elastic=8 rung_b=0
hs11 ssn trace=off median=0.001938s spread=5.112% majors=7 elastic=2 rung_b=0
hs12 ssn trace=off median=0.000412s spread=16.767% majors=6 elastic=0 rung_b=0
hs14 ssn trace=off median=0.000360s spread=19.826% majors=5 elastic=0 rung_b=0
hs15 ssn trace=off median=0.001210s spread=7.933% majors=7 elastic=1 rung_b=0
hs22 ssn trace=off median=0.000526s spread=10.970% majors=2 elastic=0 rung_b=0
hs24 ssn trace=off median=0.000657s spread=12.709% majors=3 elastic=0 rung_b=0
hs25 ssn trace=off median=0.000027s spread=156.789% majors=0 elastic=0 rung_b=0
hs26 ssn trace=off median=0.001132s spread=7.296% majors=17 elastic=0 rung_b=0
hs27 ssn trace=off median=0.001521s spread=8.260% majors=4 elastic=1 rung_b=0
hs28 ssn trace=off median=0.000276s spread=32.069% majors=3 elastic=0 rung_b=0
hs30 ssn trace=off median=0.000703s spread=11.371% majors=11 elastic=0 rung_b=0
hs33 ssn trace=off median=0.000540s spread=8.902% majors=4 elastic=0 rung_b=0
hs35 ssn trace=off median=0.000132s spread=27.582% majors=1 elastic=0 rung_b=0
hs38 ssn trace=off median=0.005140s spread=2.628% majors=49 elastic=0 rung_b=0
hs39 ssn trace=off median=0.001149s spread=6.479% majors=9 elastic=0 rung_b=0
hs40 ssn trace=off median=0.000326s spread=14.867% majors=4 elastic=0 rung_b=0
hs43 ssn trace=off median=0.000899s spread=11.632% majors=7 elastic=0 rung_b=0
hs45 ssn trace=off median=0.000793s spread=10.036% majors=3 elastic=0 rung_b=0
hs76 ssn trace=off median=0.000280s spread=23.314% majors=2 elastic=0 rung_b=0
hs77 ssn trace=off median=0.001059s spread=6.511% majors=12 elastic=0 rung_b=0
hs79 ssn trace=off median=0.000345s spread=12.531% majors=4 elastic=0 rung_b=0

HS SUITE: 27 cell(s), engine ssn, trace off, repeat 200, warmup 1
  corpus (sum of per-cell medians): 0.030627 s
  worst per-cell median SE: 1.130 %   <-- THE CALIBRATION READING (target <= 0.5, falls as 1/sqrt(N))
  worst per-cell max-min spread: 156.789 %  (raw cloud; NOT a calibration
                                            statistic -- it is monotone in N)
  cells with unstable counters across repeats: 0
  elastic activations: 12   fallback rung B: 0
wrote 27 row(s) to /home/ghecht/Projects/hven/.scratch/w6t6/art/raw/hs/perf-ssn-off-r2.csv
