hs1 ipm trace=sink median=0.002346s spread=15.101% majors=29 elastic=0 rung_b=0
hs3 ipm trace=sink median=0.000602s spread=7.728% majors=4 elastic=0 rung_b=0
hs5 ipm trace=sink median=0.000372s spread=12.612% majors=4 elastic=0 rung_b=0
hs6 ipm trace=sink median=0.000956s spread=9.849% majors=8 elastic=0 rung_b=0
hs7 ipm trace=sink median=0.001117s spread=6.602% majors=9 elastic=0 rung_b=0
hs10 ipm trace=sink median=0.004705s spread=6.485% majors=14 elastic=8 rung_b=0
hs11 ipm trace=sink median=0.001218s spread=6.990% majors=7 elastic=2 rung_b=0
hs12 ipm trace=sink median=0.000760s spread=9.744% majors=6 elastic=0 rung_b=0
hs14 ipm trace=sink median=0.000570s spread=12.058% majors=5 elastic=0 rung_b=0
hs15 ipm trace=sink median=0.003127s spread=9.988% majors=9 elastic=2 rung_b=0
hs22 ipm trace=sink median=0.000701s spread=10.814% majors=2 elastic=0 rung_b=0
hs24 ipm trace=sink median=0.000566s spread=5.491% majors=3 elastic=0 rung_b=0
hs25 ipm trace=sink median=0.000027s spread=32.913% majors=0 elastic=0 rung_b=0
hs26 ipm trace=sink median=0.001708s spread=4.411% majors=17 elastic=0 rung_b=0
hs27 ipm trace=sink median=0.001880s spread=4.547% majors=4 elastic=1 rung_b=0
hs28 ipm trace=sink median=0.000458s spread=13.392% majors=3 elastic=0 rung_b=0
hs30 ipm trace=sink median=0.001218s spread=4.739% majors=11 elastic=0 rung_b=0
hs33 ipm trace=sink median=0.001861s spread=5.565% majors=7 elastic=0 rung_b=0
hs35 ipm trace=sink median=0.000152s spread=14.018% majors=1 elastic=0 rung_b=0
hs38 ipm trace=sink median=0.006065s spread=4.847% majors=49 elastic=0 rung_b=0
hs39 ipm trace=sink median=0.001201s spread=9.337% majors=9 elastic=0 rung_b=0
hs40 ipm trace=sink median=0.000496s spread=12.534% majors=4 elastic=0 rung_b=0
hs43 ipm trace=sink median=0.001372s spread=5.859% majors=7 elastic=0 rung_b=0
hs45 ipm trace=sink median=0.001150s spread=7.853% majors=3 elastic=0 rung_b=0
hs76 ipm trace=sink median=0.000531s spread=13.657% majors=2 elastic=0 rung_b=0
hs77 ipm trace=sink median=0.001495s spread=7.242% majors=12 elastic=0 rung_b=0
hs79 ipm trace=sink median=0.000515s spread=14.220% majors=4 elastic=0 rung_b=0

HS SUITE: 27 cell(s), engine ipm, trace sink, repeat 200, warmup 1
  corpus (sum of per-cell medians): 0.037166 s
  worst per-cell median SE: 0.302 %   <-- THE CALIBRATION READING (target <= 0.5, falls as 1/sqrt(N))
  worst per-cell max-min spread: 32.913 %  (raw cloud; NOT a calibration
                                            statistic -- it is monotone in N)
  cells with unstable counters across repeats: 0
  elastic activations: 13   fallback rung B: 0
  qp.mode events by site: dispatch=236 soc_resolve=2 elastic_rung=78 fallback_rung_b=3
wrote 27 row(s) to /home/ghecht/Projects/hven/.scratch/w6t6/art/raw/hs/perf-ipm-sink-r1.csv
