hs1 ssn trace=sink median=0.001711s spread=28.210% majors=29 elastic=0 rung_b=0
hs3 ssn trace=sink median=0.000320s spread=14.332% majors=4 elastic=0 rung_b=0
hs5 ssn trace=sink median=0.000299s spread=13.165% majors=4 elastic=0 rung_b=0
hs6 ssn trace=sink median=0.001053s spread=5.115% majors=8 elastic=0 rung_b=0
hs7 ssn trace=sink median=0.001095s spread=23.121% majors=9 elastic=0 rung_b=0
hs10 ssn trace=sink median=0.006469s spread=6.671% majors=14 elastic=8 rung_b=0
hs11 ssn trace=sink median=0.002029s spread=10.841% majors=7 elastic=2 rung_b=0
hs12 ssn trace=sink median=0.000409s spread=12.164% majors=6 elastic=0 rung_b=0
hs14 ssn trace=sink median=0.000362s spread=23.511% majors=5 elastic=0 rung_b=0
hs15 ssn trace=sink median=0.001207s spread=6.339% majors=7 elastic=1 rung_b=0
hs22 ssn trace=sink median=0.000528s spread=13.826% majors=2 elastic=0 rung_b=0
hs24 ssn trace=sink median=0.000659s spread=13.299% majors=3 elastic=0 rung_b=0
hs25 ssn trace=sink median=0.000027s spread=37.392% majors=0 elastic=0 rung_b=0
hs26 ssn trace=sink median=0.001132s spread=7.384% majors=17 elastic=0 rung_b=0
hs27 ssn trace=sink median=0.001557s spread=7.311% majors=4 elastic=1 rung_b=0
hs28 ssn trace=sink median=0.000278s spread=16.722% majors=3 elastic=0 rung_b=0
hs30 ssn trace=sink median=0.000706s spread=12.081% majors=11 elastic=0 rung_b=0
hs33 ssn trace=sink median=0.000563s spread=12.772% majors=4 elastic=0 rung_b=0
hs35 ssn trace=sink median=0.000132s spread=27.551% majors=1 elastic=0 rung_b=0
hs38 ssn trace=sink median=0.005164s spread=2.524% majors=49 elastic=0 rung_b=0
hs39 ssn trace=sink median=0.001175s spread=5.081% majors=9 elastic=0 rung_b=0
hs40 ssn trace=sink median=0.000327s spread=15.111% majors=4 elastic=0 rung_b=0
hs43 ssn trace=sink median=0.000930s spread=8.093% majors=7 elastic=0 rung_b=0
hs45 ssn trace=sink median=0.000791s spread=9.910% majors=3 elastic=0 rung_b=0
hs76 ssn trace=sink median=0.000279s spread=26.058% majors=2 elastic=0 rung_b=0
hs77 ssn trace=sink median=0.001080s spread=4.939% majors=12 elastic=0 rung_b=0
hs79 ssn trace=sink median=0.000348s spread=19.601% majors=4 elastic=0 rung_b=0

HS SUITE: 27 cell(s), engine ssn, trace sink, repeat 200, warmup 1
  corpus (sum of per-cell medians): 0.030629 s
  worst per-cell median SE: 0.563 %   <-- THE CALIBRATION READING (target <= 0.5, falls as 1/sqrt(N))
  worst per-cell max-min spread: 37.392 %  (raw cloud; NOT a calibration
                                            statistic -- it is monotone in N)
  cells with unstable counters across repeats: 0
  elastic activations: 12   fallback rung B: 0
  qp.mode events by site: dispatch=261 soc_resolve=2 elastic_rung=84 fallback_rung_b=0
wrote 27 row(s) to /home/ghecht/Projects/hven/.scratch/w6t6/art/raw/hs/perf-ssn-sink-r2.csv
