hs1 ipm trace=off median=0.002365s spread=22.163% majors=29 elastic=0 rung_b=0
hs3 ipm trace=off median=0.000599s spread=12.589% majors=4 elastic=0 rung_b=0
hs5 ipm trace=off median=0.000371s spread=13.913% majors=4 elastic=0 rung_b=0
hs6 ipm trace=off median=0.000954s spread=10.379% majors=8 elastic=0 rung_b=0
hs7 ipm trace=off median=0.001109s spread=5.881% majors=9 elastic=0 rung_b=0
hs10 ipm trace=off median=0.004717s spread=2.932% majors=14 elastic=8 rung_b=0
hs11 ipm trace=off median=0.001221s spread=9.176% majors=7 elastic=2 rung_b=0
hs12 ipm trace=off median=0.000758s spread=9.174% majors=6 elastic=0 rung_b=0
hs14 ipm trace=off median=0.000573s spread=9.119% majors=5 elastic=0 rung_b=0
hs15 ipm trace=off median=0.003130s spread=3.897% majors=9 elastic=2 rung_b=0
hs22 ipm trace=off median=0.000743s spread=14.140% majors=2 elastic=0 rung_b=0
hs24 ipm trace=off median=0.000568s spread=8.365% majors=3 elastic=0 rung_b=0
hs25 ipm trace=off median=0.000027s spread=29.690% majors=0 elastic=0 rung_b=0
hs26 ipm trace=off median=0.001692s spread=5.099% majors=17 elastic=0 rung_b=0
hs27 ipm trace=off median=0.001917s spread=4.771% majors=4 elastic=1 rung_b=0
hs28 ipm trace=off median=0.000507s spread=13.181% majors=3 elastic=0 rung_b=0
hs30 ipm trace=off median=0.001222s spread=5.826% majors=11 elastic=0 rung_b=0
hs33 ipm trace=off median=0.001986s spread=6.588% majors=7 elastic=0 rung_b=0
hs35 ipm trace=off median=0.000151s spread=21.172% majors=1 elastic=0 rung_b=0
hs38 ipm trace=off median=0.006648s spread=2.954% majors=49 elastic=0 rung_b=0
hs39 ipm trace=off median=0.001214s spread=5.418% majors=9 elastic=0 rung_b=0
hs40 ipm trace=off median=0.000496s spread=10.152% majors=4 elastic=0 rung_b=0
hs43 ipm trace=off median=0.001358s spread=6.541% majors=7 elastic=0 rung_b=0
hs45 ipm trace=off median=0.001146s spread=6.102% majors=3 elastic=0 rung_b=0
hs76 ipm trace=off median=0.000516s spread=13.667% majors=2 elastic=0 rung_b=0
hs77 ipm trace=off median=0.001458s spread=5.104% majors=12 elastic=0 rung_b=0
hs79 ipm trace=off median=0.000505s spread=11.449% majors=4 elastic=0 rung_b=0

HS SUITE: 27 cell(s), engine ipm, trace off, repeat 200, warmup 1
  corpus (sum of per-cell medians): 0.037952 s
  worst per-cell median SE: 0.501 %   <-- THE CALIBRATION READING (target <= 0.5, falls as 1/sqrt(N))
  worst per-cell max-min spread: 29.690 %  (raw cloud; NOT a calibration
                                            statistic -- it is monotone in N)
  cells with unstable counters across repeats: 0
  elastic activations: 13   fallback rung B: 0
wrote 27 row(s) to /home/ghecht/Projects/hven/.scratch/w6t6/art/raw/hs/perf-ipm-off-r2.csv
