hs1 walk trace=sink median=0.001268s spread=4.477% majors=29 elastic=0 rung_b=0
hs3 walk trace=sink median=0.000221s spread=21.018% majors=4 elastic=0 rung_b=0
hs5 walk trace=sink median=0.000183s spread=31.414% majors=4 elastic=0 rung_b=0
hs6 walk trace=sink median=0.000586s spread=7.206% majors=8 elastic=0 rung_b=0
hs7 walk trace=sink median=0.000750s spread=9.401% majors=9 elastic=0 rung_b=0
hs10 walk trace=sink median=0.005499s spread=5.824% majors=14 elastic=8 rung_b=0
hs11 walk trace=sink median=0.001407s spread=6.300% majors=7 elastic=2 rung_b=0
hs12 walk trace=sink median=0.000425s spread=11.250% majors=6 elastic=0 rung_b=0
hs14 walk trace=sink median=0.000251s spread=17.086% majors=5 elastic=0 rung_b=0
hs15 walk trace=sink median=0.001070s spread=6.644% majors=7 elastic=1 rung_b=0
hs22 walk trace=sink median=0.000279s spread=15.850% majors=2 elastic=0 rung_b=0
hs24 walk trace=sink median=0.000467s spread=13.453% majors=3 elastic=0 rung_b=0
hs25 walk trace=sink median=0.000027s spread=61.849% majors=0 elastic=0 rung_b=0
hs26 walk trace=sink median=0.000897s spread=9.873% majors=17 elastic=0 rung_b=0
hs27 walk trace=sink median=0.001348s spread=9.395% majors=4 elastic=1 rung_b=0
hs28 walk trace=sink median=0.000226s spread=20.169% majors=3 elastic=0 rung_b=0
hs30 walk trace=sink median=0.000641s spread=8.480% majors=11 elastic=0 rung_b=0
hs33 walk trace=sink median=0.000679s spread=6.734% majors=4 elastic=0 rung_b=0
hs35 walk trace=sink median=0.000092s spread=36.123% majors=1 elastic=0 rung_b=0
hs38 walk trace=sink median=0.003319s spread=2.692% majors=49 elastic=0 rung_b=0
hs39 walk trace=sink median=0.000693s spread=11.222% majors=9 elastic=0 rung_b=0
hs40 walk trace=sink median=0.000234s spread=15.165% majors=4 elastic=0 rung_b=0
hs43 walk trace=sink median=0.000655s spread=9.552% majors=7 elastic=0 rung_b=0
hs45 walk trace=sink median=0.000522s spread=7.698% majors=3 elastic=0 rung_b=0
hs76 walk trace=sink median=0.000281s spread=23.639% majors=2 elastic=0 rung_b=0
hs77 walk trace=sink median=0.000728s spread=6.565% majors=12 elastic=0 rung_b=0
hs79 walk trace=sink median=0.000246s spread=35.545% majors=4 elastic=0 rung_b=0

HS SUITE: 27 cell(s), engine walk, trace sink, repeat 200, warmup 1
  corpus (sum of per-cell medians): 0.022995 s
  worst per-cell median SE: 0.597 %   <-- THE CALIBRATION READING (target <= 0.5, falls as 1/sqrt(N))
  worst per-cell max-min spread: 61.849 %  (raw cloud; NOT a calibration
                                            statistic -- it is monotone in N)
  cells with unstable counters across repeats: 0
  elastic activations: 12   fallback rung B: 0
  qp.mode events by site: dispatch=228 soc_resolve=2 elastic_rung=84 fallback_rung_b=0
wrote 27 row(s) to /home/ghecht/Projects/hven/.scratch/w6t6/art/raw/hs/perf-walk-sink-r3.csv
