hs1 ipm trace=sink median=0.002314s spread=18.155% majors=29 elastic=0 rung_b=0
hs3 ipm trace=sink median=0.000601s spread=11.513% majors=4 elastic=0 rung_b=0
hs5 ipm trace=sink median=0.000374s spread=12.315% majors=4 elastic=0 rung_b=0
hs6 ipm trace=sink median=0.000951s spread=6.078% majors=8 elastic=0 rung_b=0
hs7 ipm trace=sink median=0.001111s spread=9.948% majors=9 elastic=0 rung_b=0
hs10 ipm trace=sink median=0.004669s spread=5.677% majors=14 elastic=8 rung_b=0
hs11 ipm trace=sink median=0.001210s spread=10.333% majors=7 elastic=2 rung_b=0
hs12 ipm trace=sink median=0.000757s spread=10.055% majors=6 elastic=0 rung_b=0
hs14 ipm trace=sink median=0.000570s spread=12.664% majors=5 elastic=0 rung_b=0
hs15 ipm trace=sink median=0.003108s spread=5.512% majors=9 elastic=2 rung_b=0
hs22 ipm trace=sink median=0.000721s spread=9.489% majors=2 elastic=0 rung_b=0
hs24 ipm trace=sink median=0.000582s spread=15.223% majors=3 elastic=0 rung_b=0
hs25 ipm trace=sink median=0.000027s spread=41.633% majors=0 elastic=0 rung_b=0
hs26 ipm trace=sink median=0.001741s spread=6.034% majors=17 elastic=0 rung_b=0
hs27 ipm trace=sink median=0.001921s spread=4.494% majors=4 elastic=1 rung_b=0
hs28 ipm trace=sink median=0.000468s spread=22.542% majors=3 elastic=0 rung_b=0
hs30 ipm trace=sink median=0.001239s spread=5.912% majors=11 elastic=0 rung_b=0
hs33 ipm trace=sink median=0.001902s spread=5.868% majors=7 elastic=0 rung_b=0
hs35 ipm trace=sink median=0.000154s spread=25.581% majors=1 elastic=0 rung_b=0
hs38 ipm trace=sink median=0.006175s spread=3.345% majors=49 elastic=0 rung_b=0
hs39 ipm trace=sink median=0.001219s spread=6.698% majors=9 elastic=0 rung_b=0
hs40 ipm trace=sink median=0.000494s spread=15.388% majors=4 elastic=0 rung_b=0
hs43 ipm trace=sink median=0.001364s spread=6.681% majors=7 elastic=0 rung_b=0
hs45 ipm trace=sink median=0.001140s spread=6.165% majors=3 elastic=0 rung_b=0
hs76 ipm trace=sink median=0.000527s spread=12.650% majors=2 elastic=0 rung_b=0
hs77 ipm trace=sink median=0.001492s spread=5.898% majors=12 elastic=0 rung_b=0
hs79 ipm trace=sink median=0.000512s spread=19.567% majors=4 elastic=0 rung_b=0

HS SUITE: 27 cell(s), engine ipm, trace sink, repeat 200, warmup 1
  corpus (sum of per-cell medians): 0.037343 s
  worst per-cell median SE: 0.551 %   <-- THE CALIBRATION READING (target <= 0.5, falls as 1/sqrt(N))
  worst per-cell max-min spread: 41.633 %  (raw cloud; NOT a calibration
                                            statistic -- it is monotone in N)
  cells with unstable counters across repeats: 0
  elastic activations: 13   fallback rung B: 0
  qp.mode events by site: dispatch=236 soc_resolve=2 elastic_rung=78 fallback_rung_b=3
wrote 27 row(s) to /home/ghecht/Projects/hven/.scratch/w6t6/art/raw/hs/perf-ipm-sink-r2.csv
