hs1 walk trace=off median=0.001264s spread=5.115% majors=29 elastic=0 rung_b=0
hs3 walk trace=off median=0.000220s spread=9.108% majors=4 elastic=0 rung_b=0
hs5 walk trace=off median=0.000183s spread=10.876% majors=4 elastic=0 rung_b=0
hs6 walk trace=off median=0.000579s spread=6.994% majors=8 elastic=0 rung_b=0
hs7 walk trace=off median=0.000741s spread=8.338% majors=9 elastic=0 rung_b=0
hs10 walk trace=off median=0.005596s spread=7.613% majors=14 elastic=8 rung_b=0
hs11 walk trace=off median=0.001422s spread=4.395% majors=7 elastic=2 rung_b=0
hs12 walk trace=off median=0.000436s spread=14.264% majors=6 elastic=0 rung_b=0
hs14 walk trace=off median=0.000271s spread=16.617% majors=5 elastic=0 rung_b=0
hs15 walk trace=off median=0.001062s spread=3.429% majors=7 elastic=1 rung_b=0
hs22 walk trace=off median=0.000289s spread=24.915% majors=2 elastic=0 rung_b=0
hs24 walk trace=off median=0.000459s spread=16.844% majors=3 elastic=0 rung_b=0
hs25 walk trace=off median=0.000027s spread=52.148% majors=0 elastic=0 rung_b=0
hs26 walk trace=off median=0.000928s spread=8.310% majors=17 elastic=0 rung_b=0
hs27 walk trace=off median=0.001388s spread=6.952% majors=4 elastic=1 rung_b=0
hs28 walk trace=off median=0.000228s spread=16.853% majors=3 elastic=0 rung_b=0
hs30 walk trace=off median=0.000645s spread=7.228% majors=11 elastic=0 rung_b=0
hs33 walk trace=off median=0.000684s spread=9.777% majors=4 elastic=0 rung_b=0
hs35 walk trace=off median=0.000092s spread=27.611% majors=1 elastic=0 rung_b=0
hs38 walk trace=off median=0.003360s spread=67.334% majors=49 elastic=0 rung_b=0
hs39 walk trace=off median=0.000697s spread=7.191% majors=9 elastic=0 rung_b=0
hs40 walk trace=off median=0.000237s spread=13.575% majors=4 elastic=0 rung_b=0
hs43 walk trace=off median=0.000663s spread=7.769% majors=7 elastic=0 rung_b=0
hs45 walk trace=off median=0.000531s spread=11.832% majors=3 elastic=0 rung_b=0
hs76 walk trace=off median=0.000282s spread=22.496% majors=2 elastic=0 rung_b=0
hs77 walk trace=off median=0.000731s spread=8.248% majors=12 elastic=0 rung_b=0
hs79 walk trace=off median=0.000241s spread=17.238% majors=4 elastic=0 rung_b=0

HS SUITE: 27 cell(s), engine walk, trace off, repeat 200, warmup 1
  corpus (sum of per-cell medians): 0.023257 s
  worst per-cell median SE: 0.648 %   <-- THE CALIBRATION READING (target <= 0.5, falls as 1/sqrt(N))
  worst per-cell max-min spread: 67.334 %  (raw cloud; NOT a calibration
                                            statistic -- it is monotone in N)
  cells with unstable counters across repeats: 0
  elastic activations: 12   fallback rung B: 0
wrote 27 row(s) to /home/ghecht/Projects/hven/.scratch/w6t6/art/raw/hs/perf-walk-off-r3.csv
