hs1 ipm trace=off median=0.002284s spread=23.827% majors=29 elastic=0 rung_b=0
hs3 ipm trace=off median=0.000582s spread=8.844% majors=4 elastic=0 rung_b=0
hs5 ipm trace=off median=0.000361s spread=16.782% majors=4 elastic=0 rung_b=0
hs6 ipm trace=off median=0.000913s spread=6.607% majors=8 elastic=0 rung_b=0
hs7 ipm trace=off median=0.001063s spread=5.074% majors=9 elastic=0 rung_b=0
hs10 ipm trace=off median=0.004565s spread=6.653% majors=14 elastic=8 rung_b=0
hs11 ipm trace=off median=0.001181s spread=6.133% majors=7 elastic=2 rung_b=0
hs12 ipm trace=off median=0.000733s spread=12.137% majors=6 elastic=0 rung_b=0
hs14 ipm trace=off median=0.000568s spread=11.188% majors=5 elastic=0 rung_b=0
hs15 ipm trace=off median=0.003104s spread=3.703% majors=9 elastic=2 rung_b=0
hs22 ipm trace=off median=0.000751s spread=11.952% majors=2 elastic=0 rung_b=0
hs24 ipm trace=off median=0.000582s spread=16.007% majors=3 elastic=0 rung_b=0
hs25 ipm trace=off median=0.000027s spread=70.487% majors=0 elastic=0 rung_b=0
hs26 ipm trace=off median=0.001723s spread=5.947% majors=17 elastic=0 rung_b=0
hs27 ipm trace=off median=0.001954s spread=5.323% majors=4 elastic=1 rung_b=0
hs28 ipm trace=off median=0.000518s spread=10.865% majors=3 elastic=0 rung_b=0
hs30 ipm trace=off median=0.001242s spread=7.575% majors=11 elastic=0 rung_b=0
hs33 ipm trace=off median=0.002030s spread=5.178% majors=7 elastic=0 rung_b=0
hs35 ipm trace=off median=0.000155s spread=33.060% majors=1 elastic=0 rung_b=0
hs38 ipm trace=off median=0.006648s spread=4.409% majors=49 elastic=0 rung_b=0
hs39 ipm trace=off median=0.001216s spread=23.337% majors=9 elastic=0 rung_b=0
hs40 ipm trace=off median=0.000493s spread=16.420% majors=4 elastic=0 rung_b=0
hs43 ipm trace=off median=0.001357s spread=5.961% majors=7 elastic=0 rung_b=0
hs45 ipm trace=off median=0.001141s spread=5.370% majors=3 elastic=0 rung_b=0
hs76 ipm trace=off median=0.000529s spread=14.110% majors=2 elastic=0 rung_b=0
hs77 ipm trace=off median=0.001492s spread=8.479% majors=12 elastic=0 rung_b=0
hs79 ipm trace=off median=0.000514s spread=12.084% majors=4 elastic=0 rung_b=0

HS SUITE: 27 cell(s), engine ipm, trace off, repeat 200, warmup 1
  corpus (sum of per-cell medians): 0.037726 s
  worst per-cell median SE: 0.697 %   <-- THE CALIBRATION READING (target <= 0.5, falls as 1/sqrt(N))
  worst per-cell max-min spread: 70.487 %  (raw cloud; NOT a calibration
                                            statistic -- it is monotone in N)
  cells with unstable counters across repeats: 0
  elastic activations: 13   fallback rung B: 0
wrote 27 row(s) to /home/ghecht/Projects/hven/.scratch/w6t6/art/raw/hs/perf-ipm-off-r3.csv
