hs1 ssn trace=off median=0.001697s spread=34.937% majors=29 elastic=0 rung_b=0
hs3 ssn trace=off median=0.000348s spread=20.078% majors=4 elastic=0 rung_b=0
hs5 ssn trace=off median=0.000369s spread=23.172% majors=4 elastic=0 rung_b=0
hs6 ssn trace=off median=0.001063s spread=4.303% majors=8 elastic=0 rung_b=0
hs7 ssn trace=off median=0.001110s spread=7.804% majors=9 elastic=0 rung_b=0
hs10 ssn trace=off median=0.006611s spread=5.961% majors=14 elastic=8 rung_b=0
hs11 ssn trace=off median=0.001937s spread=5.261% majors=7 elastic=2 rung_b=0
hs12 ssn trace=off median=0.000412s spread=18.536% majors=6 elastic=0 rung_b=0
hs14 ssn trace=off median=0.000361s spread=12.149% majors=5 elastic=0 rung_b=0
hs15 ssn trace=off median=0.001209s spread=5.028% majors=7 elastic=1 rung_b=0
hs22 ssn trace=off median=0.000517s spread=38.195% majors=2 elastic=0 rung_b=0
hs24 ssn trace=off median=0.000642s spread=7.160% majors=3 elastic=0 rung_b=0
hs25 ssn trace=off median=0.000027s spread=32.259% majors=0 elastic=0 rung_b=0
hs26 ssn trace=off median=0.001100s spread=8.708% majors=17 elastic=0 rung_b=0
hs27 ssn trace=off median=0.001480s spread=7.084% majors=4 elastic=1 rung_b=0
hs28 ssn trace=off median=0.000271s spread=11.850% majors=3 elastic=0 rung_b=0
hs30 ssn trace=off median=0.000683s spread=12.868% majors=11 elastic=0 rung_b=0
hs33 ssn trace=off median=0.000525s spread=43.805% majors=4 elastic=0 rung_b=0
hs35 ssn trace=off median=0.000131s spread=22.717% majors=1 elastic=0 rung_b=0
hs38 ssn trace=off median=0.005019s spread=5.551% majors=49 elastic=0 rung_b=0
hs39 ssn trace=off median=0.001141s spread=8.657% majors=9 elastic=0 rung_b=0
hs40 ssn trace=off median=0.000326s spread=15.187% majors=4 elastic=0 rung_b=0
hs43 ssn trace=off median=0.000897s spread=8.564% majors=7 elastic=0 rung_b=0
hs45 ssn trace=off median=0.000790s spread=7.787% majors=3 elastic=0 rung_b=0
hs76 ssn trace=off median=0.000272s spread=9.047% majors=2 elastic=0 rung_b=0
hs77 ssn trace=off median=0.001030s spread=26.212% majors=12 elastic=0 rung_b=0
hs79 ssn trace=off median=0.000338s spread=17.713% majors=4 elastic=0 rung_b=0

HS SUITE: 27 cell(s), engine ssn, trace off, repeat 200, warmup 1
  corpus (sum of per-cell medians): 0.030306 s
  worst per-cell median SE: 0.803 %   <-- THE CALIBRATION READING (target <= 0.5, falls as 1/sqrt(N))
  worst per-cell max-min spread: 43.805 %  (raw cloud; NOT a calibration
                                            statistic -- it is monotone in N)
  cells with unstable counters across repeats: 0
  elastic activations: 12   fallback rung B: 0
wrote 27 row(s) to /home/ghecht/Projects/hven/.scratch/w6t6/art/raw/hs/perf-ssn-off-r1.csv
