hs1 walk trace=sink median=0.001257s spread=8.772% majors=29 elastic=0 rung_b=0
hs3 walk trace=sink median=0.000219s spread=20.966% majors=4 elastic=0 rung_b=0
hs5 walk trace=sink median=0.000182s spread=10.520% majors=4 elastic=0 rung_b=0
hs6 walk trace=sink median=0.000578s spread=6.191% majors=8 elastic=0 rung_b=0
hs7 walk trace=sink median=0.000737s spread=8.191% majors=9 elastic=0 rung_b=0
hs10 walk trace=sink median=0.005560s spread=7.989% majors=14 elastic=8 rung_b=0
hs11 walk trace=sink median=0.001422s spread=5.928% majors=7 elastic=2 rung_b=0
hs12 walk trace=sink median=0.000429s spread=13.783% majors=6 elastic=0 rung_b=0
hs14 walk trace=sink median=0.000253s spread=13.614% majors=5 elastic=0 rung_b=0
hs15 walk trace=sink median=0.001080s spread=5.841% majors=7 elastic=1 rung_b=0
hs22 walk trace=sink median=0.000280s spread=14.013% majors=2 elastic=0 rung_b=0
hs24 walk trace=sink median=0.000471s spread=14.262% majors=3 elastic=0 rung_b=0
hs25 walk trace=sink median=0.000027s spread=35.773% majors=0 elastic=0 rung_b=0
hs26 walk trace=sink median=0.000900s spread=6.971% majors=17 elastic=0 rung_b=0
hs27 walk trace=sink median=0.001361s spread=8.278% majors=4 elastic=1 rung_b=0
hs28 walk trace=sink median=0.000228s spread=21.965% majors=3 elastic=0 rung_b=0
hs30 walk trace=sink median=0.000645s spread=18.115% majors=11 elastic=0 rung_b=0
hs33 walk trace=sink median=0.000683s spread=6.596% majors=4 elastic=0 rung_b=0
hs35 walk trace=sink median=0.000092s spread=26.411% majors=1 elastic=0 rung_b=0
hs38 walk trace=sink median=0.003339s spread=2.820% majors=49 elastic=0 rung_b=0
hs39 walk trace=sink median=0.000696s spread=10.028% majors=9 elastic=0 rung_b=0
hs40 walk trace=sink median=0.000237s spread=36.393% majors=4 elastic=0 rung_b=0
hs43 walk trace=sink median=0.000660s spread=7.913% majors=7 elastic=0 rung_b=0
hs45 walk trace=sink median=0.000527s spread=7.693% majors=3 elastic=0 rung_b=0
hs76 walk trace=sink median=0.000282s spread=22.744% majors=2 elastic=0 rung_b=0
hs77 walk trace=sink median=0.000729s spread=9.928% majors=12 elastic=0 rung_b=0
hs79 walk trace=sink median=0.000245s spread=14.171% majors=4 elastic=0 rung_b=0

HS SUITE: 27 cell(s), engine walk, trace sink, repeat 200, warmup 1
  corpus (sum of per-cell medians): 0.023121 s
  worst per-cell median SE: 0.573 %   <-- THE CALIBRATION READING (target <= 0.5, falls as 1/sqrt(N))
  worst per-cell max-min spread: 36.393 %  (raw cloud; NOT a calibration
                                            statistic -- it is monotone in N)
  cells with unstable counters across repeats: 0
  elastic activations: 12   fallback rung B: 0
  qp.mode events by site: dispatch=228 soc_resolve=2 elastic_rung=84 fallback_rung_b=0
wrote 27 row(s) to /home/ghecht/Projects/hven/.scratch/w6t6/art/raw/hs/perf-walk-sink-r1.csv
