hs1 ipm trace=off median=0.002292s spread=24.489% majors=29 elastic=0 rung_b=0
hs3 ipm trace=off median=0.000584s spread=8.681% majors=4 elastic=0 rung_b=0
hs5 ipm trace=off median=0.000369s spread=23.720% majors=4 elastic=0 rung_b=0
hs6 ipm trace=off median=0.000956s spread=10.826% majors=8 elastic=0 rung_b=0
hs7 ipm trace=off median=0.001111s spread=5.046% majors=9 elastic=0 rung_b=0
hs10 ipm trace=off median=0.004664s spread=4.802% majors=14 elastic=8 rung_b=0
hs11 ipm trace=off median=0.001178s spread=4.859% majors=7 elastic=2 rung_b=0
hs12 ipm trace=off median=0.000731s spread=7.177% majors=6 elastic=0 rung_b=0
hs14 ipm trace=off median=0.000554s spread=8.272% majors=5 elastic=0 rung_b=0
hs15 ipm trace=off median=0.003036s spread=6.148% majors=9 elastic=2 rung_b=0
hs22 ipm trace=off median=0.000730s spread=44.874% majors=2 elastic=0 rung_b=0
hs24 ipm trace=off median=0.000564s spread=7.198% majors=3 elastic=0 rung_b=0
hs25 ipm trace=off median=0.000027s spread=31.803% majors=0 elastic=0 rung_b=0
hs26 ipm trace=off median=0.001681s spread=6.494% majors=17 elastic=0 rung_b=0
hs27 ipm trace=off median=0.001903s spread=6.938% majors=4 elastic=1 rung_b=0
hs28 ipm trace=off median=0.000506s spread=9.902% majors=3 elastic=0 rung_b=0
hs30 ipm trace=off median=0.001215s spread=6.664% majors=11 elastic=0 rung_b=0
hs33 ipm trace=off median=0.001984s spread=6.412% majors=7 elastic=0 rung_b=0
hs35 ipm trace=off median=0.000153s spread=23.427% majors=1 elastic=0 rung_b=0
hs38 ipm trace=off median=0.006494s spread=4.347% majors=49 elastic=0 rung_b=0
hs39 ipm trace=off median=0.001182s spread=7.538% majors=9 elastic=0 rung_b=0
hs40 ipm trace=off median=0.000489s spread=15.096% majors=4 elastic=0 rung_b=0
hs43 ipm trace=off median=0.001364s spread=7.146% majors=7 elastic=0 rung_b=0
hs45 ipm trace=off median=0.001141s spread=9.686% majors=3 elastic=0 rung_b=0
hs76 ipm trace=off median=0.000528s spread=14.423% majors=2 elastic=0 rung_b=0
hs77 ipm trace=off median=0.001491s spread=199.224% majors=12 elastic=0 rung_b=0
hs79 ipm trace=off median=0.000513s spread=15.870% majors=4 elastic=0 rung_b=0

HS SUITE: 27 cell(s), engine ipm, trace off, repeat 200, warmup 1
  corpus (sum of per-cell medians): 0.037437 s
  worst per-cell median SE: 1.320 %   <-- THE CALIBRATION READING (target <= 0.5, falls as 1/sqrt(N))
  worst per-cell max-min spread: 199.224 %  (raw cloud; NOT a calibration
                                            statistic -- it is monotone in N)
  cells with unstable counters across repeats: 0
  elastic activations: 13   fallback rung B: 0
wrote 27 row(s) to /home/ghecht/Projects/hven/.scratch/w6t6/art/raw/hs/perf-ipm-off-r1.csv
