hs1 ssn trace=off median=0.001671s spread=34.757% majors=29 elastic=0 rung_b=0
hs3 ssn trace=off median=0.000344s spread=22.525% majors=4 elastic=0 rung_b=0
hs5 ssn trace=off median=0.000369s spread=17.351% majors=4 elastic=0 rung_b=0
hs6 ssn trace=off median=0.001073s spread=5.016% majors=8 elastic=0 rung_b=0
hs7 ssn trace=off median=0.001120s spread=5.186% majors=9 elastic=0 rung_b=0
hs10 ssn trace=off median=0.006664s spread=4.304% majors=14 elastic=8 rung_b=0
hs11 ssn trace=off median=0.001962s spread=5.239% majors=7 elastic=2 rung_b=0
hs12 ssn trace=off median=0.000417s spread=14.707% majors=6 elastic=0 rung_b=0
hs14 ssn trace=off median=0.000365s spread=14.527% majors=5 elastic=0 rung_b=0
hs15 ssn trace=off median=0.001228s spread=6.047% majors=7 elastic=1 rung_b=0
hs22 ssn trace=off median=0.000533s spread=9.513% majors=2 elastic=0 rung_b=0
hs24 ssn trace=off median=0.000667s spread=12.392% majors=3 elastic=0 rung_b=0
hs25 ssn trace=off median=0.000027s spread=103.134% majors=0 elastic=0 rung_b=0
hs26 ssn trace=off median=0.001140s spread=5.675% majors=17 elastic=0 rung_b=0
hs27 ssn trace=off median=0.001539s spread=6.968% majors=4 elastic=1 rung_b=0
hs28 ssn trace=off median=0.000280s spread=25.129% majors=3 elastic=0 rung_b=0
hs30 ssn trace=off median=0.000715s spread=9.138% majors=11 elastic=0 rung_b=0
hs33 ssn trace=off median=0.000548s spread=12.752% majors=4 elastic=0 rung_b=0
hs35 ssn trace=off median=0.000133s spread=27.505% majors=1 elastic=0 rung_b=0
hs38 ssn trace=off median=0.005193s spread=13.833% majors=49 elastic=0 rung_b=0
hs39 ssn trace=off median=0.001165s spread=6.438% majors=9 elastic=0 rung_b=0
hs40 ssn trace=off median=0.000330s spread=21.946% majors=4 elastic=0 rung_b=0
hs43 ssn trace=off median=0.000902s spread=8.520% majors=7 elastic=0 rung_b=0
hs45 ssn trace=off median=0.000779s spread=8.959% majors=3 elastic=0 rung_b=0
hs76 ssn trace=off median=0.000283s spread=66.517% majors=2 elastic=0 rung_b=0
hs77 ssn trace=off median=0.001072s spread=5.170% majors=12 elastic=0 rung_b=0
hs79 ssn trace=off median=0.000352s spread=33.236% majors=4 elastic=0 rung_b=0

HS SUITE: 27 cell(s), engine ssn, trace off, repeat 200, warmup 1
  corpus (sum of per-cell medians): 0.030868 s
  worst per-cell median SE: 0.851 %   <-- THE CALIBRATION READING (target <= 0.5, falls as 1/sqrt(N))
  worst per-cell max-min spread: 103.134 %  (raw cloud; NOT a calibration
                                            statistic -- it is monotone in N)
  cells with unstable counters across repeats: 0
  elastic activations: 12   fallback rung B: 0
wrote 27 row(s) to /home/ghecht/Projects/hven/.scratch/w6t6/art/raw/hs/perf-ssn-off-r3.csv
