hs1 ipm trace=off median=0.002288s spread=140.622% majors=29 elastic=0 rung_b=0
hs3 ipm trace=off median=0.000581s spread=5.835% majors=4 elastic=0 rung_b=0
hs5 ipm trace=off median=0.000361s spread=50.180% majors=4 elastic=0 rung_b=0
hs6 ipm trace=off median=0.000915s spread=5.265% majors=8 elastic=0 rung_b=0
hs7 ipm trace=off median=0.001066s spread=6.260% majors=9 elastic=0 rung_b=0
hs10 ipm trace=off median=0.004566s spread=7.107% majors=14 elastic=8 rung_b=0
hs11 ipm trace=off median=0.001178s spread=4.725% majors=7 elastic=2 rung_b=0
hs12 ipm trace=off median=0.000729s spread=4.527% majors=6 elastic=0 rung_b=0
hs14 ipm trace=off median=0.000555s spread=11.841% majors=5 elastic=0 rung_b=0
hs15 ipm trace=off median=0.003024s spread=7.303% majors=9 elastic=2 rung_b=0
hs22 ipm trace=off median=0.000732s spread=8.020% majors=2 elastic=0 rung_b=0
hs24 ipm trace=off median=0.000567s spread=7.147% majors=3 elastic=0 rung_b=0
hs25 ipm trace=off median=0.000026s spread=29.970% majors=0 elastic=0 rung_b=0
hs26 ipm trace=off median=0.001688s spread=17.409% majors=17 elastic=0 rung_b=0
hs27 ipm trace=off median=0.001899s spread=2.958% majors=4 elastic=1 rung_b=0
hs28 ipm trace=off median=0.000504s spread=9.539% majors=3 elastic=0 rung_b=0
hs30 ipm trace=off median=0.001210s spread=5.506% majors=11 elastic=0 rung_b=0
hs33 ipm trace=off median=0.001982s spread=15.518% majors=7 elastic=0 rung_b=0
hs35 ipm trace=off median=0.000154s spread=17.153% majors=1 elastic=0 rung_b=0
hs38 ipm trace=off median=0.006484s spread=5.599% majors=49 elastic=0 rung_b=0
hs39 ipm trace=off median=0.001188s spread=6.179% majors=9 elastic=0 rung_b=0
hs40 ipm trace=off median=0.000483s spread=11.346% majors=4 elastic=0 rung_b=0
hs43 ipm trace=off median=0.001321s spread=16.692% majors=7 elastic=0 rung_b=0
hs45 ipm trace=off median=0.001105s spread=6.310% majors=3 elastic=0 rung_b=0
hs76 ipm trace=off median=0.000513s spread=8.094% majors=2 elastic=0 rung_b=0
hs77 ipm trace=off median=0.001453s spread=5.873% majors=12 elastic=0 rung_b=0
hs79 ipm trace=off median=0.000503s spread=13.472% majors=4 elastic=0 rung_b=0

HS SUITE: 27 cell(s), engine ipm, trace off, repeat 200, warmup 1
  corpus (sum of per-cell medians): 0.037075 s
  worst per-cell median SE: 1.032 %   <-- THE CALIBRATION READING (target <= 0.5, falls as 1/sqrt(N))
  worst per-cell max-min spread: 140.622 %  (raw cloud; NOT a calibration
                                            statistic -- it is monotone in N)
  cells with unstable counters across repeats: 0
  elastic activations: 13   fallback rung B: 0
wrote 27 row(s) to /home/ghecht/Projects/hven/.scratch/w6t6/art/raw/hs/wall-ipm-off-r1.csv
