hs1 ssn trace=sink median=0.001680s spread=25.153% majors=29 elastic=0 rung_b=0
hs3 ssn trace=sink median=0.000313s spread=8.790% majors=4 elastic=0 rung_b=0
hs5 ssn trace=sink median=0.000293s spread=21.239% majors=4 elastic=0 rung_b=0
hs6 ssn trace=sink median=0.001040s spread=5.474% majors=8 elastic=0 rung_b=0
hs7 ssn trace=sink median=0.001089s spread=31.043% majors=9 elastic=0 rung_b=0
hs10 ssn trace=sink median=0.006462s spread=8.029% majors=14 elastic=8 rung_b=0
hs11 ssn trace=sink median=0.001999s spread=9.601% majors=7 elastic=2 rung_b=0
hs12 ssn trace=sink median=0.000401s spread=9.156% majors=6 elastic=0 rung_b=0
hs14 ssn trace=sink median=0.000352s spread=8.582% majors=5 elastic=0 rung_b=0
hs15 ssn trace=sink median=0.001186s spread=20.320% majors=7 elastic=1 rung_b=0
hs22 ssn trace=sink median=0.000517s spread=7.265% majors=2 elastic=0 rung_b=0
hs24 ssn trace=sink median=0.000644s spread=13.148% majors=3 elastic=0 rung_b=0
hs25 ssn trace=sink median=0.000027s spread=31.095% majors=0 elastic=0 rung_b=0
hs26 ssn trace=sink median=0.001118s spread=6.327% majors=17 elastic=0 rung_b=0
hs27 ssn trace=sink median=0.001528s spread=10.403% majors=4 elastic=1 rung_b=0
hs28 ssn trace=sink median=0.000273s spread=12.671% majors=3 elastic=0 rung_b=0
hs30 ssn trace=sink median=0.000691s spread=6.350% majors=11 elastic=0 rung_b=0
hs33 ssn trace=sink median=0.000550s spread=6.872% majors=4 elastic=0 rung_b=0
hs35 ssn trace=sink median=0.000133s spread=17.763% majors=1 elastic=0 rung_b=0
hs38 ssn trace=sink median=0.005078s spread=7.355% majors=49 elastic=0 rung_b=0
hs39 ssn trace=sink median=0.001153s spread=4.141% majors=9 elastic=0 rung_b=0
hs40 ssn trace=sink median=0.000318s spread=9.828% majors=4 elastic=0 rung_b=0
hs43 ssn trace=sink median=0.000908s spread=6.345% majors=7 elastic=0 rung_b=0
hs45 ssn trace=sink median=0.000775s spread=29.104% majors=3 elastic=0 rung_b=0
hs76 ssn trace=sink median=0.000275s spread=14.725% majors=2 elastic=0 rung_b=0
hs77 ssn trace=sink median=0.001059s spread=3.527% majors=12 elastic=0 rung_b=0
hs79 ssn trace=sink median=0.000339s spread=10.198% majors=4 elastic=0 rung_b=0

HS SUITE: 27 cell(s), engine ssn, trace sink, repeat 200, warmup 1
  corpus (sum of per-cell medians): 0.030201 s
  worst per-cell median SE: 0.321 %   <-- THE CALIBRATION READING (target <= 0.5, falls as 1/sqrt(N))
  worst per-cell max-min spread: 31.095 %  (raw cloud; NOT a calibration
                                            statistic -- it is monotone in N)
  cells with unstable counters across repeats: 0
  elastic activations: 12   fallback rung B: 0
  qp.mode events by site: dispatch=261 soc_resolve=2 elastic_rung=84 fallback_rung_b=0
wrote 27 row(s) to /home/ghecht/Projects/hven/.scratch/w6t6/art/raw/hs/wall-ssn-sink-r1.csv
