=== arm: serial
rep1 base wide n=60 reps=15 median_s=0.002208 min_s=0.002196 flag=0 xnorm2=1.3750963021836506
rep1 base wide n=120 reps=15 median_s=0.007276 min_s=0.007219 flag=0 xnorm2=2.7501926043856093
rep1 base wide n=240 reps=15 median_s=0.036972 min_s=0.036863 flag=0 xnorm2=5.5003852082409646
rep1 armh wide n=60 reps=15 median_s=0.002225 min_s=0.002196 flag=0 xnorm2=1.3750963021836506
rep1 armh wide n=120 reps=15 median_s=0.007289 min_s=0.007199 flag=0 xnorm2=2.7501926043856093
rep1 armh wide n=240 reps=15 median_s=0.037043 min_s=0.036943 flag=0 xnorm2=5.5003852082409646
rep1 landed wide n=60 reps=15 median_s=0.002220 min_s=0.002196 flag=0 xnorm2=1.3750963021836506
rep1 landed wide n=120 reps=15 median_s=0.007343 min_s=0.007310 flag=0 xnorm2=2.7501926043856093
rep1 landed wide n=240 reps=15 median_s=0.037842 min_s=0.037489 flag=0 xnorm2=5.5003852082409646
rep1 fixed wide n=60 reps=15 median_s=0.002216 min_s=0.002198 flag=0 xnorm2=1.3750963021836506
rep1 fixed wide n=120 reps=15 median_s=0.007312 min_s=0.007220 flag=0 xnorm2=2.7501926043856093
rep1 fixed wide n=240 reps=15 median_s=0.036921 min_s=0.036806 flag=0 xnorm2=5.5003852082409646
rep2 base wide n=60 reps=15 median_s=0.002206 min_s=0.002192 flag=0 xnorm2=1.3750963021836506
rep2 base wide n=120 reps=15 median_s=0.007291 min_s=0.007215 flag=0 xnorm2=2.7501926043856093
rep2 base wide n=240 reps=15 median_s=0.037026 min_s=0.036782 flag=0 xnorm2=5.5003852082409646
rep2 armh wide n=60 reps=15 median_s=0.002220 min_s=0.002196 flag=0 xnorm2=1.3750963021836506
rep2 armh wide n=120 reps=15 median_s=0.007288 min_s=0.007229 flag=0 xnorm2=2.7501926043856093
rep2 armh wide n=240 reps=15 median_s=0.036968 min_s=0.036875 flag=0 xnorm2=5.5003852082409646
rep2 landed wide n=60 reps=15 median_s=0.002219 min_s=0.002198 flag=0 xnorm2=1.3750963021836506
rep2 landed wide n=120 reps=15 median_s=0.007372 min_s=0.007316 flag=0 xnorm2=2.7501926043856093
rep2 landed wide n=240 reps=15 median_s=0.037865 min_s=0.037766 flag=0 xnorm2=5.5003852082409646
rep2 fixed wide n=60 reps=15 median_s=0.002231 min_s=0.002196 flag=0 xnorm2=1.3750963021836506
rep2 fixed wide n=120 reps=15 median_s=0.007279 min_s=0.007236 flag=0 xnorm2=2.7501926043856093
rep2 fixed wide n=240 reps=15 median_s=0.037162 min_s=0.036898 flag=0 xnorm2=5.5003852082409646
rep3 base wide n=60 reps=15 median_s=0.002226 min_s=0.002185 flag=0 xnorm2=1.3750963021836506
rep3 base wide n=120 reps=15 median_s=0.007303 min_s=0.007224 flag=0 xnorm2=2.7501926043856093
rep3 base wide n=240 reps=15 median_s=0.036879 min_s=0.036835 flag=0 xnorm2=5.5003852082409646
rep3 armh wide n=60 reps=15 median_s=0.002221 min_s=0.002199 flag=0 xnorm2=1.3750963021836506
rep3 armh wide n=120 reps=15 median_s=0.007305 min_s=0.007205 flag=0 xnorm2=2.7501926043856093
rep3 armh wide n=240 reps=15 median_s=0.036938 min_s=0.036833 flag=0 xnorm2=5.5003852082409646
rep3 landed wide n=60 reps=15 median_s=0.002233 min_s=0.002212 flag=0 xnorm2=1.3750963021836506
rep3 landed wide n=120 reps=15 median_s=0.007383 min_s=0.007321 flag=0 xnorm2=2.7501926043856093
rep3 landed wide n=240 reps=15 median_s=0.037692 min_s=0.037536 flag=0 xnorm2=5.5003852082409646
rep3 fixed wide n=60 reps=15 median_s=0.002223 min_s=0.002195 flag=0 xnorm2=1.3750963021836506
rep3 fixed wide n=120 reps=15 median_s=0.007307 min_s=0.007242 flag=0 xnorm2=2.7501926043856093
rep3 fixed wide n=240 reps=15 median_s=0.036952 min_s=0.036908 flag=0 xnorm2=5.5003852082409646
rep4 base wide n=60 reps=15 median_s=0.002214 min_s=0.002183 flag=0 xnorm2=1.3750963021836506
rep4 base wide n=120 reps=15 median_s=0.007273 min_s=0.007229 flag=0 xnorm2=2.7501926043856093
rep4 base wide n=240 reps=15 median_s=0.037047 min_s=0.036723 flag=0 xnorm2=5.5003852082409646
rep4 armh wide n=60 reps=15 median_s=0.002253 min_s=0.002188 flag=0 xnorm2=1.3750963021836506
rep4 armh wide n=120 reps=15 median_s=0.007279 min_s=0.007236 flag=0 xnorm2=2.7501926043856093
rep4 armh wide n=240 reps=15 median_s=0.036971 min_s=0.036702 flag=0 xnorm2=5.5003852082409646
rep4 landed wide n=60 reps=15 median_s=0.002224 min_s=0.002203 flag=0 xnorm2=1.3750963021836506
rep4 landed wide n=120 reps=15 median_s=0.007371 min_s=0.007302 flag=0 xnorm2=2.7501926043856093
rep4 landed wide n=240 reps=15 median_s=0.037657 min_s=0.037494 flag=0 xnorm2=5.5003852082409646
rep4 fixed wide n=60 reps=15 median_s=0.002230 min_s=0.002204 flag=0 xnorm2=1.3750963021836506
rep4 fixed wide n=120 reps=15 median_s=0.007277 min_s=0.007235 flag=0 xnorm2=2.7501926043856093
rep4 fixed wide n=240 reps=15 median_s=0.037247 min_s=0.036982 flag=0 xnorm2=5.5003852082409646
rep5 base wide n=60 reps=15 median_s=0.002220 min_s=0.002198 flag=0 xnorm2=1.3750963021836506
rep5 base wide n=120 reps=15 median_s=0.007280 min_s=0.007208 flag=0 xnorm2=2.7501926043856093
rep5 base wide n=240 reps=15 median_s=0.036907 min_s=0.036726 flag=0 xnorm2=5.5003852082409646
rep5 armh wide n=60 reps=15 median_s=0.002252 min_s=0.002202 flag=0 xnorm2=1.3750963021836506
rep5 armh wide n=120 reps=15 median_s=0.007281 min_s=0.007233 flag=0 xnorm2=2.7501926043856093
rep5 armh wide n=240 reps=15 median_s=0.036872 min_s=0.036726 flag=0 xnorm2=5.5003852082409646
rep5 landed wide n=60 reps=15 median_s=0.002219 min_s=0.002195 flag=0 xnorm2=1.3750963021836506
rep5 landed wide n=120 reps=15 median_s=0.007354 min_s=0.007314 flag=0 xnorm2=2.7501926043856093
rep5 landed wide n=240 reps=15 median_s=0.037702 min_s=0.037606 flag=0 xnorm2=5.5003852082409646
rep5 fixed wide n=60 reps=15 median_s=0.002222 min_s=0.002195 flag=0 xnorm2=1.3750963021836506
rep5 fixed wide n=120 reps=15 median_s=0.007284 min_s=0.007236 flag=0 xnorm2=2.7501926043856093
rep5 fixed wide n=240 reps=15 median_s=0.036967 min_s=0.036821 flag=0 xnorm2=5.5003852082409646
rep6 base wide n=60 reps=15 median_s=0.002227 min_s=0.002184 flag=0 xnorm2=1.3750963021836506
rep6 base wide n=120 reps=15 median_s=0.007279 min_s=0.007244 flag=0 xnorm2=2.7501926043856093
rep6 base wide n=240 reps=15 median_s=0.036847 min_s=0.036666 flag=0 xnorm2=5.5003852082409646
rep6 armh wide n=60 reps=15 median_s=0.002232 min_s=0.002207 flag=0 xnorm2=1.3750963021836506
rep6 armh wide n=120 reps=15 median_s=0.007286 min_s=0.007234 flag=0 xnorm2=2.7501926043856093
rep6 armh wide n=240 reps=15 median_s=0.036944 min_s=0.036718 flag=0 xnorm2=5.5003852082409646
rep6 landed wide n=60 reps=15 median_s=0.002227 min_s=0.002193 flag=0 xnorm2=1.3750963021836506
rep6 landed wide n=120 reps=15 median_s=0.007359 min_s=0.007304 flag=0 xnorm2=2.7501926043856093
rep6 landed wide n=240 reps=15 median_s=0.037867 min_s=0.037600 flag=0 xnorm2=5.5003852082409646
rep6 fixed wide n=60 reps=15 median_s=0.002242 min_s=0.002198 flag=0 xnorm2=1.3750963021836506
rep6 fixed wide n=120 reps=15 median_s=0.007266 min_s=0.007238 flag=0 xnorm2=2.7501926043856093
rep6 fixed wide n=240 reps=15 median_s=0.037475 min_s=0.036920 flag=0 xnorm2=5.5003852082409646
rep7 base wide n=60 reps=15 median_s=0.002219 min_s=0.002186 flag=0 xnorm2=1.3750963021836506
rep7 base wide n=120 reps=15 median_s=0.007275 min_s=0.007241 flag=0 xnorm2=2.7501926043856093
rep7 base wide n=240 reps=15 median_s=0.036855 min_s=0.036711 flag=0 xnorm2=5.5003852082409646
rep7 armh wide n=60 reps=15 median_s=0.002222 min_s=0.002185 flag=0 xnorm2=1.3750963021836506
rep7 armh wide n=120 reps=15 median_s=0.007272 min_s=0.007222 flag=0 xnorm2=2.7501926043856093
rep7 armh wide n=240 reps=15 median_s=0.037120 min_s=0.036862 flag=0 xnorm2=5.5003852082409646
rep7 landed wide n=60 reps=15 median_s=0.002238 min_s=0.002202 flag=0 xnorm2=1.3750963021836506
rep7 landed wide n=120 reps=15 median_s=0.007356 min_s=0.007306 flag=0 xnorm2=2.7501926043856093
rep7 landed wide n=240 reps=15 median_s=0.037705 min_s=0.037539 flag=0 xnorm2=5.5003852082409646
rep7 fixed wide n=60 reps=15 median_s=0.002222 min_s=0.002194 flag=0 xnorm2=1.3750963021836506
rep7 fixed wide n=120 reps=15 median_s=0.007282 min_s=0.007219 flag=0 xnorm2=2.7501926043856093
rep7 fixed wide n=240 reps=15 median_s=0.037193 min_s=0.036945 flag=0 xnorm2=5.5003852082409646
rep8 base wide n=60 reps=15 median_s=0.002215 min_s=0.002185 flag=0 xnorm2=1.3750963021836506
rep8 base wide n=120 reps=15 median_s=0.007287 min_s=0.007236 flag=0 xnorm2=2.7501926043856093
rep8 base wide n=240 reps=15 median_s=0.036839 min_s=0.036658 flag=0 xnorm2=5.5003852082409646
rep8 armh wide n=60 reps=15 median_s=0.002225 min_s=0.002201 flag=0 xnorm2=1.3750963021836506
rep8 armh wide n=120 reps=15 median_s=0.007349 min_s=0.007234 flag=0 xnorm2=2.7501926043856093
rep8 armh wide n=240 reps=15 median_s=0.036817 min_s=0.036746 flag=0 xnorm2=5.5003852082409646
rep8 landed wide n=60 reps=15 median_s=0.002245 min_s=0.002188 flag=0 xnorm2=1.3750963021836506
rep8 landed wide n=120 reps=15 median_s=0.007392 min_s=0.007320 flag=0 xnorm2=2.7501926043856093
rep8 landed wide n=240 reps=15 median_s=0.037722 min_s=0.037608 flag=0 xnorm2=5.5003852082409646
rep8 fixed wide n=60 reps=15 median_s=0.002229 min_s=0.002202 flag=0 xnorm2=1.3750963021836506
rep8 fixed wide n=120 reps=15 median_s=0.007296 min_s=0.007240 flag=0 xnorm2=2.7501926043856093
rep8 fixed wide n=240 reps=15 median_s=0.036984 min_s=0.036865 flag=0 xnorm2=5.5003852082409646
rep9 base wide n=60 reps=15 median_s=0.002216 min_s=0.002195 flag=0 xnorm2=1.3750963021836506
rep9 base wide n=120 reps=15 median_s=0.007278 min_s=0.007228 flag=0 xnorm2=2.7501926043856093
rep9 base wide n=240 reps=15 median_s=0.036968 min_s=0.036720 flag=0 xnorm2=5.5003852082409646
rep9 armh wide n=60 reps=15 median_s=0.002220 min_s=0.002190 flag=0 xnorm2=1.3750963021836506
rep9 armh wide n=120 reps=15 median_s=0.007420 min_s=0.007280 flag=0 xnorm2=2.7501926043856093
rep9 armh wide n=240 reps=15 median_s=0.036948 min_s=0.036886 flag=0 xnorm2=5.5003852082409646
rep9 landed wide n=60 reps=15 median_s=0.002231 min_s=0.002200 flag=0 xnorm2=1.3750963021836506
rep9 landed wide n=120 reps=15 median_s=0.007361 min_s=0.007325 flag=0 xnorm2=2.7501926043856093
rep9 landed wide n=240 reps=15 median_s=0.037658 min_s=0.037560 flag=0 xnorm2=5.5003852082409646
rep9 fixed wide n=60 reps=15 median_s=0.002229 min_s=0.002193 flag=0 xnorm2=1.3750963021836506
rep9 fixed wide n=120 reps=15 median_s=0.007275 min_s=0.007229 flag=0 xnorm2=2.7501926043856093
rep9 fixed wide n=240 reps=15 median_s=0.037506 min_s=0.036973 flag=0 xnorm2=5.5003852082409646
=== arm: threaded
rep1 base wide n=60 reps=15 median_s=0.002074 min_s=0.002043 flag=0 xnorm2=1.3750963021836506
rep1 base wide n=120 reps=15 median_s=0.007093 min_s=0.007043 flag=0 xnorm2=2.7501926043856093
rep1 base wide n=240 reps=15 median_s=0.035168 min_s=0.034756 flag=0 xnorm2=5.5003852082409646
rep1 armh wide n=60 reps=15 median_s=0.002067 min_s=0.002056 flag=0 xnorm2=1.3750963021836506
rep1 armh wide n=120 reps=15 median_s=0.007142 min_s=0.007051 flag=0 xnorm2=2.7501926043856093
rep1 armh wide n=240 reps=15 median_s=0.035012 min_s=0.034761 flag=0 xnorm2=5.5003852082409646
rep1 landed wide n=60 reps=15 median_s=0.002086 min_s=0.002055 flag=0 xnorm2=1.3750963021836506
rep1 landed wide n=120 reps=15 median_s=0.007268 min_s=0.007134 flag=0 xnorm2=2.7501926043856093
rep1 landed wide n=240 reps=15 median_s=0.036005 min_s=0.035578 flag=0 xnorm2=5.5003852082409646
rep1 fixed wide n=60 reps=15 median_s=0.002068 min_s=0.002046 flag=0 xnorm2=1.3750963021836506
rep1 fixed wide n=120 reps=15 median_s=0.007095 min_s=0.007036 flag=0 xnorm2=2.7501926043856093
rep1 fixed wide n=240 reps=15 median_s=0.035091 min_s=0.034872 flag=0 xnorm2=5.5003852082409646
rep2 base wide n=60 reps=15 median_s=0.002064 min_s=0.002045 flag=0 xnorm2=1.3750963021836506
rep2 base wide n=120 reps=15 median_s=0.007095 min_s=0.007022 flag=0 xnorm2=2.7501926043856093
rep2 base wide n=240 reps=15 median_s=0.035115 min_s=0.034679 flag=0 xnorm2=5.5003852082409646
rep2 armh wide n=60 reps=15 median_s=0.002068 min_s=0.002048 flag=0 xnorm2=1.3750963021836506
rep2 armh wide n=120 reps=15 median_s=0.007186 min_s=0.007043 flag=0 xnorm2=2.7501926043856093
rep2 armh wide n=240 reps=15 median_s=0.034850 min_s=0.034780 flag=0 xnorm2=5.5003852082409646
rep2 landed wide n=60 reps=15 median_s=0.002068 min_s=0.002049 flag=0 xnorm2=1.3750963021836506
rep2 landed wide n=120 reps=15 median_s=0.007195 min_s=0.007123 flag=0 xnorm2=2.7501926043856093
rep2 landed wide n=240 reps=15 median_s=0.036069 min_s=0.035553 flag=0 xnorm2=5.5003852082409646
rep2 fixed wide n=60 reps=15 median_s=0.002078 min_s=0.002056 flag=0 xnorm2=1.3750963021836506
rep2 fixed wide n=120 reps=15 median_s=0.007094 min_s=0.007040 flag=0 xnorm2=2.7501926043856093
rep2 fixed wide n=240 reps=15 median_s=0.035247 min_s=0.034888 flag=0 xnorm2=5.5003852082409646
rep3 base wide n=60 reps=15 median_s=0.002079 min_s=0.002049 flag=0 xnorm2=1.3750963021836506
rep3 base wide n=120 reps=15 median_s=0.007095 min_s=0.007037 flag=0 xnorm2=2.7501926043856093
rep3 base wide n=240 reps=15 median_s=0.035026 min_s=0.034723 flag=0 xnorm2=5.5003852082409646
rep3 armh wide n=60 reps=15 median_s=0.002085 min_s=0.002057 flag=0 xnorm2=1.3750963021836506
rep3 armh wide n=120 reps=15 median_s=0.007168 min_s=0.007071 flag=0 xnorm2=2.7501926043856093
rep3 armh wide n=240 reps=15 median_s=0.034851 min_s=0.034766 flag=0 xnorm2=5.5003852082409646
rep3 landed wide n=60 reps=15 median_s=0.002077 min_s=0.002055 flag=0 xnorm2=1.3750963021836506
rep3 landed wide n=120 reps=15 median_s=0.007283 min_s=0.007123 flag=0 xnorm2=2.7501926043856093
rep3 landed wide n=240 reps=15 median_s=0.035738 min_s=0.035511 flag=0 xnorm2=5.5003852082409646
rep3 fixed wide n=60 reps=15 median_s=0.002079 min_s=0.002051 flag=0 xnorm2=1.3750963021836506
rep3 fixed wide n=120 reps=15 median_s=0.007114 min_s=0.007073 flag=0 xnorm2=2.7501926043856093
rep3 fixed wide n=240 reps=15 median_s=0.035265 min_s=0.034889 flag=0 xnorm2=5.5003852082409646
rep4 base wide n=60 reps=15 median_s=0.002060 min_s=0.002045 flag=0 xnorm2=1.3750963021836506
rep4 base wide n=120 reps=15 median_s=0.007108 min_s=0.007039 flag=0 xnorm2=2.7501926043856093
rep4 base wide n=240 reps=15 median_s=0.035062 min_s=0.034769 flag=0 xnorm2=5.5003852082409646
rep4 armh wide n=60 reps=15 median_s=0.002068 min_s=0.002048 flag=0 xnorm2=1.3750963021836506
rep4 armh wide n=120 reps=15 median_s=0.007169 min_s=0.007028 flag=0 xnorm2=2.7501926043856093
rep4 armh wide n=240 reps=15 median_s=0.035031 min_s=0.034763 flag=0 xnorm2=5.5003852082409646
rep4 landed wide n=60 reps=15 median_s=0.002112 min_s=0.002051 flag=0 xnorm2=1.3750963021836506
rep4 landed wide n=120 reps=15 median_s=0.007191 min_s=0.007138 flag=0 xnorm2=2.7501926043856093
rep4 landed wide n=240 reps=15 median_s=0.035917 min_s=0.035617 flag=0 xnorm2=5.5003852082409646
rep4 fixed wide n=60 reps=15 median_s=0.002101 min_s=0.002056 flag=0 xnorm2=1.3750963021836506
rep4 fixed wide n=120 reps=15 median_s=0.007172 min_s=0.007048 flag=0 xnorm2=2.7501926043856093
rep4 fixed wide n=240 reps=15 median_s=0.035364 min_s=0.034873 flag=0 xnorm2=5.5003852082409646
rep5 base wide n=60 reps=15 median_s=0.002069 min_s=0.002055 flag=0 xnorm2=1.3750963021836506
rep5 base wide n=120 reps=15 median_s=0.007101 min_s=0.007040 flag=0 xnorm2=2.7501926043856093
rep5 base wide n=240 reps=15 median_s=0.035220 min_s=0.034698 flag=0 xnorm2=5.5003852082409646
rep5 armh wide n=60 reps=15 median_s=0.002079 min_s=0.002051 flag=0 xnorm2=1.3750963021836506
rep5 armh wide n=120 reps=15 median_s=0.007141 min_s=0.007034 flag=0 xnorm2=2.7501926043856093
rep5 armh wide n=240 reps=15 median_s=0.034991 min_s=0.034766 flag=0 xnorm2=5.5003852082409646
rep5 landed wide n=60 reps=15 median_s=0.002073 min_s=0.002052 flag=0 xnorm2=1.3750963021836506
rep5 landed wide n=120 reps=15 median_s=0.007178 min_s=0.007118 flag=0 xnorm2=2.7501926043856093
rep5 landed wide n=240 reps=15 median_s=0.035620 min_s=0.035479 flag=0 xnorm2=5.5003852082409646
rep5 fixed wide n=60 reps=15 median_s=0.002063 min_s=0.002055 flag=0 xnorm2=1.3750963021836506
rep5 fixed wide n=120 reps=15 median_s=0.007082 min_s=0.007031 flag=0 xnorm2=2.7501926043856093
rep5 fixed wide n=240 reps=15 median_s=0.034962 min_s=0.034728 flag=0 xnorm2=5.5003852082409646
rep6 base wide n=60 reps=15 median_s=0.002075 min_s=0.002049 flag=0 xnorm2=1.3750963021836506
rep6 base wide n=120 reps=15 median_s=0.007165 min_s=0.007087 flag=0 xnorm2=2.7501926043856093
rep6 base wide n=240 reps=15 median_s=0.035062 min_s=0.034727 flag=0 xnorm2=5.5003852082409646
rep6 armh wide n=60 reps=15 median_s=0.002670 min_s=0.002049 flag=0 xnorm2=1.3750963021836506
rep6 armh wide n=120 reps=15 median_s=0.007114 min_s=0.007028 flag=0 xnorm2=2.7501926043856093
rep6 armh wide n=240 reps=15 median_s=0.035079 min_s=0.034761 flag=0 xnorm2=5.5003852082409646
rep6 landed wide n=60 reps=15 median_s=0.002691 min_s=0.002673 flag=0 xnorm2=1.3750963021836506
rep6 landed wide n=120 reps=15 median_s=0.009320 min_s=0.009271 flag=0 xnorm2=2.7501926043856093
rep6 landed wide n=240 reps=15 median_s=0.036431 min_s=0.035716 flag=0 xnorm2=5.5003852082409646
rep6 fixed wide n=60 reps=15 median_s=0.002063 min_s=0.002047 flag=0 xnorm2=1.3750963021836506
rep6 fixed wide n=120 reps=15 median_s=0.007146 min_s=0.007035 flag=0 xnorm2=2.7501926043856093
rep6 fixed wide n=240 reps=15 median_s=0.035522 min_s=0.034842 flag=0 xnorm2=5.5003852082409646
rep7 base wide n=60 reps=15 median_s=0.002067 min_s=0.002050 flag=0 xnorm2=1.3750963021836506
rep7 base wide n=120 reps=15 median_s=0.007109 min_s=0.007015 flag=0 xnorm2=2.7501926043856093
rep7 base wide n=240 reps=15 median_s=0.035656 min_s=0.034801 flag=0 xnorm2=5.5003852082409646
rep7 armh wide n=60 reps=15 median_s=0.002093 min_s=0.002053 flag=0 xnorm2=1.3750963021836506
rep7 armh wide n=120 reps=15 median_s=0.007139 min_s=0.007068 flag=0 xnorm2=2.7501926043856093
rep7 armh wide n=240 reps=15 median_s=0.034966 min_s=0.034900 flag=0 xnorm2=5.5003852082409646
rep7 landed wide n=60 reps=15 median_s=0.002072 min_s=0.002058 flag=0 xnorm2=1.3750963021836506
rep7 landed wide n=120 reps=15 median_s=0.007309 min_s=0.007191 flag=0 xnorm2=2.7501926043856093
rep7 landed wide n=240 reps=15 median_s=0.035850 min_s=0.035554 flag=0 xnorm2=5.5003852082409646
rep7 fixed wide n=60 reps=15 median_s=0.002077 min_s=0.002063 flag=0 xnorm2=1.3750963021836506
rep7 fixed wide n=120 reps=15 median_s=0.007086 min_s=0.007028 flag=0 xnorm2=2.7501926043856093
rep7 fixed wide n=240 reps=15 median_s=0.035191 min_s=0.034855 flag=0 xnorm2=5.5003852082409646
rep8 base wide n=60 reps=15 median_s=0.002075 min_s=0.002053 flag=0 xnorm2=1.3750963021836506
rep8 base wide n=120 reps=15 median_s=0.007108 min_s=0.007079 flag=0 xnorm2=2.7501926043856093
rep8 base wide n=240 reps=15 median_s=0.034892 min_s=0.034758 flag=0 xnorm2=5.5003852082409646
rep8 armh wide n=60 reps=15 median_s=0.002066 min_s=0.002049 flag=0 xnorm2=1.3750963021836506
rep8 armh wide n=120 reps=15 median_s=0.007084 min_s=0.007019 flag=0 xnorm2=2.7501926043856093
rep8 armh wide n=240 reps=15 median_s=0.035040 min_s=0.034808 flag=0 xnorm2=5.5003852082409646
rep8 landed wide n=60 reps=15 median_s=0.002082 min_s=0.002062 flag=0 xnorm2=1.3750963021836506
rep8 landed wide n=120 reps=15 median_s=0.007163 min_s=0.007111 flag=0 xnorm2=2.7501926043856093
rep8 landed wide n=240 reps=15 median_s=0.035624 min_s=0.035517 flag=0 xnorm2=5.5003852082409646
rep8 fixed wide n=60 reps=15 median_s=0.002068 min_s=0.002045 flag=0 xnorm2=1.3750963021836506
rep8 fixed wide n=120 reps=15 median_s=0.007143 min_s=0.007041 flag=0 xnorm2=2.7501926043856093
rep8 fixed wide n=240 reps=15 median_s=0.035134 min_s=0.034840 flag=0 xnorm2=5.5003852082409646
rep9 base wide n=60 reps=15 median_s=0.002076 min_s=0.002044 flag=0 xnorm2=1.3750963021836506
rep9 base wide n=120 reps=15 median_s=0.007078 min_s=0.007031 flag=0 xnorm2=2.7501926043856093
rep9 base wide n=240 reps=15 median_s=0.034926 min_s=0.034603 flag=0 xnorm2=5.5003852082409646
rep9 armh wide n=60 reps=15 median_s=0.002062 min_s=0.002047 flag=0 xnorm2=1.3750963021836506
rep9 armh wide n=120 reps=15 median_s=0.007140 min_s=0.007052 flag=0 xnorm2=2.7501926043856093
rep9 armh wide n=240 reps=15 median_s=0.034840 min_s=0.034771 flag=0 xnorm2=5.5003852082409646
rep9 landed wide n=60 reps=15 median_s=0.002079 min_s=0.002062 flag=0 xnorm2=1.3750963021836506
rep9 landed wide n=120 reps=15 median_s=0.007169 min_s=0.007120 flag=0 xnorm2=2.7501926043856093
rep9 landed wide n=240 reps=15 median_s=0.035712 min_s=0.035614 flag=0 xnorm2=5.5003852082409646
rep9 fixed wide n=60 reps=15 median_s=0.002063 min_s=0.002049 flag=0 xnorm2=1.3750963021836506
rep9 fixed wide n=120 reps=15 median_s=0.007109 min_s=0.007046 flag=0 xnorm2=2.7501926043856093
rep9 fixed wide n=240 reps=15 median_s=0.035196 min_s=0.034880 flag=0 xnorm2=5.5003852082409646
