=== arm: serial
rep1 base wide n=60 reps=15 median_s=0.002215 min_s=0.002186 flag=0 xnorm2=1.3750963021836506
rep1 base wide n=120 reps=15 median_s=0.007342 min_s=0.007240 flag=0 xnorm2=2.7501926043856093
rep1 base wide n=240 reps=15 median_s=0.036915 min_s=0.036725 flag=0 xnorm2=5.5003852082409646
rep1 armh wide n=60 reps=15 median_s=0.002228 min_s=0.002200 flag=0 xnorm2=1.3750963021836506
rep1 armh wide n=120 reps=15 median_s=0.007382 min_s=0.007256 flag=0 xnorm2=2.7501926043856093
rep1 armh wide n=240 reps=15 median_s=0.037055 min_s=0.036792 flag=0 xnorm2=5.5003852082409646
rep1 landed wide n=60 reps=15 median_s=0.002219 min_s=0.002192 flag=0 xnorm2=1.3750963021836506
rep1 landed wide n=120 reps=15 median_s=0.007405 min_s=0.007326 flag=0 xnorm2=2.7501926043856093
rep1 landed wide n=240 reps=15 median_s=0.037722 min_s=0.037585 flag=0 xnorm2=5.5003852082409646
rep1 fixed wide n=60 reps=15 median_s=0.002229 min_s=0.002208 flag=0 xnorm2=1.3750963021836506
rep1 fixed wide n=120 reps=15 median_s=0.007267 min_s=0.007221 flag=0 xnorm2=2.7501926043856093
rep1 fixed wide n=240 reps=15 median_s=0.037054 min_s=0.036875 flag=0 xnorm2=5.5003852082409646
rep2 base wide n=60 reps=15 median_s=0.002212 min_s=0.002201 flag=0 xnorm2=1.3750963021836506
rep2 base wide n=120 reps=15 median_s=0.007301 min_s=0.007248 flag=0 xnorm2=2.7501926043856093
rep2 base wide n=240 reps=15 median_s=0.036891 min_s=0.036667 flag=0 xnorm2=5.5003852082409646
rep2 armh wide n=60 reps=15 median_s=0.002227 min_s=0.002185 flag=0 xnorm2=1.3750963021836506
rep2 armh wide n=120 reps=15 median_s=0.007367 min_s=0.007254 flag=0 xnorm2=2.7501926043856093
rep2 armh wide n=240 reps=15 median_s=0.036925 min_s=0.036819 flag=0 xnorm2=5.5003852082409646
rep2 landed wide n=60 reps=15 median_s=0.002224 min_s=0.002198 flag=0 xnorm2=1.3750963021836506
rep2 landed wide n=120 reps=15 median_s=0.007373 min_s=0.007304 flag=0 xnorm2=2.7501926043856093
rep2 landed wide n=240 reps=15 median_s=0.037733 min_s=0.037604 flag=0 xnorm2=5.5003852082409646
rep2 fixed wide n=60 reps=15 median_s=0.002227 min_s=0.002203 flag=0 xnorm2=1.3750963021836506
rep2 fixed wide n=120 reps=15 median_s=0.007307 min_s=0.007229 flag=0 xnorm2=2.7501926043856093
rep2 fixed wide n=240 reps=15 median_s=0.037105 min_s=0.036768 flag=0 xnorm2=5.5003852082409646
rep3 base wide n=60 reps=15 median_s=0.002214 min_s=0.002195 flag=0 xnorm2=1.3750963021836506
rep3 base wide n=120 reps=15 median_s=0.007281 min_s=0.007232 flag=0 xnorm2=2.7501926043856093
rep3 base wide n=240 reps=15 median_s=0.036898 min_s=0.036639 flag=0 xnorm2=5.5003852082409646
rep3 armh wide n=60 reps=15 median_s=0.002228 min_s=0.002203 flag=0 xnorm2=1.3750963021836506
rep3 armh wide n=120 reps=15 median_s=0.007344 min_s=0.007223 flag=0 xnorm2=2.7501926043856093
rep3 armh wide n=240 reps=15 median_s=0.036917 min_s=0.036790 flag=0 xnorm2=5.5003852082409646
rep3 landed wide n=60 reps=15 median_s=0.002238 min_s=0.002202 flag=0 xnorm2=1.3750963021836506
rep3 landed wide n=120 reps=15 median_s=0.007420 min_s=0.007305 flag=0 xnorm2=2.7501926043856093
rep3 landed wide n=240 reps=15 median_s=0.037649 min_s=0.037564 flag=0 xnorm2=5.5003852082409646
rep3 fixed wide n=60 reps=15 median_s=0.002228 min_s=0.002205 flag=0 xnorm2=1.3750963021836506
rep3 fixed wide n=120 reps=15 median_s=0.007321 min_s=0.007235 flag=0 xnorm2=2.7501926043856093
rep3 fixed wide n=240 reps=15 median_s=0.037004 min_s=0.036885 flag=0 xnorm2=5.5003852082409646
rep4 base wide n=60 reps=15 median_s=0.002231 min_s=0.002172 flag=0 xnorm2=1.3750963021836506
rep4 base wide n=120 reps=15 median_s=0.007294 min_s=0.007240 flag=0 xnorm2=2.7501926043856093
rep4 base wide n=240 reps=15 median_s=0.036932 min_s=0.036698 flag=0 xnorm2=5.5003852082409646
rep4 armh wide n=60 reps=15 median_s=0.002229 min_s=0.002205 flag=0 xnorm2=1.3750963021836506
rep4 armh wide n=120 reps=15 median_s=0.007374 min_s=0.007225 flag=0 xnorm2=2.7501926043856093
rep4 armh wide n=240 reps=15 median_s=0.036850 min_s=0.036720 flag=0 xnorm2=5.5003852082409646
rep4 landed wide n=60 reps=15 median_s=0.002228 min_s=0.002202 flag=0 xnorm2=1.3750963021836506
rep4 landed wide n=120 reps=15 median_s=0.007370 min_s=0.007314 flag=0 xnorm2=2.7501926043856093
rep4 landed wide n=240 reps=15 median_s=0.037764 min_s=0.037604 flag=0 xnorm2=5.5003852082409646
rep4 fixed wide n=60 reps=15 median_s=0.002220 min_s=0.002203 flag=0 xnorm2=1.3750963021836506
rep4 fixed wide n=120 reps=15 median_s=0.007264 min_s=0.007222 flag=0 xnorm2=2.7501926043856093
rep4 fixed wide n=240 reps=15 median_s=0.037238 min_s=0.036763 flag=0 xnorm2=5.5003852082409646
rep5 base wide n=60 reps=15 median_s=0.002220 min_s=0.002191 flag=0 xnorm2=1.3750963021836506
rep5 base wide n=120 reps=15 median_s=0.007304 min_s=0.007222 flag=0 xnorm2=2.7501926043856093
rep5 base wide n=240 reps=15 median_s=0.036827 min_s=0.036623 flag=0 xnorm2=5.5003852082409646
rep5 armh wide n=60 reps=15 median_s=0.002226 min_s=0.002195 flag=0 xnorm2=1.3750963021836506
rep5 armh wide n=120 reps=15 median_s=0.007318 min_s=0.007255 flag=0 xnorm2=2.7501926043856093
rep5 armh wide n=240 reps=15 median_s=0.036949 min_s=0.036725 flag=0 xnorm2=5.5003852082409646
rep5 landed wide n=60 reps=15 median_s=0.002247 min_s=0.002204 flag=0 xnorm2=1.3750963021836506
rep5 landed wide n=120 reps=15 median_s=0.007343 min_s=0.007309 flag=0 xnorm2=2.7501926043856093
rep5 landed wide n=240 reps=15 median_s=0.037580 min_s=0.037435 flag=0 xnorm2=5.5003852082409646
rep5 fixed wide n=60 reps=15 median_s=0.002241 min_s=0.002206 flag=0 xnorm2=1.3750963021836506
rep5 fixed wide n=120 reps=15 median_s=0.007349 min_s=0.007234 flag=0 xnorm2=2.7501926043856093
rep5 fixed wide n=240 reps=15 median_s=0.037000 min_s=0.036833 flag=0 xnorm2=5.5003852082409646
rep6 base wide n=60 reps=15 median_s=0.002218 min_s=0.002198 flag=0 xnorm2=1.3750963021836506
rep6 base wide n=120 reps=15 median_s=0.007272 min_s=0.007234 flag=0 xnorm2=2.7501926043856093
rep6 base wide n=240 reps=15 median_s=0.036777 min_s=0.036678 flag=0 xnorm2=5.5003852082409646
rep6 armh wide n=60 reps=15 median_s=0.002232 min_s=0.002189 flag=0 xnorm2=1.3750963021836506
rep6 armh wide n=120 reps=15 median_s=0.007345 min_s=0.007223 flag=0 xnorm2=2.7501926043856093
rep6 armh wide n=240 reps=15 median_s=0.036891 min_s=0.036762 flag=0 xnorm2=5.5003852082409646
rep6 landed wide n=60 reps=15 median_s=0.002221 min_s=0.002207 flag=0 xnorm2=1.3750963021836506
rep6 landed wide n=120 reps=15 median_s=0.007431 min_s=0.007331 flag=0 xnorm2=2.7501926043856093
rep6 landed wide n=240 reps=15 median_s=0.037814 min_s=0.037717 flag=0 xnorm2=5.5003852082409646
rep6 fixed wide n=60 reps=15 median_s=0.002218 min_s=0.002197 flag=0 xnorm2=1.3750963021836506
rep6 fixed wide n=120 reps=15 median_s=0.007308 min_s=0.007249 flag=0 xnorm2=2.7501926043856093
rep6 fixed wide n=240 reps=15 median_s=0.037030 min_s=0.036863 flag=0 xnorm2=5.5003852082409646
rep7 base wide n=60 reps=15 median_s=0.002218 min_s=0.002194 flag=0 xnorm2=1.3750963021836506
rep7 base wide n=120 reps=15 median_s=0.007329 min_s=0.007229 flag=0 xnorm2=2.7501926043856093
rep7 base wide n=240 reps=15 median_s=0.036993 min_s=0.036688 flag=0 xnorm2=5.5003852082409646
rep7 armh wide n=60 reps=15 median_s=0.002224 min_s=0.002206 flag=0 xnorm2=1.3750963021836506
rep7 armh wide n=120 reps=15 median_s=0.007292 min_s=0.007197 flag=0 xnorm2=2.7501926043856093
rep7 armh wide n=240 reps=15 median_s=0.036926 min_s=0.036657 flag=0 xnorm2=5.5003852082409646
rep7 landed wide n=60 reps=15 median_s=0.002221 min_s=0.002200 flag=0 xnorm2=1.3750963021836506
rep7 landed wide n=120 reps=15 median_s=0.007371 min_s=0.007324 flag=0 xnorm2=2.7501926043856093
rep7 landed wide n=240 reps=15 median_s=0.037618 min_s=0.037434 flag=0 xnorm2=5.5003852082409646
rep7 fixed wide n=60 reps=15 median_s=0.002223 min_s=0.002203 flag=0 xnorm2=1.3750963021836506
rep7 fixed wide n=120 reps=15 median_s=0.007269 min_s=0.007241 flag=0 xnorm2=2.7501926043856093
rep7 fixed wide n=240 reps=15 median_s=0.036972 min_s=0.036743 flag=0 xnorm2=5.5003852082409646
rep8 base wide n=60 reps=15 median_s=0.002226 min_s=0.002203 flag=0 xnorm2=1.3750963021836506
rep8 base wide n=120 reps=15 median_s=0.007296 min_s=0.007225 flag=0 xnorm2=2.7501926043856093
rep8 base wide n=240 reps=15 median_s=0.037018 min_s=0.036597 flag=0 xnorm2=5.5003852082409646
rep8 armh wide n=60 reps=15 median_s=0.002223 min_s=0.002194 flag=0 xnorm2=1.3750963021836506
rep8 armh wide n=120 reps=15 median_s=0.007311 min_s=0.007208 flag=0 xnorm2=2.7501926043856093
rep8 armh wide n=240 reps=15 median_s=0.036864 min_s=0.036805 flag=0 xnorm2=5.5003852082409646
rep8 landed wide n=60 reps=15 median_s=0.002224 min_s=0.002203 flag=0 xnorm2=1.3750963021836506
rep8 landed wide n=120 reps=15 median_s=0.007381 min_s=0.007334 flag=0 xnorm2=2.7501926043856093
rep8 landed wide n=240 reps=15 median_s=0.037612 min_s=0.037560 flag=0 xnorm2=5.5003852082409646
rep8 fixed wide n=60 reps=15 median_s=0.002209 min_s=0.002200 flag=0 xnorm2=1.3750963021836506
rep8 fixed wide n=120 reps=15 median_s=0.007294 min_s=0.007249 flag=0 xnorm2=2.7501926043856093
rep8 fixed wide n=240 reps=15 median_s=0.037061 min_s=0.036813 flag=0 xnorm2=5.5003852082409646
rep9 base wide n=60 reps=15 median_s=0.002215 min_s=0.002196 flag=0 xnorm2=1.3750963021836506
rep9 base wide n=120 reps=15 median_s=0.007320 min_s=0.007235 flag=0 xnorm2=2.7501926043856093
rep9 base wide n=240 reps=15 median_s=0.036884 min_s=0.036732 flag=0 xnorm2=5.5003852082409646
rep9 armh wide n=60 reps=15 median_s=0.002240 min_s=0.002191 flag=0 xnorm2=1.3750963021836506
rep9 armh wide n=120 reps=15 median_s=0.007349 min_s=0.007201 flag=0 xnorm2=2.7501926043856093
rep9 armh wide n=240 reps=15 median_s=0.036924 min_s=0.036665 flag=0 xnorm2=5.5003852082409646
rep9 landed wide n=60 reps=15 median_s=0.002229 min_s=0.002205 flag=0 xnorm2=1.3750963021836506
rep9 landed wide n=120 reps=15 median_s=0.007372 min_s=0.007300 flag=0 xnorm2=2.7501926043856093
rep9 landed wide n=240 reps=15 median_s=0.037593 min_s=0.037497 flag=0 xnorm2=5.5003852082409646
rep9 fixed wide n=60 reps=15 median_s=0.002215 min_s=0.002204 flag=0 xnorm2=1.3750963021836506
rep9 fixed wide n=120 reps=15 median_s=0.007275 min_s=0.007227 flag=0 xnorm2=2.7501926043856093
rep9 fixed wide n=240 reps=15 median_s=0.036877 min_s=0.036821 flag=0 xnorm2=5.5003852082409646
=== arm: threaded
rep1 base wide n=60 reps=15 median_s=0.002065 min_s=0.002047 flag=0 xnorm2=1.3750963021836506
rep1 base wide n=120 reps=15 median_s=0.007061 min_s=0.007027 flag=0 xnorm2=2.7501926043856093
rep1 base wide n=240 reps=15 median_s=0.035127 min_s=0.034828 flag=0 xnorm2=5.5003852082409646
rep1 armh wide n=60 reps=15 median_s=0.002071 min_s=0.002045 flag=0 xnorm2=1.3750963021836506
rep1 armh wide n=120 reps=15 median_s=0.007111 min_s=0.007033 flag=0 xnorm2=2.7501926043856093
rep1 armh wide n=240 reps=15 median_s=0.034808 min_s=0.034730 flag=0 xnorm2=5.5003852082409646
rep1 landed wide n=60 reps=15 median_s=0.002065 min_s=0.002046 flag=0 xnorm2=1.3750963021836506
rep1 landed wide n=120 reps=15 median_s=0.007192 min_s=0.007111 flag=0 xnorm2=2.7501926043856093
rep1 landed wide n=240 reps=15 median_s=0.035641 min_s=0.035413 flag=0 xnorm2=5.5003852082409646
rep1 fixed wide n=60 reps=15 median_s=0.002068 min_s=0.002050 flag=0 xnorm2=1.3750963021836506
rep1 fixed wide n=120 reps=15 median_s=0.007064 min_s=0.007029 flag=0 xnorm2=2.7501926043856093
rep1 fixed wide n=240 reps=15 median_s=0.035091 min_s=0.034900 flag=0 xnorm2=5.5003852082409646
rep2 base wide n=60 reps=15 median_s=0.002061 min_s=0.002046 flag=0 xnorm2=1.3750963021836506
rep2 base wide n=120 reps=15 median_s=0.007139 min_s=0.007050 flag=0 xnorm2=2.7501926043856093
rep2 base wide n=240 reps=15 median_s=0.035095 min_s=0.034766 flag=0 xnorm2=5.5003852082409646
rep2 armh wide n=60 reps=15 median_s=0.002069 min_s=0.002047 flag=0 xnorm2=1.3750963021836506
rep2 armh wide n=120 reps=15 median_s=0.007227 min_s=0.007040 flag=0 xnorm2=2.7501926043856093
rep2 armh wide n=240 reps=15 median_s=0.035113 min_s=0.034823 flag=0 xnorm2=5.5003852082409646
rep2 landed wide n=60 reps=15 median_s=0.002065 min_s=0.002054 flag=0 xnorm2=1.3750963021836506
rep2 landed wide n=120 reps=15 median_s=0.007238 min_s=0.007134 flag=0 xnorm2=2.7501926043856093
rep2 landed wide n=240 reps=15 median_s=0.035710 min_s=0.035491 flag=0 xnorm2=5.5003852082409646
rep2 fixed wide n=60 reps=15 median_s=0.002065 min_s=0.002051 flag=0 xnorm2=1.3750963021836506
rep2 fixed wide n=120 reps=15 median_s=0.007091 min_s=0.007058 flag=0 xnorm2=2.7501926043856093
rep2 fixed wide n=240 reps=15 median_s=0.035213 min_s=0.034831 flag=0 xnorm2=5.5003852082409646
rep3 base wide n=60 reps=15 median_s=0.002065 min_s=0.002043 flag=0 xnorm2=1.3750963021836506
rep3 base wide n=120 reps=15 median_s=0.007115 min_s=0.007059 flag=0 xnorm2=2.7501926043856093
rep3 base wide n=240 reps=15 median_s=0.035339 min_s=0.034796 flag=0 xnorm2=5.5003852082409646
rep3 armh wide n=60 reps=15 median_s=0.002667 min_s=0.002649 flag=0 xnorm2=1.3750963021836506
rep3 armh wide n=120 reps=15 median_s=0.009033 min_s=0.008987 flag=0 xnorm2=2.7501926043856093
rep3 armh wide n=240 reps=15 median_s=0.036043 min_s=0.034880 flag=0 xnorm2=5.5003852082409646
rep3 landed wide n=60 reps=15 median_s=0.002088 min_s=0.002056 flag=0 xnorm2=1.3750963021836506
rep3 landed wide n=120 reps=15 median_s=0.007165 min_s=0.007120 flag=0 xnorm2=2.7501926043856093
rep3 landed wide n=240 reps=15 median_s=0.035660 min_s=0.035452 flag=0 xnorm2=5.5003852082409646
rep3 fixed wide n=60 reps=15 median_s=0.002065 min_s=0.002049 flag=0 xnorm2=1.3750963021836506
rep3 fixed wide n=120 reps=15 median_s=0.007120 min_s=0.007083 flag=0 xnorm2=2.7501926043856093
rep3 fixed wide n=240 reps=15 median_s=0.034939 min_s=0.034851 flag=0 xnorm2=5.5003852082409646
rep4 base wide n=60 reps=15 median_s=0.002065 min_s=0.002053 flag=0 xnorm2=1.3750963021836506
rep4 base wide n=120 reps=15 median_s=0.007076 min_s=0.007036 flag=0 xnorm2=2.7501926043856093
rep4 base wide n=240 reps=15 median_s=0.034991 min_s=0.034668 flag=0 xnorm2=5.5003852082409646
rep4 armh wide n=60 reps=15 median_s=0.002085 min_s=0.002054 flag=0 xnorm2=1.3750963021836506
rep4 armh wide n=120 reps=15 median_s=0.007114 min_s=0.007060 flag=0 xnorm2=2.7501926043856093
rep4 armh wide n=240 reps=15 median_s=0.035112 min_s=0.034814 flag=0 xnorm2=5.5003852082409646
rep4 landed wide n=60 reps=15 median_s=0.002072 min_s=0.002059 flag=0 xnorm2=1.3750963021836506
rep4 landed wide n=120 reps=15 median_s=0.007181 min_s=0.007122 flag=0 xnorm2=2.7501926043856093
rep4 landed wide n=240 reps=15 median_s=0.035693 min_s=0.035553 flag=0 xnorm2=5.5003852082409646
rep4 fixed wide n=60 reps=15 median_s=0.002068 min_s=0.002046 flag=0 xnorm2=1.3750963021836506
rep4 fixed wide n=120 reps=15 median_s=0.007085 min_s=0.007045 flag=0 xnorm2=2.7501926043856093
rep4 fixed wide n=240 reps=15 median_s=0.035231 min_s=0.034703 flag=0 xnorm2=5.5003852082409646
rep5 base wide n=60 reps=15 median_s=0.002059 min_s=0.002037 flag=0 xnorm2=1.3750963021836506
rep5 base wide n=120 reps=15 median_s=0.007087 min_s=0.007034 flag=0 xnorm2=2.7501926043856093
rep5 base wide n=240 reps=15 median_s=0.035068 min_s=0.034757 flag=0 xnorm2=5.5003852082409646
rep5 armh wide n=60 reps=15 median_s=0.002068 min_s=0.002046 flag=0 xnorm2=1.3750963021836506
rep5 armh wide n=120 reps=15 median_s=0.007092 min_s=0.007033 flag=0 xnorm2=2.7501926043856093
rep5 armh wide n=240 reps=15 median_s=0.034948 min_s=0.034822 flag=0 xnorm2=5.5003852082409646
rep5 landed wide n=60 reps=15 median_s=0.002069 min_s=0.002054 flag=0 xnorm2=1.3750963021836506
rep5 landed wide n=120 reps=15 median_s=0.007168 min_s=0.007118 flag=0 xnorm2=2.7501926043856093
rep5 landed wide n=240 reps=15 median_s=0.035622 min_s=0.035420 flag=0 xnorm2=5.5003852082409646
rep5 fixed wide n=60 reps=15 median_s=0.002066 min_s=0.002052 flag=0 xnorm2=1.3750963021836506
rep5 fixed wide n=120 reps=15 median_s=0.007091 min_s=0.007060 flag=0 xnorm2=2.7501926043856093
rep5 fixed wide n=240 reps=15 median_s=0.035347 min_s=0.035009 flag=0 xnorm2=5.5003852082409646
rep6 base wide n=60 reps=15 median_s=0.002065 min_s=0.002047 flag=0 xnorm2=1.3750963021836506
rep6 base wide n=120 reps=15 median_s=0.007084 min_s=0.007035 flag=0 xnorm2=2.7501926043856093
rep6 base wide n=240 reps=15 median_s=0.034990 min_s=0.034718 flag=0 xnorm2=5.5003852082409646
rep6 armh wide n=60 reps=15 median_s=0.002070 min_s=0.002046 flag=0 xnorm2=1.3750963021836506
rep6 armh wide n=120 reps=15 median_s=0.007118 min_s=0.007034 flag=0 xnorm2=2.7501926043856093
rep6 armh wide n=240 reps=15 median_s=0.035100 min_s=0.034716 flag=0 xnorm2=5.5003852082409646
rep6 landed wide n=60 reps=15 median_s=0.002078 min_s=0.002059 flag=0 xnorm2=1.3750963021836506
rep6 landed wide n=120 reps=15 median_s=0.007191 min_s=0.007134 flag=0 xnorm2=2.7501926043856093
rep6 landed wide n=240 reps=15 median_s=0.035632 min_s=0.035481 flag=0 xnorm2=5.5003852082409646
rep6 fixed wide n=60 reps=15 median_s=0.002068 min_s=0.002050 flag=0 xnorm2=1.3750963021836506
rep6 fixed wide n=120 reps=15 median_s=0.007068 min_s=0.007046 flag=0 xnorm2=2.7501926043856093
rep6 fixed wide n=240 reps=15 median_s=0.034961 min_s=0.034838 flag=0 xnorm2=5.5003852082409646
rep7 base wide n=60 reps=15 median_s=0.002646 min_s=0.002634 flag=0 xnorm2=1.3750963021836506
rep7 base wide n=120 reps=15 median_s=0.009041 min_s=0.007083 flag=0 xnorm2=2.7501926043856093
rep7 base wide n=240 reps=15 median_s=0.034933 min_s=0.034738 flag=0 xnorm2=5.5003852082409646
rep7 armh wide n=60 reps=15 median_s=0.002089 min_s=0.002048 flag=0 xnorm2=1.3750963021836506
rep7 armh wide n=120 reps=15 median_s=0.007084 min_s=0.007042 flag=0 xnorm2=2.7501926043856093
rep7 armh wide n=240 reps=15 median_s=0.034841 min_s=0.034681 flag=0 xnorm2=5.5003852082409646
rep7 landed wide n=60 reps=15 median_s=0.002071 min_s=0.002047 flag=0 xnorm2=1.3750963021836506
rep7 landed wide n=120 reps=15 median_s=0.007171 min_s=0.007124 flag=0 xnorm2=2.7501926043856093
rep7 landed wide n=240 reps=15 median_s=0.035850 min_s=0.035574 flag=0 xnorm2=5.5003852082409646
rep7 fixed wide n=60 reps=15 median_s=0.002674 min_s=0.002656 flag=0 xnorm2=1.3750963021836506
rep7 fixed wide n=120 reps=15 median_s=0.009024 min_s=0.008991 flag=0 xnorm2=2.7501926043856093
rep7 fixed wide n=240 reps=15 median_s=0.035104 min_s=0.034806 flag=0 xnorm2=5.5003852082409646
rep8 base wide n=60 reps=15 median_s=0.002062 min_s=0.002047 flag=0 xnorm2=1.3750963021836506
rep8 base wide n=120 reps=15 median_s=0.007058 min_s=0.007032 flag=0 xnorm2=2.7501926043856093
rep8 base wide n=240 reps=15 median_s=0.034793 min_s=0.034632 flag=0 xnorm2=5.5003852082409646
rep8 armh wide n=60 reps=15 median_s=0.002072 min_s=0.002049 flag=0 xnorm2=1.3750963021836506
rep8 armh wide n=120 reps=15 median_s=0.007151 min_s=0.007037 flag=0 xnorm2=2.7501926043856093
rep8 armh wide n=240 reps=15 median_s=0.035095 min_s=0.034680 flag=0 xnorm2=5.5003852082409646
rep8 landed wide n=60 reps=15 median_s=0.002073 min_s=0.002053 flag=0 xnorm2=1.3750963021836506
rep8 landed wide n=120 reps=15 median_s=0.007173 min_s=0.007120 flag=0 xnorm2=2.7501926043856093
rep8 landed wide n=240 reps=15 median_s=0.035726 min_s=0.035465 flag=0 xnorm2=5.5003852082409646
rep8 fixed wide n=60 reps=15 median_s=0.002069 min_s=0.002047 flag=0 xnorm2=1.3750963021836506
rep8 fixed wide n=120 reps=15 median_s=0.007079 min_s=0.007029 flag=0 xnorm2=2.7501926043856093
rep8 fixed wide n=240 reps=15 median_s=0.035162 min_s=0.034767 flag=0 xnorm2=5.5003852082409646
rep9 base wide n=60 reps=15 median_s=0.002063 min_s=0.002039 flag=0 xnorm2=1.3750963021836506
rep9 base wide n=120 reps=15 median_s=0.007088 min_s=0.007043 flag=0 xnorm2=2.7501926043856093
rep9 base wide n=240 reps=15 median_s=0.034824 min_s=0.034604 flag=0 xnorm2=5.5003852082409646
rep9 armh wide n=60 reps=15 median_s=0.002072 min_s=0.002052 flag=0 xnorm2=1.3750963021836506
rep9 armh wide n=120 reps=15 median_s=0.007159 min_s=0.007023 flag=0 xnorm2=2.7501926043856093
rep9 armh wide n=240 reps=15 median_s=0.034876 min_s=0.034767 flag=0 xnorm2=5.5003852082409646
rep9 landed wide n=60 reps=15 median_s=0.002096 min_s=0.002065 flag=0 xnorm2=1.3750963021836506
rep9 landed wide n=120 reps=15 median_s=0.007146 min_s=0.007127 flag=0 xnorm2=2.7501926043856093
rep9 landed wide n=240 reps=15 median_s=0.035958 min_s=0.035823 flag=0 xnorm2=5.5003852082409646
rep9 fixed wide n=60 reps=15 median_s=0.002068 min_s=0.002051 flag=0 xnorm2=1.3750963021836506
rep9 fixed wide n=120 reps=15 median_s=0.007085 min_s=0.007027 flag=0 xnorm2=2.7501926043856093
rep9 fixed wide n=240 reps=15 median_s=0.035116 min_s=0.034794 flag=0 xnorm2=5.5003852082409646
