=== arm: serial
rep1 base wide n=60 reps=15 median_s=0.002215 min_s=0.002193 flag=0 xnorm2=1.3750963021836506
rep1 base wide n=120 reps=15 median_s=0.007280 min_s=0.007244 flag=0 xnorm2=2.7501926043856093
rep1 base wide n=240 reps=15 median_s=0.036985 min_s=0.036629 flag=0 xnorm2=5.5003852082409646
rep1 armh wide n=60 reps=15 median_s=0.002216 min_s=0.002193 flag=0 xnorm2=1.3750963021836506
rep1 armh wide n=120 reps=15 median_s=0.007308 min_s=0.007211 flag=0 xnorm2=2.7501926043856093
rep1 armh wide n=240 reps=15 median_s=0.037070 min_s=0.036773 flag=0 xnorm2=5.5003852082409646
rep1 landed wide n=60 reps=15 median_s=0.002225 min_s=0.002198 flag=0 xnorm2=1.3750963021836506
rep1 landed wide n=120 reps=15 median_s=0.007374 min_s=0.007314 flag=0 xnorm2=2.7501926043856093
rep1 landed wide n=240 reps=15 median_s=0.037750 min_s=0.037614 flag=0 xnorm2=5.5003852082409646
rep1 fixed wide n=60 reps=15 median_s=0.002219 min_s=0.002198 flag=0 xnorm2=1.3750963021836506
rep1 fixed wide n=120 reps=15 median_s=0.007265 min_s=0.007236 flag=0 xnorm2=2.7501926043856093
rep1 fixed wide n=240 reps=15 median_s=0.037370 min_s=0.036956 flag=0 xnorm2=5.5003852082409646
rep2 base wide n=60 reps=15 median_s=0.002212 min_s=0.002193 flag=0 xnorm2=1.3750963021836506
rep2 base wide n=120 reps=15 median_s=0.007320 min_s=0.007214 flag=0 xnorm2=2.7501926043856093
rep2 base wide n=240 reps=15 median_s=0.036987 min_s=0.036618 flag=0 xnorm2=5.5003852082409646
rep2 armh wide n=60 reps=15 median_s=0.002221 min_s=0.002199 flag=0 xnorm2=1.3750963021836506
rep2 armh wide n=120 reps=15 median_s=0.007253 min_s=0.007216 flag=0 xnorm2=2.7501926043856093
rep2 armh wide n=240 reps=15 median_s=0.036865 min_s=0.036764 flag=0 xnorm2=5.5003852082409646
rep2 landed wide n=60 reps=15 median_s=0.002218 min_s=0.002203 flag=0 xnorm2=1.3750963021836506
rep2 landed wide n=120 reps=15 median_s=0.007382 min_s=0.007317 flag=0 xnorm2=2.7501926043856093
rep2 landed wide n=240 reps=15 median_s=0.037608 min_s=0.037462 flag=0 xnorm2=5.5003852082409646
rep2 fixed wide n=60 reps=15 median_s=0.002218 min_s=0.002192 flag=0 xnorm2=1.3750963021836506
rep2 fixed wide n=120 reps=15 median_s=0.007347 min_s=0.007233 flag=0 xnorm2=2.7501926043856093
rep2 fixed wide n=240 reps=15 median_s=0.036912 min_s=0.036815 flag=0 xnorm2=5.5003852082409646
rep3 base wide n=60 reps=15 median_s=0.002208 min_s=0.002185 flag=0 xnorm2=1.3750963021836506
rep3 base wide n=120 reps=15 median_s=0.007273 min_s=0.007223 flag=0 xnorm2=2.7501926043856093
rep3 base wide n=240 reps=15 median_s=0.036947 min_s=0.036718 flag=0 xnorm2=5.5003852082409646
rep3 armh wide n=60 reps=15 median_s=0.002214 min_s=0.002193 flag=0 xnorm2=1.3750963021836506
rep3 armh wide n=120 reps=15 median_s=0.007303 min_s=0.007225 flag=0 xnorm2=2.7501926043856093
rep3 armh wide n=240 reps=15 median_s=0.037144 min_s=0.036885 flag=0 xnorm2=5.5003852082409646
rep3 landed wide n=60 reps=15 median_s=0.002221 min_s=0.002203 flag=0 xnorm2=1.3750963021836506
rep3 landed wide n=120 reps=15 median_s=0.007374 min_s=0.007318 flag=0 xnorm2=2.7501926043856093
rep3 landed wide n=240 reps=15 median_s=0.037688 min_s=0.037566 flag=0 xnorm2=5.5003852082409646
rep3 fixed wide n=60 reps=15 median_s=0.002246 min_s=0.002214 flag=0 xnorm2=1.3750963021836506
rep3 fixed wide n=120 reps=15 median_s=0.007263 min_s=0.007221 flag=0 xnorm2=2.7501926043856093
rep3 fixed wide n=240 reps=15 median_s=0.037211 min_s=0.036753 flag=0 xnorm2=5.5003852082409646
rep4 base wide n=60 reps=15 median_s=0.002213 min_s=0.002184 flag=0 xnorm2=1.3750963021836506
rep4 base wide n=120 reps=15 median_s=0.007279 min_s=0.007234 flag=0 xnorm2=2.7501926043856093
rep4 base wide n=240 reps=15 median_s=0.036820 min_s=0.036738 flag=0 xnorm2=5.5003852082409646
rep4 armh wide n=60 reps=15 median_s=0.002229 min_s=0.002189 flag=0 xnorm2=1.3750963021836506
rep4 armh wide n=120 reps=15 median_s=0.007331 min_s=0.007233 flag=0 xnorm2=2.7501926043856093
rep4 armh wide n=240 reps=15 median_s=0.037057 min_s=0.036804 flag=0 xnorm2=5.5003852082409646
rep4 landed wide n=60 reps=15 median_s=0.002230 min_s=0.002208 flag=0 xnorm2=1.3750963021836506
rep4 landed wide n=120 reps=15 median_s=0.007332 min_s=0.007306 flag=0 xnorm2=2.7501926043856093
rep4 landed wide n=240 reps=15 median_s=0.037608 min_s=0.037474 flag=0 xnorm2=5.5003852082409646
rep4 fixed wide n=60 reps=15 median_s=0.002231 min_s=0.002199 flag=0 xnorm2=1.3750963021836506
rep4 fixed wide n=120 reps=15 median_s=0.007245 min_s=0.007224 flag=0 xnorm2=2.7501926043856093
rep4 fixed wide n=240 reps=15 median_s=0.037208 min_s=0.036702 flag=0 xnorm2=5.5003852082409646
rep5 base wide n=60 reps=15 median_s=0.002206 min_s=0.002193 flag=0 xnorm2=1.3750963021836506
rep5 base wide n=120 reps=15 median_s=0.007280 min_s=0.007234 flag=0 xnorm2=2.7501926043856093
rep5 base wide n=240 reps=15 median_s=0.036995 min_s=0.036668 flag=0 xnorm2=5.5003852082409646
rep5 armh wide n=60 reps=15 median_s=0.002221 min_s=0.002199 flag=0 xnorm2=1.3750963021836506
rep5 armh wide n=120 reps=15 median_s=0.007326 min_s=0.007246 flag=0 xnorm2=2.7501926043856093
rep5 armh wide n=240 reps=15 median_s=0.036916 min_s=0.036758 flag=0 xnorm2=5.5003852082409646
rep5 landed wide n=60 reps=15 median_s=0.002231 min_s=0.002200 flag=0 xnorm2=1.3750963021836506
rep5 landed wide n=120 reps=15 median_s=0.007397 min_s=0.007320 flag=0 xnorm2=2.7501926043856093
rep5 landed wide n=240 reps=15 median_s=0.037595 min_s=0.037546 flag=0 xnorm2=5.5003852082409646
rep5 fixed wide n=60 reps=15 median_s=0.002225 min_s=0.002208 flag=0 xnorm2=1.3750963021836506
rep5 fixed wide n=120 reps=15 median_s=0.007286 min_s=0.007234 flag=0 xnorm2=2.7501926043856093
rep5 fixed wide n=240 reps=15 median_s=0.037276 min_s=0.036983 flag=0 xnorm2=5.5003852082409646
rep6 base wide n=60 reps=15 median_s=0.002251 min_s=0.002208 flag=0 xnorm2=1.3750963021836506
rep6 base wide n=120 reps=15 median_s=0.007287 min_s=0.007254 flag=0 xnorm2=2.7501926043856093
rep6 base wide n=240 reps=15 median_s=0.036963 min_s=0.036789 flag=0 xnorm2=5.5003852082409646
rep6 armh wide n=60 reps=15 median_s=0.002223 min_s=0.002203 flag=0 xnorm2=1.3750963021836506
rep6 armh wide n=120 reps=15 median_s=0.007328 min_s=0.007238 flag=0 xnorm2=2.7501926043856093
rep6 armh wide n=240 reps=15 median_s=0.036894 min_s=0.036716 flag=0 xnorm2=5.5003852082409646
rep6 landed wide n=60 reps=15 median_s=0.002222 min_s=0.002201 flag=0 xnorm2=1.3750963021836506
rep6 landed wide n=120 reps=15 median_s=0.007367 min_s=0.007320 flag=0 xnorm2=2.7501926043856093
rep6 landed wide n=240 reps=15 median_s=0.037597 min_s=0.037481 flag=0 xnorm2=5.5003852082409646
rep6 fixed wide n=60 reps=15 median_s=0.002218 min_s=0.002195 flag=0 xnorm2=1.3750963021836506
rep6 fixed wide n=120 reps=15 median_s=0.007274 min_s=0.007244 flag=0 xnorm2=2.7501926043856093
rep6 fixed wide n=240 reps=15 median_s=0.037221 min_s=0.036790 flag=0 xnorm2=5.5003852082409646
rep7 base wide n=60 reps=15 median_s=0.002215 min_s=0.002174 flag=0 xnorm2=1.3750963021836506
rep7 base wide n=120 reps=15 median_s=0.007277 min_s=0.007230 flag=0 xnorm2=2.7501926043856093
rep7 base wide n=240 reps=15 median_s=0.036841 min_s=0.036678 flag=0 xnorm2=5.5003852082409646
rep7 armh wide n=60 reps=15 median_s=0.002220 min_s=0.002204 flag=0 xnorm2=1.3750963021836506
rep7 armh wide n=120 reps=15 median_s=0.007261 min_s=0.007233 flag=0 xnorm2=2.7501926043856093
rep7 armh wide n=240 reps=15 median_s=0.036971 min_s=0.036841 flag=0 xnorm2=5.5003852082409646
rep7 landed wide n=60 reps=15 median_s=0.002219 min_s=0.002199 flag=0 xnorm2=1.3750963021836506
rep7 landed wide n=120 reps=15 median_s=0.007336 min_s=0.007300 flag=0 xnorm2=2.7501926043856093
rep7 landed wide n=240 reps=15 median_s=0.037627 min_s=0.037514 flag=0 xnorm2=5.5003852082409646
rep7 fixed wide n=60 reps=15 median_s=0.002227 min_s=0.002210 flag=0 xnorm2=1.3750963021836506
rep7 fixed wide n=120 reps=15 median_s=0.007279 min_s=0.007209 flag=0 xnorm2=2.7501926043856093
rep7 fixed wide n=240 reps=15 median_s=0.037189 min_s=0.036881 flag=0 xnorm2=5.5003852082409646
rep8 base wide n=60 reps=15 median_s=0.002202 min_s=0.002177 flag=0 xnorm2=1.3750963021836506
rep8 base wide n=120 reps=15 median_s=0.007292 min_s=0.007208 flag=0 xnorm2=2.7501926043856093
rep8 base wide n=240 reps=15 median_s=0.036969 min_s=0.036620 flag=0 xnorm2=5.5003852082409646
rep8 armh wide n=60 reps=15 median_s=0.002229 min_s=0.002196 flag=0 xnorm2=1.3750963021836506
rep8 armh wide n=120 reps=15 median_s=0.007324 min_s=0.007227 flag=0 xnorm2=2.7501926043856093
rep8 armh wide n=240 reps=15 median_s=0.036858 min_s=0.036646 flag=0 xnorm2=5.5003852082409646
rep8 landed wide n=60 reps=15 median_s=0.002215 min_s=0.002201 flag=0 xnorm2=1.3750963021836506
rep8 landed wide n=120 reps=15 median_s=0.007347 min_s=0.007309 flag=0 xnorm2=2.7501926043856093
rep8 landed wide n=240 reps=15 median_s=0.037804 min_s=0.037497 flag=0 xnorm2=5.5003852082409646
rep8 fixed wide n=60 reps=15 median_s=0.002219 min_s=0.002199 flag=0 xnorm2=1.3750963021836506
rep8 fixed wide n=120 reps=15 median_s=0.007314 min_s=0.007225 flag=0 xnorm2=2.7501926043856093
rep8 fixed wide n=240 reps=15 median_s=0.036936 min_s=0.036853 flag=0 xnorm2=5.5003852082409646
rep9 base wide n=60 reps=15 median_s=0.002217 min_s=0.002177 flag=0 xnorm2=1.3750963021836506
rep9 base wide n=120 reps=15 median_s=0.007259 min_s=0.007227 flag=0 xnorm2=2.7501926043856093
rep9 base wide n=240 reps=15 median_s=0.036966 min_s=0.036672 flag=0 xnorm2=5.5003852082409646
rep9 armh wide n=60 reps=15 median_s=0.002221 min_s=0.002191 flag=0 xnorm2=1.3750963021836506
rep9 armh wide n=120 reps=15 median_s=0.007333 min_s=0.007242 flag=0 xnorm2=2.7501926043856093
rep9 armh wide n=240 reps=15 median_s=0.036842 min_s=0.036749 flag=0 xnorm2=5.5003852082409646
rep9 landed wide n=60 reps=15 median_s=0.002228 min_s=0.002213 flag=0 xnorm2=1.3750963021836506
rep9 landed wide n=120 reps=15 median_s=0.007386 min_s=0.007307 flag=0 xnorm2=2.7501926043856093
rep9 landed wide n=240 reps=15 median_s=0.037684 min_s=0.037491 flag=0 xnorm2=5.5003852082409646
rep9 fixed wide n=60 reps=15 median_s=0.002219 min_s=0.002206 flag=0 xnorm2=1.3750963021836506
rep9 fixed wide n=120 reps=15 median_s=0.007299 min_s=0.007226 flag=0 xnorm2=2.7501926043856093
rep9 fixed wide n=240 reps=15 median_s=0.037379 min_s=0.036688 flag=0 xnorm2=5.5003852082409646
=== arm: threaded
rep1 base wide n=60 reps=15 median_s=0.002066 min_s=0.002044 flag=0 xnorm2=1.3750963021836506
rep1 base wide n=120 reps=15 median_s=0.007087 min_s=0.007059 flag=0 xnorm2=2.7501926043856093
rep1 base wide n=240 reps=15 median_s=0.034897 min_s=0.034620 flag=0 xnorm2=5.5003852082409646
rep1 armh wide n=60 reps=15 median_s=0.002073 min_s=0.002050 flag=0 xnorm2=1.3750963021836506
rep1 armh wide n=120 reps=15 median_s=0.007163 min_s=0.007044 flag=0 xnorm2=2.7501926043856093
rep1 armh wide n=240 reps=15 median_s=0.034908 min_s=0.034656 flag=0 xnorm2=5.5003852082409646
rep1 landed wide n=60 reps=15 median_s=0.002074 min_s=0.002052 flag=0 xnorm2=1.3750963021836506
rep1 landed wide n=120 reps=15 median_s=0.007163 min_s=0.007108 flag=0 xnorm2=2.7501926043856093
rep1 landed wide n=240 reps=15 median_s=0.035634 min_s=0.035452 flag=0 xnorm2=5.5003852082409646
rep1 fixed wide n=60 reps=15 median_s=0.002064 min_s=0.002049 flag=0 xnorm2=1.3750963021836506
rep1 fixed wide n=120 reps=15 median_s=0.007126 min_s=0.007051 flag=0 xnorm2=2.7501926043856093
rep1 fixed wide n=240 reps=15 median_s=0.035446 min_s=0.034775 flag=0 xnorm2=5.5003852082409646
rep2 base wide n=60 reps=15 median_s=0.002097 min_s=0.002044 flag=0 xnorm2=1.3750963021836506
rep2 base wide n=120 reps=15 median_s=0.007079 min_s=0.007053 flag=0 xnorm2=2.7501926043856093
rep2 base wide n=240 reps=15 median_s=0.034937 min_s=0.034677 flag=0 xnorm2=5.5003852082409646
rep2 armh wide n=60 reps=15 median_s=0.002068 min_s=0.002041 flag=0 xnorm2=1.3750963021836506
rep2 armh wide n=120 reps=15 median_s=0.007159 min_s=0.007041 flag=0 xnorm2=2.7501926043856093
rep2 armh wide n=240 reps=15 median_s=0.034831 min_s=0.034676 flag=0 xnorm2=5.5003852082409646
rep2 landed wide n=60 reps=15 median_s=0.002074 min_s=0.002055 flag=0 xnorm2=1.3750963021836506
rep2 landed wide n=120 reps=15 median_s=0.007163 min_s=0.007118 flag=0 xnorm2=2.7501926043856093
rep2 landed wide n=240 reps=15 median_s=0.035662 min_s=0.035560 flag=0 xnorm2=5.5003852082409646
rep2 fixed wide n=60 reps=15 median_s=0.002072 min_s=0.002051 flag=0 xnorm2=1.3750963021836506
rep2 fixed wide n=120 reps=15 median_s=0.007063 min_s=0.007035 flag=0 xnorm2=2.7501926043856093
rep2 fixed wide n=240 reps=15 median_s=0.034952 min_s=0.034818 flag=0 xnorm2=5.5003852082409646
rep3 base wide n=60 reps=15 median_s=0.002119 min_s=0.002108 flag=0 xnorm2=1.3750963021836506
rep3 base wide n=120 reps=15 median_s=0.007357 min_s=0.007274 flag=0 xnorm2=2.7501926043856093
rep3 base wide n=240 reps=15 median_s=0.036014 min_s=0.035766 flag=0 xnorm2=5.5003852082409646
rep3 armh wide n=60 reps=15 median_s=0.002071 min_s=0.002060 flag=0 xnorm2=1.3750963021836506
rep3 armh wide n=120 reps=15 median_s=0.007106 min_s=0.007020 flag=0 xnorm2=2.7501926043856093
rep3 armh wide n=240 reps=15 median_s=0.034780 min_s=0.034717 flag=0 xnorm2=5.5003852082409646
rep3 landed wide n=60 reps=15 median_s=0.002073 min_s=0.002056 flag=0 xnorm2=1.3750963021836506
rep3 landed wide n=120 reps=15 median_s=0.007177 min_s=0.007135 flag=0 xnorm2=2.7501926043856093
rep3 landed wide n=240 reps=15 median_s=0.035763 min_s=0.035556 flag=0 xnorm2=5.5003852082409646
rep3 fixed wide n=60 reps=15 median_s=0.002073 min_s=0.002047 flag=0 xnorm2=1.3750963021836506
rep3 fixed wide n=120 reps=15 median_s=0.007089 min_s=0.007061 flag=0 xnorm2=2.7501926043856093
rep3 fixed wide n=240 reps=15 median_s=0.034891 min_s=0.034804 flag=0 xnorm2=5.5003852082409646
rep4 base wide n=60 reps=15 median_s=0.002075 min_s=0.002048 flag=0 xnorm2=1.3750963021836506
rep4 base wide n=120 reps=15 median_s=0.007157 min_s=0.007057 flag=0 xnorm2=2.7501926043856093
rep4 base wide n=240 reps=15 median_s=0.035131 min_s=0.034713 flag=0 xnorm2=5.5003852082409646
rep4 armh wide n=60 reps=15 median_s=0.002074 min_s=0.002054 flag=0 xnorm2=1.3750963021836506
rep4 armh wide n=120 reps=15 median_s=0.007160 min_s=0.007031 flag=0 xnorm2=2.7501926043856093
rep4 armh wide n=240 reps=15 median_s=0.034874 min_s=0.034775 flag=0 xnorm2=5.5003852082409646
rep4 landed wide n=60 reps=15 median_s=0.002075 min_s=0.002047 flag=0 xnorm2=1.3750963021836506
rep4 landed wide n=120 reps=15 median_s=0.007185 min_s=0.007117 flag=0 xnorm2=2.7501926043856093
rep4 landed wide n=240 reps=15 median_s=0.035626 min_s=0.035535 flag=0 xnorm2=5.5003852082409646
rep4 fixed wide n=60 reps=15 median_s=0.002071 min_s=0.002046 flag=0 xnorm2=1.3750963021836506
rep4 fixed wide n=120 reps=15 median_s=0.007078 min_s=0.007034 flag=0 xnorm2=2.7501926043856093
rep4 fixed wide n=240 reps=15 median_s=0.035026 min_s=0.034901 flag=0 xnorm2=5.5003852082409646
rep5 base wide n=60 reps=15 median_s=0.002072 min_s=0.002052 flag=0 xnorm2=1.3750963021836506
rep5 base wide n=120 reps=15 median_s=0.007075 min_s=0.007043 flag=0 xnorm2=2.7501926043856093
rep5 base wide n=240 reps=15 median_s=0.034822 min_s=0.034707 flag=0 xnorm2=5.5003852082409646
rep5 armh wide n=60 reps=15 median_s=0.002085 min_s=0.002049 flag=0 xnorm2=1.3750963021836506
rep5 armh wide n=120 reps=15 median_s=0.007154 min_s=0.007028 flag=0 xnorm2=2.7501926043856093
rep5 armh wide n=240 reps=15 median_s=0.034857 min_s=0.034662 flag=0 xnorm2=5.5003852082409646
rep5 landed wide n=60 reps=15 median_s=0.002069 min_s=0.002059 flag=0 xnorm2=1.3750963021836506
rep5 landed wide n=120 reps=15 median_s=0.007263 min_s=0.007106 flag=0 xnorm2=2.7501926043856093
rep5 landed wide n=240 reps=15 median_s=0.035702 min_s=0.035597 flag=0 xnorm2=5.5003852082409646
rep5 fixed wide n=60 reps=15 median_s=0.002070 min_s=0.002050 flag=0 xnorm2=1.3750963021836506
rep5 fixed wide n=120 reps=15 median_s=0.007085 min_s=0.007046 flag=0 xnorm2=2.7501926043856093
rep5 fixed wide n=240 reps=15 median_s=0.035076 min_s=0.034737 flag=0 xnorm2=5.5003852082409646
rep6 base wide n=60 reps=15 median_s=0.002080 min_s=0.002049 flag=0 xnorm2=1.3750963021836506
rep6 base wide n=120 reps=15 median_s=0.007091 min_s=0.007051 flag=0 xnorm2=2.7501926043856093
rep6 base wide n=240 reps=15 median_s=0.035133 min_s=0.034862 flag=0 xnorm2=5.5003852082409646
rep6 armh wide n=60 reps=15 median_s=0.002071 min_s=0.002050 flag=0 xnorm2=1.3750963021836506
rep6 armh wide n=120 reps=15 median_s=0.007135 min_s=0.007031 flag=0 xnorm2=2.7501926043856093
rep6 armh wide n=240 reps=15 median_s=0.034843 min_s=0.034664 flag=0 xnorm2=5.5003852082409646
rep6 landed wide n=60 reps=15 median_s=0.002075 min_s=0.002050 flag=0 xnorm2=1.3750963021836506
rep6 landed wide n=120 reps=15 median_s=0.007207 min_s=0.007139 flag=0 xnorm2=2.7501926043856093
rep6 landed wide n=240 reps=15 median_s=0.035709 min_s=0.035516 flag=0 xnorm2=5.5003852082409646
rep6 fixed wide n=60 reps=15 median_s=0.002076 min_s=0.002048 flag=0 xnorm2=1.3750963021836506
rep6 fixed wide n=120 reps=15 median_s=0.007125 min_s=0.007034 flag=0 xnorm2=2.7501926043856093
rep6 fixed wide n=240 reps=15 median_s=0.034913 min_s=0.034694 flag=0 xnorm2=5.5003852082409646
rep7 base wide n=60 reps=15 median_s=0.002064 min_s=0.002055 flag=0 xnorm2=1.3750963021836506
rep7 base wide n=120 reps=15 median_s=0.007089 min_s=0.007042 flag=0 xnorm2=2.7501926043856093
rep7 base wide n=240 reps=15 median_s=0.034980 min_s=0.034733 flag=0 xnorm2=5.5003852082409646
rep7 armh wide n=60 reps=15 median_s=0.002093 min_s=0.002045 flag=0 xnorm2=1.3750963021836506
rep7 armh wide n=120 reps=15 median_s=0.007153 min_s=0.007050 flag=0 xnorm2=2.7501926043856093
rep7 armh wide n=240 reps=15 median_s=0.034988 min_s=0.034918 flag=0 xnorm2=5.5003852082409646
rep7 landed wide n=60 reps=15 median_s=0.002091 min_s=0.002063 flag=0 xnorm2=1.3750963021836506
rep7 landed wide n=120 reps=15 median_s=0.007200 min_s=0.007137 flag=0 xnorm2=2.7501926043856093
rep7 landed wide n=240 reps=15 median_s=0.035651 min_s=0.035478 flag=0 xnorm2=5.5003852082409646
rep7 fixed wide n=60 reps=15 median_s=0.002070 min_s=0.002047 flag=0 xnorm2=1.3750963021836506
rep7 fixed wide n=120 reps=15 median_s=0.007093 min_s=0.007058 flag=0 xnorm2=2.7501926043856093
rep7 fixed wide n=240 reps=15 median_s=0.034993 min_s=0.034725 flag=0 xnorm2=5.5003852082409646
rep8 base wide n=60 reps=15 median_s=0.002069 min_s=0.002044 flag=0 xnorm2=1.3750963021836506
rep8 base wide n=120 reps=15 median_s=0.007079 min_s=0.007037 flag=0 xnorm2=2.7501926043856093
rep8 base wide n=240 reps=15 median_s=0.034899 min_s=0.034666 flag=0 xnorm2=5.5003852082409646
rep8 armh wide n=60 reps=15 median_s=0.002070 min_s=0.002052 flag=0 xnorm2=1.3750963021836506
rep8 armh wide n=120 reps=15 median_s=0.007153 min_s=0.007031 flag=0 xnorm2=2.7501926043856093
rep8 armh wide n=240 reps=15 median_s=0.034826 min_s=0.034752 flag=0 xnorm2=5.5003852082409646
rep8 landed wide n=60 reps=15 median_s=0.002072 min_s=0.002051 flag=0 xnorm2=1.3750963021836506
rep8 landed wide n=120 reps=15 median_s=0.007151 min_s=0.007117 flag=0 xnorm2=2.7501926043856093
rep8 landed wide n=240 reps=15 median_s=0.035620 min_s=0.035488 flag=0 xnorm2=5.5003852082409646
rep8 fixed wide n=60 reps=15 median_s=0.002067 min_s=0.002055 flag=0 xnorm2=1.3750963021836506
rep8 fixed wide n=120 reps=15 median_s=0.007090 min_s=0.007054 flag=0 xnorm2=2.7501926043856093
rep8 fixed wide n=240 reps=15 median_s=0.034860 min_s=0.034721 flag=0 xnorm2=5.5003852082409646
rep9 base wide n=60 reps=15 median_s=0.002071 min_s=0.002040 flag=0 xnorm2=1.3750963021836506
rep9 base wide n=120 reps=15 median_s=0.007150 min_s=0.007039 flag=0 xnorm2=2.7501926043856093
rep9 base wide n=240 reps=15 median_s=0.034896 min_s=0.034670 flag=0 xnorm2=5.5003852082409646
rep9 armh wide n=60 reps=15 median_s=0.002076 min_s=0.002052 flag=0 xnorm2=1.3750963021836506
rep9 armh wide n=120 reps=15 median_s=0.007138 min_s=0.007029 flag=0 xnorm2=2.7501926043856093
rep9 armh wide n=240 reps=15 median_s=0.034903 min_s=0.034786 flag=0 xnorm2=5.5003852082409646
rep9 landed wide n=60 reps=15 median_s=0.002085 min_s=0.002055 flag=0 xnorm2=1.3750963021836506
rep9 landed wide n=120 reps=15 median_s=0.007155 min_s=0.007127 flag=0 xnorm2=2.7501926043856093
rep9 landed wide n=240 reps=15 median_s=0.035693 min_s=0.035537 flag=0 xnorm2=5.5003852082409646
rep9 fixed wide n=60 reps=15 median_s=0.002094 min_s=0.002055 flag=0 xnorm2=1.3750963021836506
rep9 fixed wide n=120 reps=15 median_s=0.007082 min_s=0.007033 flag=0 xnorm2=2.7501926043856093
rep9 fixed wide n=240 reps=15 median_s=0.035106 min_s=0.034905 flag=0 xnorm2=5.5003852082409646
