hs1 ssn trace=off median=0.001696s spread=36.413% majors=29 elastic=0 rung_b=0
hs3 ssn trace=off median=0.000321s spread=30.686% majors=4 elastic=0 rung_b=0
hs5 ssn trace=off median=0.000301s spread=34.651% majors=4 elastic=0 rung_b=0
hs6 ssn trace=off median=0.001071s spread=31.147% majors=8 elastic=0 rung_b=0
hs7 ssn trace=off median=0.001116s spread=14.408% majors=9 elastic=0 rung_b=0
hs10 ssn trace=off median=0.006574s spread=7.182% majors=14 elastic=8 rung_b=0
hs11 ssn trace=off median=0.002033s spread=22.596% majors=7 elastic=2 rung_b=0
hs12 ssn trace=off median=0.000411s spread=71.724% majors=6 elastic=0 rung_b=0
hs14 ssn trace=off median=0.000359s spread=42.079% majors=5 elastic=0 rung_b=0
hs15 ssn trace=off median=0.001189s spread=36.378% majors=7 elastic=1 rung_b=0
hs22 ssn trace=off median=0.000522s spread=50.882% majors=2 elastic=0 rung_b=0
hs24 ssn trace=off median=0.000650s spread=52.143% majors=3 elastic=0 rung_b=0
hs25 ssn trace=off median=0.000027s spread=37.873% majors=0 elastic=0 rung_b=0
hs26 ssn trace=off median=0.001123s spread=45.374% majors=17 elastic=0 rung_b=0
hs27 ssn trace=off median=0.001524s spread=25.886% majors=4 elastic=1 rung_b=0
hs28 ssn trace=off median=0.000272s spread=63.496% majors=3 elastic=0 rung_b=0
hs30 ssn trace=off median=0.000705s spread=72.169% majors=11 elastic=0 rung_b=0
hs33 ssn trace=off median=0.000537s spread=56.158% majors=4 elastic=0 rung_b=0
hs35 ssn trace=off median=0.000132s spread=59.960% majors=1 elastic=0 rung_b=0
hs38 ssn trace=off median=0.005164s spread=10.675% majors=49 elastic=0 rung_b=0
hs39 ssn trace=off median=0.001131s spread=15.754% majors=9 elastic=0 rung_b=0
hs40 ssn trace=off median=0.000322s spread=36.556% majors=4 elastic=0 rung_b=0
hs43 ssn trace=off median=0.000894s spread=16.741% majors=7 elastic=0 rung_b=0
hs45 ssn trace=off median=0.000783s spread=13.524% majors=3 elastic=0 rung_b=0
hs76 ssn trace=off median=0.000277s spread=34.914% majors=2 elastic=0 rung_b=0
hs77 ssn trace=off median=0.001037s spread=276.915% majors=12 elastic=0 rung_b=0
hs79 ssn trace=off median=0.000341s spread=28.067% majors=4 elastic=0 rung_b=0

HS SUITE: 27 cell(s), engine ssn, trace off, repeat 2000, warmup 1
  corpus (sum of per-cell medians): 0.030510 s
  worst per-cell median SE: 0.197 %   <-- THE CALIBRATION READING (target <= 0.5, falls as 1/sqrt(N))
  worst per-cell max-min spread: 276.915 %  (raw cloud; NOT a calibration
                                            statistic -- it is monotone in N)
  cells with unstable counters across repeats: 0
  elastic activations: 12   fallback rung B: 0
wrote 27 row(s) to /home/ghecht/Projects/hven/.scratch/w5t89r/art2/raw/leg2/ssn/off/base-r3.csv
