hs1 ssn trace=off median=0.001637s spread=35.710% majors=29 elastic=0 rung_b=0
hs3 ssn trace=off median=0.000313s spread=40.236% majors=4 elastic=0 rung_b=0
hs5 ssn trace=off median=0.000291s spread=42.793% majors=4 elastic=0 rung_b=0
hs6 ssn trace=off median=0.001059s spread=20.210% majors=8 elastic=0 rung_b=0
hs7 ssn trace=off median=0.001105s spread=60.374% majors=9 elastic=0 rung_b=0
hs10 ssn trace=off median=0.006440s spread=46.169% majors=14 elastic=8 rung_b=0
hs11 ssn trace=off median=0.001872s spread=16.688% majors=7 elastic=2 rung_b=0
hs12 ssn trace=off median=0.000399s spread=30.193% majors=6 elastic=0 rung_b=0
hs14 ssn trace=off median=0.000351s spread=35.127% majors=5 elastic=0 rung_b=0
hs15 ssn trace=off median=0.001144s spread=75.297% majors=7 elastic=1 rung_b=0
hs22 ssn trace=off median=0.000491s spread=23.803% majors=2 elastic=0 rung_b=0
hs24 ssn trace=off median=0.000614s spread=30.570% majors=3 elastic=0 rung_b=0
hs25 ssn trace=off median=0.000027s spread=121.593% majors=0 elastic=0 rung_b=0
hs26 ssn trace=off median=0.001085s spread=28.956% majors=17 elastic=0 rung_b=0
hs27 ssn trace=off median=0.001491s spread=37.829% majors=4 elastic=1 rung_b=0
hs28 ssn trace=off median=0.000270s spread=83.933% majors=3 elastic=0 rung_b=0
hs30 ssn trace=off median=0.000684s spread=44.022% majors=11 elastic=0 rung_b=0
hs33 ssn trace=off median=0.000527s spread=44.781% majors=4 elastic=0 rung_b=0
hs35 ssn trace=off median=0.000131s spread=108.344% majors=1 elastic=0 rung_b=0
hs38 ssn trace=off median=0.005053s spread=79.638% majors=49 elastic=0 rung_b=0
hs39 ssn trace=off median=0.001112s spread=39.476% majors=9 elastic=0 rung_b=0
hs40 ssn trace=off median=0.000313s spread=58.752% majors=4 elastic=0 rung_b=0
hs43 ssn trace=off median=0.000884s spread=21.451% majors=7 elastic=0 rung_b=0
hs45 ssn trace=off median=0.000771s spread=22.881% majors=3 elastic=0 rung_b=0
hs76 ssn trace=off median=0.000273s spread=34.427% majors=2 elastic=0 rung_b=0
hs77 ssn trace=off median=0.001017s spread=36.730% majors=12 elastic=0 rung_b=0
hs79 ssn trace=off median=0.000332s spread=70.442% majors=4 elastic=0 rung_b=0

HS SUITE: 27 cell(s), engine ssn, trace off, repeat 2000, warmup 1
  corpus (sum of per-cell medians): 0.029685 s
  worst per-cell median SE: 0.181 %   <-- THE CALIBRATION READING (target <= 0.5, falls as 1/sqrt(N))
  worst per-cell max-min spread: 121.593 %  (raw cloud; NOT a calibration
                                            statistic -- it is monotone in N)
  cells with unstable counters across repeats: 0
  elastic activations: 12   fallback rung B: 0
wrote 27 row(s) to /home/ghecht/Projects/hven/.scratch/w5t89r/art/raw/leg2/ssn/off/head-r1.csv
