hs1 ssn trace=off median=0.001636s spread=37.240% majors=29 elastic=0 rung_b=0
hs3 ssn trace=off median=0.000313s spread=23.750% majors=4 elastic=0 rung_b=0
hs5 ssn trace=off median=0.000291s spread=51.619% majors=4 elastic=0 rung_b=0
hs6 ssn trace=off median=0.001050s spread=62.817% majors=8 elastic=0 rung_b=0
hs7 ssn trace=off median=0.001096s spread=16.744% majors=9 elastic=0 rung_b=0
hs10 ssn trace=off median=0.006459s spread=66.360% majors=14 elastic=8 rung_b=0
hs11 ssn trace=off median=0.001878s spread=18.497% majors=7 elastic=2 rung_b=0
hs12 ssn trace=off median=0.000401s spread=28.471% majors=6 elastic=0 rung_b=0
hs14 ssn trace=off median=0.000352s spread=30.662% majors=5 elastic=0 rung_b=0
hs15 ssn trace=off median=0.001149s spread=22.786% majors=7 elastic=1 rung_b=0
hs22 ssn trace=off median=0.000494s spread=42.065% majors=2 elastic=0 rung_b=0
hs24 ssn trace=off median=0.000617s spread=43.116% majors=3 elastic=0 rung_b=0
hs25 ssn trace=off median=0.000027s spread=1273.532% majors=0 elastic=0 rung_b=0
hs26 ssn trace=off median=0.001089s spread=25.757% majors=17 elastic=0 rung_b=0
hs27 ssn trace=off median=0.001497s spread=90.049% majors=4 elastic=1 rung_b=0
hs28 ssn trace=off median=0.000269s spread=48.284% majors=3 elastic=0 rung_b=0
hs30 ssn trace=off median=0.000681s spread=44.349% majors=11 elastic=0 rung_b=0
hs33 ssn trace=off median=0.000528s spread=35.108% majors=4 elastic=0 rung_b=0
hs35 ssn trace=off median=0.000131s spread=62.031% majors=1 elastic=0 rung_b=0
hs38 ssn trace=off median=0.005062s spread=13.177% majors=49 elastic=0 rung_b=0
hs39 ssn trace=off median=0.001115s spread=30.071% majors=9 elastic=0 rung_b=0
hs40 ssn trace=off median=0.000312s spread=49.801% majors=4 elastic=0 rung_b=0
hs43 ssn trace=off median=0.000885s spread=27.932% majors=7 elastic=0 rung_b=0
hs45 ssn trace=off median=0.000774s spread=41.304% majors=3 elastic=0 rung_b=0
hs76 ssn trace=off median=0.000273s spread=43.174% majors=2 elastic=0 rung_b=0
hs77 ssn trace=off median=0.001022s spread=281.244% majors=12 elastic=0 rung_b=0
hs79 ssn trace=off median=0.000333s spread=22.370% majors=4 elastic=0 rung_b=0

HS SUITE: 27 cell(s), engine ssn, trace off, repeat 2000, warmup 1
  corpus (sum of per-cell medians): 0.029733 s
  worst per-cell median SE: 0.809 %   <-- THE CALIBRATION READING (target <= 0.5, falls as 1/sqrt(N))
  worst per-cell max-min spread: 1273.532 %  (raw cloud; NOT a calibration
                                            statistic -- it is monotone in N)
  cells with unstable counters across repeats: 0
  elastic activations: 12   fallback rung B: 0
wrote 27 row(s) to /home/ghecht/Projects/hven/.scratch/w5t89r/art2/raw/leg2/ssn/off/head-r2.csv
