hs1 ssn trace=off median=0.001645s spread=62.411% majors=29 elastic=0 rung_b=0
hs3 ssn trace=off median=0.000314s spread=49.937% majors=4 elastic=0 rung_b=0
hs5 ssn trace=off median=0.000292s spread=39.009% majors=4 elastic=0 rung_b=0
hs6 ssn trace=off median=0.001063s spread=12.853% majors=8 elastic=0 rung_b=0
hs7 ssn trace=off median=0.001109s spread=12.267% majors=9 elastic=0 rung_b=0
hs10 ssn trace=off median=0.006487s spread=12.658% majors=14 elastic=8 rung_b=0
hs11 ssn trace=off median=0.001883s spread=62.675% majors=7 elastic=2 rung_b=0
hs12 ssn trace=off median=0.000401s spread=22.055% majors=6 elastic=0 rung_b=0
hs14 ssn trace=off median=0.000353s spread=20.356% majors=5 elastic=0 rung_b=0
hs15 ssn trace=off median=0.001155s spread=13.103% majors=7 elastic=1 rung_b=0
hs22 ssn trace=off median=0.000494s spread=68.513% majors=2 elastic=0 rung_b=0
hs24 ssn trace=off median=0.000619s spread=19.397% majors=3 elastic=0 rung_b=0
hs25 ssn trace=off median=0.000027s spread=132.161% majors=0 elastic=0 rung_b=0
hs26 ssn trace=off median=0.001093s spread=13.857% majors=17 elastic=0 rung_b=0
hs27 ssn trace=off median=0.001498s spread=12.933% majors=4 elastic=1 rung_b=0
hs28 ssn trace=off median=0.000270s spread=42.964% majors=3 elastic=0 rung_b=0
hs30 ssn trace=off median=0.000688s spread=18.963% majors=11 elastic=0 rung_b=0
hs33 ssn trace=off median=0.000530s spread=22.194% majors=4 elastic=0 rung_b=0
hs35 ssn trace=off median=0.000131s spread=63.337% majors=1 elastic=0 rung_b=0
hs38 ssn trace=off median=0.005083s spread=21.271% majors=49 elastic=0 rung_b=0
hs39 ssn trace=off median=0.001116s spread=31.253% majors=9 elastic=0 rung_b=0
hs40 ssn trace=off median=0.000313s spread=65.836% majors=4 elastic=0 rung_b=0
hs43 ssn trace=off median=0.000886s spread=51.773% majors=7 elastic=0 rung_b=0
hs45 ssn trace=off median=0.000776s spread=27.555% majors=3 elastic=0 rung_b=0
hs76 ssn trace=off median=0.000274s spread=63.446% majors=2 elastic=0 rung_b=0
hs77 ssn trace=off median=0.001026s spread=281.556% majors=12 elastic=0 rung_b=0
hs79 ssn trace=off median=0.000333s spread=26.444% majors=4 elastic=0 rung_b=0

HS SUITE: 27 cell(s), engine ssn, trace off, repeat 2000, warmup 1
  corpus (sum of per-cell medians): 0.029860 s
  worst per-cell median SE: 0.199 %   <-- THE CALIBRATION READING (target <= 0.5, falls as 1/sqrt(N))
  worst per-cell max-min spread: 281.556 %  (raw cloud; NOT a calibration
                                            statistic -- it is monotone in N)
  cells with unstable counters across repeats: 0
  elastic activations: 12   fallback rung B: 0
wrote 27 row(s) to /home/ghecht/Projects/hven/.scratch/w5t89r/art2/raw/leg2/ssn/off/head-r3.csv
