hs1 ssn trace=off median=0.001684s spread=58.631% majors=29 elastic=0 rung_b=0
hs3 ssn trace=off median=0.000322s spread=71.702% majors=4 elastic=0 rung_b=0
hs5 ssn trace=off median=0.000298s spread=38.148% majors=4 elastic=0 rung_b=0
hs6 ssn trace=off median=0.001068s spread=68.760% majors=8 elastic=0 rung_b=0
hs7 ssn trace=off median=0.001111s spread=28.532% majors=9 elastic=0 rung_b=0
hs10 ssn trace=off median=0.006605s spread=30.501% majors=14 elastic=8 rung_b=0
hs11 ssn trace=off median=0.002040s spread=16.401% majors=7 elastic=2 rung_b=0
hs12 ssn trace=off median=0.000410s spread=25.331% majors=6 elastic=0 rung_b=0
hs14 ssn trace=off median=0.000357s spread=36.494% majors=5 elastic=0 rung_b=0
hs15 ssn trace=off median=0.001191s spread=11.118% majors=7 elastic=1 rung_b=0
hs22 ssn trace=off median=0.000524s spread=22.437% majors=2 elastic=0 rung_b=0
hs24 ssn trace=off median=0.000652s spread=22.053% majors=3 elastic=0 rung_b=0
hs25 ssn trace=off median=0.000027s spread=186.732% majors=0 elastic=0 rung_b=0
hs26 ssn trace=off median=0.001118s spread=41.515% majors=17 elastic=0 rung_b=0
hs27 ssn trace=off median=0.001528s spread=35.162% majors=4 elastic=1 rung_b=0
hs28 ssn trace=off median=0.000272s spread=121.732% majors=3 elastic=0 rung_b=0
hs30 ssn trace=off median=0.000701s spread=40.173% majors=11 elastic=0 rung_b=0
hs33 ssn trace=off median=0.000535s spread=68.403% majors=4 elastic=0 rung_b=0
hs35 ssn trace=off median=0.000133s spread=38.200% majors=1 elastic=0 rung_b=0
hs38 ssn trace=off median=0.005143s spread=9.364% majors=49 elastic=0 rung_b=0
hs39 ssn trace=off median=0.001124s spread=26.818% majors=9 elastic=0 rung_b=0
hs40 ssn trace=off median=0.000319s spread=44.593% majors=4 elastic=0 rung_b=0
hs43 ssn trace=off median=0.000890s spread=13.952% majors=7 elastic=0 rung_b=0
hs45 ssn trace=off median=0.000782s spread=365.999% majors=3 elastic=0 rung_b=0
hs76 ssn trace=off median=0.000275s spread=24.538% majors=2 elastic=0 rung_b=0
hs77 ssn trace=off median=0.001030s spread=13.125% majors=12 elastic=0 rung_b=0
hs79 ssn trace=off median=0.000339s spread=23.251% majors=4 elastic=0 rung_b=0

HS SUITE: 27 cell(s), engine ssn, trace off, repeat 2000, warmup 1
  corpus (sum of per-cell medians): 0.030478 s
  worst per-cell median SE: 0.246 %   <-- THE CALIBRATION READING (target <= 0.5, falls as 1/sqrt(N))
  worst per-cell max-min spread: 365.999 %  (raw cloud; NOT a calibration
                                            statistic -- it is monotone in N)
  cells with unstable counters across repeats: 0
  elastic activations: 12   fallback rung B: 0
wrote 27 row(s) to /home/ghecht/Projects/hven/.scratch/w5t89r/art2/raw/leg2/ssn/off/passB-base-r2.csv
