hs1 ssn trace=off median=0.001653s spread=41.740% majors=29 elastic=0 rung_b=0
hs3 ssn trace=off median=0.000316s spread=66.263% majors=4 elastic=0 rung_b=0
hs5 ssn trace=off median=0.000292s spread=41.372% majors=4 elastic=0 rung_b=0
hs6 ssn trace=off median=0.001056s spread=68.180% majors=8 elastic=0 rung_b=0
hs7 ssn trace=off median=0.001099s spread=15.992% majors=9 elastic=0 rung_b=0
hs10 ssn trace=off median=0.006489s spread=61.678% majors=14 elastic=8 rung_b=0
hs11 ssn trace=off median=0.001881s spread=12.779% majors=7 elastic=2 rung_b=0
hs12 ssn trace=off median=0.000400s spread=30.821% majors=6 elastic=0 rung_b=0
hs14 ssn trace=off median=0.000350s spread=33.644% majors=5 elastic=0 rung_b=0
hs15 ssn trace=off median=0.001152s spread=62.190% majors=7 elastic=1 rung_b=0
hs22 ssn trace=off median=0.000494s spread=34.120% majors=2 elastic=0 rung_b=0
hs24 ssn trace=off median=0.000617s spread=20.301% majors=3 elastic=0 rung_b=0
hs25 ssn trace=off median=0.000027s spread=141.438% majors=0 elastic=0 rung_b=0
hs26 ssn trace=off median=0.001092s spread=54.583% majors=17 elastic=0 rung_b=0
hs27 ssn trace=off median=0.001497s spread=13.544% majors=4 elastic=1 rung_b=0
hs28 ssn trace=off median=0.000269s spread=75.416% majors=3 elastic=0 rung_b=0
hs30 ssn trace=off median=0.000680s spread=25.138% majors=11 elastic=0 rung_b=0
hs33 ssn trace=off median=0.000529s spread=28.193% majors=4 elastic=0 rung_b=0
hs35 ssn trace=off median=0.000130s spread=67.150% majors=1 elastic=0 rung_b=0
hs38 ssn trace=off median=0.005060s spread=78.648% majors=49 elastic=0 rung_b=0
hs39 ssn trace=off median=0.001110s spread=21.797% majors=9 elastic=0 rung_b=0
hs40 ssn trace=off median=0.000314s spread=42.808% majors=4 elastic=0 rung_b=0
hs43 ssn trace=off median=0.000884s spread=19.615% majors=7 elastic=0 rung_b=0
hs45 ssn trace=off median=0.000777s spread=38.792% majors=3 elastic=0 rung_b=0
hs76 ssn trace=off median=0.000273s spread=36.529% majors=2 elastic=0 rung_b=0
hs77 ssn trace=off median=0.001023s spread=25.684% majors=12 elastic=0 rung_b=0
hs79 ssn trace=off median=0.000334s spread=36.490% majors=4 elastic=0 rung_b=0

HS SUITE: 27 cell(s), engine ssn, trace off, repeat 2000, warmup 1
  corpus (sum of per-cell medians): 0.029798 s
  worst per-cell median SE: 0.295 %   <-- THE CALIBRATION READING (target <= 0.5, falls as 1/sqrt(N))
  worst per-cell max-min spread: 141.438 %  (raw cloud; NOT a calibration
                                            statistic -- it is monotone in N)
  cells with unstable counters across repeats: 0
  elastic activations: 12   fallback rung B: 0
wrote 27 row(s) to /home/ghecht/Projects/hven/.scratch/w5t89r/art/raw/leg2/ssn/off/passB-head-r2.csv
