hs1 ssn trace=off median=0.001655s spread=93.064% majors=29 elastic=0 rung_b=0
hs3 ssn trace=off median=0.000315s spread=95.027% majors=4 elastic=0 rung_b=0
hs5 ssn trace=off median=0.000295s spread=66.324% majors=4 elastic=0 rung_b=0
hs6 ssn trace=off median=0.001068s spread=14.575% majors=8 elastic=0 rung_b=0
hs7 ssn trace=off median=0.001115s spread=13.883% majors=9 elastic=0 rung_b=0
hs10 ssn trace=off median=0.006507s spread=71.034% majors=14 elastic=8 rung_b=0
hs11 ssn trace=off median=0.001891s spread=59.240% majors=7 elastic=2 rung_b=0
hs12 ssn trace=off median=0.000405s spread=16.185% majors=6 elastic=0 rung_b=0
hs14 ssn trace=off median=0.000353s spread=58.382% majors=5 elastic=0 rung_b=0
hs15 ssn trace=off median=0.001156s spread=32.514% majors=7 elastic=1 rung_b=0
hs22 ssn trace=off median=0.000497s spread=59.819% majors=2 elastic=0 rung_b=0
hs24 ssn trace=off median=0.000620s spread=71.701% majors=3 elastic=0 rung_b=0
hs25 ssn trace=off median=0.000027s spread=84.644% majors=0 elastic=0 rung_b=0
hs26 ssn trace=off median=0.001097s spread=38.909% majors=17 elastic=0 rung_b=0
hs27 ssn trace=off median=0.001503s spread=11.138% majors=4 elastic=1 rung_b=0
hs28 ssn trace=off median=0.000270s spread=31.702% majors=3 elastic=0 rung_b=0
hs30 ssn trace=off median=0.000684s spread=14.812% majors=11 elastic=0 rung_b=0
hs33 ssn trace=off median=0.000533s spread=62.272% majors=4 elastic=0 rung_b=0
hs35 ssn trace=off median=0.000132s spread=34.933% majors=1 elastic=0 rung_b=0
hs38 ssn trace=off median=0.005080s spread=14.741% majors=49 elastic=0 rung_b=0
hs39 ssn trace=off median=0.001124s spread=11.465% majors=9 elastic=0 rung_b=0
hs40 ssn trace=off median=0.000314s spread=75.645% majors=4 elastic=0 rung_b=0
hs43 ssn trace=off median=0.000892s spread=33.874% majors=7 elastic=0 rung_b=0
hs45 ssn trace=off median=0.000778s spread=369.754% majors=3 elastic=0 rung_b=0
hs76 ssn trace=off median=0.000275s spread=24.248% majors=2 elastic=0 rung_b=0
hs77 ssn trace=off median=0.001026s spread=9.656% majors=12 elastic=0 rung_b=0
hs79 ssn trace=off median=0.000333s spread=22.941% majors=4 elastic=0 rung_b=0

HS SUITE: 27 cell(s), engine ssn, trace off, repeat 2000, warmup 1
  corpus (sum of per-cell medians): 0.029943 s
  worst per-cell median SE: 0.263 %   <-- THE CALIBRATION READING (target <= 0.5, falls as 1/sqrt(N))
  worst per-cell max-min spread: 369.754 %  (raw cloud; NOT a calibration
                                            statistic -- it is monotone in N)
  cells with unstable counters across repeats: 0
  elastic activations: 12   fallback rung B: 0
wrote 27 row(s) to /home/ghecht/Projects/hven/.scratch/w5t89r/art2/raw/leg2/ssn/off/passB-head-r3.csv
