hs1 ssn trace=off median=0.001650s spread=36.253% majors=29 elastic=0 rung_b=0
hs3 ssn trace=off median=0.000317s spread=34.062% majors=4 elastic=0 rung_b=0
hs5 ssn trace=off median=0.000295s spread=41.718% majors=4 elastic=0 rung_b=0
hs6 ssn trace=off median=0.001065s spread=57.333% majors=8 elastic=0 rung_b=0
hs7 ssn trace=off median=0.001110s spread=20.631% majors=9 elastic=0 rung_b=0
hs10 ssn trace=off median=0.006512s spread=21.063% majors=14 elastic=8 rung_b=0
hs11 ssn trace=off median=0.001890s spread=14.413% majors=7 elastic=2 rung_b=0
hs12 ssn trace=off median=0.000405s spread=33.753% majors=6 elastic=0 rung_b=0
hs14 ssn trace=off median=0.000354s spread=35.895% majors=5 elastic=0 rung_b=0
hs15 ssn trace=off median=0.001157s spread=16.750% majors=7 elastic=1 rung_b=0
hs22 ssn trace=off median=0.000496s spread=36.742% majors=2 elastic=0 rung_b=0
hs24 ssn trace=off median=0.000621s spread=67.904% majors=3 elastic=0 rung_b=0
hs25 ssn trace=off median=0.000027s spread=62.743% majors=0 elastic=0 rung_b=0
hs26 ssn trace=off median=0.001099s spread=17.640% majors=17 elastic=0 rung_b=0
hs27 ssn trace=off median=0.001505s spread=21.506% majors=4 elastic=1 rung_b=0
hs28 ssn trace=off median=0.000271s spread=20.006% majors=3 elastic=0 rung_b=0
hs30 ssn trace=off median=0.000687s spread=10.605% majors=11 elastic=0 rung_b=0
hs33 ssn trace=off median=0.000531s spread=22.215% majors=4 elastic=0 rung_b=0
hs35 ssn trace=off median=0.000131s spread=33.181% majors=1 elastic=0 rung_b=0
hs38 ssn trace=off median=0.005073s spread=78.769% majors=49 elastic=0 rung_b=0
hs39 ssn trace=off median=0.001117s spread=26.005% majors=9 elastic=0 rung_b=0
hs40 ssn trace=off median=0.000315s spread=41.536% majors=4 elastic=0 rung_b=0
hs43 ssn trace=off median=0.000891s spread=14.672% majors=7 elastic=0 rung_b=0
hs45 ssn trace=off median=0.000778s spread=37.635% majors=3 elastic=0 rung_b=0
hs76 ssn trace=off median=0.000274s spread=40.334% majors=2 elastic=0 rung_b=0
hs77 ssn trace=off median=0.001026s spread=20.082% majors=12 elastic=0 rung_b=0
hs79 ssn trace=off median=0.000336s spread=41.180% majors=4 elastic=0 rung_b=0

HS SUITE: 27 cell(s), engine ssn, trace off, repeat 2000, warmup 1
  corpus (sum of per-cell medians): 0.029933 s
  worst per-cell median SE: 0.226 %   <-- THE CALIBRATION READING (target <= 0.5, falls as 1/sqrt(N))
  worst per-cell max-min spread: 78.769 %  (raw cloud; NOT a calibration
                                            statistic -- it is monotone in N)
  cells with unstable counters across repeats: 0
  elastic activations: 12   fallback rung B: 0
wrote 27 row(s) to /home/ghecht/Projects/hven/.scratch/w5t89r/art/raw/leg2/ssn/off/passB-head-r1.csv
