hs1 ipm trace=sink median=0.002352s spread=62.621% majors=29 elastic=0 rung_b=0
hs3 ipm trace=sink median=0.000602s spread=29.085% majors=4 elastic=0 rung_b=0
hs5 ipm trace=sink median=0.000374s spread=24.135% majors=4 elastic=0 rung_b=0
hs6 ipm trace=sink median=0.000940s spread=17.978% majors=8 elastic=0 rung_b=0
hs7 ipm trace=sink median=0.001095s spread=30.362% majors=9 elastic=0 rung_b=0
hs10 ipm trace=sink median=0.004657s spread=10.654% majors=14 elastic=8 rung_b=0
hs11 ipm trace=sink median=0.001228s spread=33.588% majors=7 elastic=2 rung_b=0
hs12 ipm trace=sink median=0.000764s spread=31.342% majors=6 elastic=0 rung_b=0
hs14 ipm trace=sink median=0.000578s spread=27.514% majors=5 elastic=0 rung_b=0
hs15 ipm trace=sink median=0.003126s spread=10.559% majors=9 elastic=2 rung_b=0
hs22 ipm trace=sink median=0.000744s spread=25.411% majors=2 elastic=0 rung_b=0
hs24 ipm trace=sink median=0.000590s spread=25.927% majors=3 elastic=0 rung_b=0
hs25 ipm trace=sink median=0.000027s spread=44.654% majors=0 elastic=0 rung_b=0
hs26 ipm trace=sink median=0.001718s spread=20.828% majors=17 elastic=0 rung_b=0
hs27 ipm trace=sink median=0.001909s spread=15.560% majors=4 elastic=1 rung_b=0
hs28 ipm trace=sink median=0.000465s spread=72.453% majors=3 elastic=0 rung_b=0
hs30 ipm trace=sink median=0.001263s spread=22.851% majors=11 elastic=0 rung_b=0
hs33 ipm trace=sink median=0.001908s spread=13.083% majors=7 elastic=0 rung_b=0
hs35 ipm trace=sink median=0.000156s spread=37.156% majors=1 elastic=0 rung_b=0
hs38 ipm trace=sink median=0.006297s spread=41.991% majors=49 elastic=0 rung_b=0
hs39 ipm trace=sink median=0.001216s spread=20.459% majors=9 elastic=0 rung_b=0
hs40 ipm trace=sink median=0.000493s spread=35.613% majors=4 elastic=0 rung_b=0
hs43 ipm trace=sink median=0.001365s spread=17.809% majors=7 elastic=0 rung_b=0
hs45 ipm trace=sink median=0.001128s spread=30.747% majors=3 elastic=0 rung_b=0
hs76 ipm trace=sink median=0.000536s spread=76.715% majors=2 elastic=0 rung_b=0
hs77 ipm trace=sink median=0.001478s spread=24.356% majors=12 elastic=0 rung_b=0
hs79 ipm trace=sink median=0.000514s spread=43.100% majors=4 elastic=0 rung_b=0

HS SUITE: 27 cell(s), engine ipm, trace sink, repeat 1000, warmup 1
  corpus (sum of per-cell medians): 0.037522 s
  worst per-cell median SE: 0.237 %   <-- THE CALIBRATION READING (target <= 0.5, falls as 1/sqrt(N))
  worst per-cell max-min spread: 76.715 %  (raw cloud; NOT a calibration
                                            statistic -- it is monotone in N)
  cells with unstable counters across repeats: 0
  elastic activations: 13   fallback rung B: 0
  qp.mode events by site: dispatch=236 soc_resolve=2 elastic_rung=78 fallback_rung_b=3
wrote 27 row(s) to /home/ghecht/Projects/hven/.scratch/w5t89r/art/raw/leg2/ipm/sink/base-r3.csv
