hs1 ipm trace=sink median=0.002356s spread=31.298% majors=29 elastic=0 rung_b=0
hs3 ipm trace=sink median=0.000603s spread=29.892% majors=4 elastic=0 rung_b=0
hs5 ipm trace=sink median=0.000366s spread=27.237% majors=4 elastic=0 rung_b=0
hs6 ipm trace=sink median=0.000924s spread=30.640% majors=8 elastic=0 rung_b=0
hs7 ipm trace=sink median=0.001076s spread=25.465% majors=9 elastic=0 rung_b=0
hs10 ipm trace=sink median=0.004594s spread=11.008% majors=14 elastic=8 rung_b=0
hs11 ipm trace=sink median=0.001215s spread=32.794% majors=7 elastic=2 rung_b=0
hs12 ipm trace=sink median=0.000869s spread=33.496% majors=6 elastic=0 rung_b=0
hs14 ipm trace=sink median=0.000572s spread=36.461% majors=5 elastic=0 rung_b=0
hs15 ipm trace=sink median=0.003326s spread=15.767% majors=9 elastic=2 rung_b=0
hs22 ipm trace=sink median=0.000722s spread=23.048% majors=2 elastic=0 rung_b=0
hs24 ipm trace=sink median=0.000578s spread=30.844% majors=3 elastic=0 rung_b=0
hs25 ipm trace=sink median=0.000027s spread=56.394% majors=0 elastic=0 rung_b=0
hs26 ipm trace=sink median=0.001700s spread=64.677% majors=17 elastic=0 rung_b=0
hs27 ipm trace=sink median=0.001874s spread=16.605% majors=4 elastic=1 rung_b=0
hs28 ipm trace=sink median=0.000458s spread=25.757% majors=3 elastic=0 rung_b=0
hs30 ipm trace=sink median=0.001237s spread=23.966% majors=11 elastic=0 rung_b=0
hs33 ipm trace=sink median=0.001893s spread=19.460% majors=7 elastic=0 rung_b=0
hs35 ipm trace=sink median=0.000153s spread=55.099% majors=1 elastic=0 rung_b=0
hs38 ipm trace=sink median=0.006156s spread=65.252% majors=49 elastic=0 rung_b=0
hs39 ipm trace=sink median=0.001191s spread=17.658% majors=9 elastic=0 rung_b=0
hs40 ipm trace=sink median=0.000483s spread=33.543% majors=4 elastic=0 rung_b=0
hs43 ipm trace=sink median=0.001350s spread=19.788% majors=7 elastic=0 rung_b=0
hs45 ipm trace=sink median=0.001124s spread=12.679% majors=3 elastic=0 rung_b=0
hs76 ipm trace=sink median=0.000529s spread=35.075% majors=2 elastic=0 rung_b=0
hs77 ipm trace=sink median=0.001471s spread=20.494% majors=12 elastic=0 rung_b=0
hs79 ipm trace=sink median=0.000504s spread=68.524% majors=4 elastic=0 rung_b=0

HS SUITE: 27 cell(s), engine ipm, trace sink, repeat 1000, warmup 1
  corpus (sum of per-cell medians): 0.037350 s
  worst per-cell median SE: 0.272 %   <-- THE CALIBRATION READING (target <= 0.5, falls as 1/sqrt(N))
  worst per-cell max-min spread: 68.524 %  (raw cloud; NOT a calibration
                                            statistic -- it is monotone in N)
  cells with unstable counters across repeats: 0
  elastic activations: 13   fallback rung B: 0
  qp.mode events by site: dispatch=236 soc_resolve=2 elastic_rung=78 fallback_rung_b=3
wrote 27 row(s) to /home/ghecht/Projects/hven/.scratch/w5t89r/art/raw/leg2/ipm/sink/head-r2.csv
