hs1 ipm trace=sink median=0.002296s spread=33.493% majors=29 elastic=0 rung_b=0
hs3 ipm trace=sink median=0.000589s spread=57.731% majors=4 elastic=0 rung_b=0
hs5 ipm trace=sink median=0.000365s spread=42.200% majors=4 elastic=0 rung_b=0
hs6 ipm trace=sink median=0.000926s spread=40.978% majors=8 elastic=0 rung_b=0
hs7 ipm trace=sink median=0.001079s spread=34.630% majors=9 elastic=0 rung_b=0
hs10 ipm trace=sink median=0.004557s spread=10.491% majors=14 elastic=8 rung_b=0
hs11 ipm trace=sink median=0.001192s spread=22.258% majors=7 elastic=2 rung_b=0
hs12 ipm trace=sink median=0.000859s spread=42.215% majors=6 elastic=0 rung_b=0
hs14 ipm trace=sink median=0.000560s spread=59.567% majors=5 elastic=0 rung_b=0
hs15 ipm trace=sink median=0.003268s spread=16.507% majors=9 elastic=2 rung_b=0
hs22 ipm trace=sink median=0.000706s spread=26.781% majors=2 elastic=0 rung_b=0
hs24 ipm trace=sink median=0.000576s spread=39.576% majors=3 elastic=0 rung_b=0
hs25 ipm trace=sink median=0.000027s spread=79.713% majors=0 elastic=0 rung_b=0
hs26 ipm trace=sink median=0.001691s spread=16.023% majors=17 elastic=0 rung_b=0
hs27 ipm trace=sink median=0.001866s spread=11.995% majors=4 elastic=1 rung_b=0
hs28 ipm trace=sink median=0.000457s spread=30.097% majors=3 elastic=0 rung_b=0
hs30 ipm trace=sink median=0.001230s spread=27.347% majors=11 elastic=0 rung_b=0
hs33 ipm trace=sink median=0.001891s spread=19.983% majors=7 elastic=0 rung_b=0
hs35 ipm trace=sink median=0.000153s spread=45.650% majors=1 elastic=0 rung_b=0
hs38 ipm trace=sink median=0.006109s spread=12.574% majors=49 elastic=0 rung_b=0
hs39 ipm trace=sink median=0.001187s spread=11.301% majors=9 elastic=0 rung_b=0
hs40 ipm trace=sink median=0.000487s spread=20.238% majors=4 elastic=0 rung_b=0
hs43 ipm trace=sink median=0.001345s spread=10.101% majors=7 elastic=0 rung_b=0
hs45 ipm trace=sink median=0.001116s spread=9.603% majors=3 elastic=0 rung_b=0
hs76 ipm trace=sink median=0.000522s spread=15.964% majors=2 elastic=0 rung_b=0
hs77 ipm trace=sink median=0.001449s spread=23.670% majors=12 elastic=0 rung_b=0
hs79 ipm trace=sink median=0.000505s spread=13.553% majors=4 elastic=0 rung_b=0

HS SUITE: 27 cell(s), engine ipm, trace sink, repeat 1000, warmup 1
  corpus (sum of per-cell medians): 0.037006 s
  worst per-cell median SE: 0.233 %   <-- THE CALIBRATION READING (target <= 0.5, falls as 1/sqrt(N))
  worst per-cell max-min spread: 79.713 %  (raw cloud; NOT a calibration
                                            statistic -- it is monotone in N)
  cells with unstable counters across repeats: 0
  elastic activations: 13   fallback rung B: 0
  qp.mode events by site: dispatch=236 soc_resolve=2 elastic_rung=78 fallback_rung_b=3
wrote 27 row(s) to /home/ghecht/Projects/hven/.scratch/w5t89r/art/raw/leg2/ipm/sink/passB-head-r1.csv
