running f7_n1000_bound_physics (N=1000, treatment MakeParameter)...
  -> optimal in 5 iterations (kkt_inf 2.381e-10)
running f7_n1000_bound_physics (N=1000, treatment MakeConstraint)...
  -> optimal in 5 iterations (kkt_inf 2.381e-10)
running f7_n1000_bound_physics (N=1000, treatment RelaxBounds)...
  -> optimal in 5 iterations (kkt_inf 2.381e-10)
running f7_n5000_bound_physics (N=5000, treatment MakeParameter)...
  -> optimal in 5 iterations (kkt_inf 2.466e-10)
running f7_n5000_bound_physics (N=5000, treatment MakeConstraint)...
  -> optimal in 5 iterations (kkt_inf 2.466e-10)
running f7_n5000_bound_physics (N=5000, treatment RelaxBounds)...
  -> optimal in 5 iterations (kkt_inf 2.466e-10)
running f7_n10000_bound_neutral (N=10000, treatment MakeParameter)...
  -> optimal in 9 iterations (kkt_inf 4.384e-10)
running f7_n10000_bound_neutral (N=10000, treatment MakeConstraint)...
  -> optimal in 9 iterations (kkt_inf 4.384e-10)
running f7_n10000_bound_neutral (N=10000, treatment RelaxBounds)...
  -> optimal in 9 iterations (kkt_inf 4.384e-10)
running f7_n20000_bound_neutral (N=20000, treatment MakeParameter)...
  -> optimal in 9 iterations (kkt_inf 5.552e-10)
running f7_n20000_bound_neutral (N=20000, treatment MakeConstraint)...
  -> optimal in 9 iterations (kkt_inf 5.552e-10)
running f7_n20000_bound_neutral (N=20000, treatment RelaxBounds)...
  -> optimal in 9 iterations (kkt_inf 5.552e-10)
running hs071_x1_fixed (treatment MakeParameter)...
  -> optimal in 9 iterations (kkt_inf 1.464e-09)
running hs071_x1_fixed (treatment MakeConstraint)...
  -> optimal in 9 iterations (kkt_inf 2.096e-09)
running hs071_x1_fixed (treatment RelaxBounds)...
  -> optimal in 11 iterations (kkt_inf 3.969e-15)
running f7_n1000_bound_neutral (treatment MakeParameter, variant cap1)...
  -> max_iter in 1 iterations, stop reason iteration_cap
running hs071_x1_fixed (treatment MakeParameter, variant cap1)...
  -> max_iter in 1 iterations, stop reason iteration_cap
running infeas2_spike (treatment MakeParameter, variant stalled)...
  -> stalled in 141 iterations, stop reason stage_stalled
running infeas2_stationary (treatment MakeParameter, variant resto_infeasible)...
  -> stalled in 25 iterations, stop reason restoration_locally_infeasible
running f7_n1000_bound_neutral (treatment MakeParameter, variant solve_optimize)...
  -> optimal in 12 iterations, stop reason none
running hs071_x1_fixed (treatment MakeParameter, variant solve_optimize)...
  -> optimal in 19 iterations, stop reason none
wrote 21 row(s) to /home/ghecht/Projects/hven/.scratch/w5t89ra2/art/csv/B-a05-r2.csv (0 cell(s) refused)
