2026-09-14T17:17:13Z === walk census: parallel-tiered v1 (T1 6-wide pinned / T2 solo / T3 5-wide full-budget) ===
2026-09-14T17:17:13Z binary   : /home/ghecht/Projects/hven/.scratch/m6-close/build-release/bench/hven_sqp_corpus
2026-09-14T17:17:13Z baseline : /home/ghecht/Projects/hven/bench/baselines/2026-08-16-u0-corpus/walk_baseline.csv
2026-09-14T17:17:13Z topology : 8 physical cores; representatives (one sibling each): 0,1,2,3,4,5,6,7
tier assignment (from frozen baseline /home/ghecht/Projects/hven/bench/baselines/2026-08-16-u0-corpus/walk_baseline.csv)
  T2 wall-sensitive SOLO : non-dnf cells with wall_s >= 1800s, plus f7_n10000_path_physics
  T3 deep-DNF 5-wide      : baseline status dnf_*, full budget each
  T1 remainder 6-wide     : everything else
  counts: T1=44  T2=3  T3=10  (total 57)
  tier cell                             base_status    base_wall_s
  T1   f7_n2000_path_corrupted          NumericalError 986.156
  T1   f7_n2000_path_neutral            NumericalError 903.486
  T1   f7_n5000_path_activity           Optimal        340.463
  T1   f7_n800_path_neutral             Optimal        320.806
  T1   f7_n5000_path_physics            Optimal        258.153
  T1   f7_n1000_path_neutral            Optimal        152.616
  T1   f7_n825_path_neutral_control     Optimal        127.107
  T1   f7_n750_path_neutral_control     Optimal        89.857
  T1   f7_n1000_path_corrupted          Optimal        62.391
  T1   f7_n2000_path_warm               Optimal        45.804
  T1   f7_n2000_path_physics            Optimal        37.157
  T1   f7_n2000_path_activity           Optimal        35.911
  T1   f7_n800_path_corrupted           Optimal        19.811
  T1   f7_n1000_path_physics            Optimal        8.327
  T1   f7_n1000_path_activity           Optimal        6.721
  T1   f7_n800_path_physics             Optimal        4.882
  T1   f7_n800_path_activity            Optimal        3.603
  T1   f7_n20000_bound_neutral          Optimal        0.625
  T1   f7_n20000_bound_activity         Optimal        0.623
  T1   f7_n20000_bound_physics          Optimal        0.621
  T1   f7_n20000_bound_corrupted        Optimal        0.602
  T1   f7_n20000_bound_warm             Optimal        0.600
  T1   f7_n10000_bound_activity         Optimal        0.302
  T1   f7_n10000_bound_neutral          Optimal        0.301
  T1   f7_n10000_bound_physics          Optimal        0.300
  T1   f7_n10000_bound_warm             Optimal        0.293
  T1   f7_n10000_bound_corrupted        Optimal        0.291
  T1   f7_n5000_bound_activity          Optimal        0.147
  T1   f7_n5000_bound_neutral           Optimal        0.147
  T1   f7_n5000_bound_physics           Optimal        0.146
  T1   f7_n5000_bound_corrupted         Optimal        0.141
  T1   f7_n5000_bound_warm              Optimal        0.141
  T1   f7_n1000_path_warm               Optimal        0.106
  T1   f7_n2000_bound_physics           Optimal        0.060
  T1   f7_n2000_bound_activity          Optimal        0.059
  T1   f7_n2000_bound_neutral           Optimal        0.059
  T1   f7_n2000_bound_corrupted         Optimal        0.055
  T1   f7_n2000_bound_warm              Optimal        0.055
  T1   f7_n800_path_warm                Optimal        0.054
  T1   f7_n1000_bound_activity          Optimal        0.030
  T1   f7_n1000_bound_neutral           Optimal        0.030
  T1   f7_n1000_bound_physics           Optimal        0.030
  T1   f7_n1000_bound_corrupted         Optimal        0.027
  T1   f7_n1000_bound_warm              Optimal        0.027
  T2   f7_n10000_path_physics           Optimal        2801.554
  T2   f7_n5000_path_neutral            NumericalError 2363.871
  T2   f7_n5000_path_warm               NumericalError 2188.322
  T3   f7_n10000_path_activity          dnf_budget     3600.000
  T3   f7_n10000_path_corrupted         dnf_setup      3600.000
  T3   f7_n10000_path_neutral           dnf_budget     3600.000
  T3   f7_n10000_path_warm              dnf_setup      3600.000
  T3   f7_n20000_path_activity          dnf_budget     3600.000
  T3   f7_n20000_path_corrupted         dnf_setup      3600.000
  T3   f7_n20000_path_neutral           dnf_budget     3600.000
  T3   f7_n20000_path_physics           dnf_budget     3600.000
  T3   f7_n20000_path_warm              dnf_setup      3600.000
  T3   f7_n5000_path_corrupted          dnf_budget     3600.000
2026-09-14T17:17:13Z --- tier 1: 44 cells, 6 worker(s), started 17:17:13Z ---
2026-09-14T17:17:13Z [strt] T1 slot0 cpu0 f7_n2000_path_corrupted
2026-09-14T17:17:13Z [strt] T1 slot1 cpu1 f7_n2000_path_neutral
2026-09-14T17:17:13Z [strt] T1 slot2 cpu2 f7_n5000_path_activity
2026-09-14T17:17:13Z [strt] T1 slot3 cpu3 f7_n800_path_neutral
2026-09-14T17:17:13Z [strt] T1 slot4 cpu4 f7_n5000_path_physics
2026-09-14T17:17:13Z [strt] T1 slot5 cpu5 f7_n1000_path_neutral
2026-09-14T17:19:39Z [ ok ] T1 slot5 cpu5 f7_n1000_path_neutral rc=0 wall=146s status=Optimal
2026-09-14T17:19:39Z [strt] T1 slot5 cpu5 f7_n825_path_neutral_control
2026-09-14T17:21:34Z [ ok ] T1 slot4 cpu4 f7_n5000_path_physics rc=0 wall=261s status=Optimal
2026-09-14T17:21:34Z [skip] T1 slot4 cpu4 f7_n1000_path_neutral (row exists)
2026-09-14T17:21:34Z [strt] T1 slot4 cpu4 f7_n750_path_neutral_control
2026-09-14T17:21:41Z [ ok ] T1 slot5 cpu5 f7_n825_path_neutral_control rc=0 wall=122s status=Optimal
2026-09-14T17:21:41Z [strt] T1 slot5 cpu5 f7_n1000_path_corrupted
2026-09-14T17:22:26Z [ ok ] T1 slot3 cpu3 f7_n800_path_neutral rc=0 wall=313s status=Optimal
2026-09-14T17:22:26Z [skip] T1 slot3 cpu3 f7_n5000_path_physics (row exists)
2026-09-14T17:22:26Z [skip] T1 slot3 cpu3 f7_n1000_path_neutral (row exists)
2026-09-14T17:22:26Z [skip] T1 slot3 cpu3 f7_n825_path_neutral_control (row exists)
2026-09-14T17:22:26Z [strt] T1 slot3 cpu3 f7_n2000_path_warm
2026-09-14T17:22:58Z [ ok ] T1 slot2 cpu2 f7_n5000_path_activity rc=0 wall=345s status=Optimal
2026-09-14T17:22:58Z [skip] T1 slot2 cpu2 f7_n800_path_neutral (row exists)
2026-09-14T17:22:58Z [skip] T1 slot2 cpu2 f7_n5000_path_physics (row exists)
2026-09-14T17:22:58Z [skip] T1 slot2 cpu2 f7_n1000_path_neutral (row exists)
2026-09-14T17:22:58Z [skip] T1 slot2 cpu2 f7_n825_path_neutral_control (row exists)
2026-09-14T17:22:58Z [strt] T1 slot2 cpu2 f7_n2000_path_physics
2026-09-14T17:23:01Z [ ok ] T1 slot4 cpu4 f7_n750_path_neutral_control rc=0 wall=87s status=Optimal
2026-09-14T17:23:01Z [strt] T1 slot4 cpu4 f7_n2000_path_activity
2026-09-14T17:23:35Z [ ok ] T1 slot2 cpu2 f7_n2000_path_physics rc=0 wall=37s status=Optimal
2026-09-14T17:23:35Z [strt] T1 slot2 cpu2 f7_n800_path_corrupted
2026-09-14T17:23:36Z [ ok ] T1 slot4 cpu4 f7_n2000_path_activity rc=0 wall=35s status=Optimal
2026-09-14T17:23:36Z [strt] T1 slot4 cpu4 f7_n1000_path_physics
2026-09-14T17:23:45Z [ ok ] T1 slot4 cpu4 f7_n1000_path_physics rc=0 wall=9s status=Optimal
2026-09-14T17:23:45Z [strt] T1 slot4 cpu4 f7_n1000_path_activity
2026-09-14T17:23:51Z [ ok ] T1 slot4 cpu4 f7_n1000_path_activity rc=0 wall=6s status=Optimal
2026-09-14T17:23:51Z [strt] T1 slot4 cpu4 f7_n800_path_physics
2026-09-14T17:23:56Z [ ok ] T1 slot4 cpu4 f7_n800_path_physics rc=0 wall=5s status=Optimal
2026-09-14T17:23:56Z [strt] T1 slot4 cpu4 f7_n800_path_activity
2026-09-14T17:24:00Z [ ok ] T1 slot4 cpu4 f7_n800_path_activity rc=0 wall=4s status=Optimal
2026-09-14T17:24:00Z [strt] T1 slot4 cpu4 f7_n20000_bound_neutral
2026-09-14T17:24:01Z [ ok ] T1 slot4 cpu4 f7_n20000_bound_neutral rc=0 wall=1s status=Optimal
2026-09-14T17:24:01Z [strt] T1 slot4 cpu4 f7_n20000_bound_activity
2026-09-14T17:24:01Z [ ok ] T1 slot4 cpu4 f7_n20000_bound_activity rc=0 wall=0s status=Optimal
2026-09-14T17:24:01Z [strt] T1 slot4 cpu4 f7_n20000_bound_physics
2026-09-14T17:24:02Z [ ok ] T1 slot4 cpu4 f7_n20000_bound_physics rc=0 wall=1s status=Optimal
2026-09-14T17:24:02Z [strt] T1 slot4 cpu4 f7_n20000_bound_corrupted
2026-09-14T17:24:04Z [ ok ] T1 slot4 cpu4 f7_n20000_bound_corrupted rc=0 wall=2s status=Optimal
2026-09-14T17:24:04Z [strt] T1 slot4 cpu4 f7_n20000_bound_warm
2026-09-14T17:24:05Z [ ok ] T1 slot4 cpu4 f7_n20000_bound_warm rc=0 wall=1s status=Optimal
2026-09-14T17:24:05Z [strt] T1 slot4 cpu4 f7_n10000_bound_activity
2026-09-14T17:24:05Z [ ok ] T1 slot4 cpu4 f7_n10000_bound_activity rc=0 wall=0s status=Optimal
2026-09-14T17:24:05Z [strt] T1 slot4 cpu4 f7_n10000_bound_neutral
2026-09-14T17:24:06Z [ ok ] T1 slot4 cpu4 f7_n10000_bound_neutral rc=0 wall=1s status=Optimal
2026-09-14T17:24:06Z [strt] T1 slot4 cpu4 f7_n10000_bound_physics
2026-09-14T17:24:06Z [ ok ] T1 slot4 cpu4 f7_n10000_bound_physics rc=0 wall=0s status=Optimal
2026-09-14T17:24:06Z [strt] T1 slot4 cpu4 f7_n10000_bound_warm
2026-09-14T17:24:07Z [ ok ] T1 slot4 cpu4 f7_n10000_bound_warm rc=0 wall=1s status=Optimal
2026-09-14T17:24:07Z [strt] T1 slot4 cpu4 f7_n10000_bound_corrupted
2026-09-14T17:24:07Z [ ok ] T1 slot4 cpu4 f7_n10000_bound_corrupted rc=0 wall=0s status=Optimal
2026-09-14T17:24:07Z [strt] T1 slot4 cpu4 f7_n5000_bound_activity
2026-09-14T17:24:07Z [ ok ] T1 slot4 cpu4 f7_n5000_bound_activity rc=0 wall=0s status=Optimal
2026-09-14T17:24:07Z [strt] T1 slot4 cpu4 f7_n5000_bound_neutral
2026-09-14T17:24:08Z [ ok ] T1 slot4 cpu4 f7_n5000_bound_neutral rc=0 wall=1s status=Optimal
2026-09-14T17:24:08Z [strt] T1 slot4 cpu4 f7_n5000_bound_physics
2026-09-14T17:24:08Z [ ok ] T1 slot4 cpu4 f7_n5000_bound_physics rc=0 wall=0s status=Optimal
2026-09-14T17:24:08Z [strt] T1 slot4 cpu4 f7_n5000_bound_corrupted
2026-09-14T17:24:08Z [ ok ] T1 slot4 cpu4 f7_n5000_bound_corrupted rc=0 wall=0s status=Optimal
2026-09-14T17:24:08Z [strt] T1 slot4 cpu4 f7_n5000_bound_warm
2026-09-14T17:24:09Z [ ok ] T1 slot4 cpu4 f7_n5000_bound_warm rc=0 wall=0s status=Optimal
2026-09-14T17:24:09Z [strt] T1 slot4 cpu4 f7_n1000_path_warm
2026-09-14T17:24:46Z [ ok ] T1 slot5 cpu5 f7_n1000_path_corrupted rc=0 wall=185s status=Optimal
2026-09-14T17:24:46Z [skip] T1 slot5 cpu5 f7_n2000_path_physics (row exists)
2026-09-14T17:24:46Z [skip] T1 slot5 cpu5 f7_n2000_path_activity (row exists)
2026-09-14T17:24:46Z [skip] T1 slot5 cpu5 f7_n1000_path_physics (row exists)
2026-09-14T17:24:46Z [skip] T1 slot5 cpu5 f7_n1000_path_activity (row exists)
2026-09-14T17:24:46Z [skip] T1 slot5 cpu5 f7_n800_path_physics (row exists)
2026-09-14T17:24:46Z [skip] T1 slot5 cpu5 f7_n800_path_activity (row exists)
2026-09-14T17:24:46Z [skip] T1 slot5 cpu5 f7_n20000_bound_neutral (row exists)
2026-09-14T17:24:46Z [skip] T1 slot5 cpu5 f7_n20000_bound_activity (row exists)
2026-09-14T17:24:46Z [skip] T1 slot5 cpu5 f7_n20000_bound_physics (row exists)
2026-09-14T17:24:46Z [skip] T1 slot5 cpu5 f7_n20000_bound_corrupted (row exists)
2026-09-14T17:24:46Z [skip] T1 slot5 cpu5 f7_n20000_bound_warm (row exists)
2026-09-14T17:24:46Z [skip] T1 slot5 cpu5 f7_n10000_bound_activity (row exists)
2026-09-14T17:24:46Z [skip] T1 slot5 cpu5 f7_n10000_bound_neutral (row exists)
2026-09-14T17:24:46Z [skip] T1 slot5 cpu5 f7_n10000_bound_physics (row exists)
2026-09-14T17:24:46Z [skip] T1 slot5 cpu5 f7_n10000_bound_warm (row exists)
2026-09-14T17:24:46Z [skip] T1 slot5 cpu5 f7_n10000_bound_corrupted (row exists)
2026-09-14T17:24:46Z [skip] T1 slot5 cpu5 f7_n5000_bound_activity (row exists)
2026-09-14T17:24:46Z [skip] T1 slot5 cpu5 f7_n5000_bound_neutral (row exists)
2026-09-14T17:24:46Z [skip] T1 slot5 cpu5 f7_n5000_bound_physics (row exists)
2026-09-14T17:24:46Z [skip] T1 slot5 cpu5 f7_n5000_bound_corrupted (row exists)
2026-09-14T17:24:46Z [skip] T1 slot5 cpu5 f7_n5000_bound_warm (row exists)
2026-09-14T17:24:46Z [strt] T1 slot5 cpu5 f7_n2000_bound_physics
2026-09-14T17:24:46Z [ ok ] T1 slot5 cpu5 f7_n2000_bound_physics rc=0 wall=0s status=Optimal
2026-09-14T17:24:46Z [strt] T1 slot5 cpu5 f7_n2000_bound_activity
2026-09-14T17:24:46Z [ ok ] T1 slot5 cpu5 f7_n2000_bound_activity rc=0 wall=0s status=Optimal
2026-09-14T17:24:46Z [strt] T1 slot5 cpu5 f7_n2000_bound_neutral
2026-09-14T17:24:46Z [ ok ] T1 slot5 cpu5 f7_n2000_bound_neutral rc=0 wall=0s status=Optimal
2026-09-14T17:24:46Z [strt] T1 slot5 cpu5 f7_n2000_bound_corrupted
2026-09-14T17:24:46Z [ ok ] T1 slot5 cpu5 f7_n2000_bound_corrupted rc=0 wall=0s status=Optimal
2026-09-14T17:24:46Z [strt] T1 slot5 cpu5 f7_n2000_bound_warm
2026-09-14T17:24:46Z [ ok ] T1 slot5 cpu5 f7_n2000_bound_warm rc=0 wall=0s status=Optimal
2026-09-14T17:24:46Z [strt] T1 slot5 cpu5 f7_n800_path_warm
2026-09-14T17:25:12Z [ ok ] T1 slot2 cpu2 f7_n800_path_corrupted rc=0 wall=97s status=Optimal
2026-09-14T17:25:12Z [skip] T1 slot2 cpu2 f7_n1000_path_physics (row exists)
2026-09-14T17:25:12Z [skip] T1 slot2 cpu2 f7_n1000_path_activity (row exists)
2026-09-14T17:25:12Z [skip] T1 slot2 cpu2 f7_n800_path_physics (row exists)
2026-09-14T17:25:12Z [skip] T1 slot2 cpu2 f7_n800_path_activity (row exists)
2026-09-14T17:25:12Z [skip] T1 slot2 cpu2 f7_n20000_bound_neutral (row exists)
2026-09-14T17:25:12Z [skip] T1 slot2 cpu2 f7_n20000_bound_activity (row exists)
2026-09-14T17:25:12Z [skip] T1 slot2 cpu2 f7_n20000_bound_physics (row exists)
2026-09-14T17:25:12Z [skip] T1 slot2 cpu2 f7_n20000_bound_corrupted (row exists)
2026-09-14T17:25:12Z [skip] T1 slot2 cpu2 f7_n20000_bound_warm (row exists)
2026-09-14T17:25:12Z [skip] T1 slot2 cpu2 f7_n10000_bound_activity (row exists)
2026-09-14T17:25:12Z [skip] T1 slot2 cpu2 f7_n10000_bound_neutral (row exists)
2026-09-14T17:25:12Z [skip] T1 slot2 cpu2 f7_n10000_bound_physics (row exists)
2026-09-14T17:25:12Z [skip] T1 slot2 cpu2 f7_n10000_bound_warm (row exists)
2026-09-14T17:25:12Z [skip] T1 slot2 cpu2 f7_n10000_bound_corrupted (row exists)
2026-09-14T17:25:12Z [skip] T1 slot2 cpu2 f7_n5000_bound_activity (row exists)
2026-09-14T17:25:12Z [skip] T1 slot2 cpu2 f7_n5000_bound_neutral (row exists)
2026-09-14T17:25:12Z [skip] T1 slot2 cpu2 f7_n5000_bound_physics (row exists)
2026-09-14T17:25:12Z [skip] T1 slot2 cpu2 f7_n5000_bound_corrupted (row exists)
2026-09-14T17:25:12Z [skip] T1 slot2 cpu2 f7_n5000_bound_warm (row exists)
2026-09-14T17:25:12Z [skip] T1 slot2 cpu2 f7_n2000_bound_physics (row exists)
2026-09-14T17:25:12Z [skip] T1 slot2 cpu2 f7_n2000_bound_activity (row exists)
2026-09-14T17:25:12Z [skip] T1 slot2 cpu2 f7_n2000_bound_neutral (row exists)
2026-09-14T17:25:12Z [skip] T1 slot2 cpu2 f7_n2000_bound_corrupted (row exists)
2026-09-14T17:25:12Z [skip] T1 slot2 cpu2 f7_n2000_bound_warm (row exists)
2026-09-14T17:25:12Z [strt] T1 slot2 cpu2 f7_n1000_bound_activity
2026-09-14T17:25:12Z [ ok ] T1 slot2 cpu2 f7_n1000_bound_activity rc=0 wall=0s status=Optimal
2026-09-14T17:25:12Z [strt] T1 slot2 cpu2 f7_n1000_bound_neutral
2026-09-14T17:25:12Z [ ok ] T1 slot2 cpu2 f7_n1000_bound_neutral rc=0 wall=0s status=Optimal
2026-09-14T17:25:12Z [strt] T1 slot2 cpu2 f7_n1000_bound_physics
2026-09-14T17:25:12Z [ ok ] T1 slot2 cpu2 f7_n1000_bound_physics rc=0 wall=0s status=Optimal
2026-09-14T17:25:12Z [strt] T1 slot2 cpu2 f7_n1000_bound_corrupted
2026-09-14T17:25:12Z [ ok ] T1 slot2 cpu2 f7_n1000_bound_corrupted rc=0 wall=0s status=Optimal
2026-09-14T17:25:12Z [strt] T1 slot2 cpu2 f7_n1000_bound_warm
2026-09-14T17:25:12Z [ ok ] T1 slot2 cpu2 f7_n1000_bound_warm rc=0 wall=0s status=Optimal
2026-09-14T17:25:12Z [exit] T1 slot2 cpu2 drained
2026-09-14T17:26:02Z [ ok ] T1 slot5 cpu5 f7_n800_path_warm rc=0 wall=76s status=Optimal
2026-09-14T17:26:02Z [skip] T1 slot5 cpu5 f7_n1000_bound_activity (row exists)
2026-09-14T17:26:02Z [skip] T1 slot5 cpu5 f7_n1000_bound_neutral (row exists)
2026-09-14T17:26:02Z [skip] T1 slot5 cpu5 f7_n1000_bound_physics (row exists)
2026-09-14T17:26:02Z [skip] T1 slot5 cpu5 f7_n1000_bound_corrupted (row exists)
2026-09-14T17:26:02Z [skip] T1 slot5 cpu5 f7_n1000_bound_warm (row exists)
2026-09-14T17:26:02Z [exit] T1 slot5 cpu5 drained
2026-09-14T17:26:12Z [ ok ] T1 slot4 cpu4 f7_n1000_path_warm rc=0 wall=123s status=Optimal
2026-09-14T17:26:12Z [skip] T1 slot4 cpu4 f7_n2000_bound_physics (row exists)
2026-09-14T17:26:12Z [skip] T1 slot4 cpu4 f7_n2000_bound_activity (row exists)
2026-09-14T17:26:12Z [skip] T1 slot4 cpu4 f7_n2000_bound_neutral (row exists)
2026-09-14T17:26:12Z [skip] T1 slot4 cpu4 f7_n2000_bound_corrupted (row exists)
2026-09-14T17:26:12Z [skip] T1 slot4 cpu4 f7_n2000_bound_warm (row exists)
2026-09-14T17:26:12Z [skip] T1 slot4 cpu4 f7_n800_path_warm (row exists)
2026-09-14T17:26:12Z [skip] T1 slot4 cpu4 f7_n1000_bound_activity (row exists)
2026-09-14T17:26:12Z [skip] T1 slot4 cpu4 f7_n1000_bound_neutral (row exists)
2026-09-14T17:26:12Z [skip] T1 slot4 cpu4 f7_n1000_bound_physics (row exists)
2026-09-14T17:26:12Z [skip] T1 slot4 cpu4 f7_n1000_bound_corrupted (row exists)
2026-09-14T17:26:12Z [skip] T1 slot4 cpu4 f7_n1000_bound_warm (row exists)
2026-09-14T17:26:12Z [exit] T1 slot4 cpu4 drained
2026-09-14T17:31:27Z [ ok ] T1 slot1 cpu1 f7_n2000_path_neutral rc=0 wall=854s status=NumericalError
2026-09-14T17:31:27Z [skip] T1 slot1 cpu1 f7_n5000_path_activity (row exists)
2026-09-14T17:31:27Z [skip] T1 slot1 cpu1 f7_n800_path_neutral (row exists)
2026-09-14T17:31:27Z [skip] T1 slot1 cpu1 f7_n5000_path_physics (row exists)
2026-09-14T17:31:27Z [skip] T1 slot1 cpu1 f7_n1000_path_neutral (row exists)
2026-09-14T17:31:27Z [skip] T1 slot1 cpu1 f7_n825_path_neutral_control (row exists)
2026-09-14T17:31:27Z [skip] T1 slot1 cpu1 f7_n750_path_neutral_control (row exists)
2026-09-14T17:31:27Z [skip] T1 slot1 cpu1 f7_n1000_path_corrupted (row exists)
2026-09-14T17:31:27Z [skip] T1 slot1 cpu1 f7_n2000_path_physics (row exists)
2026-09-14T17:31:27Z [skip] T1 slot1 cpu1 f7_n2000_path_activity (row exists)
2026-09-14T17:31:27Z [skip] T1 slot1 cpu1 f7_n800_path_corrupted (row exists)
2026-09-14T17:31:27Z [skip] T1 slot1 cpu1 f7_n1000_path_physics (row exists)
2026-09-14T17:31:27Z [skip] T1 slot1 cpu1 f7_n1000_path_activity (row exists)
2026-09-14T17:31:27Z [skip] T1 slot1 cpu1 f7_n800_path_physics (row exists)
2026-09-14T17:31:27Z [skip] T1 slot1 cpu1 f7_n800_path_activity (row exists)
2026-09-14T17:31:27Z [skip] T1 slot1 cpu1 f7_n20000_bound_neutral (row exists)
2026-09-14T17:31:27Z [skip] T1 slot1 cpu1 f7_n20000_bound_activity (row exists)
2026-09-14T17:31:27Z [skip] T1 slot1 cpu1 f7_n20000_bound_physics (row exists)
2026-09-14T17:31:27Z [skip] T1 slot1 cpu1 f7_n20000_bound_corrupted (row exists)
2026-09-14T17:31:27Z [skip] T1 slot1 cpu1 f7_n20000_bound_warm (row exists)
2026-09-14T17:31:27Z [skip] T1 slot1 cpu1 f7_n10000_bound_activity (row exists)
2026-09-14T17:31:27Z [skip] T1 slot1 cpu1 f7_n10000_bound_neutral (row exists)
2026-09-14T17:31:27Z [skip] T1 slot1 cpu1 f7_n10000_bound_physics (row exists)
2026-09-14T17:31:27Z [skip] T1 slot1 cpu1 f7_n10000_bound_warm (row exists)
2026-09-14T17:31:27Z [skip] T1 slot1 cpu1 f7_n10000_bound_corrupted (row exists)
2026-09-14T17:31:27Z [skip] T1 slot1 cpu1 f7_n5000_bound_activity (row exists)
2026-09-14T17:31:27Z [skip] T1 slot1 cpu1 f7_n5000_bound_neutral (row exists)
2026-09-14T17:31:27Z [skip] T1 slot1 cpu1 f7_n5000_bound_physics (row exists)
2026-09-14T17:31:27Z [skip] T1 slot1 cpu1 f7_n5000_bound_corrupted (row exists)
2026-09-14T17:31:27Z [skip] T1 slot1 cpu1 f7_n5000_bound_warm (row exists)
2026-09-14T17:31:27Z [skip] T1 slot1 cpu1 f7_n1000_path_warm (row exists)
2026-09-14T17:31:27Z [skip] T1 slot1 cpu1 f7_n2000_bound_physics (row exists)
2026-09-14T17:31:27Z [skip] T1 slot1 cpu1 f7_n2000_bound_activity (row exists)
2026-09-14T17:31:27Z [skip] T1 slot1 cpu1 f7_n2000_bound_neutral (row exists)
2026-09-14T17:31:27Z [skip] T1 slot1 cpu1 f7_n2000_bound_corrupted (row exists)
2026-09-14T17:31:27Z [skip] T1 slot1 cpu1 f7_n2000_bound_warm (row exists)
2026-09-14T17:31:27Z [skip] T1 slot1 cpu1 f7_n800_path_warm (row exists)
2026-09-14T17:31:27Z [skip] T1 slot1 cpu1 f7_n1000_bound_activity (row exists)
2026-09-14T17:31:27Z [skip] T1 slot1 cpu1 f7_n1000_bound_neutral (row exists)
2026-09-14T17:31:27Z [skip] T1 slot1 cpu1 f7_n1000_bound_physics (row exists)
2026-09-14T17:31:27Z [skip] T1 slot1 cpu1 f7_n1000_bound_corrupted (row exists)
2026-09-14T17:31:27Z [skip] T1 slot1 cpu1 f7_n1000_bound_warm (row exists)
2026-09-14T17:31:27Z [exit] T1 slot1 cpu1 drained
2026-09-14T17:41:50Z [ ok ] T1 slot3 cpu3 f7_n2000_path_warm rc=0 wall=1164s status=Optimal
2026-09-14T17:41:50Z [skip] T1 slot3 cpu3 f7_n2000_path_physics (row exists)
2026-09-14T17:41:50Z [skip] T1 slot3 cpu3 f7_n2000_path_activity (row exists)
2026-09-14T17:41:50Z [skip] T1 slot3 cpu3 f7_n800_path_corrupted (row exists)
2026-09-14T17:41:50Z [skip] T1 slot3 cpu3 f7_n1000_path_physics (row exists)
2026-09-14T17:41:50Z [skip] T1 slot3 cpu3 f7_n1000_path_activity (row exists)
2026-09-14T17:41:50Z [skip] T1 slot3 cpu3 f7_n800_path_physics (row exists)
2026-09-14T17:41:50Z [skip] T1 slot3 cpu3 f7_n800_path_activity (row exists)
2026-09-14T17:41:50Z [skip] T1 slot3 cpu3 f7_n20000_bound_neutral (row exists)
2026-09-14T17:41:50Z [skip] T1 slot3 cpu3 f7_n20000_bound_activity (row exists)
2026-09-14T17:41:50Z [skip] T1 slot3 cpu3 f7_n20000_bound_physics (row exists)
2026-09-14T17:41:50Z [skip] T1 slot3 cpu3 f7_n20000_bound_corrupted (row exists)
2026-09-14T17:41:50Z [skip] T1 slot3 cpu3 f7_n20000_bound_warm (row exists)
2026-09-14T17:41:50Z [skip] T1 slot3 cpu3 f7_n10000_bound_activity (row exists)
2026-09-14T17:41:50Z [skip] T1 slot3 cpu3 f7_n10000_bound_neutral (row exists)
2026-09-14T17:41:50Z [skip] T1 slot3 cpu3 f7_n10000_bound_physics (row exists)
2026-09-14T17:41:50Z [skip] T1 slot3 cpu3 f7_n10000_bound_warm (row exists)
2026-09-14T17:41:50Z [skip] T1 slot3 cpu3 f7_n10000_bound_corrupted (row exists)
2026-09-14T17:41:50Z [skip] T1 slot3 cpu3 f7_n5000_bound_activity (row exists)
2026-09-14T17:41:50Z [skip] T1 slot3 cpu3 f7_n5000_bound_neutral (row exists)
2026-09-14T17:41:50Z [skip] T1 slot3 cpu3 f7_n5000_bound_physics (row exists)
2026-09-14T17:41:50Z [skip] T1 slot3 cpu3 f7_n5000_bound_corrupted (row exists)
2026-09-14T17:41:50Z [skip] T1 slot3 cpu3 f7_n5000_bound_warm (row exists)
2026-09-14T17:41:50Z [skip] T1 slot3 cpu3 f7_n1000_path_warm (row exists)
2026-09-14T17:41:50Z [skip] T1 slot3 cpu3 f7_n2000_bound_physics (row exists)
2026-09-14T17:41:50Z [skip] T1 slot3 cpu3 f7_n2000_bound_activity (row exists)
2026-09-14T17:41:50Z [skip] T1 slot3 cpu3 f7_n2000_bound_neutral (row exists)
2026-09-14T17:41:50Z [skip] T1 slot3 cpu3 f7_n2000_bound_corrupted (row exists)
2026-09-14T17:41:50Z [skip] T1 slot3 cpu3 f7_n2000_bound_warm (row exists)
2026-09-14T17:41:50Z [skip] T1 slot3 cpu3 f7_n800_path_warm (row exists)
2026-09-14T17:41:50Z [skip] T1 slot3 cpu3 f7_n1000_bound_activity (row exists)
2026-09-14T17:41:50Z [skip] T1 slot3 cpu3 f7_n1000_bound_neutral (row exists)
2026-09-14T17:41:50Z [skip] T1 slot3 cpu3 f7_n1000_bound_physics (row exists)
2026-09-14T17:41:50Z [skip] T1 slot3 cpu3 f7_n1000_bound_corrupted (row exists)
2026-09-14T17:41:50Z [skip] T1 slot3 cpu3 f7_n1000_bound_warm (row exists)
2026-09-14T17:41:50Z [exit] T1 slot3 cpu3 drained
2026-09-14T17:51:46Z [ ok ] T1 slot0 cpu0 f7_n2000_path_corrupted rc=0 wall=2073s status=NumericalError
2026-09-14T17:51:46Z [skip] T1 slot0 cpu0 f7_n2000_path_neutral (row exists)
2026-09-14T17:51:46Z [skip] T1 slot0 cpu0 f7_n5000_path_activity (row exists)
2026-09-14T17:51:46Z [skip] T1 slot0 cpu0 f7_n800_path_neutral (row exists)
2026-09-14T17:51:46Z [skip] T1 slot0 cpu0 f7_n5000_path_physics (row exists)
2026-09-14T17:51:46Z [skip] T1 slot0 cpu0 f7_n1000_path_neutral (row exists)
2026-09-14T17:51:46Z [skip] T1 slot0 cpu0 f7_n825_path_neutral_control (row exists)
2026-09-14T17:51:46Z [skip] T1 slot0 cpu0 f7_n750_path_neutral_control (row exists)
2026-09-14T17:51:46Z [skip] T1 slot0 cpu0 f7_n1000_path_corrupted (row exists)
2026-09-14T17:51:46Z [skip] T1 slot0 cpu0 f7_n2000_path_warm (row exists)
2026-09-14T17:51:46Z [skip] T1 slot0 cpu0 f7_n2000_path_physics (row exists)
2026-09-14T17:51:46Z [skip] T1 slot0 cpu0 f7_n2000_path_activity (row exists)
2026-09-14T17:51:46Z [skip] T1 slot0 cpu0 f7_n800_path_corrupted (row exists)
2026-09-14T17:51:46Z [skip] T1 slot0 cpu0 f7_n1000_path_physics (row exists)
2026-09-14T17:51:46Z [skip] T1 slot0 cpu0 f7_n1000_path_activity (row exists)
2026-09-14T17:51:46Z [skip] T1 slot0 cpu0 f7_n800_path_physics (row exists)
2026-09-14T17:51:46Z [skip] T1 slot0 cpu0 f7_n800_path_activity (row exists)
2026-09-14T17:51:46Z [skip] T1 slot0 cpu0 f7_n20000_bound_neutral (row exists)
2026-09-14T17:51:46Z [skip] T1 slot0 cpu0 f7_n20000_bound_activity (row exists)
2026-09-14T17:51:46Z [skip] T1 slot0 cpu0 f7_n20000_bound_physics (row exists)
2026-09-14T17:51:46Z [skip] T1 slot0 cpu0 f7_n20000_bound_corrupted (row exists)
2026-09-14T17:51:46Z [skip] T1 slot0 cpu0 f7_n20000_bound_warm (row exists)
2026-09-14T17:51:46Z [skip] T1 slot0 cpu0 f7_n10000_bound_activity (row exists)
2026-09-14T17:51:46Z [skip] T1 slot0 cpu0 f7_n10000_bound_neutral (row exists)
2026-09-14T17:51:46Z [skip] T1 slot0 cpu0 f7_n10000_bound_physics (row exists)
2026-09-14T17:51:46Z [skip] T1 slot0 cpu0 f7_n10000_bound_warm (row exists)
2026-09-14T17:51:46Z [skip] T1 slot0 cpu0 f7_n10000_bound_corrupted (row exists)
2026-09-14T17:51:46Z [skip] T1 slot0 cpu0 f7_n5000_bound_activity (row exists)
2026-09-14T17:51:46Z [skip] T1 slot0 cpu0 f7_n5000_bound_neutral (row exists)
2026-09-14T17:51:46Z [skip] T1 slot0 cpu0 f7_n5000_bound_physics (row exists)
2026-09-14T17:51:46Z [skip] T1 slot0 cpu0 f7_n5000_bound_corrupted (row exists)
2026-09-14T17:51:46Z [skip] T1 slot0 cpu0 f7_n5000_bound_warm (row exists)
2026-09-14T17:51:46Z [skip] T1 slot0 cpu0 f7_n1000_path_warm (row exists)
2026-09-14T17:51:46Z [skip] T1 slot0 cpu0 f7_n2000_bound_physics (row exists)
2026-09-14T17:51:46Z [skip] T1 slot0 cpu0 f7_n2000_bound_activity (row exists)
2026-09-14T17:51:46Z [skip] T1 slot0 cpu0 f7_n2000_bound_neutral (row exists)
2026-09-14T17:51:46Z [skip] T1 slot0 cpu0 f7_n2000_bound_corrupted (row exists)
2026-09-14T17:51:46Z [skip] T1 slot0 cpu0 f7_n2000_bound_warm (row exists)
2026-09-14T17:51:46Z [skip] T1 slot0 cpu0 f7_n800_path_warm (row exists)
2026-09-14T17:51:46Z [skip] T1 slot0 cpu0 f7_n1000_bound_activity (row exists)
2026-09-14T17:51:46Z [skip] T1 slot0 cpu0 f7_n1000_bound_neutral (row exists)
2026-09-14T17:51:46Z [skip] T1 slot0 cpu0 f7_n1000_bound_physics (row exists)
2026-09-14T17:51:46Z [skip] T1 slot0 cpu0 f7_n1000_bound_corrupted (row exists)
2026-09-14T17:51:46Z [skip] T1 slot0 cpu0 f7_n1000_bound_warm (row exists)
2026-09-14T17:51:46Z [exit] T1 slot0 cpu0 drained
2026-09-14T17:51:46Z --- tier 1: complete 17:51:46Z ---
2026-09-14T17:51:46Z --- tier 2: 3 cells, 1 worker(s), started 17:51:46Z ---
2026-09-14T17:51:46Z [strt] T2 slot0 cpu0 f7_n10000_path_physics
2026-09-14T18:37:45Z [ ok ] T2 slot0 cpu0 f7_n10000_path_physics rc=0 wall=2759s status=Optimal
2026-09-14T18:37:45Z [strt] T2 slot0 cpu0 f7_n5000_path_neutral
2026-09-14T19:14:29Z [ ok ] T2 slot0 cpu0 f7_n5000_path_neutral rc=0 wall=2204s status=NumericalError
2026-09-14T19:14:29Z [strt] T2 slot0 cpu0 f7_n5000_path_warm
2026-09-14T20:26:21Z [ ok ] T2 slot0 cpu0 f7_n5000_path_warm rc=0 wall=4312s status=NumericalError
2026-09-14T20:26:21Z [exit] T2 slot0 cpu0 drained
2026-09-14T20:26:21Z --- tier 2: complete 20:26:21Z ---
2026-09-14T20:26:21Z --- tier 3: 10 cells, 5 worker(s), started 20:26:21Z ---
2026-09-14T20:26:21Z [strt] T3 slot0 cpu0 f7_n10000_path_activity
2026-09-14T20:26:21Z [strt] T3 slot1 cpu1 f7_n10000_path_corrupted
2026-09-14T20:26:21Z [strt] T3 slot2 cpu2 f7_n10000_path_neutral
2026-09-14T20:26:21Z [strt] T3 slot3 cpu3 f7_n10000_path_warm
2026-09-14T20:26:21Z [strt] T3 slot4 cpu4 f7_n20000_path_activity
2026-09-14T21:26:21Z [ ok ] T3 slot3 cpu3 f7_n10000_path_warm rc=0 wall=3600s status=dnf_setup
2026-09-14T21:26:21Z [ ok ] T3 slot1 cpu1 f7_n10000_path_corrupted rc=0 wall=3600s status=dnf_setup
2026-09-14T21:26:21Z [skip] T3 slot1 cpu1 f7_n10000_path_warm (row exists)
2026-09-14T21:26:21Z [strt] T3 slot3 cpu3 f7_n20000_path_corrupted
2026-09-14T21:26:21Z [strt] T3 slot1 cpu1 f7_n20000_path_neutral
2026-09-14T21:26:21Z [ ok ] T3 slot2 cpu2 f7_n10000_path_neutral rc=0 wall=3600s status=dnf_budget
2026-09-14T21:26:21Z [ ok ] T3 slot0 cpu0 f7_n10000_path_activity rc=0 wall=3600s status=dnf_budget
2026-09-14T21:26:21Z [skip] T3 slot2 cpu2 f7_n10000_path_warm (row exists)
2026-09-14T21:26:21Z [skip] T3 slot0 cpu0 f7_n10000_path_corrupted (row exists)
2026-09-14T21:26:21Z [skip] T3 slot0 cpu0 f7_n10000_path_neutral (row exists)
2026-09-14T21:26:21Z [skip] T3 slot0 cpu0 f7_n10000_path_warm (row exists)
2026-09-14T21:26:21Z [strt] T3 slot2 cpu2 f7_n20000_path_physics
2026-09-14T21:26:21Z [strt] T3 slot0 cpu0 f7_n20000_path_warm
2026-09-14T21:26:21Z [ ok ] T3 slot4 cpu4 f7_n20000_path_activity rc=0 wall=3600s status=dnf_budget
2026-09-14T21:26:21Z [strt] T3 slot4 cpu4 f7_n5000_path_corrupted
2026-09-14T22:26:21Z [ ok ] T3 slot3 cpu3 f7_n20000_path_corrupted rc=0 wall=3600s status=dnf_setup
2026-09-14T22:26:21Z [exit] T3 slot3 cpu3 drained
2026-09-14T22:26:21Z [ ok ] T3 slot0 cpu0 f7_n20000_path_warm rc=0 wall=3600s status=dnf_setup
2026-09-14T22:26:21Z [exit] T3 slot0 cpu0 drained
2026-09-14T22:26:21Z [ ok ] T3 slot1 cpu1 f7_n20000_path_neutral rc=0 wall=3600s status=dnf_budget
2026-09-14T22:26:21Z [skip] T3 slot1 cpu1 f7_n20000_path_warm (row exists)
2026-09-14T22:26:21Z [exit] T3 slot1 cpu1 drained
2026-09-14T22:26:21Z [ ok ] T3 slot2 cpu2 f7_n20000_path_physics rc=0 wall=3600s status=dnf_budget
2026-09-14T22:26:21Z [skip] T3 slot2 cpu2 f7_n20000_path_warm (row exists)
2026-09-14T22:26:21Z [exit] T3 slot2 cpu2 drained
2026-09-14T23:04:47Z [ ok ] T3 slot4 cpu4 f7_n5000_path_corrupted rc=0 wall=5906s status=dnf_budget
2026-09-14T23:04:47Z [exit] T3 slot4 cpu4 drained
2026-09-14T23:04:47Z --- tier 3: complete 23:04:47Z ---
2026-09-14T23:04:47Z merging 57 row files
2026-09-14T23:04:47Z merge+score exit: 0
2026-09-14T23:04:47Z compare exit: 0
2026-09-14T23:04:47Z serial-confirm list: 0 cell(s) -> /home/ghecht/Projects/hven/.scratch/m6-close/census/run/serial_confirm_list.txt
2026-09-14T23:04:47Z === census done (merge_rc=0 compare_rc=0 rows=57/57) ===
