hs1 ssn trace=off median=0.001676s spread=36.606% majors=29 elastic=0 rung_b=0
hs3 ssn trace=off median=0.000320s spread=92.740% majors=4 elastic=0 rung_b=0
hs5 ssn trace=off median=0.000299s spread=29.820% majors=4 elastic=0 rung_b=0
hs6 ssn trace=off median=0.001060s spread=20.575% majors=8 elastic=0 rung_b=0
hs7 ssn trace=off median=0.001105s spread=16.443% majors=9 elastic=0 rung_b=0
hs10 ssn trace=off median=0.006558s spread=48.984% majors=14 elastic=8 rung_b=0
hs11 ssn trace=off median=0.002027s spread=22.458% majors=7 elastic=2 rung_b=0
hs12 ssn trace=off median=0.000410s spread=66.484% majors=6 elastic=0 rung_b=0
hs14 ssn trace=off median=0.000356s spread=61.229% majors=5 elastic=0 rung_b=0
hs15 ssn trace=off median=0.001190s spread=18.148% majors=7 elastic=1 rung_b=0
hs22 ssn trace=off median=0.000522s spread=38.109% majors=2 elastic=0 rung_b=0
hs24 ssn trace=off median=0.000647s spread=46.787% majors=3 elastic=0 rung_b=0
hs25 ssn trace=off median=0.000027s spread=122.564% majors=0 elastic=0 rung_b=0
hs26 ssn trace=off median=0.001116s spread=16.104% majors=17 elastic=0 rung_b=0
hs27 ssn trace=off median=0.001521s spread=17.726% majors=4 elastic=1 rung_b=0
hs28 ssn trace=off median=0.000272s spread=87.458% majors=3 elastic=0 rung_b=0
hs30 ssn trace=off median=0.000699s spread=17.332% majors=11 elastic=0 rung_b=0
hs33 ssn trace=off median=0.000534s spread=23.276% majors=4 elastic=0 rung_b=0
hs35 ssn trace=off median=0.000132s spread=43.835% majors=1 elastic=0 rung_b=0
hs38 ssn trace=off median=0.005151s spread=56.430% majors=49 elastic=0 rung_b=0
hs39 ssn trace=off median=0.001128s spread=11.648% majors=9 elastic=0 rung_b=0
hs40 ssn trace=off median=0.000318s spread=21.061% majors=4 elastic=0 rung_b=0
hs43 ssn trace=off median=0.000902s spread=23.354% majors=7 elastic=0 rung_b=0
hs45 ssn trace=off median=0.000786s spread=31.293% majors=3 elastic=0 rung_b=0
hs76 ssn trace=off median=0.000276s spread=47.469% majors=2 elastic=0 rung_b=0
hs77 ssn trace=off median=0.001038s spread=25.437% majors=12 elastic=0 rung_b=0
hs79 ssn trace=off median=0.000339s spread=38.706% majors=4 elastic=0 rung_b=0

HS SUITE: 27 cell(s), engine ssn, trace off, repeat 2000, warmup 1
  corpus (sum of per-cell medians): 0.030409 s
  worst per-cell median SE: 0.189 %   <-- THE CALIBRATION READING (target <= 0.5, falls as 1/sqrt(N))
  worst per-cell max-min spread: 122.564 %  (raw cloud; NOT a calibration
                                            statistic -- it is monotone in N)
  cells with unstable counters across repeats: 0
  elastic activations: 12   fallback rung B: 0
wrote 27 row(s) to /home/ghecht/Projects/hven/.scratch/w5t89r/art/raw/leg2/ssn/off/base-r3.csv
