hs1 ssn trace=off median=0.001623s spread=36.914% majors=29 elastic=0 rung_b=0
hs3 ssn trace=off median=0.000312s spread=50.035% majors=4 elastic=0 rung_b=0
hs5 ssn trace=off median=0.000289s spread=39.840% majors=4 elastic=0 rung_b=0
hs6 ssn trace=off median=0.001053s spread=23.100% majors=8 elastic=0 rung_b=0
hs7 ssn trace=off median=0.001098s spread=15.115% majors=9 elastic=0 rung_b=0
hs10 ssn trace=off median=0.006435s spread=36.150% majors=14 elastic=8 rung_b=0
hs11 ssn trace=off median=0.001869s spread=13.298% majors=7 elastic=2 rung_b=0
hs12 ssn trace=off median=0.000395s spread=40.412% majors=6 elastic=0 rung_b=0
hs14 ssn trace=off median=0.000347s spread=41.469% majors=5 elastic=0 rung_b=0
hs15 ssn trace=off median=0.001146s spread=26.250% majors=7 elastic=1 rung_b=0
hs22 ssn trace=off median=0.000487s spread=27.271% majors=2 elastic=0 rung_b=0
hs24 ssn trace=off median=0.000614s spread=27.555% majors=3 elastic=0 rung_b=0
hs25 ssn trace=off median=0.000027s spread=130.294% majors=0 elastic=0 rung_b=0
hs26 ssn trace=off median=0.001083s spread=23.438% majors=17 elastic=0 rung_b=0
hs27 ssn trace=off median=0.001491s spread=23.251% majors=4 elastic=1 rung_b=0
hs28 ssn trace=off median=0.000268s spread=30.457% majors=3 elastic=0 rung_b=0
hs30 ssn trace=off median=0.000682s spread=46.162% majors=11 elastic=0 rung_b=0
hs33 ssn trace=off median=0.000527s spread=26.917% majors=4 elastic=0 rung_b=0
hs35 ssn trace=off median=0.000131s spread=69.307% majors=1 elastic=0 rung_b=0
hs38 ssn trace=off median=0.005051s spread=78.563% majors=49 elastic=0 rung_b=0
hs39 ssn trace=off median=0.001109s spread=24.101% majors=9 elastic=0 rung_b=0
hs40 ssn trace=off median=0.000312s spread=33.077% majors=4 elastic=0 rung_b=0
hs43 ssn trace=off median=0.000881s spread=30.720% majors=7 elastic=0 rung_b=0
hs45 ssn trace=off median=0.000772s spread=26.350% majors=3 elastic=0 rung_b=0
hs76 ssn trace=off median=0.000271s spread=84.846% majors=2 elastic=0 rung_b=0
hs77 ssn trace=off median=0.001018s spread=18.544% majors=12 elastic=0 rung_b=0
hs79 ssn trace=off median=0.000331s spread=40.680% majors=4 elastic=0 rung_b=0

HS SUITE: 27 cell(s), engine ssn, trace off, repeat 2000, warmup 1
  corpus (sum of per-cell medians): 0.029624 s
  worst per-cell median SE: 0.188 %   <-- THE CALIBRATION READING (target <= 0.5, falls as 1/sqrt(N))
  worst per-cell max-min spread: 130.294 %  (raw cloud; NOT a calibration
                                            statistic -- it is monotone in N)
  cells with unstable counters across repeats: 0
  elastic activations: 12   fallback rung B: 0
wrote 27 row(s) to /home/ghecht/Projects/hven/.scratch/w5t89r/art/raw/leg2/ssn/off/head-r3.csv
