hs1 ssn trace=off median=0.001695s spread=38.594% majors=29 elastic=0 rung_b=0
hs3 ssn trace=off median=0.000324s spread=28.233% majors=4 elastic=0 rung_b=0
hs5 ssn trace=off median=0.000303s spread=42.191% majors=4 elastic=0 rung_b=0
hs6 ssn trace=off median=0.001075s spread=17.306% majors=8 elastic=0 rung_b=0
hs7 ssn trace=off median=0.001120s spread=19.960% majors=9 elastic=0 rung_b=0
hs10 ssn trace=off median=0.006600s spread=8.781% majors=14 elastic=8 rung_b=0
hs11 ssn trace=off median=0.002045s spread=17.190% majors=7 elastic=2 rung_b=0
hs12 ssn trace=off median=0.000413s spread=31.052% majors=6 elastic=0 rung_b=0
hs14 ssn trace=off median=0.000362s spread=58.953% majors=5 elastic=0 rung_b=0
hs15 ssn trace=off median=0.001199s spread=34.276% majors=7 elastic=1 rung_b=0
hs22 ssn trace=off median=0.000526s spread=33.927% majors=2 elastic=0 rung_b=0
hs24 ssn trace=off median=0.000655s spread=71.476% majors=3 elastic=0 rung_b=0
hs25 ssn trace=off median=0.000027s spread=62.903% majors=0 elastic=0 rung_b=0
hs26 ssn trace=off median=0.001125s spread=42.437% majors=17 elastic=0 rung_b=0
hs27 ssn trace=off median=0.001530s spread=27.700% majors=4 elastic=1 rung_b=0
hs28 ssn trace=off median=0.000273s spread=42.379% majors=3 elastic=0 rung_b=0
hs30 ssn trace=off median=0.000708s spread=31.031% majors=11 elastic=0 rung_b=0
hs33 ssn trace=off median=0.000539s spread=35.290% majors=4 elastic=0 rung_b=0
hs35 ssn trace=off median=0.000134s spread=65.805% majors=1 elastic=0 rung_b=0
hs38 ssn trace=off median=0.005181s spread=76.795% majors=49 elastic=0 rung_b=0
hs39 ssn trace=off median=0.001138s spread=28.977% majors=9 elastic=0 rung_b=0
hs40 ssn trace=off median=0.000323s spread=29.115% majors=4 elastic=0 rung_b=0
hs43 ssn trace=off median=0.000898s spread=37.602% majors=7 elastic=0 rung_b=0
hs45 ssn trace=off median=0.000786s spread=27.381% majors=3 elastic=0 rung_b=0
hs76 ssn trace=off median=0.000277s spread=68.404% majors=2 elastic=0 rung_b=0
hs77 ssn trace=off median=0.001041s spread=28.782% majors=12 elastic=0 rung_b=0
hs79 ssn trace=off median=0.000343s spread=32.442% majors=4 elastic=0 rung_b=0

HS SUITE: 27 cell(s), engine ssn, trace off, repeat 2000, warmup 1
  corpus (sum of per-cell medians): 0.030640 s
  worst per-cell median SE: 0.193 %   <-- THE CALIBRATION READING (target <= 0.5, falls as 1/sqrt(N))
  worst per-cell max-min spread: 76.795 %  (raw cloud; NOT a calibration
                                            statistic -- it is monotone in N)
  cells with unstable counters across repeats: 0
  elastic activations: 12   fallback rung B: 0
wrote 27 row(s) to /home/ghecht/Projects/hven/.scratch/w5t89r/art/raw/leg2/ssn/off/passB-base-r3.csv
