hs1 ssn trace=off median=0.001638s spread=40.706% majors=29 elastic=0 rung_b=0
hs3 ssn trace=off median=0.000314s spread=47.338% majors=4 elastic=0 rung_b=0
hs5 ssn trace=off median=0.000291s spread=112.856% majors=4 elastic=0 rung_b=0
hs6 ssn trace=off median=0.001055s spread=37.038% majors=8 elastic=0 rung_b=0
hs7 ssn trace=off median=0.001100s spread=26.406% majors=9 elastic=0 rung_b=0
hs10 ssn trace=off median=0.006451s spread=9.385% majors=14 elastic=8 rung_b=0
hs11 ssn trace=off median=0.001875s spread=16.269% majors=7 elastic=2 rung_b=0
hs12 ssn trace=off median=0.000398s spread=88.991% majors=6 elastic=0 rung_b=0
hs14 ssn trace=off median=0.000349s spread=29.566% majors=5 elastic=0 rung_b=0
hs15 ssn trace=off median=0.001148s spread=32.124% majors=7 elastic=1 rung_b=0
hs22 ssn trace=off median=0.000490s spread=31.244% majors=2 elastic=0 rung_b=0
hs24 ssn trace=off median=0.000614s spread=31.757% majors=3 elastic=0 rung_b=0
hs25 ssn trace=off median=0.000027s spread=128.443% majors=0 elastic=0 rung_b=0
hs26 ssn trace=off median=0.001090s spread=38.356% majors=17 elastic=0 rung_b=0
hs27 ssn trace=off median=0.001490s spread=70.957% majors=4 elastic=1 rung_b=0
hs28 ssn trace=off median=0.000268s spread=36.052% majors=3 elastic=0 rung_b=0
hs30 ssn trace=off median=0.000676s spread=40.169% majors=11 elastic=0 rung_b=0
hs33 ssn trace=off median=0.000524s spread=38.293% majors=4 elastic=0 rung_b=0
hs35 ssn trace=off median=0.000130s spread=241.054% majors=1 elastic=0 rung_b=0
hs38 ssn trace=off median=0.005057s spread=57.047% majors=49 elastic=0 rung_b=0
hs39 ssn trace=off median=0.001115s spread=47.350% majors=9 elastic=0 rung_b=0
hs40 ssn trace=off median=0.000311s spread=26.005% majors=4 elastic=0 rung_b=0
hs43 ssn trace=off median=0.000882s spread=45.584% majors=7 elastic=0 rung_b=0
hs45 ssn trace=off median=0.000772s spread=17.639% majors=3 elastic=0 rung_b=0
hs76 ssn trace=off median=0.000272s spread=37.898% majors=2 elastic=0 rung_b=0
hs77 ssn trace=off median=0.001021s spread=61.686% majors=12 elastic=0 rung_b=0
hs79 ssn trace=off median=0.000331s spread=75.833% majors=4 elastic=0 rung_b=0

HS SUITE: 27 cell(s), engine ssn, trace off, repeat 2000, warmup 1
  corpus (sum of per-cell medians): 0.029691 s
  worst per-cell median SE: 0.188 %   <-- THE CALIBRATION READING (target <= 0.5, falls as 1/sqrt(N))
  worst per-cell max-min spread: 241.054 %  (raw cloud; NOT a calibration
                                            statistic -- it is monotone in N)
  cells with unstable counters across repeats: 0
  elastic activations: 12   fallback rung B: 0
wrote 27 row(s) to /home/ghecht/Projects/hven/.scratch/w5t89r/art/raw/leg2/ssn/off/passB-head-r3.csv
