hs1 ssn trace=sink median=0.001684s spread=40.955% majors=29 elastic=0 rung_b=0
hs3 ssn trace=sink median=0.000321s spread=33.628% majors=4 elastic=0 rung_b=0
hs5 ssn trace=sink median=0.000297s spread=54.347% majors=4 elastic=0 rung_b=0
hs6 ssn trace=sink median=0.001062s spread=20.620% majors=8 elastic=0 rung_b=0
hs7 ssn trace=sink median=0.001109s spread=35.316% majors=9 elastic=0 rung_b=0
hs10 ssn trace=sink median=0.006554s spread=19.851% majors=14 elastic=8 rung_b=0
hs11 ssn trace=sink median=0.002024s spread=14.525% majors=7 elastic=2 rung_b=0
hs12 ssn trace=sink median=0.000409s spread=34.417% majors=6 elastic=0 rung_b=0
hs14 ssn trace=sink median=0.000360s spread=44.085% majors=5 elastic=0 rung_b=0
hs15 ssn trace=sink median=0.001179s spread=19.526% majors=7 elastic=1 rung_b=0
hs22 ssn trace=sink median=0.000520s spread=35.751% majors=2 elastic=0 rung_b=0
hs24 ssn trace=sink median=0.000646s spread=38.436% majors=3 elastic=0 rung_b=0
hs25 ssn trace=sink median=0.000027s spread=32.923% majors=0 elastic=0 rung_b=0
hs26 ssn trace=sink median=0.001117s spread=256.796% majors=17 elastic=0 rung_b=0
hs27 ssn trace=sink median=0.001521s spread=21.026% majors=4 elastic=1 rung_b=0
hs28 ssn trace=sink median=0.000274s spread=82.840% majors=3 elastic=0 rung_b=0
hs30 ssn trace=sink median=0.000700s spread=22.001% majors=11 elastic=0 rung_b=0
hs33 ssn trace=sink median=0.000535s spread=21.232% majors=4 elastic=0 rung_b=0
hs35 ssn trace=sink median=0.000132s spread=72.715% majors=1 elastic=0 rung_b=0
hs38 ssn trace=sink median=0.005146s spread=9.014% majors=49 elastic=0 rung_b=0
hs39 ssn trace=sink median=0.001123s spread=23.682% majors=9 elastic=0 rung_b=0
hs40 ssn trace=sink median=0.000320s spread=45.101% majors=4 elastic=0 rung_b=0
hs43 ssn trace=sink median=0.000891s spread=38.187% majors=7 elastic=0 rung_b=0
hs45 ssn trace=sink median=0.000781s spread=39.038% majors=3 elastic=0 rung_b=0
hs76 ssn trace=sink median=0.000276s spread=63.364% majors=2 elastic=0 rung_b=0
hs77 ssn trace=sink median=0.001040s spread=19.800% majors=12 elastic=0 rung_b=0
hs79 ssn trace=sink median=0.000341s spread=55.449% majors=4 elastic=0 rung_b=0

HS SUITE: 27 cell(s), engine ssn, trace sink, repeat 2000, warmup 1
  corpus (sum of per-cell medians): 0.030388 s
  worst per-cell median SE: 0.252 %   <-- THE CALIBRATION READING (target <= 0.5, falls as 1/sqrt(N))
  worst per-cell max-min spread: 256.796 %  (raw cloud; NOT a calibration
                                            statistic -- it is monotone in N)
  cells with unstable counters across repeats: 0
  elastic activations: 12   fallback rung B: 0
  qp.mode events by site: dispatch=261 soc_resolve=2 elastic_rung=84 fallback_rung_b=0
wrote 27 row(s) to /home/ghecht/Projects/hven/.scratch/w5t89r/art/raw/leg2/ssn/sink/base-r2.csv
