hs1 ssn trace=sink median=0.001679s spread=38.301% majors=29 elastic=0 rung_b=0
hs3 ssn trace=sink median=0.000323s spread=25.545% majors=4 elastic=0 rung_b=0
hs5 ssn trace=sink median=0.000300s spread=26.273% majors=4 elastic=0 rung_b=0
hs6 ssn trace=sink median=0.001061s spread=11.626% majors=8 elastic=0 rung_b=0
hs7 ssn trace=sink median=0.001103s spread=31.481% majors=9 elastic=0 rung_b=0
hs10 ssn trace=sink median=0.006542s spread=18.404% majors=14 elastic=8 rung_b=0
hs11 ssn trace=sink median=0.002029s spread=39.425% majors=7 elastic=2 rung_b=0
hs12 ssn trace=sink median=0.000411s spread=17.497% majors=6 elastic=0 rung_b=0
hs14 ssn trace=sink median=0.000362s spread=26.315% majors=5 elastic=0 rung_b=0
hs15 ssn trace=sink median=0.001191s spread=38.668% majors=7 elastic=1 rung_b=0
hs22 ssn trace=sink median=0.000523s spread=18.124% majors=2 elastic=0 rung_b=0
hs24 ssn trace=sink median=0.000649s spread=12.417% majors=3 elastic=0 rung_b=0
hs25 ssn trace=sink median=0.000027s spread=67.876% majors=0 elastic=0 rung_b=0
hs26 ssn trace=sink median=0.001119s spread=171.050% majors=17 elastic=0 rung_b=0
hs27 ssn trace=sink median=0.001525s spread=26.854% majors=4 elastic=1 rung_b=0
hs28 ssn trace=sink median=0.000272s spread=40.675% majors=3 elastic=0 rung_b=0
hs30 ssn trace=sink median=0.000701s spread=51.618% majors=11 elastic=0 rung_b=0
hs33 ssn trace=sink median=0.000535s spread=50.283% majors=4 elastic=0 rung_b=0
hs35 ssn trace=sink median=0.000133s spread=38.148% majors=1 elastic=0 rung_b=0
hs38 ssn trace=sink median=0.005146s spread=32.326% majors=49 elastic=0 rung_b=0
hs39 ssn trace=sink median=0.001127s spread=10.740% majors=9 elastic=0 rung_b=0
hs40 ssn trace=sink median=0.000321s spread=26.450% majors=4 elastic=0 rung_b=0
hs43 ssn trace=sink median=0.000892s spread=12.849% majors=7 elastic=0 rung_b=0
hs45 ssn trace=sink median=0.000781s spread=42.131% majors=3 elastic=0 rung_b=0
hs76 ssn trace=sink median=0.000276s spread=23.015% majors=2 elastic=0 rung_b=0
hs77 ssn trace=sink median=0.001037s spread=31.126% majors=12 elastic=0 rung_b=0
hs79 ssn trace=sink median=0.000340s spread=31.961% majors=4 elastic=0 rung_b=0

HS SUITE: 27 cell(s), engine ssn, trace sink, repeat 2000, warmup 1
  corpus (sum of per-cell medians): 0.030406 s
  worst per-cell median SE: 0.196 %   <-- THE CALIBRATION READING (target <= 0.5, falls as 1/sqrt(N))
  worst per-cell max-min spread: 171.050 %  (raw cloud; NOT a calibration
                                            statistic -- it is monotone in N)
  cells with unstable counters across repeats: 0
  elastic activations: 12   fallback rung B: 0
  qp.mode events by site: dispatch=261 soc_resolve=2 elastic_rung=84 fallback_rung_b=0
wrote 27 row(s) to /home/ghecht/Projects/hven/.scratch/w5t89r/art/raw/leg2/ssn/sink/base-r3.csv
