hs1 ssn trace=sink median=0.001682s spread=37.149% majors=29 elastic=0 rung_b=0
hs3 ssn trace=sink median=0.000322s spread=34.673% majors=4 elastic=0 rung_b=0
hs5 ssn trace=sink median=0.000297s spread=52.938% majors=4 elastic=0 rung_b=0
hs6 ssn trace=sink median=0.001067s spread=26.976% majors=8 elastic=0 rung_b=0
hs7 ssn trace=sink median=0.001111s spread=28.260% majors=9 elastic=0 rung_b=0
hs10 ssn trace=sink median=0.006568s spread=57.150% majors=14 elastic=8 rung_b=0
hs11 ssn trace=sink median=0.002035s spread=19.666% majors=7 elastic=2 rung_b=0
hs12 ssn trace=sink median=0.000409s spread=52.470% majors=6 elastic=0 rung_b=0
hs14 ssn trace=sink median=0.000355s spread=29.176% majors=5 elastic=0 rung_b=0
hs15 ssn trace=sink median=0.001188s spread=79.137% majors=7 elastic=1 rung_b=0
hs22 ssn trace=sink median=0.000523s spread=81.794% majors=2 elastic=0 rung_b=0
hs24 ssn trace=sink median=0.000648s spread=48.426% majors=3 elastic=0 rung_b=0
hs25 ssn trace=sink median=0.000027s spread=36.218% majors=0 elastic=0 rung_b=0
hs26 ssn trace=sink median=0.001123s spread=257.410% majors=17 elastic=0 rung_b=0
hs27 ssn trace=sink median=0.001526s spread=63.433% majors=4 elastic=1 rung_b=0
hs28 ssn trace=sink median=0.000273s spread=104.209% majors=3 elastic=0 rung_b=0
hs30 ssn trace=sink median=0.000708s spread=80.306% majors=11 elastic=0 rung_b=0
hs33 ssn trace=sink median=0.000537s spread=33.404% majors=4 elastic=0 rung_b=0
hs35 ssn trace=sink median=0.000131s spread=40.322% majors=1 elastic=0 rung_b=0
hs38 ssn trace=sink median=0.005158s spread=22.107% majors=49 elastic=0 rung_b=0
hs39 ssn trace=sink median=0.001126s spread=27.496% majors=9 elastic=0 rung_b=0
hs40 ssn trace=sink median=0.000320s spread=37.828% majors=4 elastic=0 rung_b=0
hs43 ssn trace=sink median=0.000894s spread=56.537% majors=7 elastic=0 rung_b=0
hs45 ssn trace=sink median=0.000783s spread=35.467% majors=3 elastic=0 rung_b=0
hs76 ssn trace=sink median=0.000277s spread=35.434% majors=2 elastic=0 rung_b=0
hs77 ssn trace=sink median=0.001038s spread=20.121% majors=12 elastic=0 rung_b=0
hs79 ssn trace=sink median=0.000341s spread=163.636% majors=4 elastic=0 rung_b=0

HS SUITE: 27 cell(s), engine ssn, trace sink, repeat 2000, warmup 1
  corpus (sum of per-cell medians): 0.030467 s
  worst per-cell median SE: 0.191 %   <-- THE CALIBRATION READING (target <= 0.5, falls as 1/sqrt(N))
  worst per-cell max-min spread: 257.410 %  (raw cloud; NOT a calibration
                                            statistic -- it is monotone in N)
  cells with unstable counters across repeats: 0
  elastic activations: 12   fallback rung B: 0
  qp.mode events by site: dispatch=261 soc_resolve=2 elastic_rung=84 fallback_rung_b=0
wrote 27 row(s) to /home/ghecht/Projects/hven/.scratch/w5t89r/art/raw/leg2/ssn/sink/base-r1.csv
