hs1 ssn trace=sink median=0.001657s spread=65.142% majors=29 elastic=0 rung_b=0
hs3 ssn trace=sink median=0.000315s spread=71.464% majors=4 elastic=0 rung_b=0
hs5 ssn trace=sink median=0.000294s spread=52.957% majors=4 elastic=0 rung_b=0
hs6 ssn trace=sink median=0.001060s spread=19.496% majors=8 elastic=0 rung_b=0
hs7 ssn trace=sink median=0.001105s spread=26.408% majors=9 elastic=0 rung_b=0
hs10 ssn trace=sink median=0.006481s spread=14.302% majors=14 elastic=8 rung_b=0
hs11 ssn trace=sink median=0.001883s spread=17.906% majors=7 elastic=2 rung_b=0
hs12 ssn trace=sink median=0.000402s spread=32.023% majors=6 elastic=0 rung_b=0
hs14 ssn trace=sink median=0.000353s spread=76.939% majors=5 elastic=0 rung_b=0
hs15 ssn trace=sink median=0.001157s spread=70.294% majors=7 elastic=1 rung_b=0
hs22 ssn trace=sink median=0.000494s spread=67.933% majors=2 elastic=0 rung_b=0
hs24 ssn trace=sink median=0.000619s spread=68.358% majors=3 elastic=0 rung_b=0
hs25 ssn trace=sink median=0.000027s spread=149.810% majors=0 elastic=0 rung_b=0
hs26 ssn trace=sink median=0.001096s spread=261.434% majors=17 elastic=0 rung_b=0
hs27 ssn trace=sink median=0.001496s spread=22.793% majors=4 elastic=1 rung_b=0
hs28 ssn trace=sink median=0.000270s spread=20.850% majors=3 elastic=0 rung_b=0
hs30 ssn trace=sink median=0.000686s spread=43.757% majors=11 elastic=0 rung_b=0
hs33 ssn trace=sink median=0.000531s spread=30.365% majors=4 elastic=0 rung_b=0
hs35 ssn trace=sink median=0.000131s spread=35.848% majors=1 elastic=0 rung_b=0
hs38 ssn trace=sink median=0.005082s spread=14.609% majors=49 elastic=0 rung_b=0
hs39 ssn trace=sink median=0.001118s spread=42.506% majors=9 elastic=0 rung_b=0
hs40 ssn trace=sink median=0.000314s spread=39.317% majors=4 elastic=0 rung_b=0
hs43 ssn trace=sink median=0.000888s spread=38.363% majors=7 elastic=0 rung_b=0
hs45 ssn trace=sink median=0.000778s spread=34.179% majors=3 elastic=0 rung_b=0
hs76 ssn trace=sink median=0.000273s spread=42.311% majors=2 elastic=0 rung_b=0
hs77 ssn trace=sink median=0.001028s spread=23.292% majors=12 elastic=0 rung_b=0
hs79 ssn trace=sink median=0.000335s spread=56.024% majors=4 elastic=0 rung_b=0

HS SUITE: 27 cell(s), engine ssn, trace sink, repeat 2000, warmup 1
  corpus (sum of per-cell medians): 0.029873 s
  worst per-cell median SE: 0.201 %   <-- THE CALIBRATION READING (target <= 0.5, falls as 1/sqrt(N))
  worst per-cell max-min spread: 261.434 %  (raw cloud; NOT a calibration
                                            statistic -- it is monotone in N)
  cells with unstable counters across repeats: 0
  elastic activations: 12   fallback rung B: 0
  qp.mode events by site: dispatch=261 soc_resolve=2 elastic_rung=84 fallback_rung_b=0
wrote 27 row(s) to /home/ghecht/Projects/hven/.scratch/w5t89r/art/raw/leg2/ssn/sink/head-r1.csv
