hs1 ssn trace=sink median=0.001642s spread=44.686% majors=29 elastic=0 rung_b=0
hs3 ssn trace=sink median=0.000316s spread=27.650% majors=4 elastic=0 rung_b=0
hs5 ssn trace=sink median=0.000293s spread=33.810% majors=4 elastic=0 rung_b=0
hs6 ssn trace=sink median=0.001060s spread=74.617% majors=8 elastic=0 rung_b=0
hs7 ssn trace=sink median=0.001105s spread=50.987% majors=9 elastic=0 rung_b=0
hs10 ssn trace=sink median=0.006492s spread=15.391% majors=14 elastic=8 rung_b=0
hs11 ssn trace=sink median=0.001887s spread=18.550% majors=7 elastic=2 rung_b=0
hs12 ssn trace=sink median=0.000400s spread=56.368% majors=6 elastic=0 rung_b=0
hs14 ssn trace=sink median=0.000351s spread=18.642% majors=5 elastic=0 rung_b=0
hs15 ssn trace=sink median=0.001155s spread=16.780% majors=7 elastic=1 rung_b=0
hs22 ssn trace=sink median=0.000494s spread=28.008% majors=2 elastic=0 rung_b=0
hs24 ssn trace=sink median=0.000619s spread=26.022% majors=3 elastic=0 rung_b=0
hs25 ssn trace=sink median=0.000027s spread=50.667% majors=0 elastic=0 rung_b=0
hs26 ssn trace=sink median=0.001093s spread=262.813% majors=17 elastic=0 rung_b=0
hs27 ssn trace=sink median=0.001502s spread=13.023% majors=4 elastic=1 rung_b=0
hs28 ssn trace=sink median=0.000271s spread=44.159% majors=3 elastic=0 rung_b=0
hs30 ssn trace=sink median=0.000684s spread=35.721% majors=11 elastic=0 rung_b=0
hs33 ssn trace=sink median=0.000532s spread=51.274% majors=4 elastic=0 rung_b=0
hs35 ssn trace=sink median=0.000131s spread=76.511% majors=1 elastic=0 rung_b=0
hs38 ssn trace=sink median=0.005083s spread=14.251% majors=49 elastic=0 rung_b=0
hs39 ssn trace=sink median=0.001115s spread=33.037% majors=9 elastic=0 rung_b=0
hs40 ssn trace=sink median=0.000315s spread=60.069% majors=4 elastic=0 rung_b=0
hs43 ssn trace=sink median=0.000890s spread=23.208% majors=7 elastic=0 rung_b=0
hs45 ssn trace=sink median=0.000778s spread=33.898% majors=3 elastic=0 rung_b=0
hs76 ssn trace=sink median=0.000275s spread=81.304% majors=2 elastic=0 rung_b=0
hs77 ssn trace=sink median=0.001026s spread=52.908% majors=12 elastic=0 rung_b=0
hs79 ssn trace=sink median=0.000333s spread=94.221% majors=4 elastic=0 rung_b=0

HS SUITE: 27 cell(s), engine ssn, trace sink, repeat 2000, warmup 1
  corpus (sum of per-cell medians): 0.029868 s
  worst per-cell median SE: 0.187 %   <-- THE CALIBRATION READING (target <= 0.5, falls as 1/sqrt(N))
  worst per-cell max-min spread: 262.813 %  (raw cloud; NOT a calibration
                                            statistic -- it is monotone in N)
  cells with unstable counters across repeats: 0
  elastic activations: 12   fallback rung B: 0
  qp.mode events by site: dispatch=261 soc_resolve=2 elastic_rung=84 fallback_rung_b=0
wrote 27 row(s) to /home/ghecht/Projects/hven/.scratch/w5t89r/art/raw/leg2/ssn/sink/head-r3.csv
