hs1 ssn trace=sink median=0.001682s spread=53.026% majors=29 elastic=0 rung_b=0
hs3 ssn trace=sink median=0.000321s spread=30.061% majors=4 elastic=0 rung_b=0
hs5 ssn trace=sink median=0.000301s spread=26.531% majors=4 elastic=0 rung_b=0
hs6 ssn trace=sink median=0.001064s spread=9.886% majors=8 elastic=0 rung_b=0
hs7 ssn trace=sink median=0.001109s spread=9.445% majors=9 elastic=0 rung_b=0
hs10 ssn trace=sink median=0.006556s spread=12.644% majors=14 elastic=8 rung_b=0
hs11 ssn trace=sink median=0.002030s spread=13.357% majors=7 elastic=2 rung_b=0
hs12 ssn trace=sink median=0.000409s spread=43.236% majors=6 elastic=0 rung_b=0
hs14 ssn trace=sink median=0.000360s spread=41.594% majors=5 elastic=0 rung_b=0
hs15 ssn trace=sink median=0.001187s spread=25.294% majors=7 elastic=1 rung_b=0
hs22 ssn trace=sink median=0.000522s spread=23.754% majors=2 elastic=0 rung_b=0
hs24 ssn trace=sink median=0.000649s spread=19.526% majors=3 elastic=0 rung_b=0
hs25 ssn trace=sink median=0.000027s spread=33.772% majors=0 elastic=0 rung_b=0
hs26 ssn trace=sink median=0.001113s spread=259.807% majors=17 elastic=0 rung_b=0
hs27 ssn trace=sink median=0.001527s spread=25.957% majors=4 elastic=1 rung_b=0
hs28 ssn trace=sink median=0.000272s spread=45.616% majors=3 elastic=0 rung_b=0
hs30 ssn trace=sink median=0.000700s spread=17.693% majors=11 elastic=0 rung_b=0
hs33 ssn trace=sink median=0.000536s spread=19.924% majors=4 elastic=0 rung_b=0
hs35 ssn trace=sink median=0.000132s spread=44.471% majors=1 elastic=0 rung_b=0
hs38 ssn trace=sink median=0.005150s spread=15.484% majors=49 elastic=0 rung_b=0
hs39 ssn trace=sink median=0.001128s spread=13.612% majors=9 elastic=0 rung_b=0
hs40 ssn trace=sink median=0.000323s spread=27.235% majors=4 elastic=0 rung_b=0
hs43 ssn trace=sink median=0.000893s spread=20.326% majors=7 elastic=0 rung_b=0
hs45 ssn trace=sink median=0.000782s spread=41.595% majors=3 elastic=0 rung_b=0
hs76 ssn trace=sink median=0.000277s spread=32.221% majors=2 elastic=0 rung_b=0
hs77 ssn trace=sink median=0.001040s spread=12.129% majors=12 elastic=0 rung_b=0
hs79 ssn trace=sink median=0.000344s spread=26.920% majors=4 elastic=0 rung_b=0

HS SUITE: 27 cell(s), engine ssn, trace sink, repeat 2000, warmup 1
  corpus (sum of per-cell medians): 0.030431 s
  worst per-cell median SE: 0.196 %   <-- THE CALIBRATION READING (target <= 0.5, falls as 1/sqrt(N))
  worst per-cell max-min spread: 259.807 %  (raw cloud; NOT a calibration
                                            statistic -- it is monotone in N)
  cells with unstable counters across repeats: 0
  elastic activations: 12   fallback rung B: 0
  qp.mode events by site: dispatch=261 soc_resolve=2 elastic_rung=84 fallback_rung_b=0
wrote 27 row(s) to /home/ghecht/Projects/hven/.scratch/w5t89r/art/raw/leg2/ssn/sink/passB-base-r1.csv
