[1/202] Building CXX object CMakeFiles/hven.dir/src/core/version.cpp.o
[2/202] Building CXX object CMakeFiles/hven.dir/src/core/enum_names.cpp.o
[3/202] Building CXX object CMakeFiles/hven.dir/src/core/pattern_hash.cpp.o
[4/202] Building CXX object CMakeFiles/hven.dir/src/core/ledger.cpp.o
[5/202] Building CXX object CMakeFiles/hven.dir/src/kkt/kkt_calls.cpp.o
[6/202] Building CXX object CMakeFiles/hven.dir/src/linear/pardiso_session.cpp.o
[7/202] Building CXX object CMakeFiles/hven.dir/src/linear/dense_symmetric_factor.cpp.o
[8/202] Building CXX object CMakeFiles/hven.dir/src/linear/symmetric_factor_mkl.cpp.o
[9/202] Building CXX object CMakeFiles/hven.dir/cmake_pch.hxx.pch
[10/202] Building CXX object CMakeFiles/hven.dir/src/drivers/solver_init.cpp.o
[11/202] Building CXX object CMakeFiles/hven.dir/src/drivers/solve_status.cpp.o
[12/202] Building CXX object CMakeFiles/hven.dir/src/drivers/ipm_options.cpp.o
[13/202] Building CXX object CMakeFiles/hven.dir/src/drivers/solve_result.cpp.o
[14/202] Building CXX object CMakeFiles/hven.dir/src/model/assembly_declaration.cpp.o
[15/202] Building CXX object CMakeFiles/hven.dir/src/model/nlp_model_assembly.cpp.o
[16/202] Building CXX object CMakeFiles/hven.dir/src/model/nlp_problem_model.cpp.o
[17/202] Building CXX object CMakeFiles/hven.dir/src/interior/utils/color_text.cpp.o
[18/202] Building CXX object CMakeFiles/hven.dir/src/interior/utils/get_core_count.cpp.o
[19/202] Building CXX object CMakeFiles/hven.dir/src/interior/utils/thread_pool.cpp.o
[20/202] Building CXX object CMakeFiles/hven.dir/src/interior/utils/memory_management.cpp.o
[21/202] Building CXX object CMakeFiles/hven.dir/src/model/nlp_adapter.cpp.o
[22/202] Building CXX object CMakeFiles/hven.dir/src/interior/kkt_factorization.cpp.o
[23/202] Building CXX object CMakeFiles/hven.dir/src/drivers/ipm_solver.cpp.o
[24/202] Building CXX object CMakeFiles/hven.dir/src/model/non_linear_program.cpp.o
[25/202] Building CXX object CMakeFiles/hven.dir/src/drivers/problem_scaling.cpp.o
[26/202] Building CXX object CMakeFiles/hven.dir/src/drivers/ipm_solver_globalization.cpp.o
[27/202] Building CXX object CMakeFiles/hven.dir/src/drivers/sqp_options.cpp.o
[28/202] Building CXX object CMakeFiles/hven.dir/src/drivers/console_trace_sink.cpp.o
[29/202] Building CXX object CMakeFiles/hven.dir/src/drivers/assembly_eval_seam.cpp.o
[30/202] Building CXX object CMakeFiles/hven.dir/src/globalization/sqp/funnel.cpp.o
[31/202] Building CXX object CMakeFiles/hven.dir/src/drivers/trace.cpp.o
[32/202] Building CXX object CMakeFiles/hven.dir/src/drivers/trace_writer.cpp.o
[33/202] Building CXX object CMakeFiles/hven.dir/src/drivers/sqp_print.cpp.o
[34/202] Building CXX object CMakeFiles/hven.dir/src/qp/ipqp_kkt_layout.cpp.o
[35/202] Building CXX object CMakeFiles/hven.dir/src/drivers/sqp_solver.cpp.o
/home/ghecht/Projects/hven/src/drivers/sqp_solver.cpp:4488:13: warning: enumeration values 'kAcceptable', 'kStalled', and 'kDiverging' not handled in switch [-Wswitch]
 4488 |     switch (rs.status) {
      |             ^~~~~~~~~
1 warning generated.
[36/202] Building CXX object CMakeFiles/hven.dir/src/warmstart/warm_start.cpp.o
[37/202] Building CXX object CMakeFiles/hven.dir/src/globalization/sqp/soc_elastic_restoration.cpp.o
[38/202] Building CXX object CMakeFiles/hven.dir/src/qp/ssn_engine.cpp.o
[39/202] Building CXX object CMakeFiles/hven.dir/src/qp/ipqp_engine.cpp.o
[40/202] Building CXX object CMakeFiles/hven.dir/src/warmstart/ipm_polish_extension.cpp.o
[41/202] Building CXX object CMakeFiles/hven.dir/src/warmstart/continuation.cpp.o
[42/202] Building CXX object CMakeFiles/hven.dir/src/qp/qp_engine.cpp.o
[43/202] Building CXX object CMakeFiles/hven.dir/src/warmstart/warm_start_data.cpp.o
[44/202] Linking CXX static library libhven.a
[45/202] Building CXX object _deps/googletest-build/googletest/CMakeFiles/gtest_main.dir/src/gtest_main.cc.o
[46/202] Building CXX object tests/CMakeFiles/hven_tests.dir/core/test_version.cpp.o
[47/202] Building CXX object tests/CMakeFiles/hven_tests.dir/core/test_sparse_backend_link.cpp.o
[48/202] Building CXX object _deps/googletest-build/googlemock/CMakeFiles/gmock.dir/src/gmock-all.cc.o
[49/202] Building CXX object tests/CMakeFiles/hven_tests.dir/core/test_core_layering.cpp.o
[50/202] Building CXX object _deps/googletest-build/googletest/CMakeFiles/gtest.dir/src/gtest-all.cc.o
In file included from /home/ghecht/Projects/hven/.scratch/m6-close/build-3seam/_deps/googletest-src/googletest/src/gtest-all.cc:38:
In file included from /home/ghecht/Projects/hven/.scratch/m6-close/build-3seam/_deps/googletest-src/googletest/include/gtest/gtest.h:64:
In file included from /home/ghecht/Projects/hven/.scratch/m6-close/build-3seam/_deps/googletest-src/googletest/include/gtest/gtest-death-test.h:43:
In file included from /home/ghecht/Projects/hven/.scratch/m6-close/build-3seam/_deps/googletest-src/googletest/include/gtest/internal/gtest-death-test-internal.h:47:
In file included from /home/ghecht/Projects/hven/.scratch/m6-close/build-3seam/_deps/googletest-src/googletest/include/gtest/gtest-matchers.h:49:
/home/ghecht/Projects/hven/.scratch/m6-close/build-3seam/_deps/googletest-src/googletest/include/gtest/gtest-printers.h:528:35: warning: implicit conversion from 'char8_t' to 'char32_t' may change the meaning of the represented code unit [-Wcharacter-conversion]
  528 |   PrintTo(ImplicitCast_<char32_t>(c), os);
      |           ~~~~~~~~~~~~~           ^
1 warning generated.
[51/202] Linking CXX static library lib/libgtest.a
[52/202] Building CXX object tests/CMakeFiles/hven_tests.dir/core/test_pattern_hash.cpp.o
[53/202] Building CXX object tests/CMakeFiles/hven_tests.dir/linear/test_dense_symmetric_factor.cpp.o
[54/202] Building CXX object tests/CMakeFiles/hven_tests.dir/linear/test_symmetric_factor_evidence_invariants.cpp.o
[55/202] Building CXX object tests/CMakeFiles/hven_tests.dir/linear/test_symmetric_factor_pardiso_only_options.cpp.o
[56/202] Building CXX object bench/CMakeFiles/hven_sqp_corpus.dir/ipm_corpus_leg.cpp.o
[57/202] Building CXX object tests/CMakeFiles/hven_tests.dir/warmstart/test_warm_start_data.cpp.o
[58/202] Building CXX object tests/CMakeFiles/hven_fault_injection_tests.dir/__/src/core/pattern_hash.cpp.o
[59/202] Building CXX object tests/CMakeFiles/hven_fault_injection_tests.dir/__/src/interior/kkt_factorization.cpp.o
[60/202] Building CXX object tests/CMakeFiles/hven_tests.dir/warmstart/test_ipm_polish_extension.cpp.o
[61/202] Building CXX object tests/CMakeFiles/hven_tests.dir/linear/test_symmetric_factor.cpp.o
[62/202] Building CXX object tests/CMakeFiles/hven_tests.dir/linear/test_dense_symmetric_factor_growth.cpp.o
[63/202] Building CXX object bench/CMakeFiles/hven_sqp_corpus.dir/bench_corpus.cpp.o
[64/202] Building CXX object tests/CMakeFiles/hven_fault_injection_tests.dir/interior/test_kkt_factorization_faults.cpp.o
[65/202] Building CXX object tests/CMakeFiles/hven_fault_injection_tests.dir/linear/test_fault_injection.cpp.o
[66/202] Linking CXX executable bench/hven_sqp_corpus
[67/202] Building CXX object tests/CMakeFiles/hven_fault_injection_tests.dir/__/src/linear/pardiso_session.cpp.o
[68/202] Building CXX object tests/CMakeFiles/hven_fault_injection_tests.dir/__/src/linear/symmetric_factor_mkl.cpp.o
[69/202] Building CXX object tests/CMakeFiles/hven_ipqp_seam_tests.dir/__/src/core/enum_names.cpp.o
[70/202] Building CXX object tests/CMakeFiles/hven_ipqp_seam_tests.dir/__/src/core/pattern_hash.cpp.o
[71/202] Building CXX object tests/CMakeFiles/hven_ipqp_seam_tests.dir/__/src/core/ledger.cpp.o
[72/202] Building CXX object tests/CMakeFiles/hven_ipqp_seam_tests.dir/__/src/drivers/sqp_options.cpp.o
[73/202] Linking CXX static library lib/libgmock.a
[74/202] Building CXX object tests/CMakeFiles/hven_ipqp_seam_tests.dir/__/src/drivers/trace.cpp.o
[75/202] Linking CXX static library lib/libgtest_main.a
[76/202] Building CXX object tests/CMakeFiles/hven_ipqp_seam_tests.dir/__/src/interior/kkt_factorization.cpp.o
[77/202] Building CXX object _deps/googletest-build/googlemock/CMakeFiles/gmock_main.dir/src/gmock_main.cc.o
[78/202] Building CXX object tests/CMakeFiles/hven_ipqp_seam_tests.dir/__/src/qp/ipqp_kkt_layout.cpp.o
[79/202] Building CXX object tests/golden_rig/CMakeFiles/hven_golden_rig_support.dir/seam_native.cpp.o
[80/202] Building CXX object tests/golden_rig/CMakeFiles/hven_golden_rig_support.dir/seam_registry.cpp.o
[81/202] Building CXX object tests/CMakeFiles/hven_ipqp_seam_tests.dir/__/src/linear/pardiso_session.cpp.o
[82/202] Building CXX object tests/CMakeFiles/hven_ipqp_seam_tests.dir/__/src/linear/symmetric_factor_mkl.cpp.o
[83/202] Building CXX object tests/golden_rig/CMakeFiles/hven_golden_rig_support.dir/recipes.cpp.o
[84/202] Building CXX object tests/golden_rig/CMakeFiles/hven_golden_rig_support.dir/seam_psiopt.cpp.o
[85/202] Building CXX object tests/CMakeFiles/hven_ipqp_seam_tests.dir/sqp/test_ipqp_seams.cpp.o
[86/202] Building CXX object tests/CMakeFiles/hven_ipqp_seam_tests.dir/__/src/qp/ipqp_engine.cpp.o
[87/202] Building CXX object tests/golden_rig/CMakeFiles/hven_golden_rig_support.dir/expected_table.cpp.o
[88/202] Building CXX object tests/golden_rig/CMakeFiles/hven_golden_rig_support.dir/seam_sqp.cpp.o
[89/202] Building CXX object tests/golden_rig/CMakeFiles/hven_golden_rig.dir/fail_by_design_control.cpp.o
[90/202] Building CXX object tests/golden_rig/CMakeFiles/hven_golden_rig_support.dir/trace_support.cpp.o
[91/202] Building CXX object tests/golden_rig/CMakeFiles/hven_golden_rig.dir/traces_interior_point.cpp.o
[92/202] Building CXX object tests/golden_rig/CMakeFiles/hven_golden_rig.dir/traces_sqp.cpp.o
[93/202] Building CXX object tests/golden_rig/CMakeFiles/hven_golden_rig_audit.dir/audit/pardiso_recorder.cpp.o
[94/202] Building CXX object tests/golden_rig/CMakeFiles/hven_golden_rig_report.dir/traces_sqp.cpp.o
[95/202] Building CXX object tests/golden_rig/CMakeFiles/hven_golden_rig_report.dir/fail_by_design_control.cpp.o
[96/202] Building CXX object tests/golden_rig/CMakeFiles/hven_golden_rig_report.dir/traces_interior_point.cpp.o
[97/202] Building CXX object tests/golden_rig/CMakeFiles/hven_golden_rig_report.dir/report_main.cpp.o
[98/202] Building CXX object tests/golden_rig/CMakeFiles/hven_golden_rig_audit.dir/audit/test_audit_shim.cpp.o
[99/202] Building CXX object tests/interior/CMakeFiles/hven_interior_tests.dir/Unity/unity_3_cxx.cxx.o
[100/202] Building CXX object tests/drivers/CMakeFiles/hven_drivers_tests.dir/test_console_sink.cpp.o
[101/202] Building CXX object tests/drivers/CMakeFiles/hven_drivers_tests.dir/test_solve_status.cpp.o
[102/202] Building CXX object tests/drivers/CMakeFiles/hven_drivers_tests.dir/test_concurrency.cpp.o
[103/202] Building CXX object tests/drivers/CMakeFiles/hven_drivers_tests.dir/test_print_tables.cpp.o
[104/202] Building CXX object tests/drivers/CMakeFiles/hven_drivers_tests.dir/test_callback.cpp.o
/home/ghecht/Projects/hven/tests/drivers/test_callback.cpp:528:57: warning: 'eval_grad' is deprecated: use eval_grad_in_place; deprecated in M6 W5; removal is a separate declared break [-Wdeprecated-declarations]
  528 |                     e.x, e.lambda_e, e.lambda_i, e.z, m.eval_grad(e.x), m.eval_jac_e(e.x),
      |                                                         ^
/home/ghecht/Projects/hven/include/hven/model/nlp_model.h:83:7: note: 'eval_grad' has been explicitly marked deprecated here
   83 |     [[deprecated(
      |       ^
/home/ghecht/Projects/hven/tests/drivers/test_callback.cpp:528:75: warning: 'eval_jac_e' is deprecated: use eval_jac_e_in_place; deprecated in M6 W5; removal is a separate declared break [-Wdeprecated-declarations]
  528 |                     e.x, e.lambda_e, e.lambda_i, e.z, m.eval_grad(e.x), m.eval_jac_e(e.x),
      |                                                                           ^
/home/ghecht/Projects/hven/include/hven/model/nlp_model.h:111:7: note: 'eval_jac_e' has been explicitly marked deprecated here
  111 |     [[deprecated(
      |       ^
/home/ghecht/Projects/hven/tests/drivers/test_callback.cpp:529:23: warning: 'eval_jac_i' is deprecated: use eval_jac_i_in_place; deprecated in M6 W5; removal is a separate declared break [-Wdeprecated-declarations]
  529 |                     m.eval_jac_i(e.x), m.eval_ce(e.x), m.eval_ci(e.x), m.lower(), m.upper(), {});
      |                       ^
/home/ghecht/Projects/hven/include/hven/model/nlp_model.h:115:7: note: 'eval_jac_i' has been explicitly marked deprecated here
  115 |     [[deprecated(
      |       ^
/home/ghecht/Projects/hven/tests/drivers/test_callback.cpp:529:42: warning: 'eval_ce' is deprecated: use eval_ce_in_place; deprecated in M6 W5; removal is a separate declared break [-Wdeprecated-declarations]
  529 |                     m.eval_jac_i(e.x), m.eval_ce(e.x), m.eval_ci(e.x), m.lower(), m.upper(), {});
      |                                          ^
/home/ghecht/Projects/hven/include/hven/model/nlp_model.h:87:7: note: 'eval_ce' has been explicitly marked deprecated here
   87 |     [[deprecated(
      |       ^
/home/ghecht/Projects/hven/tests/drivers/test_callback.cpp:529:58: warning: 'eval_ci' is deprecated: use eval_ci_in_place; deprecated in M6 W5; removal is a separate declared break [-Wdeprecated-declarations]
  529 |                     m.eval_jac_i(e.x), m.eval_ce(e.x), m.eval_ci(e.x), m.lower(), m.upper(), {});
      |                                                          ^
/home/ghecht/Projects/hven/include/hven/model/nlp_model.h:91:7: note: 'eval_ci' has been explicitly marked deprecated here
   91 |     [[deprecated(
      |       ^
5 warnings generated.
[105/202] Building CXX object tests/drivers/CMakeFiles/hven_drivers_tests.dir/test_options.cpp.o
[106/202] Building CXX object tests/interior/CMakeFiles/hven_interior_tests.dir/Unity/unity_2_cxx.cxx.o
In file included from /home/ghecht/Projects/hven/.scratch/m6-close/build-3seam/tests/interior/CMakeFiles/hven_interior_tests.dir/Unity/unity_2_cxx.cxx:22:
/home/ghecht/Projects/hven/tests/interior/test_solver_interface_adapter.cpp:62:22: warning: expression with side effects will be evaluated despite being used as an operand to 'typeid' [-Wpotentially-evaluated-expression]
   62 |     EXPECT_EQ(typeid(ci.storage_.get()), typeid(ConstraintModel<StubDefectFamily<3>>));
      |                      ^
/home/ghecht/Projects/hven/tests/interior/test_solver_interface_adapter.cpp:69:22: warning: expression with side effects will be evaluated despite being used as an operand to 'typeid' [-Wpotentially-evaluated-expression]
   69 |     EXPECT_EQ(typeid(ci.storage_.get()), typeid(ConstraintModel<StubConstraintOnly>));
      |                      ^
/home/ghecht/Projects/hven/tests/interior/test_solver_interface_adapter.cpp:75:22: warning: expression with side effects will be evaluated despite being used as an operand to 'typeid' [-Wpotentially-evaluated-expression]
   75 |     EXPECT_EQ(typeid(oi.storage_.get()), typeid(ObjectiveModel<StubScalarObjective>));
      |                      ^
/home/ghecht/Projects/hven/tests/interior/test_solver_interface_adapter.cpp:85:22: warning: expression with side effects will be evaluated despite being used as an operand to 'typeid' [-Wpotentially-evaluated-expression]
   85 |     EXPECT_EQ(typeid(ci.storage_.get()), typeid(ConstraintModel<StubMixinConstraintOnly>));
      |                      ^
/home/ghecht/Projects/hven/tests/interior/test_solver_interface_adapter.cpp:99:22: warning: expression with side effects will be evaluated despite being used as an operand to 'typeid' [-Wpotentially-evaluated-expression]
   99 |     EXPECT_EQ(typeid(oi.storage_.get()), typeid(ObjectiveModel<StubMixinObjectiveOnly>));
      |                      ^
/home/ghecht/Projects/hven/tests/interior/test_solver_interface_adapter.cpp:108:22: warning: expression with side effects will be evaluated despite being used as an operand to 'typeid' [-Wpotentially-evaluated-expression]
  108 |     EXPECT_EQ(typeid(ci.storage_.get()), typeid(ConstraintModel<StubAdapterMissingObjective>));
      |                      ^
/home/ghecht/Projects/hven/tests/interior/test_solver_interface_adapter.cpp:142:22: warning: expression with side effects will be evaluated despite being used as an operand to 'typeid' [-Wpotentially-evaluated-expression]
  142 |     EXPECT_EQ(typeid(copy.storage_.get()), typeid(ConstraintModel<StubDefectFamily<2>>));
      |                      ^
7 warnings generated.
[107/202] Building CXX object tests/interior/CMakeFiles/hven_interior_tests.dir/Unity/unity_0_cxx.cxx.o
[108/202] Building CXX object tests/model/CMakeFiles/hven_model_tests.dir/support/fake_aggregate.cpp.o
[109/202] Building CXX object tests/drivers/CMakeFiles/hven_drivers_tests.dir/test_threads.cpp.o
[110/202] Building CXX object tests/drivers/CMakeFiles/hven_drivers_tests.dir/test_warm_protocol.cpp.o
[111/202] Building CXX object tests/drivers/CMakeFiles/hven_drivers_tests.dir/test_solve_result.cpp.o
[112/202] Building CXX object tests/model/CMakeFiles/hven_model_tests.dir/test_contract_flags.cpp.o
[113/202] Building CXX object tests/model/CMakeFiles/hven_model_tests.dir/test_claim_stream_restatement.cpp.o
[114/202] Building CXX object tests/model/CMakeFiles/hven_model_tests.dir/test_identity_probe.cpp.o
[115/202] Building CXX object tests/sqp/CMakeFiles/hven_sqp_tests.dir/test_accelerate_probes.cpp.o
[116/202] Building CXX object tests/model/CMakeFiles/hven_model_tests.dir/test_claim_stream_state.cpp.o
[117/202] Building CXX object tests/model/CMakeFiles/hven_model_tests.dir/test_aggregate_contract.cpp.o
[118/202] Building CXX object tests/model/CMakeFiles/hven_model_tests.dir/test_model_structure_key.cpp.o
[119/202] Building CXX object tests/model/CMakeFiles/hven_model_tests.dir/test_model_surface_kkt.cpp.o
[120/202] Building CXX object tests/interior/CMakeFiles/hven_interior_tests.dir/Unity/unity_1_cxx.cxx.o
[121/202] Building CXX object tests/model/CMakeFiles/hven_model_tests.dir/test_structure_epoch.cpp.o
[122/202] Building CXX object tests/model/CMakeFiles/hven_model_tests.dir/test_nlp_model_assembly.cpp.o
[123/202] Building CXX object tests/sqp/CMakeFiles/hven_sqp_tests.dir/test_bench_dump.cpp.o
[124/202] Building CXX object tests/sqp/CMakeFiles/hven_sqp_tests.dir/test_activity_telemetry.cpp.o
[125/202] Building CXX object tests/sqp/CMakeFiles/hven_sqp_tests.dir/test_border_ops.cpp.o
[126/202] Building CXX object tests/sqp/CMakeFiles/hven_sqp_tests.dir/test_assembly_eval_seam.cpp.o
[127/202] Building CXX object tests/sqp/CMakeFiles/hven_sqp_tests.dir/test_b1_gate.cpp.o
[128/202] Building CXX object tests/sqp/CMakeFiles/hven_sqp_tests.dir/test_continuation.cpp.o
[129/202] Building CXX object tests/sqp/CMakeFiles/hven_sqp_tests.dir/test_funnel.cpp.o
[130/202] Building CXX object tests/sqp/CMakeFiles/hven_sqp_tests.dir/test_crossover_legs.cpp.o
[131/202] Building CXX object tests/sqp/CMakeFiles/hven_sqp_tests.dir/test_dense_oracle.cpp.o
[132/202] Building CXX object tests/sqp/CMakeFiles/hven_sqp_tests.dir/test_eqp_refine_ab.cpp.o
/home/ghecht/Projects/hven/tests/sqp/test_eqp_refine_ab.cpp:141:13: warning: 4 enumeration values not handled in switch: 'kAcceptable', 'kStalled', 'kDiverging'... [-Wswitch]
  141 |     switch (s) {
      |             ^
1 warning generated.
[133/202] Building CXX object tests/sqp/CMakeFiles/hven_sqp_tests.dir/test_eqp_solve.cpp.o
[134/202] Building CXX object tests/sqp/CMakeFiles/hven_sqp_tests.dir/test_hs_battery.cpp.o
/home/ghecht/Projects/hven/tests/sqp/test_hs_battery.cpp:239:13: warning: 4 enumeration values not handled in switch: 'kAcceptable', 'kStalled', 'kDiverging'... [-Wswitch]
  239 |     switch (s) {
      |             ^
1 warning generated.
[135/202] Building CXX object tests/sqp/CMakeFiles/hven_sqp_tests.dir/test_corpus_cells.cpp.o
[136/202] Building CXX object tests/sqp/CMakeFiles/hven_sqp_tests.dir/test_ipqp_counters.cpp.o
[137/202] Building CXX object tests/sqp/CMakeFiles/hven_sqp_tests.dir/test_ipqp_kkt_layout.cpp.o
[138/202] Building CXX object tests/sqp/CMakeFiles/hven_sqp_tests.dir/test_ipqp_certification.cpp.o
[139/202] Building CXX object tests/sqp/CMakeFiles/hven_sqp_tests.dir/test_hs_sweeps.cpp.o
[140/202] Building CXX object tests/sqp/CMakeFiles/hven_sqp_tests.dir/test_ipqp_math.cpp.o
[141/202] Building CXX object tests/sqp/CMakeFiles/hven_sqp_tests.dir/test_ipqp_options.cpp.o
[142/202] Building CXX object tests/sqp/CMakeFiles/hven_sqp_tests.dir/test_ipqp_engine.cpp.o
[143/202] Building CXX object tests/sqp/CMakeFiles/hven_sqp_tests.dir/test_ipqp_dispatch.cpp.o
[144/202] Building CXX object tests/sqp/CMakeFiles/hven_sqp_tests.dir/test_kkt_calls.cpp.o
[145/202] Building CXX object tests/sqp/CMakeFiles/hven_sqp_tests.dir/test_kkt_partial_solve.cpp.o
[146/202] Building CXX object tests/sqp/CMakeFiles/hven_sqp_tests.dir/test_kkt_inertia_probe.cpp.o
[147/202] Building CXX object tests/sqp/CMakeFiles/hven_sqp_tests.dir/test_kkt_assembly.cpp.o
[148/202] Building CXX object tests/sqp/CMakeFiles/hven_sqp_tests.dir/test_ipqp_acceptance.cpp.o
[149/202] Building CXX object tests/sqp/CMakeFiles/hven_sqp_tests.dir/test_ipqp_warm_restart.cpp.o
[150/202] Building CXX object tests/sqp/CMakeFiles/hven_sqp_tests.dir/test_nlp_kkt_check.cpp.o
[151/202] Building CXX object tests/sqp/CMakeFiles/hven_sqp_tests.dir/test_ipqp_trace.cpp.o
[152/202] Building CXX object tests/sqp/CMakeFiles/hven_sqp_tests.dir/test_ledger.cpp.o
[153/202] Building CXX object tests/sqp/CMakeFiles/hven_sqp_tests.dir/test_mesh_transfer.cpp.o
[154/202] Building CXX object tests/sqp/CMakeFiles/hven_sqp_tests.dir/test_nlp_model.cpp.o
[155/202] Building CXX object tests/sqp/CMakeFiles/hven_sqp_tests.dir/test_parametric_families.cpp.o
[156/202] Building CXX object tests/sqp/CMakeFiles/hven_sqp_tests.dir/test_problem_scaling.cpp.o
[157/202] Building CXX object tests/sqp/CMakeFiles/hven_sqp_tests.dir/test_predictor.cpp.o
[158/202] Building CXX object tests/sqp/CMakeFiles/hven_sqp_tests.dir/test_qp_engine_border.cpp.o
[159/202] Building CXX object tests/sqp/CMakeFiles/hven_sqp_tests.dir/test_qp_engine.cpp.o
[160/202] Building CXX object tests/sqp/CMakeFiles/hven_sqp_tests.dir/test_qp_mode_sites.cpp.o
[161/202] Building CXX object tests/sqp/CMakeFiles/hven_sqp_tests.dir/test_scaffold.cpp.o
[162/202] Building CXX object tests/sqp/CMakeFiles/hven_sqp_tests.dir/test_qp_engine_tr.cpp.o
[163/202] Building CXX object tests/sqp/CMakeFiles/hven_sqp_tests.dir/test_qp_warm_start.cpp.o
[164/202] Building CXX object tests/sqp/CMakeFiles/hven_sqp_tests.dir/test_scale_problems.cpp.o
[165/202] Building CXX object tests/sqp/CMakeFiles/hven_sqp_tests.dir/test_scale_smoke.cpp.o
[166/202] Building CXX object tests/sqp/CMakeFiles/hven_sqp_tests.dir/test_qp_engine_indefinite.cpp.o
[167/202] Building CXX object tests/sqp/CMakeFiles/hven_sqp_tests.dir/test_types.cpp.o
[168/202] Building CXX object tests/sqp/CMakeFiles/hven_sqp_tests.dir/test_schur.cpp.o
[169/202] Building CXX object tests/sqp/CMakeFiles/hven_sqp_tests.dir/test_sqp_restoration.cpp.o
[170/202] Building CXX object tests/sqp/CMakeFiles/hven_sqp_tests.dir/test_sqp_warm_currency.cpp.o
[171/202] Building CXX object tests/sqp/CMakeFiles/hven_sqp_tests.dir/test_ssn_engine.cpp.o
[172/202] Building CXX object tests/sqp/CMakeFiles/hven_sqp_tests.dir/test_snopt_bridge_gate.cpp.o
[173/202] Building CXX object tests/sqp/CMakeFiles/hven_sqp_tests.dir/test_trace_writer.cpp.o
[174/202] Building CXX object tests/sqp/CMakeFiles/hven_sqp_tests.dir/test_warm_start_battery.cpp.o
[175/202] Building CXX object tests/sqp/CMakeFiles/hven_sqp_tests.dir/__/__/bench/ipm_corpus_leg.cpp.o
[176/202] Building CXX object bench/CMakeFiles/hven_sqp_bench.dir/bench_scale.cpp.o
[177/202] Building CXX object tests/sqp/CMakeFiles/hven_sqp_tests.dir/test_warm_start.cpp.o
[178/202] Building CXX object bench/CMakeFiles/hven_sqp_f7_cold.dir/bench_f7_cold.cpp.o
[179/202] Linking CXX executable tests/hven_tests
[180/202] Linking CXX executable tests/hven_fault_injection_tests
[181/202] Linking CXX static library lib/libgmock_main.a
[182/202] Linking CXX executable tests/hven_ipqp_seam_tests
[183/202] Building CXX object tests/sqp/CMakeFiles/hven_sqp_tests.dir/test_sqp_solver.cpp.o
[184/202] Linking CXX executable tests/golden_rig/hven_golden_rig_report
[185/202] Linking CXX executable tests/golden_rig/hven_golden_rig
[186/202] Building CXX object bench/CMakeFiles/hven_sqp_tau_bar_sweep_probe.dir/tau_bar_sweep_probe.cpp.o
[187/202] Linking CXX executable tests/golden_rig/hven_golden_rig_audit
[188/202] Linking CXX executable tests/model/hven_model_tests
[189/202] Building CXX object bench/CMakeFiles/hven_sqp_snopt_f7.dir/bench_snopt_f7.cpp.o
[190/202] Linking CXX executable tests/drivers/hven_drivers_tests
[191/202] Linking CXX executable tests/interior/hven_interior_tests
[192/202] Linking CXX executable bench/hven_sqp_bench
[193/202] Linking CXX executable bench/hven_sqp_snopt_f7
[194/202] Linking CXX executable bench/hven_sqp_f7_cold
[195/202] Linking CXX executable bench/hven_sqp_tau_bar_sweep_probe
[196/202] Linking CXX executable tests/sqp/hven_sqp_tests
[197/202] Building CXX object bench/CMakeFiles/hven_sqp_crossover.dir/bench_crossover.cpp.o
[198/202] Building CXX object bench/CMakeFiles/hven_sqp_ssn_safeguard_probe.dir/ssn_safeguard_probe.cpp.o
[199/202] Linking CXX executable bench/hven_sqp_crossover
[200/202] Linking CXX executable bench/hven_sqp_ssn_safeguard_probe
[201/202] Building CXX object bench/CMakeFiles/hven_sqp_ipqp_e1_arm.dir/ipqp_e1_arm.cpp.o
[202/202] Linking CXX executable bench/hven_sqp_ipqp_e1_arm
