-- The CXX compiler identification is Clang 22.1.8
-- Detecting CXX compiler ABI info
-- Detecting CXX compiler ABI info - done
-- Check for working CXX compiler: /usr/bin/clang++ - skipped
-- Detecting CXX compile features
-- Detecting CXX compile features - done
-- ccache found: /usr/bin/ccache
-- Floating-point mode: SAFER_FAST
-- IEEE 754 compliance: SAFER_FAST (fast-math except finite-math-only)
-- Performing Test CMAKE_HAVE_LIBC_PTHREAD
-- Performing Test CMAKE_HAVE_LIBC_PTHREAD - Success
-- Found Threads: TRUE
-- libiomp5.so
-- MKL_INTERFACE_LIBRARY = /opt/intel/oneapi/mkl/latest/lib/libmkl_intel_lp64.a
-- MKL_SEQTHR_LIBRARY = /opt/intel/oneapi/mkl/latest/lib/libmkl_intel_thread.a
-- MKL_CORE_LIBRARY = /opt/intel/oneapi/mkl/latest/lib/libmkl_core.a
-- MKL_TBB_LIBRARY = 
-- MKL_OMP_LIBRARY = /opt/intel/oneapi/compiler/latest/lib/libiomp5.so
-- Found MKL: /opt/intel/oneapi/mkl/latest/lib/libmkl_intel_lp64.a;/opt/intel/oneapi/mkl/latest/lib/libmkl_intel_thread.a;/opt/intel/oneapi/mkl/latest/lib/libmkl_core.a;/opt/intel/oneapi/compiler/latest/lib/libiomp5.so
-- hven: EIGEN_MAX_ALIGN_BYTES resolved to 32 for the active SIMD flags
-- SNOPT found at /home/ghecht/Software/snopt7 (/home/ghecht/Software/snopt7/lib/libsnopt7_cpp.so); SNOPT bench + gate test enabled
-- The C compiler identification is GNU 16.2.1
-- Detecting C compiler ABI info
-- Detecting C compiler ABI info - done
-- Check for working C compiler: /usr/bin/cc - skipped
-- Detecting C compile features
-- Detecting C compile features - done
-- golden rig: interior-point old-seam arm pinned to consumed tree bfb7d30c5cc821069b7af3f9efa077f29474de5e (psiopt/include/tycho/detail/solvers/linear), matched at HEAD 48038a2f59243c2bbdc4017c6f70e5f3b56c3fea, consumed linear/ tree clean
-- golden rig: interior-point old-seam arm enabled (/home/ghecht/Projects/tycho)
-- golden rig: SQP old-seam arm pinned to phase-7-close (4faa1df116da53c9dc68f36635c118f52d39d2b9), tree state verified
-- Configuring done (2.5s)
-- Generating done (0.1s)
-- Build files have been written to: /home/ghecht/Projects/hven/.scratch/m6-close/build-3seam
