Test project /home/ghecht/Projects/hven/.scratch/m6-close/build-3seam
  Test #420: FailByDesignControl.SqpSeamStillZeroFillsItsPreFactorizationInertia
  Test #421: FailByDesignControl.SqpSeamDeclaresTheInertiaSurfaceTheFailingTraceNeeds
  Test #422: FailByDesignControl.ControlsArePresentForWhicheverOldSeamsThisBuildHas
  Test #423: Arms/SqpTrace.T1_PhaseSplitLifecycle/native@mkl
  Test #424: Arms/SqpTrace.T1_PhaseSplitLifecycle/native-sqp-parity@mkl
  Test #425: Arms/SqpTrace.T1_PhaseSplitLifecycle/native-psiopt-parity@mkl
  Test #426: Arms/SqpTrace.T1_PhaseSplitLifecycle/psiopt-old@mkl
  Test #427: Arms/SqpTrace.T1_PhaseSplitLifecycle/sqp-old@mkl
  Test #428: Arms/SqpTrace.T2_PersistentOracleInterleaving/native@mkl
  Test #429: Arms/SqpTrace.T2_PersistentOracleInterleaving/native-sqp-parity@mkl
  Test #430: Arms/SqpTrace.T2_PersistentOracleInterleaving/native-psiopt-parity@mkl
  Test #431: Arms/SqpTrace.T2_PersistentOracleInterleaving/psiopt-old@mkl
  Test #432: Arms/SqpTrace.T2_PersistentOracleInterleaving/sqp-old@mkl
  Test #433: Arms/SqpTrace.T2b_PartialSolvePredicateUnderPerturbation/native@mkl
  Test #434: Arms/SqpTrace.T2b_PartialSolvePredicateUnderPerturbation/native-sqp-parity@mkl
  Test #435: Arms/SqpTrace.T2b_PartialSolvePredicateUnderPerturbation/native-psiopt-parity@mkl
  Test #436: Arms/SqpTrace.T2b_PartialSolvePredicateUnderPerturbation/psiopt-old@mkl
  Test #437: Arms/SqpTrace.T2b_PartialSolvePredicateUnderPerturbation/sqp-old@mkl
  Test #438: Arms/SqpTrace.T3_ValueOnlyRefactorization/native@mkl
  Test #439: Arms/SqpTrace.T3_ValueOnlyRefactorization/native-sqp-parity@mkl
  Test #440: Arms/SqpTrace.T3_ValueOnlyRefactorization/native-psiopt-parity@mkl
  Test #441: Arms/SqpTrace.T3_ValueOnlyRefactorization/psiopt-old@mkl
  Test #442: Arms/SqpTrace.T3_ValueOnlyRefactorization/sqp-old@mkl
  Test #443: Arms/SqpTrace.T4_HandleOutlivesItsEmitter/native@mkl
  Test #444: Arms/SqpTrace.T4_HandleOutlivesItsEmitter/native-sqp-parity@mkl
  Test #445: Arms/SqpTrace.T4_HandleOutlivesItsEmitter/native-psiopt-parity@mkl
  Test #446: Arms/SqpTrace.T4_HandleOutlivesItsEmitter/psiopt-old@mkl
  Test #447: Arms/SqpTrace.T4_HandleOutlivesItsEmitter/sqp-old@mkl
  Test #448: Arms/SqpTrace.T4b_AdoptRefusesStaleNumerics/native@mkl
  Test #449: Arms/SqpTrace.T4b_AdoptRefusesStaleNumerics/native-sqp-parity@mkl
  Test #450: Arms/SqpTrace.T4b_AdoptRefusesStaleNumerics/native-psiopt-parity@mkl
  Test #451: Arms/SqpTrace.T4b_AdoptRefusesStaleNumerics/psiopt-old@mkl
  Test #452: Arms/SqpTrace.T4b_AdoptRefusesStaleNumerics/sqp-old@mkl
  Test #453: Arms/SqpTrace.T5_InertiaEvidence/native@mkl
  Test #454: Arms/SqpTrace.T5_InertiaEvidence/native-sqp-parity@mkl
  Test #455: Arms/SqpTrace.T5_InertiaEvidence/native-psiopt-parity@mkl
  Test #456: Arms/SqpTrace.T5_InertiaEvidence/psiopt-old@mkl
  Test #457: Arms/SqpTrace.T5_InertiaEvidence/sqp-old@mkl
  Test #458: Arms/SqpTrace.T6_RankDeficientFaceReportsAState/native@mkl
  Test #459: Arms/SqpTrace.T6_RankDeficientFaceReportsAState/native-sqp-parity@mkl
  Test #460: Arms/SqpTrace.T6_RankDeficientFaceReportsAState/native-psiopt-parity@mkl
  Test #461: Arms/SqpTrace.T6_RankDeficientFaceReportsAState/psiopt-old@mkl
  Test #462: Arms/SqpTrace.T6_RankDeficientFaceReportsAState/sqp-old@mkl
  Test #463: Arms/SqpTrace.T7_BackendParameterSurfaceFloor/native@mkl
  Test #464: Arms/SqpTrace.T7_BackendParameterSurfaceFloor/native-sqp-parity@mkl
  Test #465: Arms/SqpTrace.T7_BackendParameterSurfaceFloor/native-psiopt-parity@mkl
  Test #466: Arms/SqpTrace.T7_BackendParameterSurfaceFloor/psiopt-old@mkl
  Test #467: Arms/SqpTrace.T7_BackendParameterSurfaceFloor/sqp-old@mkl
  Test #468: Arms/SqpTrace.T8_ThreadCountControl/native@mkl
  Test #469: Arms/SqpTrace.T8_ThreadCountControl/native-sqp-parity@mkl
  Test #470: Arms/SqpTrace.T8_ThreadCountControl/native-psiopt-parity@mkl
  Test #471: Arms/SqpTrace.T8_ThreadCountControl/psiopt-old@mkl
  Test #472: Arms/SqpTrace.T8_ThreadCountControl/sqp-old@mkl
  Test #473: Arms/InteriorPointTrace.P1_IterateLoopLifecycle/native@mkl
  Test #474: Arms/InteriorPointTrace.P1_IterateLoopLifecycle/native-sqp-parity@mkl
  Test #475: Arms/InteriorPointTrace.P1_IterateLoopLifecycle/native-psiopt-parity@mkl
  Test #476: Arms/InteriorPointTrace.P1_IterateLoopLifecycle/psiopt-old@mkl
  Test #477: Arms/InteriorPointTrace.P1_IterateLoopLifecycle/sqp-old@mkl
  Test #478: Arms/InteriorPointTrace.P2_InertiaCorrectionLadderReplay/native@mkl
  Test #479: Arms/InteriorPointTrace.P2_InertiaCorrectionLadderReplay/native-sqp-parity@mkl
  Test #480: Arms/InteriorPointTrace.P2_InertiaCorrectionLadderReplay/native-psiopt-parity@mkl
  Test #481: Arms/InteriorPointTrace.P2_InertiaCorrectionLadderReplay/psiopt-old@mkl
  Test #482: Arms/InteriorPointTrace.P2_InertiaCorrectionLadderReplay/sqp-old@mkl
  Test #483: Arms/InteriorPointTrace.P3_SingularVerdictAndControl/native@mkl
  Test #484: Arms/InteriorPointTrace.P3_SingularVerdictAndControl/native-sqp-parity@mkl
  Test #485: Arms/InteriorPointTrace.P3_SingularVerdictAndControl/native-psiopt-parity@mkl
  Test #486: Arms/InteriorPointTrace.P3_SingularVerdictAndControl/psiopt-old@mkl
  Test #487: Arms/InteriorPointTrace.P3_SingularVerdictAndControl/sqp-old@mkl
  Test #488: Arms/InteriorPointTrace.P4_PerturbationEvidencePresenceIsBackendHonest/native@mkl
  Test #489: Arms/InteriorPointTrace.P4_PerturbationEvidencePresenceIsBackendHonest/native-sqp-parity@mkl
  Test #490: Arms/InteriorPointTrace.P4_PerturbationEvidencePresenceIsBackendHonest/native-psiopt-parity@mkl
  Test #491: Arms/InteriorPointTrace.P4_PerturbationEvidencePresenceIsBackendHonest/psiopt-old@mkl
  Test #492: Arms/InteriorPointTrace.P4_PerturbationEvidencePresenceIsBackendHonest/sqp-old@mkl
  Test #493: Arms/InteriorPointTrace.P5_InertiaBeforeFactorizationIsAnExplicitState/native@mkl
  Test #494: Arms/InteriorPointTrace.P5_InertiaBeforeFactorizationIsAnExplicitState/native-sqp-parity@mkl
  Test #495: Arms/InteriorPointTrace.P5_InertiaBeforeFactorizationIsAnExplicitState/native-psiopt-parity@mkl
  Test #496: Arms/InteriorPointTrace.P5_InertiaBeforeFactorizationIsAnExplicitState/psiopt-old@mkl
  Test #497: Arms/InteriorPointTrace.P5_InertiaBeforeFactorizationIsAnExplicitState/sqp-old@mkl
  Test #498: Arms/InteriorPointTrace.P6_RefinementStepEvidence/native@mkl
  Test #499: Arms/InteriorPointTrace.P6_RefinementStepEvidence/native-sqp-parity@mkl
  Test #500: Arms/InteriorPointTrace.P6_RefinementStepEvidence/native-psiopt-parity@mkl
  Test #501: Arms/InteriorPointTrace.P6_RefinementStepEvidence/psiopt-old@mkl
  Test #502: Arms/InteriorPointTrace.P6_RefinementStepEvidence/sqp-old@mkl
  Test #507: GoldenRigAudit.StaticScanSelfTest

Total Tests: 84
