2026-08-22T07:57:23Z === walk census: parallel-tiered v1 (T1 6-wide pinned / T2 solo / T3 5-wide full-budget) ===
2026-08-22T07:57:23Z binary   : /home/ghecht/Projects/hven/docs/notes/data/2026-08-21-m4-task5-wgate-leg/corpus_with_scorer.sh
2026-08-22T07:57:23Z baseline : /home/ghecht/Projects/hven/bench/baselines/2026-08-16-u0-corpus/walk_baseline.csv
2026-08-22T07:57:23Z topology : 8 physical cores; representatives (one sibling each): 0,1,2,3,4,5,6,7
tier assignment (from frozen baseline /home/ghecht/Projects/hven/bench/baselines/2026-08-16-u0-corpus/walk_baseline.csv)
  T2 wall-sensitive SOLO : non-dnf cells with wall_s >= 1800s, plus f7_n10000_path_physics
  T3 deep-DNF 5-wide      : baseline status dnf_*, full budget each
  T1 remainder 6-wide     : everything else
  counts: T1=44  T2=3  T3=10  (total 57)
  tier cell                             base_status    base_wall_s
  T1   f7_n2000_path_corrupted          NumericalError 986.156
  T1   f7_n2000_path_neutral            NumericalError 903.486
  T1   f7_n5000_path_activity           Optimal        340.463
  T1   f7_n800_path_neutral             Optimal        320.806
  T1   f7_n5000_path_physics            Optimal        258.153
  T1   f7_n1000_path_neutral            Optimal        152.616
  T1   f7_n825_path_neutral_control     Optimal        127.107
  T1   f7_n750_path_neutral_control     Optimal        89.857
  T1   f7_n1000_path_corrupted          Optimal        62.391
  T1   f7_n2000_path_warm               Optimal        45.804
  T1   f7_n2000_path_physics            Optimal        37.157
  T1   f7_n2000_path_activity           Optimal        35.911
  T1   f7_n800_path_corrupted           Optimal        19.811
  T1   f7_n1000_path_physics            Optimal        8.327
  T1   f7_n1000_path_activity           Optimal        6.721
  T1   f7_n800_path_physics             Optimal        4.882
  T1   f7_n800_path_activity            Optimal        3.603
  T1   f7_n20000_bound_neutral          Optimal        0.625
  T1   f7_n20000_bound_activity         Optimal        0.623
  T1   f7_n20000_bound_physics          Optimal        0.621
  T1   f7_n20000_bound_corrupted        Optimal        0.602
  T1   f7_n20000_bound_warm             Optimal        0.600
  T1   f7_n10000_bound_activity         Optimal        0.302
  T1   f7_n10000_bound_neutral          Optimal        0.301
  T1   f7_n10000_bound_physics          Optimal        0.300
  T1   f7_n10000_bound_warm             Optimal        0.293
  T1   f7_n10000_bound_corrupted        Optimal        0.291
  T1   f7_n5000_bound_activity          Optimal        0.147
  T1   f7_n5000_bound_neutral           Optimal        0.147
  T1   f7_n5000_bound_physics           Optimal        0.146
  T1   f7_n5000_bound_corrupted         Optimal        0.141
  T1   f7_n5000_bound_warm              Optimal        0.141
  T1   f7_n1000_path_warm               Optimal        0.106
  T1   f7_n2000_bound_physics           Optimal        0.060
  T1   f7_n2000_bound_activity          Optimal        0.059
  T1   f7_n2000_bound_neutral           Optimal        0.059
  T1   f7_n2000_bound_corrupted         Optimal        0.055
  T1   f7_n2000_bound_warm              Optimal        0.055
  T1   f7_n800_path_warm                Optimal        0.054
  T1   f7_n1000_bound_activity          Optimal        0.030
  T1   f7_n1000_bound_neutral           Optimal        0.030
  T1   f7_n1000_bound_physics           Optimal        0.030
  T1   f7_n1000_bound_corrupted         Optimal        0.027
  T1   f7_n1000_bound_warm              Optimal        0.027
  T2   f7_n10000_path_physics           Optimal        2801.554
  T2   f7_n5000_path_neutral            NumericalError 2363.871
  T2   f7_n5000_path_warm               NumericalError 2188.322
  T3   f7_n10000_path_activity          dnf_budget     3600.000
  T3   f7_n10000_path_corrupted         dnf_setup      3600.000
  T3   f7_n10000_path_neutral           dnf_budget     3600.000
  T3   f7_n10000_path_warm              dnf_setup      3600.000
  T3   f7_n20000_path_activity          dnf_budget     3600.000
  T3   f7_n20000_path_corrupted         dnf_setup      3600.000
  T3   f7_n20000_path_neutral           dnf_budget     3600.000
  T3   f7_n20000_path_physics           dnf_budget     3600.000
  T3   f7_n20000_path_warm              dnf_setup      3600.000
  T3   f7_n5000_path_corrupted          dnf_budget     3600.000
2026-08-22T07:57:23Z --- tier 1: 44 cells, 6 worker(s), started 07:57:23Z ---
2026-08-22T07:57:23Z [strt] T1 slot0 cpu0 f7_n2000_path_corrupted
2026-08-22T07:57:23Z [strt] T1 slot1 cpu1 f7_n2000_path_neutral
2026-08-22T07:57:23Z [strt] T1 slot2 cpu2 f7_n5000_path_activity
2026-08-22T07:57:23Z [strt] T1 slot3 cpu3 f7_n800_path_neutral
2026-08-22T07:57:23Z [strt] T1 slot4 cpu4 f7_n5000_path_physics
2026-08-22T07:57:23Z [strt] T1 slot5 cpu5 f7_n1000_path_neutral
2026-08-22T07:59:55Z [ ok ] T1 slot5 cpu5 f7_n1000_path_neutral rc=0 wall=152s status=Optimal
2026-08-22T07:59:55Z [strt] T1 slot5 cpu5 f7_n825_path_neutral_control
2026-08-22T08:01:44Z [ ok ] T1 slot4 cpu4 f7_n5000_path_physics rc=0 wall=261s status=Optimal
2026-08-22T08:01:44Z [skip] T1 slot4 cpu4 f7_n1000_path_neutral (row exists)
2026-08-22T08:01:44Z [strt] T1 slot4 cpu4 f7_n750_path_neutral_control
2026-08-22T08:02:00Z [ ok ] T1 slot5 cpu5 f7_n825_path_neutral_control rc=0 wall=125s status=Optimal
2026-08-22T08:02:00Z [strt] T1 slot5 cpu5 f7_n1000_path_corrupted
2026-08-22T08:02:42Z [ ok ] T1 slot3 cpu3 f7_n800_path_neutral rc=0 wall=319s status=Optimal
2026-08-22T08:02:42Z [skip] T1 slot3 cpu3 f7_n5000_path_physics (row exists)
2026-08-22T08:02:42Z [skip] T1 slot3 cpu3 f7_n1000_path_neutral (row exists)
2026-08-22T08:02:42Z [skip] T1 slot3 cpu3 f7_n825_path_neutral_control (row exists)
2026-08-22T08:02:42Z [strt] T1 slot3 cpu3 f7_n2000_path_warm
2026-08-22T08:03:06Z [ ok ] T1 slot2 cpu2 f7_n5000_path_activity rc=0 wall=343s status=Optimal
2026-08-22T08:03:06Z [skip] T1 slot2 cpu2 f7_n800_path_neutral (row exists)
2026-08-22T08:03:06Z [skip] T1 slot2 cpu2 f7_n5000_path_physics (row exists)
2026-08-22T08:03:06Z [skip] T1 slot2 cpu2 f7_n1000_path_neutral (row exists)
2026-08-22T08:03:06Z [skip] T1 slot2 cpu2 f7_n825_path_neutral_control (row exists)
2026-08-22T08:03:06Z [strt] T1 slot2 cpu2 f7_n2000_path_physics
2026-08-22T08:03:14Z [ ok ] T1 slot4 cpu4 f7_n750_path_neutral_control rc=0 wall=90s status=Optimal
2026-08-22T08:03:14Z [strt] T1 slot4 cpu4 f7_n2000_path_activity
2026-08-22T08:03:43Z [ ok ] T1 slot2 cpu2 f7_n2000_path_physics rc=0 wall=37s status=Optimal
2026-08-22T08:03:43Z [strt] T1 slot2 cpu2 f7_n800_path_corrupted
2026-08-22T08:03:50Z [ ok ] T1 slot4 cpu4 f7_n2000_path_activity rc=0 wall=36s status=Optimal
2026-08-22T08:03:50Z [strt] T1 slot4 cpu4 f7_n1000_path_physics
2026-08-22T08:03:59Z [ ok ] T1 slot4 cpu4 f7_n1000_path_physics rc=0 wall=9s status=Optimal
2026-08-22T08:03:59Z [strt] T1 slot4 cpu4 f7_n1000_path_activity
2026-08-22T08:04:05Z [ ok ] T1 slot4 cpu4 f7_n1000_path_activity rc=0 wall=6s status=Optimal
2026-08-22T08:04:05Z [strt] T1 slot4 cpu4 f7_n800_path_physics
2026-08-22T08:04:10Z [ ok ] T1 slot4 cpu4 f7_n800_path_physics rc=0 wall=5s status=Optimal
2026-08-22T08:04:10Z [strt] T1 slot4 cpu4 f7_n800_path_activity
2026-08-22T08:04:14Z [ ok ] T1 slot4 cpu4 f7_n800_path_activity rc=0 wall=4s status=Optimal
2026-08-22T08:04:14Z [strt] T1 slot4 cpu4 f7_n20000_bound_neutral
2026-08-22T08:04:15Z [ ok ] T1 slot4 cpu4 f7_n20000_bound_neutral rc=0 wall=1s status=Optimal
2026-08-22T08:04:15Z [strt] T1 slot4 cpu4 f7_n20000_bound_activity
2026-08-22T08:04:16Z [ ok ] T1 slot4 cpu4 f7_n20000_bound_activity rc=0 wall=1s status=Optimal
2026-08-22T08:04:16Z [strt] T1 slot4 cpu4 f7_n20000_bound_physics
2026-08-22T08:04:16Z [ ok ] T1 slot4 cpu4 f7_n20000_bound_physics rc=0 wall=0s status=Optimal
2026-08-22T08:04:16Z [strt] T1 slot4 cpu4 f7_n20000_bound_corrupted
2026-08-22T08:04:18Z [ ok ] T1 slot4 cpu4 f7_n20000_bound_corrupted rc=0 wall=2s status=Optimal
2026-08-22T08:04:18Z [strt] T1 slot4 cpu4 f7_n20000_bound_warm
2026-08-22T08:04:19Z [ ok ] T1 slot4 cpu4 f7_n20000_bound_warm rc=0 wall=1s status=Optimal
2026-08-22T08:04:19Z [strt] T1 slot4 cpu4 f7_n10000_bound_activity
2026-08-22T08:04:20Z [ ok ] T1 slot4 cpu4 f7_n10000_bound_activity rc=0 wall=1s status=Optimal
2026-08-22T08:04:20Z [strt] T1 slot4 cpu4 f7_n10000_bound_neutral
2026-08-22T08:04:20Z [ ok ] T1 slot4 cpu4 f7_n10000_bound_neutral rc=0 wall=0s status=Optimal
2026-08-22T08:04:20Z [strt] T1 slot4 cpu4 f7_n10000_bound_physics
2026-08-22T08:04:20Z [ ok ] T1 slot4 cpu4 f7_n10000_bound_physics rc=0 wall=0s status=Optimal
2026-08-22T08:04:20Z [strt] T1 slot4 cpu4 f7_n10000_bound_warm
2026-08-22T08:04:21Z [ ok ] T1 slot4 cpu4 f7_n10000_bound_warm rc=0 wall=1s status=Optimal
2026-08-22T08:04:21Z [strt] T1 slot4 cpu4 f7_n10000_bound_corrupted
2026-08-22T08:04:22Z [ ok ] T1 slot4 cpu4 f7_n10000_bound_corrupted rc=0 wall=1s status=Optimal
2026-08-22T08:04:22Z [strt] T1 slot4 cpu4 f7_n5000_bound_activity
2026-08-22T08:04:22Z [ ok ] T1 slot4 cpu4 f7_n5000_bound_activity rc=0 wall=0s status=Optimal
2026-08-22T08:04:22Z [strt] T1 slot4 cpu4 f7_n5000_bound_neutral
2026-08-22T08:04:22Z [ ok ] T1 slot4 cpu4 f7_n5000_bound_neutral rc=0 wall=0s status=Optimal
2026-08-22T08:04:22Z [strt] T1 slot4 cpu4 f7_n5000_bound_physics
2026-08-22T08:04:23Z [ ok ] T1 slot4 cpu4 f7_n5000_bound_physics rc=0 wall=0s status=Optimal
2026-08-22T08:04:23Z [strt] T1 slot4 cpu4 f7_n5000_bound_corrupted
2026-08-22T08:04:23Z [ ok ] T1 slot4 cpu4 f7_n5000_bound_corrupted rc=0 wall=0s status=Optimal
2026-08-22T08:04:23Z [strt] T1 slot4 cpu4 f7_n5000_bound_warm
2026-08-22T08:04:23Z [ ok ] T1 slot4 cpu4 f7_n5000_bound_warm rc=0 wall=0s status=Optimal
2026-08-22T08:04:23Z [strt] T1 slot4 cpu4 f7_n1000_path_warm
2026-08-22T08:05:13Z [ ok ] T1 slot5 cpu5 f7_n1000_path_corrupted rc=0 wall=193s status=Optimal
2026-08-22T08:05:13Z [skip] T1 slot5 cpu5 f7_n2000_path_physics (row exists)
2026-08-22T08:05:13Z [skip] T1 slot5 cpu5 f7_n2000_path_activity (row exists)
2026-08-22T08:05:13Z [skip] T1 slot5 cpu5 f7_n1000_path_physics (row exists)
2026-08-22T08:05:13Z [skip] T1 slot5 cpu5 f7_n1000_path_activity (row exists)
2026-08-22T08:05:13Z [skip] T1 slot5 cpu5 f7_n800_path_physics (row exists)
2026-08-22T08:05:13Z [skip] T1 slot5 cpu5 f7_n800_path_activity (row exists)
2026-08-22T08:05:13Z [skip] T1 slot5 cpu5 f7_n20000_bound_neutral (row exists)
2026-08-22T08:05:13Z [skip] T1 slot5 cpu5 f7_n20000_bound_activity (row exists)
2026-08-22T08:05:13Z [skip] T1 slot5 cpu5 f7_n20000_bound_physics (row exists)
2026-08-22T08:05:13Z [skip] T1 slot5 cpu5 f7_n20000_bound_corrupted (row exists)
2026-08-22T08:05:13Z [skip] T1 slot5 cpu5 f7_n20000_bound_warm (row exists)
2026-08-22T08:05:13Z [skip] T1 slot5 cpu5 f7_n10000_bound_activity (row exists)
2026-08-22T08:05:13Z [skip] T1 slot5 cpu5 f7_n10000_bound_neutral (row exists)
2026-08-22T08:05:13Z [skip] T1 slot5 cpu5 f7_n10000_bound_physics (row exists)
2026-08-22T08:05:13Z [skip] T1 slot5 cpu5 f7_n10000_bound_warm (row exists)
2026-08-22T08:05:13Z [skip] T1 slot5 cpu5 f7_n10000_bound_corrupted (row exists)
2026-08-22T08:05:13Z [skip] T1 slot5 cpu5 f7_n5000_bound_activity (row exists)
2026-08-22T08:05:13Z [skip] T1 slot5 cpu5 f7_n5000_bound_neutral (row exists)
2026-08-22T08:05:13Z [skip] T1 slot5 cpu5 f7_n5000_bound_physics (row exists)
2026-08-22T08:05:13Z [skip] T1 slot5 cpu5 f7_n5000_bound_corrupted (row exists)
2026-08-22T08:05:13Z [skip] T1 slot5 cpu5 f7_n5000_bound_warm (row exists)
2026-08-22T08:05:13Z [strt] T1 slot5 cpu5 f7_n2000_bound_physics
2026-08-22T08:05:13Z [ ok ] T1 slot5 cpu5 f7_n2000_bound_physics rc=0 wall=0s status=Optimal
2026-08-22T08:05:13Z [strt] T1 slot5 cpu5 f7_n2000_bound_activity
2026-08-22T08:05:13Z [ ok ] T1 slot5 cpu5 f7_n2000_bound_activity rc=0 wall=0s status=Optimal
2026-08-22T08:05:13Z [strt] T1 slot5 cpu5 f7_n2000_bound_neutral
2026-08-22T08:05:13Z [ ok ] T1 slot5 cpu5 f7_n2000_bound_neutral rc=0 wall=0s status=Optimal
2026-08-22T08:05:13Z [strt] T1 slot5 cpu5 f7_n2000_bound_corrupted
2026-08-22T08:05:13Z [ ok ] T1 slot5 cpu5 f7_n2000_bound_corrupted rc=0 wall=0s status=Optimal
2026-08-22T08:05:13Z [strt] T1 slot5 cpu5 f7_n2000_bound_warm
2026-08-22T08:05:13Z [ ok ] T1 slot5 cpu5 f7_n2000_bound_warm rc=0 wall=0s status=Optimal
2026-08-22T08:05:13Z [strt] T1 slot5 cpu5 f7_n800_path_warm
2026-08-22T08:05:23Z [ ok ] T1 slot2 cpu2 f7_n800_path_corrupted rc=0 wall=100s status=Optimal
2026-08-22T08:05:23Z [skip] T1 slot2 cpu2 f7_n1000_path_physics (row exists)
2026-08-22T08:05:23Z [skip] T1 slot2 cpu2 f7_n1000_path_activity (row exists)
2026-08-22T08:05:23Z [skip] T1 slot2 cpu2 f7_n800_path_physics (row exists)
2026-08-22T08:05:23Z [skip] T1 slot2 cpu2 f7_n800_path_activity (row exists)
2026-08-22T08:05:23Z [skip] T1 slot2 cpu2 f7_n20000_bound_neutral (row exists)
2026-08-22T08:05:23Z [skip] T1 slot2 cpu2 f7_n20000_bound_activity (row exists)
2026-08-22T08:05:23Z [skip] T1 slot2 cpu2 f7_n20000_bound_physics (row exists)
2026-08-22T08:05:23Z [skip] T1 slot2 cpu2 f7_n20000_bound_corrupted (row exists)
2026-08-22T08:05:23Z [skip] T1 slot2 cpu2 f7_n20000_bound_warm (row exists)
2026-08-22T08:05:23Z [skip] T1 slot2 cpu2 f7_n10000_bound_activity (row exists)
2026-08-22T08:05:23Z [skip] T1 slot2 cpu2 f7_n10000_bound_neutral (row exists)
2026-08-22T08:05:23Z [skip] T1 slot2 cpu2 f7_n10000_bound_physics (row exists)
2026-08-22T08:05:23Z [skip] T1 slot2 cpu2 f7_n10000_bound_warm (row exists)
2026-08-22T08:05:23Z [skip] T1 slot2 cpu2 f7_n10000_bound_corrupted (row exists)
2026-08-22T08:05:23Z [skip] T1 slot2 cpu2 f7_n5000_bound_activity (row exists)
2026-08-22T08:05:23Z [skip] T1 slot2 cpu2 f7_n5000_bound_neutral (row exists)
2026-08-22T08:05:23Z [skip] T1 slot2 cpu2 f7_n5000_bound_physics (row exists)
2026-08-22T08:05:23Z [skip] T1 slot2 cpu2 f7_n5000_bound_corrupted (row exists)
2026-08-22T08:05:23Z [skip] T1 slot2 cpu2 f7_n5000_bound_warm (row exists)
2026-08-22T08:05:23Z [skip] T1 slot2 cpu2 f7_n2000_bound_physics (row exists)
2026-08-22T08:05:23Z [skip] T1 slot2 cpu2 f7_n2000_bound_activity (row exists)
2026-08-22T08:05:23Z [skip] T1 slot2 cpu2 f7_n2000_bound_neutral (row exists)
2026-08-22T08:05:23Z [skip] T1 slot2 cpu2 f7_n2000_bound_corrupted (row exists)
2026-08-22T08:05:23Z [skip] T1 slot2 cpu2 f7_n2000_bound_warm (row exists)
2026-08-22T08:05:23Z [strt] T1 slot2 cpu2 f7_n1000_bound_activity
2026-08-22T08:05:23Z [ ok ] T1 slot2 cpu2 f7_n1000_bound_activity rc=0 wall=0s status=Optimal
2026-08-22T08:05:23Z [strt] T1 slot2 cpu2 f7_n1000_bound_neutral
2026-08-22T08:05:23Z [ ok ] T1 slot2 cpu2 f7_n1000_bound_neutral rc=0 wall=0s status=Optimal
2026-08-22T08:05:23Z [strt] T1 slot2 cpu2 f7_n1000_bound_physics
2026-08-22T08:05:24Z [ ok ] T1 slot2 cpu2 f7_n1000_bound_physics rc=0 wall=0s status=Optimal
2026-08-22T08:05:24Z [strt] T1 slot2 cpu2 f7_n1000_bound_corrupted
2026-08-22T08:05:24Z [ ok ] T1 slot2 cpu2 f7_n1000_bound_corrupted rc=0 wall=0s status=Optimal
2026-08-22T08:05:24Z [strt] T1 slot2 cpu2 f7_n1000_bound_warm
2026-08-22T08:05:24Z [ ok ] T1 slot2 cpu2 f7_n1000_bound_warm rc=0 wall=0s status=Optimal
2026-08-22T08:05:24Z [exit] T1 slot2 cpu2 drained
2026-08-22T08:06:32Z [ ok ] T1 slot4 cpu4 f7_n1000_path_warm rc=0 wall=129s status=Optimal
2026-08-22T08:06:32Z [skip] T1 slot4 cpu4 f7_n2000_bound_physics (row exists)
2026-08-22T08:06:32Z [skip] T1 slot4 cpu4 f7_n2000_bound_activity (row exists)
2026-08-22T08:06:32Z [skip] T1 slot4 cpu4 f7_n2000_bound_neutral (row exists)
2026-08-22T08:06:32Z [skip] T1 slot4 cpu4 f7_n2000_bound_corrupted (row exists)
2026-08-22T08:06:32Z [skip] T1 slot4 cpu4 f7_n2000_bound_warm (row exists)
2026-08-22T08:06:32Z [skip] T1 slot4 cpu4 f7_n1000_bound_activity (row exists)
2026-08-22T08:06:32Z [skip] T1 slot4 cpu4 f7_n1000_bound_neutral (row exists)
2026-08-22T08:06:32Z [skip] T1 slot4 cpu4 f7_n1000_bound_physics (row exists)
2026-08-22T08:06:32Z [skip] T1 slot4 cpu4 f7_n1000_bound_corrupted (row exists)
2026-08-22T08:06:32Z [skip] T1 slot4 cpu4 f7_n1000_bound_warm (row exists)
2026-08-22T08:06:32Z [exit] T1 slot4 cpu4 drained
2026-08-22T08:06:33Z [ ok ] T1 slot5 cpu5 f7_n800_path_warm rc=0 wall=80s status=Optimal
2026-08-22T08:06:33Z [skip] T1 slot5 cpu5 f7_n1000_bound_activity (row exists)
2026-08-22T08:06:33Z [skip] T1 slot5 cpu5 f7_n1000_bound_neutral (row exists)
2026-08-22T08:06:33Z [skip] T1 slot5 cpu5 f7_n1000_bound_physics (row exists)
2026-08-22T08:06:33Z [skip] T1 slot5 cpu5 f7_n1000_bound_corrupted (row exists)
2026-08-22T08:06:33Z [skip] T1 slot5 cpu5 f7_n1000_bound_warm (row exists)
2026-08-22T08:06:33Z [exit] T1 slot5 cpu5 drained
2026-08-22T08:12:31Z [ ok ] T1 slot1 cpu1 f7_n2000_path_neutral rc=0 wall=908s status=NumericalError
2026-08-22T08:12:31Z [skip] T1 slot1 cpu1 f7_n5000_path_activity (row exists)
2026-08-22T08:12:31Z [skip] T1 slot1 cpu1 f7_n800_path_neutral (row exists)
2026-08-22T08:12:31Z [skip] T1 slot1 cpu1 f7_n5000_path_physics (row exists)
2026-08-22T08:12:31Z [skip] T1 slot1 cpu1 f7_n1000_path_neutral (row exists)
2026-08-22T08:12:31Z [skip] T1 slot1 cpu1 f7_n825_path_neutral_control (row exists)
2026-08-22T08:12:31Z [skip] T1 slot1 cpu1 f7_n750_path_neutral_control (row exists)
2026-08-22T08:12:31Z [skip] T1 slot1 cpu1 f7_n1000_path_corrupted (row exists)
2026-08-22T08:12:31Z [skip] T1 slot1 cpu1 f7_n2000_path_physics (row exists)
2026-08-22T08:12:31Z [skip] T1 slot1 cpu1 f7_n2000_path_activity (row exists)
2026-08-22T08:12:31Z [skip] T1 slot1 cpu1 f7_n800_path_corrupted (row exists)
2026-08-22T08:12:31Z [skip] T1 slot1 cpu1 f7_n1000_path_physics (row exists)
2026-08-22T08:12:31Z [skip] T1 slot1 cpu1 f7_n1000_path_activity (row exists)
2026-08-22T08:12:31Z [skip] T1 slot1 cpu1 f7_n800_path_physics (row exists)
2026-08-22T08:12:31Z [skip] T1 slot1 cpu1 f7_n800_path_activity (row exists)
2026-08-22T08:12:31Z [skip] T1 slot1 cpu1 f7_n20000_bound_neutral (row exists)
2026-08-22T08:12:31Z [skip] T1 slot1 cpu1 f7_n20000_bound_activity (row exists)
2026-08-22T08:12:31Z [skip] T1 slot1 cpu1 f7_n20000_bound_physics (row exists)
2026-08-22T08:12:31Z [skip] T1 slot1 cpu1 f7_n20000_bound_corrupted (row exists)
2026-08-22T08:12:31Z [skip] T1 slot1 cpu1 f7_n20000_bound_warm (row exists)
2026-08-22T08:12:31Z [skip] T1 slot1 cpu1 f7_n10000_bound_activity (row exists)
2026-08-22T08:12:31Z [skip] T1 slot1 cpu1 f7_n10000_bound_neutral (row exists)
2026-08-22T08:12:31Z [skip] T1 slot1 cpu1 f7_n10000_bound_physics (row exists)
2026-08-22T08:12:31Z [skip] T1 slot1 cpu1 f7_n10000_bound_warm (row exists)
2026-08-22T08:12:31Z [skip] T1 slot1 cpu1 f7_n10000_bound_corrupted (row exists)
2026-08-22T08:12:31Z [skip] T1 slot1 cpu1 f7_n5000_bound_activity (row exists)
2026-08-22T08:12:31Z [skip] T1 slot1 cpu1 f7_n5000_bound_neutral (row exists)
2026-08-22T08:12:31Z [skip] T1 slot1 cpu1 f7_n5000_bound_physics (row exists)
2026-08-22T08:12:31Z [skip] T1 slot1 cpu1 f7_n5000_bound_corrupted (row exists)
2026-08-22T08:12:31Z [skip] T1 slot1 cpu1 f7_n5000_bound_warm (row exists)
2026-08-22T08:12:31Z [skip] T1 slot1 cpu1 f7_n1000_path_warm (row exists)
2026-08-22T08:12:31Z [skip] T1 slot1 cpu1 f7_n2000_bound_physics (row exists)
2026-08-22T08:12:31Z [skip] T1 slot1 cpu1 f7_n2000_bound_activity (row exists)
2026-08-22T08:12:31Z [skip] T1 slot1 cpu1 f7_n2000_bound_neutral (row exists)
2026-08-22T08:12:31Z [skip] T1 slot1 cpu1 f7_n2000_bound_corrupted (row exists)
2026-08-22T08:12:31Z [skip] T1 slot1 cpu1 f7_n2000_bound_warm (row exists)
2026-08-22T08:12:31Z [skip] T1 slot1 cpu1 f7_n800_path_warm (row exists)
2026-08-22T08:12:31Z [skip] T1 slot1 cpu1 f7_n1000_bound_activity (row exists)
2026-08-22T08:12:31Z [skip] T1 slot1 cpu1 f7_n1000_bound_neutral (row exists)
2026-08-22T08:12:31Z [skip] T1 slot1 cpu1 f7_n1000_bound_physics (row exists)
2026-08-22T08:12:31Z [skip] T1 slot1 cpu1 f7_n1000_bound_corrupted (row exists)
2026-08-22T08:12:31Z [skip] T1 slot1 cpu1 f7_n1000_bound_warm (row exists)
2026-08-22T08:12:31Z [exit] T1 slot1 cpu1 drained
2026-08-22T08:23:10Z [ ok ] T1 slot3 cpu3 f7_n2000_path_warm rc=0 wall=1228s status=Optimal
2026-08-22T08:23:10Z [skip] T1 slot3 cpu3 f7_n2000_path_physics (row exists)
2026-08-22T08:23:10Z [skip] T1 slot3 cpu3 f7_n2000_path_activity (row exists)
2026-08-22T08:23:10Z [skip] T1 slot3 cpu3 f7_n800_path_corrupted (row exists)
2026-08-22T08:23:10Z [skip] T1 slot3 cpu3 f7_n1000_path_physics (row exists)
2026-08-22T08:23:10Z [skip] T1 slot3 cpu3 f7_n1000_path_activity (row exists)
2026-08-22T08:23:10Z [skip] T1 slot3 cpu3 f7_n800_path_physics (row exists)
2026-08-22T08:23:10Z [skip] T1 slot3 cpu3 f7_n800_path_activity (row exists)
2026-08-22T08:23:10Z [skip] T1 slot3 cpu3 f7_n20000_bound_neutral (row exists)
2026-08-22T08:23:10Z [skip] T1 slot3 cpu3 f7_n20000_bound_activity (row exists)
2026-08-22T08:23:10Z [skip] T1 slot3 cpu3 f7_n20000_bound_physics (row exists)
2026-08-22T08:23:10Z [skip] T1 slot3 cpu3 f7_n20000_bound_corrupted (row exists)
2026-08-22T08:23:10Z [skip] T1 slot3 cpu3 f7_n20000_bound_warm (row exists)
2026-08-22T08:23:10Z [skip] T1 slot3 cpu3 f7_n10000_bound_activity (row exists)
2026-08-22T08:23:10Z [skip] T1 slot3 cpu3 f7_n10000_bound_neutral (row exists)
2026-08-22T08:23:10Z [skip] T1 slot3 cpu3 f7_n10000_bound_physics (row exists)
2026-08-22T08:23:10Z [skip] T1 slot3 cpu3 f7_n10000_bound_warm (row exists)
2026-08-22T08:23:10Z [skip] T1 slot3 cpu3 f7_n10000_bound_corrupted (row exists)
2026-08-22T08:23:10Z [skip] T1 slot3 cpu3 f7_n5000_bound_activity (row exists)
2026-08-22T08:23:10Z [skip] T1 slot3 cpu3 f7_n5000_bound_neutral (row exists)
2026-08-22T08:23:10Z [skip] T1 slot3 cpu3 f7_n5000_bound_physics (row exists)
2026-08-22T08:23:10Z [skip] T1 slot3 cpu3 f7_n5000_bound_corrupted (row exists)
2026-08-22T08:23:10Z [skip] T1 slot3 cpu3 f7_n5000_bound_warm (row exists)
2026-08-22T08:23:10Z [skip] T1 slot3 cpu3 f7_n1000_path_warm (row exists)
2026-08-22T08:23:10Z [skip] T1 slot3 cpu3 f7_n2000_bound_physics (row exists)
2026-08-22T08:23:10Z [skip] T1 slot3 cpu3 f7_n2000_bound_activity (row exists)
2026-08-22T08:23:10Z [skip] T1 slot3 cpu3 f7_n2000_bound_neutral (row exists)
2026-08-22T08:23:10Z [skip] T1 slot3 cpu3 f7_n2000_bound_corrupted (row exists)
2026-08-22T08:23:10Z [skip] T1 slot3 cpu3 f7_n2000_bound_warm (row exists)
2026-08-22T08:23:10Z [skip] T1 slot3 cpu3 f7_n800_path_warm (row exists)
2026-08-22T08:23:10Z [skip] T1 slot3 cpu3 f7_n1000_bound_activity (row exists)
2026-08-22T08:23:10Z [skip] T1 slot3 cpu3 f7_n1000_bound_neutral (row exists)
2026-08-22T08:23:10Z [skip] T1 slot3 cpu3 f7_n1000_bound_physics (row exists)
2026-08-22T08:23:10Z [skip] T1 slot3 cpu3 f7_n1000_bound_corrupted (row exists)
2026-08-22T08:23:10Z [skip] T1 slot3 cpu3 f7_n1000_bound_warm (row exists)
2026-08-22T08:23:10Z [exit] T1 slot3 cpu3 drained
2026-08-22T08:33:37Z [ ok ] T1 slot0 cpu0 f7_n2000_path_corrupted rc=0 wall=2174s status=NumericalError
2026-08-22T08:33:37Z [skip] T1 slot0 cpu0 f7_n2000_path_neutral (row exists)
2026-08-22T08:33:37Z [skip] T1 slot0 cpu0 f7_n5000_path_activity (row exists)
2026-08-22T08:33:37Z [skip] T1 slot0 cpu0 f7_n800_path_neutral (row exists)
2026-08-22T08:33:37Z [skip] T1 slot0 cpu0 f7_n5000_path_physics (row exists)
2026-08-22T08:33:37Z [skip] T1 slot0 cpu0 f7_n1000_path_neutral (row exists)
2026-08-22T08:33:37Z [skip] T1 slot0 cpu0 f7_n825_path_neutral_control (row exists)
2026-08-22T08:33:37Z [skip] T1 slot0 cpu0 f7_n750_path_neutral_control (row exists)
2026-08-22T08:33:37Z [skip] T1 slot0 cpu0 f7_n1000_path_corrupted (row exists)
2026-08-22T08:33:37Z [skip] T1 slot0 cpu0 f7_n2000_path_warm (row exists)
2026-08-22T08:33:37Z [skip] T1 slot0 cpu0 f7_n2000_path_physics (row exists)
2026-08-22T08:33:37Z [skip] T1 slot0 cpu0 f7_n2000_path_activity (row exists)
2026-08-22T08:33:37Z [skip] T1 slot0 cpu0 f7_n800_path_corrupted (row exists)
2026-08-22T08:33:37Z [skip] T1 slot0 cpu0 f7_n1000_path_physics (row exists)
2026-08-22T08:33:37Z [skip] T1 slot0 cpu0 f7_n1000_path_activity (row exists)
2026-08-22T08:33:37Z [skip] T1 slot0 cpu0 f7_n800_path_physics (row exists)
2026-08-22T08:33:37Z [skip] T1 slot0 cpu0 f7_n800_path_activity (row exists)
2026-08-22T08:33:37Z [skip] T1 slot0 cpu0 f7_n20000_bound_neutral (row exists)
2026-08-22T08:33:37Z [skip] T1 slot0 cpu0 f7_n20000_bound_activity (row exists)
2026-08-22T08:33:37Z [skip] T1 slot0 cpu0 f7_n20000_bound_physics (row exists)
2026-08-22T08:33:37Z [skip] T1 slot0 cpu0 f7_n20000_bound_corrupted (row exists)
2026-08-22T08:33:37Z [skip] T1 slot0 cpu0 f7_n20000_bound_warm (row exists)
2026-08-22T08:33:37Z [skip] T1 slot0 cpu0 f7_n10000_bound_activity (row exists)
2026-08-22T08:33:37Z [skip] T1 slot0 cpu0 f7_n10000_bound_neutral (row exists)
2026-08-22T08:33:37Z [skip] T1 slot0 cpu0 f7_n10000_bound_physics (row exists)
2026-08-22T08:33:37Z [skip] T1 slot0 cpu0 f7_n10000_bound_warm (row exists)
2026-08-22T08:33:37Z [skip] T1 slot0 cpu0 f7_n10000_bound_corrupted (row exists)
2026-08-22T08:33:37Z [skip] T1 slot0 cpu0 f7_n5000_bound_activity (row exists)
2026-08-22T08:33:37Z [skip] T1 slot0 cpu0 f7_n5000_bound_neutral (row exists)
2026-08-22T08:33:37Z [skip] T1 slot0 cpu0 f7_n5000_bound_physics (row exists)
2026-08-22T08:33:37Z [skip] T1 slot0 cpu0 f7_n5000_bound_corrupted (row exists)
2026-08-22T08:33:37Z [skip] T1 slot0 cpu0 f7_n5000_bound_warm (row exists)
2026-08-22T08:33:37Z [skip] T1 slot0 cpu0 f7_n1000_path_warm (row exists)
2026-08-22T08:33:37Z [skip] T1 slot0 cpu0 f7_n2000_bound_physics (row exists)
2026-08-22T08:33:37Z [skip] T1 slot0 cpu0 f7_n2000_bound_activity (row exists)
2026-08-22T08:33:37Z [skip] T1 slot0 cpu0 f7_n2000_bound_neutral (row exists)
2026-08-22T08:33:37Z [skip] T1 slot0 cpu0 f7_n2000_bound_corrupted (row exists)
2026-08-22T08:33:37Z [skip] T1 slot0 cpu0 f7_n2000_bound_warm (row exists)
2026-08-22T08:33:37Z [skip] T1 slot0 cpu0 f7_n800_path_warm (row exists)
2026-08-22T08:33:37Z [skip] T1 slot0 cpu0 f7_n1000_bound_activity (row exists)
2026-08-22T08:33:37Z [skip] T1 slot0 cpu0 f7_n1000_bound_neutral (row exists)
2026-08-22T08:33:37Z [skip] T1 slot0 cpu0 f7_n1000_bound_physics (row exists)
2026-08-22T08:33:37Z [skip] T1 slot0 cpu0 f7_n1000_bound_corrupted (row exists)
2026-08-22T08:33:37Z [skip] T1 slot0 cpu0 f7_n1000_bound_warm (row exists)
2026-08-22T08:33:37Z [exit] T1 slot0 cpu0 drained
2026-08-22T08:33:37Z --- tier 1: complete 08:33:37Z ---
2026-08-22T08:33:37Z --- tier 2: 3 cells, 1 worker(s), started 08:33:37Z ---
2026-08-22T08:33:37Z [strt] T2 slot0 cpu0 f7_n10000_path_physics
2026-08-22T09:20:21Z [ ok ] T2 slot0 cpu0 f7_n10000_path_physics rc=0 wall=2804s status=Optimal
2026-08-22T09:20:21Z [strt] T2 slot0 cpu0 f7_n5000_path_neutral
2026-08-22T09:59:41Z [ ok ] T2 slot0 cpu0 f7_n5000_path_neutral rc=0 wall=2360s status=NumericalError
2026-08-22T09:59:41Z [strt] T2 slot0 cpu0 f7_n5000_path_warm
2026-08-22T11:15:46Z [ ok ] T2 slot0 cpu0 f7_n5000_path_warm rc=0 wall=4565s status=NumericalError
2026-08-22T11:15:46Z [exit] T2 slot0 cpu0 drained
2026-08-22T11:15:46Z --- tier 2: complete 11:15:46Z ---
2026-08-22T11:15:46Z --- tier 3: 10 cells, 5 worker(s), started 11:15:46Z ---
2026-08-22T11:15:46Z [strt] T3 slot0 cpu0 f7_n10000_path_activity
2026-08-22T11:15:46Z [strt] T3 slot1 cpu1 f7_n10000_path_corrupted
2026-08-22T11:15:46Z [strt] T3 slot2 cpu2 f7_n10000_path_neutral
2026-08-22T11:15:46Z [strt] T3 slot3 cpu3 f7_n10000_path_warm
2026-08-22T11:15:46Z [strt] T3 slot4 cpu4 f7_n20000_path_activity
