ATTACHED-SINK cell=f7_n1000_bound_neutral engine=ipm qp_mode_dispatch=1 soc_resolve=0 elastic_rung=0 fallback_rung_b=0 ssn_warm_grade=0 other=24
ATTACHED-SINK cell=f7_n1000_bound_physics engine=ipm qp_mode_dispatch=1 soc_resolve=0 elastic_rung=0 fallback_rung_b=0 ssn_warm_grade=0 other=18
ATTACHED-SINK cell=f7_n1000_bound_corrupted engine=ipm qp_mode_dispatch=2 soc_resolve=0 elastic_rung=0 fallback_rung_b=0 ssn_warm_grade=0 other=46
ATTACHED-SINK cell=f7_n1000_bound_activity engine=ipm qp_mode_dispatch=1 soc_resolve=0 elastic_rung=0 fallback_rung_b=0 ssn_warm_grade=0 other=18
ATTACHED-SINK cell=f7_n1000_bound_warm engine=ipm qp_mode_dispatch=2 soc_resolve=0 elastic_rung=0 fallback_rung_b=0 ssn_warm_grade=0 other=46
ATTACHED-SINK cell=f7_n2000_bound_neutral engine=ipm qp_mode_dispatch=1 soc_resolve=0 elastic_rung=0 fallback_rung_b=0 ssn_warm_grade=0 other=24
ATTACHED-SINK cell=f7_n2000_bound_physics engine=ipm qp_mode_dispatch=1 soc_resolve=0 elastic_rung=0 fallback_rung_b=0 ssn_warm_grade=0 other=18
ATTACHED-SINK cell=f7_n2000_bound_corrupted engine=ipm qp_mode_dispatch=2 soc_resolve=0 elastic_rung=0 fallback_rung_b=0 ssn_warm_grade=0 other=46
ATTACHED-SINK cell=f7_n2000_bound_activity engine=ipm qp_mode_dispatch=1 soc_resolve=0 elastic_rung=0 fallback_rung_b=0 ssn_warm_grade=0 other=18
ATTACHED-SINK cell=f7_n2000_bound_warm engine=ipm qp_mode_dispatch=2 soc_resolve=0 elastic_rung=0 fallback_rung_b=0 ssn_warm_grade=0 other=46
ATTACHED-SINK cell=f7_n5000_bound_neutral engine=ipm qp_mode_dispatch=1 soc_resolve=0 elastic_rung=0 fallback_rung_b=0 ssn_warm_grade=0 other=24
ATTACHED-SINK cell=f7_n5000_bound_physics engine=ipm qp_mode_dispatch=1 soc_resolve=0 elastic_rung=0 fallback_rung_b=0 ssn_warm_grade=0 other=18
ATTACHED-SINK cell=f7_n5000_bound_corrupted engine=ipm qp_mode_dispatch=2 soc_resolve=0 elastic_rung=0 fallback_rung_b=0 ssn_warm_grade=0 other=48
ATTACHED-SINK cell=f7_n5000_bound_activity engine=ipm qp_mode_dispatch=1 soc_resolve=0 elastic_rung=0 fallback_rung_b=0 ssn_warm_grade=0 other=18
ATTACHED-SINK cell=f7_n5000_bound_warm engine=ipm qp_mode_dispatch=2 soc_resolve=0 elastic_rung=0 fallback_rung_b=0 ssn_warm_grade=0 other=46
ATTACHED-SINK cell=f7_n10000_bound_neutral engine=ipm qp_mode_dispatch=1 soc_resolve=0 elastic_rung=0 fallback_rung_b=0 ssn_warm_grade=0 other=24
ATTACHED-SINK cell=f7_n10000_bound_physics engine=ipm qp_mode_dispatch=1 soc_resolve=0 elastic_rung=0 fallback_rung_b=0 ssn_warm_grade=0 other=18
ATTACHED-SINK cell=f7_n10000_bound_corrupted engine=ipm qp_mode_dispatch=2 soc_resolve=0 elastic_rung=0 fallback_rung_b=0 ssn_warm_grade=0 other=48
ATTACHED-SINK cell=f7_n10000_bound_activity engine=ipm qp_mode_dispatch=1 soc_resolve=0 elastic_rung=0 fallback_rung_b=0 ssn_warm_grade=0 other=18
ATTACHED-SINK cell=f7_n10000_bound_warm engine=ipm qp_mode_dispatch=2 soc_resolve=0 elastic_rung=0 fallback_rung_b=0 ssn_warm_grade=0 other=48
ATTACHED-SINK cell=f7_n20000_bound_neutral engine=ipm qp_mode_dispatch=1 soc_resolve=0 elastic_rung=0 fallback_rung_b=0 ssn_warm_grade=0 other=24
ATTACHED-SINK cell=f7_n20000_bound_physics engine=ipm qp_mode_dispatch=1 soc_resolve=0 elastic_rung=0 fallback_rung_b=0 ssn_warm_grade=0 other=18
ATTACHED-SINK cell=f7_n20000_bound_corrupted engine=ipm qp_mode_dispatch=2 soc_resolve=0 elastic_rung=0 fallback_rung_b=0 ssn_warm_grade=0 other=48
ATTACHED-SINK cell=f7_n20000_bound_activity engine=ipm qp_mode_dispatch=1 soc_resolve=0 elastic_rung=0 fallback_rung_b=0 ssn_warm_grade=0 other=18
ATTACHED-SINK cell=f7_n20000_bound_warm engine=ipm qp_mode_dispatch=2 soc_resolve=0 elastic_rung=0 fallback_rung_b=0 ssn_warm_grade=0 other=48
ATTACHED-SINK cell=f7_n1000_path_warm engine=ipm qp_mode_dispatch=6 soc_resolve=0 elastic_rung=0 fallback_rung_b=0 ssn_warm_grade=4 other=171
ATTACHED-SINK cell=f7_n800_path_warm engine=ipm qp_mode_dispatch=6 soc_resolve=0 elastic_rung=0 fallback_rung_b=0 ssn_warm_grade=4 other=193
attached observers: callback=off trace=sink
running f7_n1000_bound_neutral (N=1000, bound, neutral, engine ipm, wall budget 900s per phase)...
running f7_n1000_bound_physics (N=1000, bound, physics, engine ipm, wall budget 900s per phase)...
running f7_n1000_bound_corrupted (N=1000, bound, corrupted, engine ipm, wall budget 900s per phase)...
running f7_n1000_bound_activity (N=1000, bound, activity, engine ipm, wall budget 900s per phase)...
running f7_n1000_bound_warm (N=1000, bound, warm, engine ipm, wall budget 900s per phase)...
running f7_n2000_bound_neutral (N=2000, bound, neutral, engine ipm, wall budget 2700s per phase)...
running f7_n2000_bound_physics (N=2000, bound, physics, engine ipm, wall budget 2700s per phase)...
running f7_n2000_bound_corrupted (N=2000, bound, corrupted, engine ipm, wall budget 2700s per phase)...
running f7_n2000_bound_activity (N=2000, bound, activity, engine ipm, wall budget 2700s per phase)...
running f7_n2000_bound_warm (N=2000, bound, warm, engine ipm, wall budget 2700s per phase)...
running f7_n5000_bound_neutral (N=5000, bound, neutral, engine ipm, wall budget 3600s per phase)...
running f7_n5000_bound_physics (N=5000, bound, physics, engine ipm, wall budget 3600s per phase)...
running f7_n5000_bound_corrupted (N=5000, bound, corrupted, engine ipm, wall budget 3600s per phase)...
running f7_n5000_bound_activity (N=5000, bound, activity, engine ipm, wall budget 3600s per phase)...
running f7_n5000_bound_warm (N=5000, bound, warm, engine ipm, wall budget 3600s per phase)...
running f7_n10000_bound_neutral (N=10000, bound, neutral, engine ipm, wall budget 3600s per phase)...
running f7_n10000_bound_physics (N=10000, bound, physics, engine ipm, wall budget 3600s per phase)...
running f7_n10000_bound_corrupted (N=10000, bound, corrupted, engine ipm, wall budget 3600s per phase)...
running f7_n10000_bound_activity (N=10000, bound, activity, engine ipm, wall budget 3600s per phase)...
running f7_n10000_bound_warm (N=10000, bound, warm, engine ipm, wall budget 3600s per phase)...
running f7_n20000_bound_neutral (N=20000, bound, neutral, engine ipm, wall budget 3600s per phase)...
running f7_n20000_bound_physics (N=20000, bound, physics, engine ipm, wall budget 3600s per phase)...
running f7_n20000_bound_corrupted (N=20000, bound, corrupted, engine ipm, wall budget 3600s per phase)...
running f7_n20000_bound_activity (N=20000, bound, activity, engine ipm, wall budget 3600s per phase)...
running f7_n20000_bound_warm (N=20000, bound, warm, engine ipm, wall budget 3600s per phase)...
running f7_n1000_path_warm (N=1000, path, warm, engine ipm, wall budget 900s per phase)...
running f7_n800_path_warm (N=800, path, warm, engine ipm, wall budget 900s per phase)...
wrote 27 row(s) to /home/ghecht/Projects/hven/.scratch/w6t6/art/raw/sqpwall/ipm/a01.csv
