hs1 ipm trace=off median=0.002328s spread=35.403% majors=29 elastic=0 rung_b=0
hs3 ipm trace=off median=0.000591s spread=38.303% majors=4 elastic=0 rung_b=0
hs5 ipm trace=off median=0.000367s spread=47.988% majors=4 elastic=0 rung_b=0
hs6 ipm trace=off median=0.000926s spread=22.695% majors=8 elastic=0 rung_b=0
hs7 ipm trace=off median=0.001079s spread=33.657% majors=9 elastic=0 rung_b=0
hs10 ipm trace=off median=0.004618s spread=11.376% majors=14 elastic=8 rung_b=0
hs11 ipm trace=off median=0.001204s spread=39.513% majors=7 elastic=2 rung_b=0
hs12 ipm trace=off median=0.000754s spread=40.768% majors=6 elastic=0 rung_b=0
hs14 ipm trace=off median=0.000565s spread=41.616% majors=5 elastic=0 rung_b=0
hs15 ipm trace=off median=0.003087s spread=9.939% majors=9 elastic=2 rung_b=0
hs22 ipm trace=off median=0.000738s spread=68.673% majors=2 elastic=0 rung_b=0
hs24 ipm trace=off median=0.000584s spread=42.293% majors=3 elastic=0 rung_b=0
hs25 ipm trace=off median=0.000027s spread=31.274% majors=0 elastic=0 rung_b=0
hs26 ipm trace=off median=0.001699s spread=14.716% majors=17 elastic=0 rung_b=0
hs27 ipm trace=off median=0.001896s spread=82.863% majors=4 elastic=1 rung_b=0
hs28 ipm trace=off median=0.000461s spread=31.069% majors=3 elastic=0 rung_b=0
hs30 ipm trace=off median=0.001243s spread=17.804% majors=11 elastic=0 rung_b=0
hs33 ipm trace=off median=0.001884s spread=15.647% majors=7 elastic=0 rung_b=0
hs35 ipm trace=off median=0.000155s spread=60.908% majors=1 elastic=0 rung_b=0
hs38 ipm trace=off median=0.006205s spread=62.962% majors=49 elastic=0 rung_b=0
hs39 ipm trace=off median=0.001190s spread=19.835% majors=9 elastic=0 rung_b=0
hs40 ipm trace=off median=0.000489s spread=46.043% majors=4 elastic=0 rung_b=0
hs43 ipm trace=off median=0.001353s spread=213.020% majors=7 elastic=0 rung_b=0
hs45 ipm trace=off median=0.001114s spread=23.268% majors=3 elastic=0 rung_b=0
hs76 ipm trace=off median=0.000526s spread=30.138% majors=2 elastic=0 rung_b=0
hs77 ipm trace=off median=0.001476s spread=22.355% majors=12 elastic=0 rung_b=0
hs79 ipm trace=off median=0.000511s spread=37.779% majors=4 elastic=0 rung_b=0

HS SUITE: 27 cell(s), engine ipm, trace off, repeat 1000, warmup 1
  corpus (sum of per-cell medians): 0.037070 s
  worst per-cell median SE: 0.395 %   <-- THE CALIBRATION READING (target <= 0.5, falls as 1/sqrt(N))
  worst per-cell max-min spread: 213.020 %  (raw cloud; NOT a calibration
                                            statistic -- it is monotone in N)
  cells with unstable counters across repeats: 0
  elastic activations: 13   fallback rung B: 0
wrote 27 row(s) to /home/ghecht/Projects/hven/.scratch/w5t89r/art/raw/leg2/ipm/off/base-r2.csv
