hs1 ipm trace=off median=0.002334s spread=26.635% majors=29 elastic=0 rung_b=0
hs3 ipm trace=off median=0.000604s spread=23.132% majors=4 elastic=0 rung_b=0
hs5 ipm trace=off median=0.000375s spread=21.906% majors=4 elastic=0 rung_b=0
hs6 ipm trace=off median=0.000940s spread=33.125% majors=8 elastic=0 rung_b=0
hs7 ipm trace=off median=0.001102s spread=67.454% majors=9 elastic=0 rung_b=0
hs10 ipm trace=off median=0.004641s spread=11.546% majors=14 elastic=8 rung_b=0
hs11 ipm trace=off median=0.001225s spread=32.645% majors=7 elastic=2 rung_b=0
hs12 ipm trace=off median=0.000762s spread=54.633% majors=6 elastic=0 rung_b=0
hs14 ipm trace=off median=0.000575s spread=50.477% majors=5 elastic=0 rung_b=0
hs15 ipm trace=off median=0.003121s spread=15.310% majors=9 elastic=2 rung_b=0
hs22 ipm trace=off median=0.000739s spread=44.146% majors=2 elastic=0 rung_b=0
hs24 ipm trace=off median=0.000586s spread=34.518% majors=3 elastic=0 rung_b=0
hs25 ipm trace=off median=0.000026s spread=50.434% majors=0 elastic=0 rung_b=0
hs26 ipm trace=off median=0.001711s spread=21.397% majors=17 elastic=0 rung_b=0
hs27 ipm trace=off median=0.001905s spread=24.591% majors=4 elastic=1 rung_b=0
hs28 ipm trace=off median=0.000464s spread=51.920% majors=3 elastic=0 rung_b=0
hs30 ipm trace=off median=0.001256s spread=25.588% majors=11 elastic=0 rung_b=0
hs33 ipm trace=off median=0.001909s spread=23.059% majors=7 elastic=0 rung_b=0
hs35 ipm trace=off median=0.000155s spread=91.139% majors=1 elastic=0 rung_b=0
hs38 ipm trace=off median=0.006245s spread=45.106% majors=49 elastic=0 rung_b=0
hs39 ipm trace=off median=0.001217s spread=60.697% majors=9 elastic=0 rung_b=0
hs40 ipm trace=off median=0.000489s spread=47.419% majors=4 elastic=0 rung_b=0
hs43 ipm trace=off median=0.001366s spread=21.198% majors=7 elastic=0 rung_b=0
hs45 ipm trace=off median=0.001125s spread=24.516% majors=3 elastic=0 rung_b=0
hs76 ipm trace=off median=0.000536s spread=36.872% majors=2 elastic=0 rung_b=0
hs77 ipm trace=off median=0.001480s spread=20.006% majors=12 elastic=0 rung_b=0
hs79 ipm trace=off median=0.000511s spread=47.187% majors=4 elastic=0 rung_b=0

HS SUITE: 27 cell(s), engine ipm, trace off, repeat 1000, warmup 1
  corpus (sum of per-cell medians): 0.037398 s
  worst per-cell median SE: 0.208 %   <-- THE CALIBRATION READING (target <= 0.5, falls as 1/sqrt(N))
  worst per-cell max-min spread: 91.139 %  (raw cloud; NOT a calibration
                                            statistic -- it is monotone in N)
  cells with unstable counters across repeats: 0
  elastic activations: 13   fallback rung B: 0
wrote 27 row(s) to /home/ghecht/Projects/hven/.scratch/w5t89r/art/raw/leg2/ipm/off/base-r1.csv
