hs1 ipm trace=off median=0.002369s spread=26.829% majors=29 elastic=0 rung_b=0
hs3 ipm trace=off median=0.000603s spread=25.074% majors=4 elastic=0 rung_b=0
hs5 ipm trace=off median=0.000377s spread=17.099% majors=4 elastic=0 rung_b=0
hs6 ipm trace=off median=0.000947s spread=17.001% majors=8 elastic=0 rung_b=0
hs7 ipm trace=off median=0.001105s spread=21.552% majors=9 elastic=0 rung_b=0
hs10 ipm trace=off median=0.004675s spread=9.986% majors=14 elastic=8 rung_b=0
hs11 ipm trace=off median=0.001239s spread=24.198% majors=7 elastic=2 rung_b=0
hs12 ipm trace=off median=0.000774s spread=53.072% majors=6 elastic=0 rung_b=0
hs14 ipm trace=off median=0.000579s spread=27.364% majors=5 elastic=0 rung_b=0
hs15 ipm trace=off median=0.003170s spread=14.525% majors=9 elastic=2 rung_b=0
hs22 ipm trace=off median=0.000759s spread=24.906% majors=2 elastic=0 rung_b=0
hs24 ipm trace=off median=0.000596s spread=17.454% majors=3 elastic=0 rung_b=0
hs25 ipm trace=off median=0.000026s spread=68.602% majors=0 elastic=0 rung_b=0
hs26 ipm trace=off median=0.001728s spread=14.276% majors=17 elastic=0 rung_b=0
hs27 ipm trace=off median=0.001923s spread=13.005% majors=4 elastic=1 rung_b=0
hs28 ipm trace=off median=0.000470s spread=84.448% majors=3 elastic=0 rung_b=0
hs30 ipm trace=off median=0.001278s spread=14.856% majors=11 elastic=0 rung_b=0
hs33 ipm trace=off median=0.001954s spread=15.457% majors=7 elastic=0 rung_b=0
hs35 ipm trace=off median=0.000158s spread=32.920% majors=1 elastic=0 rung_b=0
hs38 ipm trace=off median=0.006329s spread=33.514% majors=49 elastic=0 rung_b=0
hs39 ipm trace=off median=0.001218s spread=20.129% majors=9 elastic=0 rung_b=0
hs40 ipm trace=off median=0.000499s spread=23.123% majors=4 elastic=0 rung_b=0
hs43 ipm trace=off median=0.001376s spread=25.177% majors=7 elastic=0 rung_b=0
hs45 ipm trace=off median=0.001136s spread=26.243% majors=3 elastic=0 rung_b=0
hs76 ipm trace=off median=0.000540s spread=13.076% majors=2 elastic=0 rung_b=0
hs77 ipm trace=off median=0.001483s spread=21.863% majors=12 elastic=0 rung_b=0
hs79 ipm trace=off median=0.000518s spread=18.137% majors=4 elastic=0 rung_b=0

HS SUITE: 27 cell(s), engine ipm, trace off, repeat 1000, warmup 1
  corpus (sum of per-cell medians): 0.037831 s
  worst per-cell median SE: 0.251 %   <-- THE CALIBRATION READING (target <= 0.5, falls as 1/sqrt(N))
  worst per-cell max-min spread: 84.448 %  (raw cloud; NOT a calibration
                                            statistic -- it is monotone in N)
  cells with unstable counters across repeats: 0
  elastic activations: 13   fallback rung B: 0
wrote 27 row(s) to /home/ghecht/Projects/hven/.scratch/w5t89r/art/raw/leg2/ipm/off/passB-base-r3.csv
