hs1 ipm trace=off median=0.002335s spread=26.160% majors=29 elastic=0 rung_b=0
hs3 ipm trace=off median=0.000601s spread=29.797% majors=4 elastic=0 rung_b=0
hs5 ipm trace=off median=0.000373s spread=33.883% majors=4 elastic=0 rung_b=0
hs6 ipm trace=off median=0.000937s spread=50.424% majors=8 elastic=0 rung_b=0
hs7 ipm trace=off median=0.001091s spread=20.284% majors=9 elastic=0 rung_b=0
hs10 ipm trace=off median=0.004648s spread=10.379% majors=14 elastic=8 rung_b=0
hs11 ipm trace=off median=0.001219s spread=23.263% majors=7 elastic=2 rung_b=0
hs12 ipm trace=off median=0.000758s spread=62.673% majors=6 elastic=0 rung_b=0
hs14 ipm trace=off median=0.000567s spread=48.134% majors=5 elastic=0 rung_b=0
hs15 ipm trace=off median=0.003122s spread=6.903% majors=9 elastic=2 rung_b=0
hs22 ipm trace=off median=0.000750s spread=25.619% majors=2 elastic=0 rung_b=0
hs24 ipm trace=off median=0.000589s spread=26.417% majors=3 elastic=0 rung_b=0
hs25 ipm trace=off median=0.000027s spread=41.463% majors=0 elastic=0 rung_b=0
hs26 ipm trace=off median=0.001702s spread=11.583% majors=17 elastic=0 rung_b=0
hs27 ipm trace=off median=0.001904s spread=11.443% majors=4 elastic=1 rung_b=0
hs28 ipm trace=off median=0.000464s spread=26.715% majors=3 elastic=0 rung_b=0
hs30 ipm trace=off median=0.001243s spread=17.015% majors=11 elastic=0 rung_b=0
hs33 ipm trace=off median=0.001902s spread=21.100% majors=7 elastic=0 rung_b=0
hs35 ipm trace=off median=0.000155s spread=35.244% majors=1 elastic=0 rung_b=0
hs38 ipm trace=off median=0.006254s spread=10.087% majors=49 elastic=0 rung_b=0
hs39 ipm trace=off median=0.001198s spread=35.679% majors=9 elastic=0 rung_b=0
hs40 ipm trace=off median=0.000492s spread=44.149% majors=4 elastic=0 rung_b=0
hs43 ipm trace=off median=0.001358s spread=30.982% majors=7 elastic=0 rung_b=0
hs45 ipm trace=off median=0.001126s spread=31.790% majors=3 elastic=0 rung_b=0
hs76 ipm trace=off median=0.000533s spread=82.889% majors=2 elastic=0 rung_b=0
hs77 ipm trace=off median=0.001473s spread=32.169% majors=12 elastic=0 rung_b=0
hs79 ipm trace=off median=0.000510s spread=15.413% majors=4 elastic=0 rung_b=0

HS SUITE: 27 cell(s), engine ipm, trace off, repeat 1000, warmup 1
  corpus (sum of per-cell medians): 0.037332 s
  worst per-cell median SE: 0.239 %   <-- THE CALIBRATION READING (target <= 0.5, falls as 1/sqrt(N))
  worst per-cell max-min spread: 82.889 %  (raw cloud; NOT a calibration
                                            statistic -- it is monotone in N)
  cells with unstable counters across repeats: 0
  elastic activations: 13   fallback rung B: 0
wrote 27 row(s) to /home/ghecht/Projects/hven/.scratch/w5t89r/art/raw/leg2/ipm/off/passB-base-r2.csv
