hs1 ipm trace=off median=0.002285s spread=30.553% majors=29 elastic=0 rung_b=0
hs3 ipm trace=off median=0.000590s spread=39.286% majors=4 elastic=0 rung_b=0
hs5 ipm trace=off median=0.000364s spread=90.138% majors=4 elastic=0 rung_b=0
hs6 ipm trace=off median=0.000925s spread=17.541% majors=8 elastic=0 rung_b=0
hs7 ipm trace=off median=0.001080s spread=17.986% majors=9 elastic=0 rung_b=0
hs10 ipm trace=off median=0.004546s spread=7.156% majors=14 elastic=8 rung_b=0
hs11 ipm trace=off median=0.001188s spread=13.149% majors=7 elastic=2 rung_b=0
hs12 ipm trace=off median=0.000859s spread=29.232% majors=6 elastic=0 rung_b=0
hs14 ipm trace=off median=0.000560s spread=19.728% majors=5 elastic=0 rung_b=0
hs15 ipm trace=off median=0.003272s spread=19.642% majors=9 elastic=2 rung_b=0
hs22 ipm trace=off median=0.000706s spread=19.598% majors=2 elastic=0 rung_b=0
hs24 ipm trace=off median=0.000574s spread=18.761% majors=3 elastic=0 rung_b=0
hs25 ipm trace=off median=0.000027s spread=24.246% majors=0 elastic=0 rung_b=0
hs26 ipm trace=off median=0.001685s spread=15.133% majors=17 elastic=0 rung_b=0
hs27 ipm trace=off median=0.001866s spread=11.930% majors=4 elastic=1 rung_b=0
hs28 ipm trace=off median=0.000457s spread=27.599% majors=3 elastic=0 rung_b=0
hs30 ipm trace=off median=0.001228s spread=24.462% majors=11 elastic=0 rung_b=0
hs33 ipm trace=off median=0.001897s spread=10.656% majors=7 elastic=0 rung_b=0
hs35 ipm trace=off median=0.000153s spread=48.910% majors=1 elastic=0 rung_b=0
hs38 ipm trace=off median=0.006100s spread=66.317% majors=49 elastic=0 rung_b=0
hs39 ipm trace=off median=0.001186s spread=20.641% majors=9 elastic=0 rung_b=0
hs40 ipm trace=off median=0.000483s spread=13.857% majors=4 elastic=0 rung_b=0
hs43 ipm trace=off median=0.001341s spread=14.223% majors=7 elastic=0 rung_b=0
hs45 ipm trace=off median=0.001116s spread=16.134% majors=3 elastic=0 rung_b=0
hs76 ipm trace=off median=0.000522s spread=11.367% majors=2 elastic=0 rung_b=0
hs77 ipm trace=off median=0.001446s spread=13.965% majors=12 elastic=0 rung_b=0
hs79 ipm trace=off median=0.000503s spread=10.607% majors=4 elastic=0 rung_b=0

HS SUITE: 27 cell(s), engine ipm, trace off, repeat 1000, warmup 1
  corpus (sum of per-cell medians): 0.036959 s
  worst per-cell median SE: 0.295 %   <-- THE CALIBRATION READING (target <= 0.5, falls as 1/sqrt(N))
  worst per-cell max-min spread: 90.138 %  (raw cloud; NOT a calibration
                                            statistic -- it is monotone in N)
  cells with unstable counters across repeats: 0
  elastic activations: 13   fallback rung B: 0
wrote 27 row(s) to /home/ghecht/Projects/hven/.scratch/w5t89r/art/raw/leg2/ipm/off/passB-head-r1.csv
