hs1 ipm trace=off median=0.002311s spread=127.059% majors=29 elastic=0 rung_b=0
hs3 ipm trace=off median=0.000592s spread=11.725% majors=4 elastic=0 rung_b=0
hs5 ipm trace=off median=0.000366s spread=49.263% majors=4 elastic=0 rung_b=0
hs6 ipm trace=off median=0.000927s spread=27.423% majors=8 elastic=0 rung_b=0
hs7 ipm trace=off median=0.001081s spread=23.216% majors=9 elastic=0 rung_b=0
hs10 ipm trace=off median=0.004557s spread=10.861% majors=14 elastic=8 rung_b=0
hs11 ipm trace=off median=0.001186s spread=22.356% majors=7 elastic=2 rung_b=0
hs12 ipm trace=off median=0.000858s spread=40.631% majors=6 elastic=0 rung_b=0
hs14 ipm trace=off median=0.000558s spread=40.116% majors=5 elastic=0 rung_b=0
hs15 ipm trace=off median=0.003278s spread=20.105% majors=9 elastic=2 rung_b=0
hs22 ipm trace=off median=0.000705s spread=38.401% majors=2 elastic=0 rung_b=0
hs24 ipm trace=off median=0.000575s spread=35.085% majors=3 elastic=0 rung_b=0
hs25 ipm trace=off median=0.000027s spread=172.438% majors=0 elastic=0 rung_b=0
hs26 ipm trace=off median=0.001688s spread=17.565% majors=17 elastic=0 rung_b=0
hs27 ipm trace=off median=0.001873s spread=15.210% majors=4 elastic=1 rung_b=0
hs28 ipm trace=off median=0.000457s spread=48.326% majors=3 elastic=0 rung_b=0
hs30 ipm trace=off median=0.001230s spread=19.159% majors=11 elastic=0 rung_b=0
hs33 ipm trace=off median=0.001886s spread=15.857% majors=7 elastic=0 rung_b=0
hs35 ipm trace=off median=0.000152s spread=55.461% majors=1 elastic=0 rung_b=0
hs38 ipm trace=off median=0.006094s spread=19.676% majors=49 elastic=0 rung_b=0
hs39 ipm trace=off median=0.001187s spread=62.460% majors=9 elastic=0 rung_b=0
hs40 ipm trace=off median=0.000485s spread=61.173% majors=4 elastic=0 rung_b=0
hs43 ipm trace=off median=0.001341s spread=58.989% majors=7 elastic=0 rung_b=0
hs45 ipm trace=off median=0.001112s spread=65.855% majors=3 elastic=0 rung_b=0
hs76 ipm trace=off median=0.000524s spread=41.608% majors=2 elastic=0 rung_b=0
hs77 ipm trace=off median=0.001453s spread=16.737% majors=12 elastic=0 rung_b=0
hs79 ipm trace=off median=0.000504s spread=41.572% majors=4 elastic=0 rung_b=0

HS SUITE: 27 cell(s), engine ipm, trace off, repeat 1000, warmup 1
  corpus (sum of per-cell medians): 0.037006 s
  worst per-cell median SE: 0.347 %   <-- THE CALIBRATION READING (target <= 0.5, falls as 1/sqrt(N))
  worst per-cell max-min spread: 172.438 %  (raw cloud; NOT a calibration
                                            statistic -- it is monotone in N)
  cells with unstable counters across repeats: 0
  elastic activations: 13   fallback rung B: 0
wrote 27 row(s) to /home/ghecht/Projects/hven/.scratch/w5t89r/art/raw/leg2/ipm/off/passB-head-r3.csv
