hs1 ssn trace=off median=0.001714s spread=42.002% majors=29 elastic=0 rung_b=0
hs3 ssn trace=off median=0.000339s spread=842.478% majors=4 elastic=0 rung_b=0
hs5 ssn trace=off median=0.000300s spread=78.308% majors=4 elastic=0 rung_b=0
hs6 ssn trace=off median=0.001051s spread=28.555% majors=8 elastic=0 rung_b=0
hs7 ssn trace=off median=0.001094s spread=28.760% majors=9 elastic=0 rung_b=0
hs10 ssn trace=off median=0.006735s spread=31.588% majors=14 elastic=8 rung_b=0
hs11 ssn trace=off median=0.001937s spread=29.608% majors=7 elastic=2 rung_b=0
hs12 ssn trace=off median=0.000410s spread=69.090% majors=6 elastic=0 rung_b=0
hs14 ssn trace=off median=0.000360s spread=58.289% majors=5 elastic=0 rung_b=0
hs15 ssn trace=off median=0.001184s spread=36.850% majors=7 elastic=1 rung_b=0
hs22 ssn trace=off median=0.000500s spread=32.901% majors=2 elastic=0 rung_b=0
hs24 ssn trace=off median=0.000635s spread=53.211% majors=3 elastic=0 rung_b=0
hs25 ssn trace=off median=0.000027s spread=79.594% majors=0 elastic=0 rung_b=0
hs26 ssn trace=off median=0.001121s spread=31.506% majors=17 elastic=0 rung_b=0
hs27 ssn trace=off median=0.001551s spread=21.837% majors=4 elastic=1 rung_b=0
hs28 ssn trace=off median=0.000272s spread=82.880% majors=3 elastic=0 rung_b=0
hs30 ssn trace=off median=0.000699s spread=39.449% majors=11 elastic=0 rung_b=0
hs33 ssn trace=off median=0.000533s spread=42.561% majors=4 elastic=0 rung_b=0
hs35 ssn trace=off median=0.000131s spread=82.538% majors=1 elastic=0 rung_b=0
hs38 ssn trace=off median=0.005242s spread=11.841% majors=49 elastic=0 rung_b=0
hs39 ssn trace=off median=0.001139s spread=23.436% majors=9 elastic=0 rung_b=0
hs40 ssn trace=off median=0.000319s spread=66.367% majors=4 elastic=0 rung_b=0
hs43 ssn trace=off median=0.000894s spread=25.822% majors=7 elastic=0 rung_b=0
hs45 ssn trace=off median=0.000784s spread=42.312% majors=3 elastic=0 rung_b=0
hs76 ssn trace=off median=0.000275s spread=46.216% majors=2 elastic=0 rung_b=0
hs77 ssn trace=off median=0.001041s spread=41.248% majors=12 elastic=0 rung_b=0
hs79 ssn trace=off median=0.000341s spread=95.400% majors=4 elastic=0 rung_b=0

HS SUITE: 27 cell(s), engine ssn, trace off, repeat 1000, warmup 1
  corpus (sum of per-cell medians): 0.030629 s
  worst per-cell median SE: 1.159 %   <-- THE CALIBRATION READING (target <= 0.5, falls as 1/sqrt(N))
  worst per-cell max-min spread: 842.478 %  (raw cloud; NOT a calibration
                                            statistic -- it is monotone in N)
  cells with unstable counters across repeats: 0
  elastic activations: 12   fallback rung B: 0
wrote 27 row(s) to /home/ghecht/Projects/hven/.scratch/w5t89r/calib/hs-ssn-N1000.csv
