hs1 ssn trace=off median=0.001734s spread=32.243% majors=29 elastic=0 rung_b=0
hs3 ssn trace=off median=0.000342s spread=33.377% majors=4 elastic=0 rung_b=0
hs5 ssn trace=off median=0.000303s spread=38.086% majors=4 elastic=0 rung_b=0
hs6 ssn trace=off median=0.001120s spread=23.225% majors=8 elastic=0 rung_b=0
hs7 ssn trace=off median=0.001142s spread=35.604% majors=9 elastic=0 rung_b=0
hs10 ssn trace=off median=0.006707s spread=8.078% majors=14 elastic=8 rung_b=0
hs11 ssn trace=off median=0.001930s spread=13.081% majors=7 elastic=2 rung_b=0
hs12 ssn trace=off median=0.000412s spread=36.808% majors=6 elastic=0 rung_b=0
hs14 ssn trace=off median=0.000363s spread=87.933% majors=5 elastic=0 rung_b=0
hs15 ssn trace=off median=0.001192s spread=24.270% majors=7 elastic=1 rung_b=0
hs22 ssn trace=off median=0.000499s spread=27.396% majors=2 elastic=0 rung_b=0
hs24 ssn trace=off median=0.000637s spread=29.653% majors=3 elastic=0 rung_b=0
hs25 ssn trace=off median=0.000026s spread=76.629% majors=0 elastic=0 rung_b=0
hs26 ssn trace=off median=0.001128s spread=13.721% majors=17 elastic=0 rung_b=0
hs27 ssn trace=off median=0.001566s spread=26.587% majors=4 elastic=1 rung_b=0
hs28 ssn trace=off median=0.000274s spread=41.752% majors=3 elastic=0 rung_b=0
hs30 ssn trace=off median=0.000697s spread=28.842% majors=11 elastic=0 rung_b=0
hs33 ssn trace=off median=0.000550s spread=32.366% majors=4 elastic=0 rung_b=0
hs35 ssn trace=off median=0.000130s spread=78.236% majors=1 elastic=0 rung_b=0
hs38 ssn trace=off median=0.005221s spread=9.445% majors=49 elastic=0 rung_b=0
hs39 ssn trace=off median=0.001139s spread=26.750% majors=9 elastic=0 rung_b=0
hs40 ssn trace=off median=0.000319s spread=38.459% majors=4 elastic=0 rung_b=0
hs43 ssn trace=off median=0.000897s spread=36.098% majors=7 elastic=0 rung_b=0
hs45 ssn trace=off median=0.000783s spread=15.936% majors=3 elastic=0 rung_b=0
hs76 ssn trace=off median=0.000279s spread=39.595% majors=2 elastic=0 rung_b=0
hs77 ssn trace=off median=0.001047s spread=25.979% majors=12 elastic=0 rung_b=0
hs79 ssn trace=off median=0.000342s spread=39.449% majors=4 elastic=0 rung_b=0

HS SUITE: 27 cell(s), engine ssn, trace off, repeat 250, warmup 1
  corpus (sum of per-cell medians): 0.030778 s
  worst per-cell median SE: 0.833 %   <-- THE CALIBRATION READING (target <= 0.5, falls as 1/sqrt(N))
  worst per-cell max-min spread: 87.933 %  (raw cloud; NOT a calibration
                                            statistic -- it is monotone in N)
  cells with unstable counters across repeats: 0
  elastic activations: 12   fallback rung B: 0
wrote 27 row(s) to /home/ghecht/Projects/hven/.scratch/w5t89r/calib/hs-ssn-N250.csv
