hs1 ssn trace=off median=0.001727s spread=40.406% majors=29 elastic=0 rung_b=0
hs3 ssn trace=off median=0.000326s spread=38.895% majors=4 elastic=0 rung_b=0
hs5 ssn trace=off median=0.000301s spread=47.180% majors=4 elastic=0 rung_b=0
hs6 ssn trace=off median=0.001054s spread=26.920% majors=8 elastic=0 rung_b=0
hs7 ssn trace=off median=0.001102s spread=28.228% majors=9 elastic=0 rung_b=0
hs10 ssn trace=off median=0.006737s spread=16.235% majors=14 elastic=8 rung_b=0
hs11 ssn trace=off median=0.001945s spread=15.726% majors=7 elastic=2 rung_b=0
hs12 ssn trace=off median=0.000414s spread=45.803% majors=6 elastic=0 rung_b=0
hs14 ssn trace=off median=0.000360s spread=45.749% majors=5 elastic=0 rung_b=0
hs15 ssn trace=off median=0.001188s spread=21.193% majors=7 elastic=1 rung_b=0
hs22 ssn trace=off median=0.000504s spread=49.941% majors=2 elastic=0 rung_b=0
hs24 ssn trace=off median=0.000641s spread=41.225% majors=3 elastic=0 rung_b=0
hs25 ssn trace=off median=0.000027s spread=78.192% majors=0 elastic=0 rung_b=0
hs26 ssn trace=off median=0.001126s spread=28.197% majors=17 elastic=0 rung_b=0
hs27 ssn trace=off median=0.001553s spread=22.918% majors=4 elastic=1 rung_b=0
hs28 ssn trace=off median=0.000277s spread=61.198% majors=3 elastic=0 rung_b=0
hs30 ssn trace=off median=0.000699s spread=25.356% majors=11 elastic=0 rung_b=0
hs33 ssn trace=off median=0.000535s spread=45.945% majors=4 elastic=0 rung_b=0
hs35 ssn trace=off median=0.000132s spread=80.750% majors=1 elastic=0 rung_b=0
hs38 ssn trace=off median=0.005272s spread=8.013% majors=49 elastic=0 rung_b=0
hs39 ssn trace=off median=0.001145s spread=26.599% majors=9 elastic=0 rung_b=0
hs40 ssn trace=off median=0.000322s spread=39.670% majors=4 elastic=0 rung_b=0
hs43 ssn trace=off median=0.000904s spread=25.770% majors=7 elastic=0 rung_b=0
hs45 ssn trace=off median=0.000793s spread=21.074% majors=3 elastic=0 rung_b=0
hs76 ssn trace=off median=0.000280s spread=53.693% majors=2 elastic=0 rung_b=0
hs77 ssn trace=off median=0.001049s spread=26.527% majors=12 elastic=0 rung_b=0
hs79 ssn trace=off median=0.000340s spread=47.718% majors=4 elastic=0 rung_b=0

HS SUITE: 27 cell(s), engine ssn, trace off, repeat 500, warmup 1
  corpus (sum of per-cell medians): 0.030751 s
  worst per-cell median SE: 0.528 %   <-- THE CALIBRATION READING (target <= 0.5, falls as 1/sqrt(N))
  worst per-cell max-min spread: 80.750 %  (raw cloud; NOT a calibration
                                            statistic -- it is monotone in N)
  cells with unstable counters across repeats: 0
  elastic activations: 12   fallback rung B: 0
wrote 27 row(s) to /home/ghecht/Projects/hven/.scratch/w5t89r/calib/hs-ssn-N500.csv
