hs1 ssn trace=off median=0.001712s spread=22.829% majors=29 elastic=0 rung_b=0
hs3 ssn trace=off median=0.000340s spread=36.295% majors=4 elastic=0 rung_b=0
hs5 ssn trace=off median=0.000296s spread=43.759% majors=4 elastic=0 rung_b=0
hs6 ssn trace=off median=0.001066s spread=11.697% majors=8 elastic=0 rung_b=0
hs7 ssn trace=off median=0.001107s spread=21.722% majors=9 elastic=0 rung_b=0
hs10 ssn trace=off median=0.006673s spread=6.615% majors=14 elastic=8 rung_b=0
hs11 ssn trace=off median=0.001920s spread=18.298% majors=7 elastic=2 rung_b=0
hs12 ssn trace=off median=0.000411s spread=47.391% majors=6 elastic=0 rung_b=0
hs14 ssn trace=off median=0.000358s spread=31.636% majors=5 elastic=0 rung_b=0
hs15 ssn trace=off median=0.001194s spread=11.888% majors=7 elastic=1 rung_b=0
hs22 ssn trace=off median=0.000496s spread=27.374% majors=2 elastic=0 rung_b=0
hs24 ssn trace=off median=0.000650s spread=20.016% majors=3 elastic=0 rung_b=0
hs25 ssn trace=off median=0.000026s spread=57.532% majors=0 elastic=0 rung_b=0
hs26 ssn trace=off median=0.001129s spread=16.273% majors=17 elastic=0 rung_b=0
hs27 ssn trace=off median=0.001531s spread=11.440% majors=4 elastic=1 rung_b=0
hs28 ssn trace=off median=0.000272s spread=49.126% majors=3 elastic=0 rung_b=0
hs30 ssn trace=off median=0.000701s spread=20.468% majors=11 elastic=0 rung_b=0
hs33 ssn trace=off median=0.000533s spread=47.646% majors=4 elastic=0 rung_b=0
hs35 ssn trace=off median=0.000131s spread=75.279% majors=1 elastic=0 rung_b=0
hs38 ssn trace=off median=0.005233s spread=8.987% majors=49 elastic=0 rung_b=0
hs39 ssn trace=off median=0.001136s spread=11.450% majors=9 elastic=0 rung_b=0
hs40 ssn trace=off median=0.000321s spread=36.188% majors=4 elastic=0 rung_b=0
hs43 ssn trace=off median=0.000900s spread=28.687% majors=7 elastic=0 rung_b=0
hs45 ssn trace=off median=0.000783s spread=25.005% majors=3 elastic=0 rung_b=0
hs76 ssn trace=off median=0.000278s spread=38.699% majors=2 elastic=0 rung_b=0
hs77 ssn trace=off median=0.001042s spread=13.455% majors=12 elastic=0 rung_b=0
hs79 ssn trace=off median=0.000343s spread=37.026% majors=4 elastic=0 rung_b=0

HS SUITE: 27 cell(s), engine ssn, trace off, repeat 125, warmup 1
  corpus (sum of per-cell medians): 0.030583 s
  worst per-cell median SE: 1.215 %   <-- THE CALIBRATION READING (target <= 0.5, falls as 1/sqrt(N))
  worst per-cell max-min spread: 75.279 %  (raw cloud; NOT a calibration
                                            statistic -- it is monotone in N)
  cells with unstable counters across repeats: 0
  elastic activations: 12   fallback rung B: 0
wrote 27 row(s) to /home/ghecht/Projects/hven/.scratch/w5t89r/calib/hs-ssn-N125.csv
