hs1 walk trace=off median=0.001303s spread=20.954% majors=29 elastic=0 rung_b=0
hs3 walk trace=off median=0.000224s spread=44.604% majors=4 elastic=0 rung_b=0
hs5 walk trace=off median=0.000186s spread=84.478% majors=4 elastic=0 rung_b=0
hs6 walk trace=off median=0.000588s spread=21.967% majors=8 elastic=0 rung_b=0
hs7 walk trace=off median=0.000749s spread=47.357% majors=9 elastic=0 rung_b=0
hs10 walk trace=off median=0.005595s spread=11.485% majors=14 elastic=8 rung_b=0
hs11 walk trace=off median=0.001372s spread=26.556% majors=7 elastic=2 rung_b=0
hs12 walk trace=off median=0.000408s spread=72.893% majors=6 elastic=0 rung_b=0
hs14 walk trace=off median=0.000257s spread=96.266% majors=5 elastic=0 rung_b=0
hs15 walk trace=off median=0.001014s spread=25.905% majors=7 elastic=1 rung_b=0
hs22 walk trace=off median=0.000255s spread=45.773% majors=2 elastic=0 rung_b=0
hs24 walk trace=off median=0.000446s spread=34.251% majors=3 elastic=0 rung_b=0
hs25 walk trace=off median=0.000026s spread=1183.525% majors=0 elastic=0 rung_b=0
hs26 walk trace=off median=0.000902s spread=65.924% majors=17 elastic=0 rung_b=0
hs27 walk trace=off median=0.001365s spread=21.651% majors=4 elastic=1 rung_b=0
hs28 walk trace=off median=0.000226s spread=54.842% majors=3 elastic=0 rung_b=0
hs30 walk trace=off median=0.000640s spread=39.738% majors=11 elastic=0 rung_b=0
hs33 walk trace=off median=0.000677s spread=18.290% majors=4 elastic=0 rung_b=0
hs35 walk trace=off median=0.000091s spread=102.464% majors=1 elastic=0 rung_b=0
hs38 walk trace=off median=0.003415s spread=35.206% majors=49 elastic=0 rung_b=0
hs39 walk trace=off median=0.000689s spread=37.587% majors=9 elastic=0 rung_b=0
hs40 walk trace=off median=0.000234s spread=50.557% majors=4 elastic=0 rung_b=0
hs43 walk trace=off median=0.000653s spread=25.714% majors=7 elastic=0 rung_b=0
hs45 walk trace=off median=0.000524s spread=21.191% majors=3 elastic=0 rung_b=0
hs76 walk trace=off median=0.000278s spread=41.247% majors=2 elastic=0 rung_b=0
hs77 walk trace=off median=0.000726s spread=36.689% majors=12 elastic=0 rung_b=0
hs79 walk trace=off median=0.000241s spread=42.357% majors=4 elastic=0 rung_b=0

HS SUITE: 27 cell(s), engine walk, trace off, repeat 500, warmup 1
  corpus (sum of per-cell medians): 0.023083 s
  worst per-cell median SE: 3.004 %   <-- THE CALIBRATION READING (target <= 0.5, falls as 1/sqrt(N))
  worst per-cell max-min spread: 1183.525 %  (raw cloud; NOT a calibration
                                            statistic -- it is monotone in N)
  cells with unstable counters across repeats: 0
  elastic activations: 12   fallback rung B: 0
wrote 27 row(s) to /home/ghecht/Projects/hven/.scratch/w5t89r/calib/hs-walk-N500.csv
