PGREP_SEPARATE 2026-09-11T21:45:34Z -- taken OUTSIDE the lock by the caller; build/solve processes:
PGREP_EMPTY_BUILD
--- inside the lock from here ---
PGREP_INLOCK 2026-09-11T21:45:34Z
PGREP_EMPTY_BUILD
FOREGROUND_START 2026-09-11T21:45:35Z perf pass=C round=1
events: L1-dcache-load-misses:u,LLC-load-misses:u,dTLB-load-misses:u,page-faults
ENV_FOOTPRINT bytes=4374 md5=d2966e3d3cc4d732024d2b5df2d17169 pwd=/home/ghecht/Projects/hven shlvl=5
ARM_ORDER pass=C round=1: 510a4bb 9cebbbe control
ARGV_LEN arm=510a4bb row=f7_n1000_bound_physics/MakeParameter 276
RUN  2026-09-11T21:45:35Z perfC arm=510a4bb row=f7_n1000_bound_physics/MakeParameter round=1
ARGV_LEN arm=510a4bb row=f7_n1000_bound_physics/MakeConstraint 278
RUN  2026-09-11T21:45:36Z perfC arm=510a4bb row=f7_n1000_bound_physics/MakeConstraint round=1
ARGV_LEN arm=510a4bb row=f7_n1000_bound_physics/RelaxBounds 272
RUN  2026-09-11T21:45:37Z perfC arm=510a4bb row=f7_n1000_bound_physics/RelaxBounds round=1
ARGV_LEN arm=510a4bb row=f7_n5000_bound_physics/MakeParameter 276
RUN  2026-09-11T21:45:38Z perfC arm=510a4bb row=f7_n5000_bound_physics/MakeParameter round=1
ARGV_LEN arm=510a4bb row=f7_n5000_bound_physics/MakeConstraint 278
RUN  2026-09-11T21:45:39Z perfC arm=510a4bb row=f7_n5000_bound_physics/MakeConstraint round=1
ARGV_LEN arm=510a4bb row=f7_n5000_bound_physics/RelaxBounds 272
RUN  2026-09-11T21:45:40Z perfC arm=510a4bb row=f7_n5000_bound_physics/RelaxBounds round=1
ARGV_LEN arm=510a4bb row=f7_n10000_bound_neutral/MakeParameter 278
RUN  2026-09-11T21:45:41Z perfC arm=510a4bb row=f7_n10000_bound_neutral/MakeParameter round=1
ARGV_LEN arm=510a4bb row=f7_n10000_bound_neutral/MakeConstraint 280
RUN  2026-09-11T21:45:42Z perfC arm=510a4bb row=f7_n10000_bound_neutral/MakeConstraint round=1
ARGV_LEN arm=510a4bb row=f7_n10000_bound_neutral/RelaxBounds 274
RUN  2026-09-11T21:45:43Z perfC arm=510a4bb row=f7_n10000_bound_neutral/RelaxBounds round=1
ARGV_LEN arm=510a4bb row=f7_n20000_bound_neutral/MakeParameter 278
RUN  2026-09-11T21:45:44Z perfC arm=510a4bb row=f7_n20000_bound_neutral/MakeParameter round=1
ARGV_LEN arm=510a4bb row=f7_n20000_bound_neutral/MakeConstraint 280
RUN  2026-09-11T21:45:46Z perfC arm=510a4bb row=f7_n20000_bound_neutral/MakeConstraint round=1
ARGV_LEN arm=510a4bb row=f7_n20000_bound_neutral/RelaxBounds 274
RUN  2026-09-11T21:45:48Z perfC arm=510a4bb row=f7_n20000_bound_neutral/RelaxBounds round=1
ARGV_LEN arm=9cebbbe row=f7_n1000_bound_physics/MakeParameter 276
RUN  2026-09-11T21:45:50Z perfC arm=9cebbbe row=f7_n1000_bound_physics/MakeParameter round=1
ARGV_LEN arm=9cebbbe row=f7_n1000_bound_physics/MakeConstraint 278
RUN  2026-09-11T21:45:51Z perfC arm=9cebbbe row=f7_n1000_bound_physics/MakeConstraint round=1
ARGV_LEN arm=9cebbbe row=f7_n1000_bound_physics/RelaxBounds 272
RUN  2026-09-11T21:45:52Z perfC arm=9cebbbe row=f7_n1000_bound_physics/RelaxBounds round=1
ARGV_LEN arm=9cebbbe row=f7_n5000_bound_physics/MakeParameter 276
RUN  2026-09-11T21:45:53Z perfC arm=9cebbbe row=f7_n5000_bound_physics/MakeParameter round=1
ARGV_LEN arm=9cebbbe row=f7_n5000_bound_physics/MakeConstraint 278
RUN  2026-09-11T21:45:54Z perfC arm=9cebbbe row=f7_n5000_bound_physics/MakeConstraint round=1
ARGV_LEN arm=9cebbbe row=f7_n5000_bound_physics/RelaxBounds 272
RUN  2026-09-11T21:45:55Z perfC arm=9cebbbe row=f7_n5000_bound_physics/RelaxBounds round=1
ARGV_LEN arm=9cebbbe row=f7_n10000_bound_neutral/MakeParameter 278
RUN  2026-09-11T21:45:56Z perfC arm=9cebbbe row=f7_n10000_bound_neutral/MakeParameter round=1
ARGV_LEN arm=9cebbbe row=f7_n10000_bound_neutral/MakeConstraint 280
RUN  2026-09-11T21:45:57Z perfC arm=9cebbbe row=f7_n10000_bound_neutral/MakeConstraint round=1
ARGV_LEN arm=9cebbbe row=f7_n10000_bound_neutral/RelaxBounds 274
RUN  2026-09-11T21:45:58Z perfC arm=9cebbbe row=f7_n10000_bound_neutral/RelaxBounds round=1
ARGV_LEN arm=9cebbbe row=f7_n20000_bound_neutral/MakeParameter 278
RUN  2026-09-11T21:45:59Z perfC arm=9cebbbe row=f7_n20000_bound_neutral/MakeParameter round=1
ARGV_LEN arm=9cebbbe row=f7_n20000_bound_neutral/MakeConstraint 280
RUN  2026-09-11T21:46:01Z perfC arm=9cebbbe row=f7_n20000_bound_neutral/MakeConstraint round=1
ARGV_LEN arm=9cebbbe row=f7_n20000_bound_neutral/RelaxBounds 274
RUN  2026-09-11T21:46:03Z perfC arm=9cebbbe row=f7_n20000_bound_neutral/RelaxBounds round=1
ARGV_LEN arm=control row=f7_n1000_bound_physics/MakeParameter 276
RUN  2026-09-11T21:46:05Z perfC arm=control row=f7_n1000_bound_physics/MakeParameter round=1
ARGV_LEN arm=control row=f7_n1000_bound_physics/MakeConstraint 278
RUN  2026-09-11T21:46:06Z perfC arm=control row=f7_n1000_bound_physics/MakeConstraint round=1
ARGV_LEN arm=control row=f7_n1000_bound_physics/RelaxBounds 272
RUN  2026-09-11T21:46:07Z perfC arm=control row=f7_n1000_bound_physics/RelaxBounds round=1
ARGV_LEN arm=control row=f7_n5000_bound_physics/MakeParameter 276
RUN  2026-09-11T21:46:08Z perfC arm=control row=f7_n5000_bound_physics/MakeParameter round=1
ARGV_LEN arm=control row=f7_n5000_bound_physics/MakeConstraint 278
RUN  2026-09-11T21:46:09Z perfC arm=control row=f7_n5000_bound_physics/MakeConstraint round=1
ARGV_LEN arm=control row=f7_n5000_bound_physics/RelaxBounds 272
RUN  2026-09-11T21:46:10Z perfC arm=control row=f7_n5000_bound_physics/RelaxBounds round=1
ARGV_LEN arm=control row=f7_n10000_bound_neutral/MakeParameter 278
RUN  2026-09-11T21:46:11Z perfC arm=control row=f7_n10000_bound_neutral/MakeParameter round=1
ARGV_LEN arm=control row=f7_n10000_bound_neutral/MakeConstraint 280
RUN  2026-09-11T21:46:12Z perfC arm=control row=f7_n10000_bound_neutral/MakeConstraint round=1
ARGV_LEN arm=control row=f7_n10000_bound_neutral/RelaxBounds 274
RUN  2026-09-11T21:46:13Z perfC arm=control row=f7_n10000_bound_neutral/RelaxBounds round=1
ARGV_LEN arm=control row=f7_n20000_bound_neutral/MakeParameter 278
RUN  2026-09-11T21:46:14Z perfC arm=control row=f7_n20000_bound_neutral/MakeParameter round=1
ARGV_LEN arm=control row=f7_n20000_bound_neutral/MakeConstraint 280
RUN  2026-09-11T21:46:16Z perfC arm=control row=f7_n20000_bound_neutral/MakeConstraint round=1
ARGV_LEN arm=control row=f7_n20000_bound_neutral/RelaxBounds 274
RUN  2026-09-11T21:46:18Z perfC arm=control row=f7_n20000_bound_neutral/RelaxBounds round=1
FOREGROUND_END 2026-09-11T21:46:20Z perf pass=C round=1
WRAPPER_EXIT=0
