PGREP_SEPARATE 2026-09-11T21:47:05Z -- taken OUTSIDE the lock by the caller; build/solve processes:
PGREP_EMPTY_BUILD
--- inside the lock from here ---
PGREP_INLOCK 2026-09-11T21:47:05Z
PGREP_EMPTY_BUILD
FOREGROUND_START 2026-09-11T21:47:05Z perf pass=C round=3
events: L1-dcache-load-misses:u,LLC-load-misses:u,dTLB-load-misses:u,page-faults
ENV_FOOTPRINT bytes=4374 md5=d2966e3d3cc4d732024d2b5df2d17169 pwd=/home/ghecht/Projects/hven shlvl=5
ARM_ORDER pass=C round=3: control 510a4bb 9cebbbe
ARGV_LEN arm=control row=f7_n1000_bound_physics/MakeParameter 276
RUN  2026-09-11T21:47:05Z perfC arm=control row=f7_n1000_bound_physics/MakeParameter round=3
ARGV_LEN arm=control row=f7_n1000_bound_physics/MakeConstraint 278
RUN  2026-09-11T21:47:06Z perfC arm=control row=f7_n1000_bound_physics/MakeConstraint round=3
ARGV_LEN arm=control row=f7_n1000_bound_physics/RelaxBounds 272
RUN  2026-09-11T21:47:07Z perfC arm=control row=f7_n1000_bound_physics/RelaxBounds round=3
ARGV_LEN arm=control row=f7_n5000_bound_physics/MakeParameter 276
RUN  2026-09-11T21:47:08Z perfC arm=control row=f7_n5000_bound_physics/MakeParameter round=3
ARGV_LEN arm=control row=f7_n5000_bound_physics/MakeConstraint 278
RUN  2026-09-11T21:47:09Z perfC arm=control row=f7_n5000_bound_physics/MakeConstraint round=3
ARGV_LEN arm=control row=f7_n5000_bound_physics/RelaxBounds 272
RUN  2026-09-11T21:47:10Z perfC arm=control row=f7_n5000_bound_physics/RelaxBounds round=3
ARGV_LEN arm=control row=f7_n10000_bound_neutral/MakeParameter 278
RUN  2026-09-11T21:47:11Z perfC arm=control row=f7_n10000_bound_neutral/MakeParameter round=3
ARGV_LEN arm=control row=f7_n10000_bound_neutral/MakeConstraint 280
RUN  2026-09-11T21:47:12Z perfC arm=control row=f7_n10000_bound_neutral/MakeConstraint round=3
ARGV_LEN arm=control row=f7_n10000_bound_neutral/RelaxBounds 274
RUN  2026-09-11T21:47:13Z perfC arm=control row=f7_n10000_bound_neutral/RelaxBounds round=3
ARGV_LEN arm=control row=f7_n20000_bound_neutral/MakeParameter 278
RUN  2026-09-11T21:47:14Z perfC arm=control row=f7_n20000_bound_neutral/MakeParameter round=3
ARGV_LEN arm=control row=f7_n20000_bound_neutral/MakeConstraint 280
RUN  2026-09-11T21:47:16Z perfC arm=control row=f7_n20000_bound_neutral/MakeConstraint round=3
ARGV_LEN arm=control row=f7_n20000_bound_neutral/RelaxBounds 274
RUN  2026-09-11T21:47:18Z perfC arm=control row=f7_n20000_bound_neutral/RelaxBounds round=3
ARGV_LEN arm=510a4bb row=f7_n1000_bound_physics/MakeParameter 276
RUN  2026-09-11T21:47:20Z perfC arm=510a4bb row=f7_n1000_bound_physics/MakeParameter round=3
ARGV_LEN arm=510a4bb row=f7_n1000_bound_physics/MakeConstraint 278
RUN  2026-09-11T21:47:21Z perfC arm=510a4bb row=f7_n1000_bound_physics/MakeConstraint round=3
ARGV_LEN arm=510a4bb row=f7_n1000_bound_physics/RelaxBounds 272
RUN  2026-09-11T21:47:22Z perfC arm=510a4bb row=f7_n1000_bound_physics/RelaxBounds round=3
ARGV_LEN arm=510a4bb row=f7_n5000_bound_physics/MakeParameter 276
RUN  2026-09-11T21:47:23Z perfC arm=510a4bb row=f7_n5000_bound_physics/MakeParameter round=3
ARGV_LEN arm=510a4bb row=f7_n5000_bound_physics/MakeConstraint 278
RUN  2026-09-11T21:47:24Z perfC arm=510a4bb row=f7_n5000_bound_physics/MakeConstraint round=3
ARGV_LEN arm=510a4bb row=f7_n5000_bound_physics/RelaxBounds 272
RUN  2026-09-11T21:47:25Z perfC arm=510a4bb row=f7_n5000_bound_physics/RelaxBounds round=3
ARGV_LEN arm=510a4bb row=f7_n10000_bound_neutral/MakeParameter 278
RUN  2026-09-11T21:47:26Z perfC arm=510a4bb row=f7_n10000_bound_neutral/MakeParameter round=3
ARGV_LEN arm=510a4bb row=f7_n10000_bound_neutral/MakeConstraint 280
RUN  2026-09-11T21:47:27Z perfC arm=510a4bb row=f7_n10000_bound_neutral/MakeConstraint round=3
ARGV_LEN arm=510a4bb row=f7_n10000_bound_neutral/RelaxBounds 274
RUN  2026-09-11T21:47:28Z perfC arm=510a4bb row=f7_n10000_bound_neutral/RelaxBounds round=3
ARGV_LEN arm=510a4bb row=f7_n20000_bound_neutral/MakeParameter 278
RUN  2026-09-11T21:47:29Z perfC arm=510a4bb row=f7_n20000_bound_neutral/MakeParameter round=3
ARGV_LEN arm=510a4bb row=f7_n20000_bound_neutral/MakeConstraint 280
RUN  2026-09-11T21:47:31Z perfC arm=510a4bb row=f7_n20000_bound_neutral/MakeConstraint round=3
ARGV_LEN arm=510a4bb row=f7_n20000_bound_neutral/RelaxBounds 274
RUN  2026-09-11T21:47:33Z perfC arm=510a4bb row=f7_n20000_bound_neutral/RelaxBounds round=3
ARGV_LEN arm=9cebbbe row=f7_n1000_bound_physics/MakeParameter 276
RUN  2026-09-11T21:47:35Z perfC arm=9cebbbe row=f7_n1000_bound_physics/MakeParameter round=3
ARGV_LEN arm=9cebbbe row=f7_n1000_bound_physics/MakeConstraint 278
RUN  2026-09-11T21:47:36Z perfC arm=9cebbbe row=f7_n1000_bound_physics/MakeConstraint round=3
ARGV_LEN arm=9cebbbe row=f7_n1000_bound_physics/RelaxBounds 272
RUN  2026-09-11T21:47:37Z perfC arm=9cebbbe row=f7_n1000_bound_physics/RelaxBounds round=3
ARGV_LEN arm=9cebbbe row=f7_n5000_bound_physics/MakeParameter 276
RUN  2026-09-11T21:47:38Z perfC arm=9cebbbe row=f7_n5000_bound_physics/MakeParameter round=3
ARGV_LEN arm=9cebbbe row=f7_n5000_bound_physics/MakeConstraint 278
RUN  2026-09-11T21:47:39Z perfC arm=9cebbbe row=f7_n5000_bound_physics/MakeConstraint round=3
ARGV_LEN arm=9cebbbe row=f7_n5000_bound_physics/RelaxBounds 272
RUN  2026-09-11T21:47:40Z perfC arm=9cebbbe row=f7_n5000_bound_physics/RelaxBounds round=3
ARGV_LEN arm=9cebbbe row=f7_n10000_bound_neutral/MakeParameter 278
RUN  2026-09-11T21:47:41Z perfC arm=9cebbbe row=f7_n10000_bound_neutral/MakeParameter round=3
ARGV_LEN arm=9cebbbe row=f7_n10000_bound_neutral/MakeConstraint 280
RUN  2026-09-11T21:47:42Z perfC arm=9cebbbe row=f7_n10000_bound_neutral/MakeConstraint round=3
ARGV_LEN arm=9cebbbe row=f7_n10000_bound_neutral/RelaxBounds 274
RUN  2026-09-11T21:47:43Z perfC arm=9cebbbe row=f7_n10000_bound_neutral/RelaxBounds round=3
ARGV_LEN arm=9cebbbe row=f7_n20000_bound_neutral/MakeParameter 278
RUN  2026-09-11T21:47:44Z perfC arm=9cebbbe row=f7_n20000_bound_neutral/MakeParameter round=3
ARGV_LEN arm=9cebbbe row=f7_n20000_bound_neutral/MakeConstraint 280
RUN  2026-09-11T21:47:46Z perfC arm=9cebbbe row=f7_n20000_bound_neutral/MakeConstraint round=3
ARGV_LEN arm=9cebbbe row=f7_n20000_bound_neutral/RelaxBounds 274
RUN  2026-09-11T21:47:48Z perfC arm=9cebbbe row=f7_n20000_bound_neutral/RelaxBounds round=3
FOREGROUND_END 2026-09-11T21:47:50Z perf pass=C round=3
WRAPPER_EXIT=0
