PGREP_SEPARATE 2026-09-11T21:48:35Z -- taken OUTSIDE the lock by the caller; build/solve processes:
PGREP_EMPTY_BUILD
--- inside the lock from here ---
PGREP_INLOCK 2026-09-11T21:48:35Z
PGREP_EMPTY_BUILD
FOREGROUND_START 2026-09-11T21:48:35Z perf pass=C round=5
events: L1-dcache-load-misses:u,LLC-load-misses:u,dTLB-load-misses:u,page-faults
ENV_FOOTPRINT bytes=4374 md5=d2966e3d3cc4d732024d2b5df2d17169 pwd=/home/ghecht/Projects/hven shlvl=5
ARM_ORDER pass=C round=5: 9cebbbe control 510a4bb
ARGV_LEN arm=9cebbbe row=f7_n1000_bound_physics/MakeParameter 276
RUN  2026-09-11T21:48:35Z perfC arm=9cebbbe row=f7_n1000_bound_physics/MakeParameter round=5
ARGV_LEN arm=9cebbbe row=f7_n1000_bound_physics/MakeConstraint 278
RUN  2026-09-11T21:48:36Z perfC arm=9cebbbe row=f7_n1000_bound_physics/MakeConstraint round=5
ARGV_LEN arm=9cebbbe row=f7_n1000_bound_physics/RelaxBounds 272
RUN  2026-09-11T21:48:37Z perfC arm=9cebbbe row=f7_n1000_bound_physics/RelaxBounds round=5
ARGV_LEN arm=9cebbbe row=f7_n5000_bound_physics/MakeParameter 276
RUN  2026-09-11T21:48:38Z perfC arm=9cebbbe row=f7_n5000_bound_physics/MakeParameter round=5
ARGV_LEN arm=9cebbbe row=f7_n5000_bound_physics/MakeConstraint 278
RUN  2026-09-11T21:48:39Z perfC arm=9cebbbe row=f7_n5000_bound_physics/MakeConstraint round=5
ARGV_LEN arm=9cebbbe row=f7_n5000_bound_physics/RelaxBounds 272
RUN  2026-09-11T21:48:40Z perfC arm=9cebbbe row=f7_n5000_bound_physics/RelaxBounds round=5
ARGV_LEN arm=9cebbbe row=f7_n10000_bound_neutral/MakeParameter 278
RUN  2026-09-11T21:48:41Z perfC arm=9cebbbe row=f7_n10000_bound_neutral/MakeParameter round=5
ARGV_LEN arm=9cebbbe row=f7_n10000_bound_neutral/MakeConstraint 280
RUN  2026-09-11T21:48:42Z perfC arm=9cebbbe row=f7_n10000_bound_neutral/MakeConstraint round=5
ARGV_LEN arm=9cebbbe row=f7_n10000_bound_neutral/RelaxBounds 274
RUN  2026-09-11T21:48:43Z perfC arm=9cebbbe row=f7_n10000_bound_neutral/RelaxBounds round=5
ARGV_LEN arm=9cebbbe row=f7_n20000_bound_neutral/MakeParameter 278
RUN  2026-09-11T21:48:44Z perfC arm=9cebbbe row=f7_n20000_bound_neutral/MakeParameter round=5
ARGV_LEN arm=9cebbbe row=f7_n20000_bound_neutral/MakeConstraint 280
RUN  2026-09-11T21:48:46Z perfC arm=9cebbbe row=f7_n20000_bound_neutral/MakeConstraint round=5
ARGV_LEN arm=9cebbbe row=f7_n20000_bound_neutral/RelaxBounds 274
RUN  2026-09-11T21:48:48Z perfC arm=9cebbbe row=f7_n20000_bound_neutral/RelaxBounds round=5
ARGV_LEN arm=control row=f7_n1000_bound_physics/MakeParameter 276
RUN  2026-09-11T21:48:50Z perfC arm=control row=f7_n1000_bound_physics/MakeParameter round=5
ARGV_LEN arm=control row=f7_n1000_bound_physics/MakeConstraint 278
RUN  2026-09-11T21:48:51Z perfC arm=control row=f7_n1000_bound_physics/MakeConstraint round=5
ARGV_LEN arm=control row=f7_n1000_bound_physics/RelaxBounds 272
RUN  2026-09-11T21:48:52Z perfC arm=control row=f7_n1000_bound_physics/RelaxBounds round=5
ARGV_LEN arm=control row=f7_n5000_bound_physics/MakeParameter 276
RUN  2026-09-11T21:48:53Z perfC arm=control row=f7_n5000_bound_physics/MakeParameter round=5
ARGV_LEN arm=control row=f7_n5000_bound_physics/MakeConstraint 278
RUN  2026-09-11T21:48:54Z perfC arm=control row=f7_n5000_bound_physics/MakeConstraint round=5
ARGV_LEN arm=control row=f7_n5000_bound_physics/RelaxBounds 272
RUN  2026-09-11T21:48:55Z perfC arm=control row=f7_n5000_bound_physics/RelaxBounds round=5
ARGV_LEN arm=control row=f7_n10000_bound_neutral/MakeParameter 278
RUN  2026-09-11T21:48:56Z perfC arm=control row=f7_n10000_bound_neutral/MakeParameter round=5
ARGV_LEN arm=control row=f7_n10000_bound_neutral/MakeConstraint 280
RUN  2026-09-11T21:48:57Z perfC arm=control row=f7_n10000_bound_neutral/MakeConstraint round=5
ARGV_LEN arm=control row=f7_n10000_bound_neutral/RelaxBounds 274
RUN  2026-09-11T21:48:58Z perfC arm=control row=f7_n10000_bound_neutral/RelaxBounds round=5
ARGV_LEN arm=control row=f7_n20000_bound_neutral/MakeParameter 278
RUN  2026-09-11T21:48:59Z perfC arm=control row=f7_n20000_bound_neutral/MakeParameter round=5
ARGV_LEN arm=control row=f7_n20000_bound_neutral/MakeConstraint 280
RUN  2026-09-11T21:49:01Z perfC arm=control row=f7_n20000_bound_neutral/MakeConstraint round=5
ARGV_LEN arm=control row=f7_n20000_bound_neutral/RelaxBounds 274
RUN  2026-09-11T21:49:03Z perfC arm=control row=f7_n20000_bound_neutral/RelaxBounds round=5
ARGV_LEN arm=510a4bb row=f7_n1000_bound_physics/MakeParameter 276
RUN  2026-09-11T21:49:05Z perfC arm=510a4bb row=f7_n1000_bound_physics/MakeParameter round=5
ARGV_LEN arm=510a4bb row=f7_n1000_bound_physics/MakeConstraint 278
RUN  2026-09-11T21:49:06Z perfC arm=510a4bb row=f7_n1000_bound_physics/MakeConstraint round=5
ARGV_LEN arm=510a4bb row=f7_n1000_bound_physics/RelaxBounds 272
RUN  2026-09-11T21:49:07Z perfC arm=510a4bb row=f7_n1000_bound_physics/RelaxBounds round=5
ARGV_LEN arm=510a4bb row=f7_n5000_bound_physics/MakeParameter 276
RUN  2026-09-11T21:49:08Z perfC arm=510a4bb row=f7_n5000_bound_physics/MakeParameter round=5
ARGV_LEN arm=510a4bb row=f7_n5000_bound_physics/MakeConstraint 278
RUN  2026-09-11T21:49:09Z perfC arm=510a4bb row=f7_n5000_bound_physics/MakeConstraint round=5
ARGV_LEN arm=510a4bb row=f7_n5000_bound_physics/RelaxBounds 272
RUN  2026-09-11T21:49:10Z perfC arm=510a4bb row=f7_n5000_bound_physics/RelaxBounds round=5
ARGV_LEN arm=510a4bb row=f7_n10000_bound_neutral/MakeParameter 278
RUN  2026-09-11T21:49:11Z perfC arm=510a4bb row=f7_n10000_bound_neutral/MakeParameter round=5
ARGV_LEN arm=510a4bb row=f7_n10000_bound_neutral/MakeConstraint 280
RUN  2026-09-11T21:49:12Z perfC arm=510a4bb row=f7_n10000_bound_neutral/MakeConstraint round=5
ARGV_LEN arm=510a4bb row=f7_n10000_bound_neutral/RelaxBounds 274
RUN  2026-09-11T21:49:13Z perfC arm=510a4bb row=f7_n10000_bound_neutral/RelaxBounds round=5
ARGV_LEN arm=510a4bb row=f7_n20000_bound_neutral/MakeParameter 278
RUN  2026-09-11T21:49:14Z perfC arm=510a4bb row=f7_n20000_bound_neutral/MakeParameter round=5
ARGV_LEN arm=510a4bb row=f7_n20000_bound_neutral/MakeConstraint 280
RUN  2026-09-11T21:49:16Z perfC arm=510a4bb row=f7_n20000_bound_neutral/MakeConstraint round=5
ARGV_LEN arm=510a4bb row=f7_n20000_bound_neutral/RelaxBounds 274
RUN  2026-09-11T21:49:18Z perfC arm=510a4bb row=f7_n20000_bound_neutral/RelaxBounds round=5
FOREGROUND_END 2026-09-11T21:49:20Z perf pass=C round=5
WRAPPER_EXIT=0
