PGREP_SEPARATE 2026-09-11T21:52:29Z -- taken OUTSIDE the lock by the caller; build/solve processes:
PGREP_EMPTY_BUILD
--- inside the lock from here ---
PGREP_INLOCK 2026-09-11T21:52:29Z
PGREP_EMPTY_BUILD
FOREGROUND_START 2026-09-11T21:52:29Z perf pass=S round=3
events: instructions:u,branches:u,cycles:u,branch-misses:u,L1-icache-load-misses:u
ENV_FOOTPRINT bytes=4374 md5=d2966e3d3cc4d732024d2b5df2d17169 pwd=/home/ghecht/Projects/hven shlvl=5
ARM_ORDER pass=S round=3: control 510a4bb 9cebbbe
ARGV_LEN arm=control row=hs071_x1_fixed/MakeParameter 260
RUN  2026-09-11T21:52:29Z perfS arm=control row=hs071_x1_fixed/MakeParameter round=3
ARGV_LEN arm=control row=hs071_x1_fixed/MakeConstraint 262
RUN  2026-09-11T21:52:30Z perfS arm=control row=hs071_x1_fixed/MakeConstraint round=3
ARGV_LEN arm=control row=hs071_x1_fixed/RelaxBounds 256
RUN  2026-09-11T21:52:31Z perfS arm=control row=hs071_x1_fixed/RelaxBounds round=3
ARGV_LEN arm=510a4bb row=hs071_x1_fixed/MakeParameter 260
RUN  2026-09-11T21:52:32Z perfS arm=510a4bb row=hs071_x1_fixed/MakeParameter round=3
ARGV_LEN arm=510a4bb row=hs071_x1_fixed/MakeConstraint 262
RUN  2026-09-11T21:52:33Z perfS arm=510a4bb row=hs071_x1_fixed/MakeConstraint round=3
ARGV_LEN arm=510a4bb row=hs071_x1_fixed/RelaxBounds 256
RUN  2026-09-11T21:52:34Z perfS arm=510a4bb row=hs071_x1_fixed/RelaxBounds round=3
ARGV_LEN arm=9cebbbe row=hs071_x1_fixed/MakeParameter 260
RUN  2026-09-11T21:52:35Z perfS arm=9cebbbe row=hs071_x1_fixed/MakeParameter round=3
ARGV_LEN arm=9cebbbe row=hs071_x1_fixed/MakeConstraint 262
RUN  2026-09-11T21:52:36Z perfS arm=9cebbbe row=hs071_x1_fixed/MakeConstraint round=3
ARGV_LEN arm=9cebbbe row=hs071_x1_fixed/RelaxBounds 256
RUN  2026-09-11T21:52:37Z perfS arm=9cebbbe row=hs071_x1_fixed/RelaxBounds round=3
FOREGROUND_END 2026-09-11T21:52:38Z perf pass=S round=3
WRAPPER_EXIT=0
