PGREP_SEPARATE 2026-09-11T21:52:38Z -- taken OUTSIDE the lock by the caller; build/solve processes:
PGREP_EMPTY_BUILD
--- inside the lock from here ---
PGREP_INLOCK 2026-09-11T21:52:38Z
PGREP_EMPTY_BUILD
FOREGROUND_START 2026-09-11T21:52:38Z perf pass=S round=4
events: instructions:u,branches:u,cycles:u,branch-misses:u,L1-icache-load-misses:u
ENV_FOOTPRINT bytes=4374 md5=d2966e3d3cc4d732024d2b5df2d17169 pwd=/home/ghecht/Projects/hven shlvl=5
ARM_ORDER pass=S round=4: 510a4bb 9cebbbe control
ARGV_LEN arm=510a4bb row=hs071_x1_fixed/MakeParameter 260
RUN  2026-09-11T21:52:38Z perfS arm=510a4bb row=hs071_x1_fixed/MakeParameter round=4
ARGV_LEN arm=510a4bb row=hs071_x1_fixed/MakeConstraint 262
RUN  2026-09-11T21:52:39Z perfS arm=510a4bb row=hs071_x1_fixed/MakeConstraint round=4
ARGV_LEN arm=510a4bb row=hs071_x1_fixed/RelaxBounds 256
RUN  2026-09-11T21:52:40Z perfS arm=510a4bb row=hs071_x1_fixed/RelaxBounds round=4
ARGV_LEN arm=9cebbbe row=hs071_x1_fixed/MakeParameter 260
RUN  2026-09-11T21:52:41Z perfS arm=9cebbbe row=hs071_x1_fixed/MakeParameter round=4
ARGV_LEN arm=9cebbbe row=hs071_x1_fixed/MakeConstraint 262
RUN  2026-09-11T21:52:42Z perfS arm=9cebbbe row=hs071_x1_fixed/MakeConstraint round=4
ARGV_LEN arm=9cebbbe row=hs071_x1_fixed/RelaxBounds 256
RUN  2026-09-11T21:52:43Z perfS arm=9cebbbe row=hs071_x1_fixed/RelaxBounds round=4
ARGV_LEN arm=control row=hs071_x1_fixed/MakeParameter 260
RUN  2026-09-11T21:52:44Z perfS arm=control row=hs071_x1_fixed/MakeParameter round=4
ARGV_LEN arm=control row=hs071_x1_fixed/MakeConstraint 262
RUN  2026-09-11T21:52:45Z perfS arm=control row=hs071_x1_fixed/MakeConstraint round=4
ARGV_LEN arm=control row=hs071_x1_fixed/RelaxBounds 256
RUN  2026-09-11T21:52:46Z perfS arm=control row=hs071_x1_fixed/RelaxBounds round=4
FOREGROUND_END 2026-09-11T21:52:47Z perf pass=S round=4
WRAPPER_EXIT=0
