hs1 ipm trace=sink median=0.002335s spread=25.708% majors=29 elastic=0 rung_b=0
hs3 ipm trace=sink median=0.000595s spread=45.647% majors=4 elastic=0 rung_b=0
hs5 ipm trace=sink median=0.000373s spread=27.545% majors=4 elastic=0 rung_b=0
hs6 ipm trace=sink median=0.000937s spread=40.767% majors=8 elastic=0 rung_b=0
hs7 ipm trace=sink median=0.001095s spread=28.788% majors=9 elastic=0 rung_b=0
hs10 ipm trace=sink median=0.004636s spread=69.680% majors=14 elastic=8 rung_b=0
hs11 ipm trace=sink median=0.001228s spread=30.151% majors=7 elastic=2 rung_b=0
hs12 ipm trace=sink median=0.000769s spread=47.687% majors=6 elastic=0 rung_b=0
hs14 ipm trace=sink median=0.000571s spread=44.908% majors=5 elastic=0 rung_b=0
hs15 ipm trace=sink median=0.003127s spread=16.129% majors=9 elastic=2 rung_b=0
hs22 ipm trace=sink median=0.000753s spread=22.811% majors=2 elastic=0 rung_b=0
hs24 ipm trace=sink median=0.000592s spread=485.892% majors=3 elastic=0 rung_b=0
hs25 ipm trace=sink median=0.000027s spread=26.458% majors=0 elastic=0 rung_b=0
hs26 ipm trace=sink median=0.001707s spread=24.034% majors=17 elastic=0 rung_b=0
hs27 ipm trace=sink median=0.001902s spread=19.184% majors=4 elastic=1 rung_b=0
hs28 ipm trace=sink median=0.000466s spread=49.680% majors=3 elastic=0 rung_b=0
hs30 ipm trace=sink median=0.001252s spread=72.619% majors=11 elastic=0 rung_b=0
hs33 ipm trace=sink median=0.001909s spread=25.964% majors=7 elastic=0 rung_b=0
hs35 ipm trace=sink median=0.000156s spread=53.512% majors=1 elastic=0 rung_b=0
hs38 ipm trace=sink median=0.006249s spread=8.277% majors=49 elastic=0 rung_b=0
hs39 ipm trace=sink median=0.001206s spread=22.445% majors=9 elastic=0 rung_b=0
hs40 ipm trace=sink median=0.000494s spread=39.858% majors=4 elastic=0 rung_b=0
hs43 ipm trace=sink median=0.001362s spread=27.283% majors=7 elastic=0 rung_b=0
hs45 ipm trace=sink median=0.001125s spread=26.649% majors=3 elastic=0 rung_b=0
hs76 ipm trace=sink median=0.000536s spread=53.779% majors=2 elastic=0 rung_b=0
hs77 ipm trace=sink median=0.001475s spread=24.431% majors=12 elastic=0 rung_b=0
hs79 ipm trace=sink median=0.000511s spread=64.737% majors=4 elastic=0 rung_b=0

HS SUITE: 27 cell(s), engine ipm, trace sink, repeat 1000, warmup 1
  corpus (sum of per-cell medians): 0.037388 s
  worst per-cell median SE: 0.649 %   <-- THE CALIBRATION READING (target <= 0.5, falls as 1/sqrt(N))
  worst per-cell max-min spread: 485.892 %  (raw cloud; NOT a calibration
                                            statistic -- it is monotone in N)
  cells with unstable counters across repeats: 0
  elastic activations: 13   fallback rung B: 0
  qp.mode events by site: dispatch=236 soc_resolve=2 elastic_rung=78 fallback_rung_b=3
wrote 27 row(s) to /home/ghecht/Projects/hven/.scratch/w5t89r/art/raw/leg2/ipm/sink/base-r1.csv
