hs1 ipm trace=sink median=0.002353s spread=33.536% majors=29 elastic=0 rung_b=0
hs3 ipm trace=sink median=0.000597s spread=19.226% majors=4 elastic=0 rung_b=0
hs5 ipm trace=sink median=0.000371s spread=45.060% majors=4 elastic=0 rung_b=0
hs6 ipm trace=sink median=0.000935s spread=14.058% majors=8 elastic=0 rung_b=0
hs7 ipm trace=sink median=0.001090s spread=12.210% majors=9 elastic=0 rung_b=0
hs10 ipm trace=sink median=0.004646s spread=36.756% majors=14 elastic=8 rung_b=0
hs11 ipm trace=sink median=0.001216s spread=16.773% majors=7 elastic=2 rung_b=0
hs12 ipm trace=sink median=0.000756s spread=12.665% majors=6 elastic=0 rung_b=0
hs14 ipm trace=sink median=0.000572s spread=46.108% majors=5 elastic=0 rung_b=0
hs15 ipm trace=sink median=0.003124s spread=8.219% majors=9 elastic=2 rung_b=0
hs22 ipm trace=sink median=0.000748s spread=44.102% majors=2 elastic=0 rung_b=0
hs24 ipm trace=sink median=0.000595s spread=27.415% majors=3 elastic=0 rung_b=0
hs25 ipm trace=sink median=0.000027s spread=42.739% majors=0 elastic=0 rung_b=0
hs26 ipm trace=sink median=0.001714s spread=12.467% majors=17 elastic=0 rung_b=0
hs27 ipm trace=sink median=0.001898s spread=10.698% majors=4 elastic=1 rung_b=0
hs28 ipm trace=sink median=0.000464s spread=33.663% majors=3 elastic=0 rung_b=0
hs30 ipm trace=sink median=0.001254s spread=16.473% majors=11 elastic=0 rung_b=0
hs33 ipm trace=sink median=0.001925s spread=69.637% majors=7 elastic=0 rung_b=0
hs35 ipm trace=sink median=0.000153s spread=38.210% majors=1 elastic=0 rung_b=0
hs38 ipm trace=sink median=0.006252s spread=12.925% majors=49 elastic=0 rung_b=0
hs39 ipm trace=sink median=0.001217s spread=10.176% majors=9 elastic=0 rung_b=0
hs40 ipm trace=sink median=0.000497s spread=26.683% majors=4 elastic=0 rung_b=0
hs43 ipm trace=sink median=0.001370s spread=27.789% majors=7 elastic=0 rung_b=0
hs45 ipm trace=sink median=0.001130s spread=15.139% majors=3 elastic=0 rung_b=0
hs76 ipm trace=sink median=0.000534s spread=79.246% majors=2 elastic=0 rung_b=0
hs77 ipm trace=sink median=0.001483s spread=11.240% majors=12 elastic=0 rung_b=0
hs79 ipm trace=sink median=0.000519s spread=68.953% majors=4 elastic=0 rung_b=0

HS SUITE: 27 cell(s), engine ipm, trace sink, repeat 1000, warmup 1
  corpus (sum of per-cell medians): 0.037440 s
  worst per-cell median SE: 0.198 %   <-- THE CALIBRATION READING (target <= 0.5, falls as 1/sqrt(N))
  worst per-cell max-min spread: 79.246 %  (raw cloud; NOT a calibration
                                            statistic -- it is monotone in N)
  cells with unstable counters across repeats: 0
  elastic activations: 13   fallback rung B: 0
  qp.mode events by site: dispatch=236 soc_resolve=2 elastic_rung=78 fallback_rung_b=3
wrote 27 row(s) to /home/ghecht/Projects/hven/.scratch/w5t89r/art2/raw/leg2/ipm/sink/base-r3.csv
