hs1 ipm trace=sink median=0.002327s spread=28.314% majors=29 elastic=0 rung_b=0
hs3 ipm trace=sink median=0.000594s spread=20.882% majors=4 elastic=0 rung_b=0
hs5 ipm trace=sink median=0.000370s spread=44.186% majors=4 elastic=0 rung_b=0
hs6 ipm trace=sink median=0.000930s spread=17.206% majors=8 elastic=0 rung_b=0
hs7 ipm trace=sink median=0.001086s spread=23.294% majors=9 elastic=0 rung_b=0
hs10 ipm trace=sink median=0.004625s spread=12.869% majors=14 elastic=8 rung_b=0
hs11 ipm trace=sink median=0.001219s spread=15.305% majors=7 elastic=2 rung_b=0
hs12 ipm trace=sink median=0.000760s spread=27.206% majors=6 elastic=0 rung_b=0
hs14 ipm trace=sink median=0.000572s spread=26.738% majors=5 elastic=0 rung_b=0
hs15 ipm trace=sink median=0.003105s spread=62.221% majors=9 elastic=2 rung_b=0
hs22 ipm trace=sink median=0.000742s spread=22.039% majors=2 elastic=0 rung_b=0
hs24 ipm trace=sink median=0.000587s spread=62.155% majors=3 elastic=0 rung_b=0
hs25 ipm trace=sink median=0.000027s spread=43.943% majors=0 elastic=0 rung_b=0
hs26 ipm trace=sink median=0.001702s spread=33.641% majors=17 elastic=0 rung_b=0
hs27 ipm trace=sink median=0.001895s spread=29.019% majors=4 elastic=1 rung_b=0
hs28 ipm trace=sink median=0.000462s spread=45.554% majors=3 elastic=0 rung_b=0
hs30 ipm trace=sink median=0.001251s spread=32.520% majors=11 elastic=0 rung_b=0
hs33 ipm trace=sink median=0.001888s spread=20.017% majors=7 elastic=0 rung_b=0
hs35 ipm trace=sink median=0.000155s spread=56.605% majors=1 elastic=0 rung_b=0
hs38 ipm trace=sink median=0.006214s spread=64.065% majors=49 elastic=0 rung_b=0
hs39 ipm trace=sink median=0.001206s spread=40.933% majors=9 elastic=0 rung_b=0
hs40 ipm trace=sink median=0.000488s spread=19.408% majors=4 elastic=0 rung_b=0
hs43 ipm trace=sink median=0.001354s spread=29.233% majors=7 elastic=0 rung_b=0
hs45 ipm trace=sink median=0.001117s spread=42.817% majors=3 elastic=0 rung_b=0
hs76 ipm trace=sink median=0.000531s spread=17.236% majors=2 elastic=0 rung_b=0
hs77 ipm trace=sink median=0.001462s spread=26.653% majors=12 elastic=0 rung_b=0
hs79 ipm trace=sink median=0.000510s spread=14.890% majors=4 elastic=0 rung_b=0

HS SUITE: 27 cell(s), engine ipm, trace sink, repeat 1000, warmup 1
  corpus (sum of per-cell medians): 0.037183 s
  worst per-cell median SE: 0.198 %   <-- THE CALIBRATION READING (target <= 0.5, falls as 1/sqrt(N))
  worst per-cell max-min spread: 64.065 %  (raw cloud; NOT a calibration
                                            statistic -- it is monotone in N)
  cells with unstable counters across repeats: 0
  elastic activations: 13   fallback rung B: 0
  qp.mode events by site: dispatch=236 soc_resolve=2 elastic_rung=78 fallback_rung_b=3
wrote 27 row(s) to /home/ghecht/Projects/hven/.scratch/w5t89r/art2/raw/leg2/ipm/sink/base-r2.csv
