hs1 ipm trace=sink median=0.002299s spread=30.409% majors=29 elastic=0 rung_b=0
hs3 ipm trace=sink median=0.000590s spread=17.121% majors=4 elastic=0 rung_b=0
hs5 ipm trace=sink median=0.000363s spread=48.979% majors=4 elastic=0 rung_b=0
hs6 ipm trace=sink median=0.000924s spread=37.372% majors=8 elastic=0 rung_b=0
hs7 ipm trace=sink median=0.001077s spread=39.103% majors=9 elastic=0 rung_b=0
hs10 ipm trace=sink median=0.004549s spread=17.907% majors=14 elastic=8 rung_b=0
hs11 ipm trace=sink median=0.001187s spread=22.249% majors=7 elastic=2 rung_b=0
hs12 ipm trace=sink median=0.000857s spread=42.712% majors=6 elastic=0 rung_b=0
hs14 ipm trace=sink median=0.000557s spread=61.769% majors=5 elastic=0 rung_b=0
hs15 ipm trace=sink median=0.003257s spread=16.682% majors=9 elastic=2 rung_b=0
hs22 ipm trace=sink median=0.000705s spread=40.920% majors=2 elastic=0 rung_b=0
hs24 ipm trace=sink median=0.000573s spread=20.702% majors=3 elastic=0 rung_b=0
hs25 ipm trace=sink median=0.000027s spread=105.242% majors=0 elastic=0 rung_b=0
hs26 ipm trace=sink median=0.001682s spread=72.327% majors=17 elastic=0 rung_b=0
hs27 ipm trace=sink median=0.001863s spread=31.707% majors=4 elastic=1 rung_b=0
hs28 ipm trace=sink median=0.000456s spread=41.479% majors=3 elastic=0 rung_b=0
hs30 ipm trace=sink median=0.001221s spread=49.042% majors=11 elastic=0 rung_b=0
hs33 ipm trace=sink median=0.001882s spread=30.371% majors=7 elastic=0 rung_b=0
hs35 ipm trace=sink median=0.000153s spread=49.938% majors=1 elastic=0 rung_b=0
hs38 ipm trace=sink median=0.006076s spread=16.051% majors=49 elastic=0 rung_b=0
hs39 ipm trace=sink median=0.001181s spread=33.589% majors=9 elastic=0 rung_b=0
hs40 ipm trace=sink median=0.000482s spread=41.431% majors=4 elastic=0 rung_b=0
hs43 ipm trace=sink median=0.001339s spread=25.907% majors=7 elastic=0 rung_b=0
hs45 ipm trace=sink median=0.001117s spread=17.689% majors=3 elastic=0 rung_b=0
hs76 ipm trace=sink median=0.000521s spread=97.080% majors=2 elastic=0 rung_b=0
hs77 ipm trace=sink median=0.001451s spread=112.295% majors=12 elastic=0 rung_b=0
hs79 ipm trace=sink median=0.000504s spread=784.718% majors=4 elastic=0 rung_b=0

HS SUITE: 27 cell(s), engine ipm, trace sink, repeat 1000, warmup 1
  corpus (sum of per-cell medians): 0.036892 s
  worst per-cell median SE: 1.031 %   <-- THE CALIBRATION READING (target <= 0.5, falls as 1/sqrt(N))
  worst per-cell max-min spread: 784.718 %  (raw cloud; NOT a calibration
                                            statistic -- it is monotone in N)
  cells with unstable counters across repeats: 0
  elastic activations: 13   fallback rung B: 0
  qp.mode events by site: dispatch=236 soc_resolve=2 elastic_rung=78 fallback_rung_b=3
wrote 27 row(s) to /home/ghecht/Projects/hven/.scratch/w5t89r/art2/raw/leg2/ipm/sink/head-r2.csv
