hs1 ipm trace=sink median=0.002294s spread=33.558% majors=29 elastic=0 rung_b=0
hs3 ipm trace=sink median=0.000588s spread=37.084% majors=4 elastic=0 rung_b=0
hs5 ipm trace=sink median=0.000363s spread=30.997% majors=4 elastic=0 rung_b=0
hs6 ipm trace=sink median=0.000918s spread=13.837% majors=8 elastic=0 rung_b=0
hs7 ipm trace=sink median=0.001070s spread=13.136% majors=9 elastic=0 rung_b=0
hs10 ipm trace=sink median=0.004531s spread=38.866% majors=14 elastic=8 rung_b=0
hs11 ipm trace=sink median=0.001180s spread=38.004% majors=7 elastic=2 rung_b=0
hs12 ipm trace=sink median=0.000853s spread=41.510% majors=6 elastic=0 rung_b=0
hs14 ipm trace=sink median=0.000556s spread=31.643% majors=5 elastic=0 rung_b=0
hs15 ipm trace=sink median=0.003231s spread=37.982% majors=9 elastic=2 rung_b=0
hs22 ipm trace=sink median=0.000704s spread=65.998% majors=2 elastic=0 rung_b=0
hs24 ipm trace=sink median=0.000571s spread=66.052% majors=3 elastic=0 rung_b=0
hs25 ipm trace=sink median=0.000027s spread=56.771% majors=0 elastic=0 rung_b=0
hs26 ipm trace=sink median=0.001675s spread=49.381% majors=17 elastic=0 rung_b=0
hs27 ipm trace=sink median=0.001860s spread=57.563% majors=4 elastic=1 rung_b=0
hs28 ipm trace=sink median=0.000454s spread=67.687% majors=3 elastic=0 rung_b=0
hs30 ipm trace=sink median=0.001221s spread=118.339% majors=11 elastic=0 rung_b=0
hs33 ipm trace=sink median=0.001874s spread=20.190% majors=7 elastic=0 rung_b=0
hs35 ipm trace=sink median=0.000152s spread=39.345% majors=1 elastic=0 rung_b=0
hs38 ipm trace=sink median=0.006060s spread=7.819% majors=49 elastic=0 rung_b=0
hs39 ipm trace=sink median=0.001180s spread=85.996% majors=9 elastic=0 rung_b=0
hs40 ipm trace=sink median=0.000482s spread=103.400% majors=4 elastic=0 rung_b=0
hs43 ipm trace=sink median=0.001334s spread=38.179% majors=7 elastic=0 rung_b=0
hs45 ipm trace=sink median=0.001116s spread=69.605% majors=3 elastic=0 rung_b=0
hs76 ipm trace=sink median=0.000521s spread=27.522% majors=2 elastic=0 rung_b=0
hs77 ipm trace=sink median=0.001445s spread=20.278% majors=12 elastic=0 rung_b=0
hs79 ipm trace=sink median=0.000502s spread=21.729% majors=4 elastic=0 rung_b=0

HS SUITE: 27 cell(s), engine ipm, trace sink, repeat 1000, warmup 1
  corpus (sum of per-cell medians): 0.036762 s
  worst per-cell median SE: 0.344 %   <-- THE CALIBRATION READING (target <= 0.5, falls as 1/sqrt(N))
  worst per-cell max-min spread: 118.339 %  (raw cloud; NOT a calibration
                                            statistic -- it is monotone in N)
  cells with unstable counters across repeats: 0
  elastic activations: 13   fallback rung B: 0
  qp.mode events by site: dispatch=236 soc_resolve=2 elastic_rung=78 fallback_rung_b=3
wrote 27 row(s) to /home/ghecht/Projects/hven/.scratch/w5t89r/art2/raw/leg2/ipm/sink/head-r1.csv
