hs1 ipm trace=sink median=0.002325s spread=29.135% majors=29 elastic=0 rung_b=0
hs3 ipm trace=sink median=0.000595s spread=13.341% majors=4 elastic=0 rung_b=0
hs5 ipm trace=sink median=0.000368s spread=36.942% majors=4 elastic=0 rung_b=0
hs6 ipm trace=sink median=0.000933s spread=27.518% majors=8 elastic=0 rung_b=0
hs7 ipm trace=sink median=0.001088s spread=32.819% majors=9 elastic=0 rung_b=0
hs10 ipm trace=sink median=0.004584s spread=10.475% majors=14 elastic=8 rung_b=0
hs11 ipm trace=sink median=0.001197s spread=16.426% majors=7 elastic=2 rung_b=0
hs12 ipm trace=sink median=0.000864s spread=59.805% majors=6 elastic=0 rung_b=0
hs14 ipm trace=sink median=0.000562s spread=22.160% majors=5 elastic=0 rung_b=0
hs15 ipm trace=sink median=0.003287s spread=23.848% majors=9 elastic=2 rung_b=0
hs22 ipm trace=sink median=0.000710s spread=37.042% majors=2 elastic=0 rung_b=0
hs24 ipm trace=sink median=0.000577s spread=20.557% majors=3 elastic=0 rung_b=0
hs25 ipm trace=sink median=0.000027s spread=73.681% majors=0 elastic=0 rung_b=0
hs26 ipm trace=sink median=0.001692s spread=16.691% majors=17 elastic=0 rung_b=0
hs27 ipm trace=sink median=0.001877s spread=15.068% majors=4 elastic=1 rung_b=0
hs28 ipm trace=sink median=0.000458s spread=69.039% majors=3 elastic=0 rung_b=0
hs30 ipm trace=sink median=0.001226s spread=235.983% majors=11 elastic=0 rung_b=0
hs33 ipm trace=sink median=0.001901s spread=14.521% majors=7 elastic=0 rung_b=0
hs35 ipm trace=sink median=0.000153s spread=41.463% majors=1 elastic=0 rung_b=0
hs38 ipm trace=sink median=0.006119s spread=19.000% majors=49 elastic=0 rung_b=0
hs39 ipm trace=sink median=0.001191s spread=28.305% majors=9 elastic=0 rung_b=0
hs40 ipm trace=sink median=0.000485s spread=23.934% majors=4 elastic=0 rung_b=0
hs43 ipm trace=sink median=0.001349s spread=35.761% majors=7 elastic=0 rung_b=0
hs45 ipm trace=sink median=0.001124s spread=20.464% majors=3 elastic=0 rung_b=0
hs76 ipm trace=sink median=0.000525s spread=24.051% majors=2 elastic=0 rung_b=0
hs77 ipm trace=sink median=0.001455s spread=11.899% majors=12 elastic=0 rung_b=0
hs79 ipm trace=sink median=0.000506s spread=23.158% majors=4 elastic=0 rung_b=0

HS SUITE: 27 cell(s), engine ipm, trace sink, repeat 1000, warmup 1
  corpus (sum of per-cell medians): 0.037180 s
  worst per-cell median SE: 0.318 %   <-- THE CALIBRATION READING (target <= 0.5, falls as 1/sqrt(N))
  worst per-cell max-min spread: 235.983 %  (raw cloud; NOT a calibration
                                            statistic -- it is monotone in N)
  cells with unstable counters across repeats: 0
  elastic activations: 13   fallback rung B: 0
  qp.mode events by site: dispatch=236 soc_resolve=2 elastic_rung=78 fallback_rung_b=3
wrote 27 row(s) to /home/ghecht/Projects/hven/.scratch/w5t89r/art2/raw/leg2/ipm/sink/head-r3.csv
