hs1 ipm trace=sink median=0.002355s spread=28.776% majors=29 elastic=0 rung_b=0
hs3 ipm trace=sink median=0.000603s spread=25.049% majors=4 elastic=0 rung_b=0
hs5 ipm trace=sink median=0.000376s spread=22.204% majors=4 elastic=0 rung_b=0
hs6 ipm trace=sink median=0.000942s spread=14.319% majors=8 elastic=0 rung_b=0
hs7 ipm trace=sink median=0.001095s spread=16.834% majors=9 elastic=0 rung_b=0
hs10 ipm trace=sink median=0.004662s spread=12.471% majors=14 elastic=8 rung_b=0
hs11 ipm trace=sink median=0.001229s spread=13.884% majors=7 elastic=2 rung_b=0
hs12 ipm trace=sink median=0.000763s spread=30.205% majors=6 elastic=0 rung_b=0
hs14 ipm trace=sink median=0.000570s spread=34.059% majors=5 elastic=0 rung_b=0
hs15 ipm trace=sink median=0.003122s spread=92.441% majors=9 elastic=2 rung_b=0
hs22 ipm trace=sink median=0.000751s spread=20.751% majors=2 elastic=0 rung_b=0
hs24 ipm trace=sink median=0.000591s spread=18.236% majors=3 elastic=0 rung_b=0
hs25 ipm trace=sink median=0.000027s spread=57.762% majors=0 elastic=0 rung_b=0
hs26 ipm trace=sink median=0.001719s spread=55.772% majors=17 elastic=0 rung_b=0
hs27 ipm trace=sink median=0.001909s spread=18.808% majors=4 elastic=1 rung_b=0
hs28 ipm trace=sink median=0.000467s spread=15.635% majors=3 elastic=0 rung_b=0
hs30 ipm trace=sink median=0.001259s spread=25.850% majors=11 elastic=0 rung_b=0
hs33 ipm trace=sink median=0.001916s spread=9.080% majors=7 elastic=0 rung_b=0
hs35 ipm trace=sink median=0.000157s spread=53.011% majors=1 elastic=0 rung_b=0
hs38 ipm trace=sink median=0.006283s spread=6.827% majors=49 elastic=0 rung_b=0
hs39 ipm trace=sink median=0.001209s spread=58.941% majors=9 elastic=0 rung_b=0
hs40 ipm trace=sink median=0.000493s spread=21.575% majors=4 elastic=0 rung_b=0
hs43 ipm trace=sink median=0.001365s spread=8.725% majors=7 elastic=0 rung_b=0
hs45 ipm trace=sink median=0.001130s spread=11.132% majors=3 elastic=0 rung_b=0
hs76 ipm trace=sink median=0.000533s spread=19.754% majors=2 elastic=0 rung_b=0
hs77 ipm trace=sink median=0.001479s spread=11.149% majors=12 elastic=0 rung_b=0
hs79 ipm trace=sink median=0.000513s spread=27.495% majors=4 elastic=0 rung_b=0

HS SUITE: 27 cell(s), engine ipm, trace sink, repeat 1000, warmup 1
  corpus (sum of per-cell medians): 0.037520 s
  worst per-cell median SE: 0.199 %   <-- THE CALIBRATION READING (target <= 0.5, falls as 1/sqrt(N))
  worst per-cell max-min spread: 92.441 %  (raw cloud; NOT a calibration
                                            statistic -- it is monotone in N)
  cells with unstable counters across repeats: 0
  elastic activations: 13   fallback rung B: 0
  qp.mode events by site: dispatch=236 soc_resolve=2 elastic_rung=78 fallback_rung_b=3
wrote 27 row(s) to /home/ghecht/Projects/hven/.scratch/w5t89r/art2/raw/leg2/ipm/sink/passB-base-r3.csv
