hs1 ipm trace=sink median=0.002310s spread=28.264% majors=29 elastic=0 rung_b=0
hs3 ipm trace=sink median=0.000594s spread=23.093% majors=4 elastic=0 rung_b=0
hs5 ipm trace=sink median=0.000369s spread=38.751% majors=4 elastic=0 rung_b=0
hs6 ipm trace=sink median=0.000935s spread=16.839% majors=8 elastic=0 rung_b=0
hs7 ipm trace=sink median=0.001092s spread=30.256% majors=9 elastic=0 rung_b=0
hs10 ipm trace=sink median=0.004569s spread=12.692% majors=14 elastic=8 rung_b=0
hs11 ipm trace=sink median=0.001189s spread=20.528% majors=7 elastic=2 rung_b=0
hs12 ipm trace=sink median=0.000856s spread=57.529% majors=6 elastic=0 rung_b=0
hs14 ipm trace=sink median=0.000561s spread=53.290% majors=5 elastic=0 rung_b=0
hs15 ipm trace=sink median=0.003261s spread=22.489% majors=9 elastic=2 rung_b=0
hs22 ipm trace=sink median=0.000705s spread=11.446% majors=2 elastic=0 rung_b=0
hs24 ipm trace=sink median=0.000576s spread=52.786% majors=3 elastic=0 rung_b=0
hs25 ipm trace=sink median=0.000027s spread=30.321% majors=0 elastic=0 rung_b=0
hs26 ipm trace=sink median=0.001694s spread=73.455% majors=17 elastic=0 rung_b=0
hs27 ipm trace=sink median=0.001871s spread=23.976% majors=4 elastic=1 rung_b=0
hs28 ipm trace=sink median=0.000455s spread=18.846% majors=3 elastic=0 rung_b=0
hs30 ipm trace=sink median=0.001226s spread=35.611% majors=11 elastic=0 rung_b=0
hs33 ipm trace=sink median=0.001885s spread=26.873% majors=7 elastic=0 rung_b=0
hs35 ipm trace=sink median=0.000152s spread=25.329% majors=1 elastic=0 rung_b=0
hs38 ipm trace=sink median=0.006116s spread=12.347% majors=49 elastic=0 rung_b=0
hs39 ipm trace=sink median=0.001187s spread=34.497% majors=9 elastic=0 rung_b=0
hs40 ipm trace=sink median=0.000485s spread=17.823% majors=4 elastic=0 rung_b=0
hs43 ipm trace=sink median=0.001342s spread=16.956% majors=7 elastic=0 rung_b=0
hs45 ipm trace=sink median=0.001118s spread=11.310% majors=3 elastic=0 rung_b=0
hs76 ipm trace=sink median=0.000523s spread=47.007% majors=2 elastic=0 rung_b=0
hs77 ipm trace=sink median=0.001458s spread=11.688% majors=12 elastic=0 rung_b=0
hs79 ipm trace=sink median=0.000508s spread=567.482% majors=4 elastic=0 rung_b=0

HS SUITE: 27 cell(s), engine ipm, trace sink, repeat 1000, warmup 1
  corpus (sum of per-cell medians): 0.037063 s
  worst per-cell median SE: 0.757 %   <-- THE CALIBRATION READING (target <= 0.5, falls as 1/sqrt(N))
  worst per-cell max-min spread: 567.482 %  (raw cloud; NOT a calibration
                                            statistic -- it is monotone in N)
  cells with unstable counters across repeats: 0
  elastic activations: 13   fallback rung B: 0
  qp.mode events by site: dispatch=236 soc_resolve=2 elastic_rung=78 fallback_rung_b=3
wrote 27 row(s) to /home/ghecht/Projects/hven/.scratch/w5t89r/art2/raw/leg2/ipm/sink/passB-head-r3.csv
