hs1 ipm trace=sink median=0.002301s spread=49.443% majors=29 elastic=0 rung_b=0
hs3 ipm trace=sink median=0.000593s spread=52.298% majors=4 elastic=0 rung_b=0
hs5 ipm trace=sink median=0.000364s spread=20.559% majors=4 elastic=0 rung_b=0
hs6 ipm trace=sink median=0.000926s spread=33.031% majors=8 elastic=0 rung_b=0
hs7 ipm trace=sink median=0.001078s spread=73.478% majors=9 elastic=0 rung_b=0
hs10 ipm trace=sink median=0.004563s spread=63.817% majors=14 elastic=8 rung_b=0
hs11 ipm trace=sink median=0.001187s spread=24.187% majors=7 elastic=2 rung_b=0
hs12 ipm trace=sink median=0.000858s spread=68.055% majors=6 elastic=0 rung_b=0
hs14 ipm trace=sink median=0.000559s spread=15.722% majors=5 elastic=0 rung_b=0
hs15 ipm trace=sink median=0.003274s spread=20.626% majors=9 elastic=2 rung_b=0
hs22 ipm trace=sink median=0.000703s spread=15.163% majors=2 elastic=0 rung_b=0
hs24 ipm trace=sink median=0.000574s spread=50.669% majors=3 elastic=0 rung_b=0
hs25 ipm trace=sink median=0.000027s spread=154.003% majors=0 elastic=0 rung_b=0
hs26 ipm trace=sink median=0.001689s spread=58.828% majors=17 elastic=0 rung_b=0
hs27 ipm trace=sink median=0.001873s spread=29.492% majors=4 elastic=1 rung_b=0
hs28 ipm trace=sink median=0.000453s spread=19.413% majors=3 elastic=0 rung_b=0
hs30 ipm trace=sink median=0.001226s spread=36.565% majors=11 elastic=0 rung_b=0
hs33 ipm trace=sink median=0.001884s spread=20.793% majors=7 elastic=0 rung_b=0
hs35 ipm trace=sink median=0.000152s spread=31.394% majors=1 elastic=0 rung_b=0
hs38 ipm trace=sink median=0.006089s spread=67.803% majors=49 elastic=0 rung_b=0
hs39 ipm trace=sink median=0.001188s spread=22.522% majors=9 elastic=0 rung_b=0
hs40 ipm trace=sink median=0.000482s spread=19.693% majors=4 elastic=0 rung_b=0
hs43 ipm trace=sink median=0.001335s spread=22.076% majors=7 elastic=0 rung_b=0
hs45 ipm trace=sink median=0.001120s spread=29.318% majors=3 elastic=0 rung_b=0
hs76 ipm trace=sink median=0.000524s spread=15.031% majors=2 elastic=0 rung_b=0
hs77 ipm trace=sink median=0.001450s spread=23.590% majors=12 elastic=0 rung_b=0
hs79 ipm trace=sink median=0.000502s spread=57.631% majors=4 elastic=0 rung_b=0

HS SUITE: 27 cell(s), engine ipm, trace sink, repeat 1000, warmup 1
  corpus (sum of per-cell medians): 0.036973 s
  worst per-cell median SE: 0.257 %   <-- THE CALIBRATION READING (target <= 0.5, falls as 1/sqrt(N))
  worst per-cell max-min spread: 154.003 %  (raw cloud; NOT a calibration
                                            statistic -- it is monotone in N)
  cells with unstable counters across repeats: 0
  elastic activations: 13   fallback rung B: 0
  qp.mode events by site: dispatch=236 soc_resolve=2 elastic_rung=78 fallback_rung_b=3
wrote 27 row(s) to /home/ghecht/Projects/hven/.scratch/w5t89r/art2/raw/leg2/ipm/sink/passB-head-r1.csv
